src/features/admin/feature-flags/pages/FeatureFlagManagerPage.tsx(7,1): error TS6133: 'React' is declared but its value is never read.
src/features/admin/feature-flags/ui/FeatureFlagManager.tsx(8,30): error TS2614: Module '"lucide-react"' has no exported member 'ToggleLeft'. Did you mean to use 'import ToggleLeft from "lucide-react"' instead?
src/features/admin/feature-flags/ui/FeatureFlagManager.tsx(8,42): error TS2614: Module '"lucide-react"' has no exported member 'ToggleRight'. Did you mean to use 'import ToggleRight from "lucide-react"' instead?
src/features/admin/feature-flags/ui/FeatureFlagManager.tsx(234,11): error TS2322: Type '{ flagName: string; onClose: () => void; onSuccess: () => void; }' is not assignable to type 'IntrinsicAttributes & RolloutControlsProps'.
src/features/admin/feature-flags/ui/FeatureFlagManager.tsx(256,16): error TS2739: Type '{}' is missing the following properties from type 'AnalyticsDashboardProps': flagName, onClose
src/features/admin/feature-flags/ui/FlagList.tsx(5,1): error TS6133: 'React' is declared but its value is never read.
src/features/admin/feature-flags/ui/RolloutControls.tsx(5,8): error TS6133: 'React' is declared but its value is never read.
src/features/admin/monitoring/pages/integration-monitoring.tsx(9,1): error TS6133: 'LoadingSpinner' is declared but its value is never read.
src/features/admin/pages/admin.tsx(24,1): error TS6133: 'React' is declared but its value is never read.
src/features/admin/pages/admin.tsx(38,1): error TS6133: 'useDatabaseStatus' is declared but its value is never read.
src/features/admin/pages/analytics-dashboard.tsx(20,3): error TS6133: 'Clock' is declared but its value is never read.
src/features/admin/pages/analytics-dashboard.tsx(21,3): error TS6133: 'Zap' is declared but its value is never read.
src/features/admin/pages/analytics-dashboard.tsx(27,36): error TS2307: Cannot find module '@client/infrastructure/analytics/ui/dashboard/AnalyticsDashboard' or its corresponding type declarations.
src/features/admin/pages/analytics-dashboard.tsx(49,11): error TS6133: 'getAnalyticsDashboard' is declared but its value is never read.
src/features/admin/pages/analytics-dashboard.tsx(49,81): error TS2339: Property 'tracker' does not exist on type '{ trackEvent: (event: any) => void; getMetrics: () => {}; exportData: () => {}; setEnabled: (enabled: boolean) => void; clearData: () => void; getAnalyticsDashboard: () => {}; }'.
src/features/admin/pages/analytics-dashboard.tsx(49,81): error TS6133: 'tracker' is declared but its value is never read.
src/features/admin/pages/analytics-dashboard.tsx(142,44): error TS2339: Property 'isEnabled' does not exist on type '{}'.
src/features/admin/pages/analytics-dashboard.tsx(211,65): error TS2339: Property 'eventCount' does not exist on type '{}'.
src/features/admin/pages/analytics-dashboard.tsx(223,31): error TS2339: Property 'userEngagementCount' does not exist on type '{}'.
src/features/admin/pages/analytics-dashboard.tsx(236,31): error TS2339: Property 'pageMetricsCount' does not exist on type '{}'.
src/features/admin/pages/analytics-dashboard.tsx(327,59): error TS18046: 'path' is of type 'unknown'.
src/features/admin/pages/analytics-dashboard.tsx(329,32): error TS18046: 'path' is of type 'unknown'.
src/features/admin/pages/analytics-dashboard.tsx(329,58): error TS18046: 'path' is of type 'unknown'.
src/features/admin/pages/analytics-dashboard.tsx(334,41): error TS18046: 'path' is of type 'unknown'.
src/features/admin/pages/analytics-dashboard.tsx(353,61): error TS18046: 'dropOff' is of type 'unknown'.
src/features/admin/pages/analytics-dashboard.tsx(355,35): error TS18046: 'dropOff' is of type 'unknown'.
src/features/admin/pages/analytics-dashboard.tsx(360,45): error TS18046: 'dropOff' is of type 'unknown'.
src/features/admin/pages/analytics-dashboard.tsx(376,63): error TS18046: 'funnel' is of type 'unknown'.
src/features/admin/pages/analytics-dashboard.tsx(378,32): error TS18046: 'funnel' is of type 'unknown'.
src/features/admin/pages/analytics-dashboard.tsx(383,32): error TS18046: 'funnel' is of type 'unknown'.
src/features/admin/pages/analytics-dashboard.tsx(391,54): error TS18046: 'funnel' is of type 'unknown'.
src/features/admin/pages/analytics-dashboard.tsx(396,42): error TS18046: 'funnel' is of type 'unknown'.
src/features/admin/pages/analytics-dashboard.tsx(470,71): error TS2339: Property 'eventCount' does not exist on type '{}'.
src/features/admin/pages/coverage.tsx(1,1): error TS6133: 'React' is declared but its value is never read.
src/features/admin/pages/coverage.tsx(4,1): error TS6133: 'logger' is declared but its value is never read.
src/features/admin/pages/dashboard-validation/run-property-tests.ts(82,9): error TS2322: Type 'unknown' is not assignable to type '"table" | "metric" | "list" | "chart"'.
src/features/admin/pages/database-manager.tsx(15,1): error TS6133: 'React' is declared but its value is never read.
src/features/admin/pages/integration-status.tsx(13,1): error TS6133: 'React' is declared but its value is never read.
src/features/admin/product-analytics/api/monitoring-api.ts(26,5): error TS2698: Spread types may only be created from object types.
src/features/admin/product-analytics/api/monitoring-api.ts(61,5): error TS2698: Spread types may only be created from object types.
src/features/admin/product-analytics/api/monitoring-api.ts(86,5): error TS2698: Spread types may only be created from object types.
src/features/admin/product-analytics/api/monitoring-api.ts(87,26): error TS18046: 'alert' is of type 'unknown'.
src/features/admin/product-analytics/api/monitoring-api.ts(88,26): error TS18046: 'alert' is of type 'unknown'.
src/features/admin/product-analytics/api/monitoring-api.ts(89,21): error TS18046: 'alert' is of type 'unknown'.
src/features/admin/product-analytics/api/monitoring-api.ts(89,53): error TS18046: 'alert' is of type 'unknown'.
src/features/admin/product-analytics/api/monitoring-api.ts(93,3): error TS7027: Unreachable code detected.
src/features/admin/product-analytics/api/monitoring-api.ts(128,5): error TS2698: Spread types may only be created from object types.
src/features/admin/product-analytics/model/performance-benchmarking.ts(13,1): error TS6133: 'PerformanceMonitor' is declared but its value is never read.
src/features/admin/product-analytics/model/performance-regression-tester.ts(133,11): error TS6133: 'startTime' is declared but its value is never read.
src/features/admin/product-analytics/model/performance-regression-tester.ts(158,41): error TS6133: 'routePath' is declared but its value is never read.
src/features/admin/product-analytics/pages/integration-monitoring.tsx(7,1): error TS6133: 'React' is declared but its value is never read.
src/features/admin/ui/admin-dashboard.tsx(12,1): error TS6133: 'React' is declared but its value is never read.
src/features/admin/ui/migration/MigrationManager.tsx(2,1): error TS6133: 'React' is declared but its value is never read.
src/features/analysis/argument-intelligence/hooks/useArgumentIntelligence.ts(66,28): error TS2345: Argument of type '{ overall: any; distribution: ({ position: "support"; count: number; averageSentiment: number; } | { position: "oppose"; count: number; averageSentiment: number; } | { position: "neutral"; count: number; averageSentiment: number; })[]; }' is not assignable to parameter of type 'SetStateAction<SentimentData | null>'.
src/features/analysis/argument-intelligence/pages/argument-intelligence.tsx(7,8): error TS6133: 'React' is declared but its value is never read.
src/features/analysis/argument-intelligence/pages/argument-intelligence.tsx(10,10): error TS2614: Module '"lucide-react"' has no exported member 'Brain'. Did you mean to use 'import Brain from "lucide-react"' instead?
src/features/analysis/argument-intelligence/pages/argument-intelligence.tsx(36,22): error TS2551: Property 'trackPageView' does not exist on type '{ trackEvent: (name: string, props?: any) => void; trackPage: (page: string) => void; identify: (userId: string, traits?: any) => void; }'. Did you mean 'trackPage'?
src/features/analysis/argument-intelligence/pages/argument-intelligence.tsx(45,22): error TS2339: Property 'trackUserAction' does not exist on type '{ trackEvent: (name: string, props?: any) => void; trackPage: (page: string) => void; identify: (userId: string, traits?: any) => void; }'.
src/features/analysis/argument-intelligence/pages/argument-intelligence.tsx(142,38): error TS2322: Type '"content"' is not assignable to type '"data" | "component" | "page"'.
src/features/analysis/argument-intelligence/pages/argument-intelligence.tsx(155,38): error TS2339: Property 'trackUserAction' does not exist on type '{ trackEvent: (name: string, props?: any) => void; trackPage: (page: string) => void; identify: (userId: string, traits?: any) => void; }'.
src/features/analysis/argument-intelligence/pages/argument-intelligence.tsx(176,38): error TS2322: Type '"content"' is not assignable to type '"data" | "component" | "page"'.
src/features/analysis/argument-intelligence/pages/argument-intelligence.tsx(209,42): error TS2322: Type '"content"' is not assignable to type '"data" | "component" | "page"'.
src/features/analysis/argument-intelligence/ui/ArgumentIntelligenceDashboard.tsx(7,8): error TS6133: 'React' is declared but its value is never read.
src/features/analysis/argument-intelligence/ui/ArgumentIntelligenceDashboard.tsx(25,5): error TS2339: Property 'arguments' does not exist on type 'UseArgumentIntelligenceResult'.
src/features/analysis/argument-intelligence/ui/ArgumentIntelligenceDashboard.tsx(28,5): error TS2339: Property 'loading' does not exist on type 'UseArgumentIntelligenceResult'.
src/features/analysis/argument-intelligence/ui/ArgumentIntelligenceDashboard.tsx(30,5): error TS2339: Property 'filters' does not exist on type 'UseArgumentIntelligenceResult'.
src/features/analysis/argument-intelligence/ui/ArgumentIntelligenceDashboard.tsx(31,5): error TS2339: Property 'updateFilters' does not exist on type 'UseArgumentIntelligenceResult'.
src/features/analysis/argument-intelligence/ui/ArgumentIntelligenceDashboard.tsx(32,5): error TS2339: Property 'clearFilters' does not exist on type 'UseArgumentIntelligenceResult'.
src/features/analysis/argument-intelligence/ui/ArgumentIntelligenceDashboard.tsx(48,27): error TS2339: Property 'positionBreakdown' does not exist on type 'ArgumentStatistics'.
src/features/analysis/argument-intelligence/ui/ArgumentIntelligenceDashboard.tsx(53,27): error TS2339: Property 'positionBreakdown' does not exist on type 'ArgumentStatistics'.
src/features/analysis/argument-intelligence/ui/ArgumentIntelligenceDashboard.tsx(58,27): error TS2339: Property 'positionBreakdown' does not exist on type 'ArgumentStatistics'.
src/features/analysis/argument-intelligence/ui/ArgumentIntelligenceDashboard.tsx(67,39): error TS2339: Property 'evidenceFound' does not exist on type 'ArgumentStatistics'.
src/features/analysis/argument-intelligence/ui/ArgumentIntelligenceDashboard.tsx(68,40): error TS2339: Property 'averageStrength' does not exist on type 'ArgumentStatistics'.
src/features/analysis/argument-intelligence/ui/ArgumentIntelligenceDashboard.tsx(92,50): error TS2322: Type 'Error' is not assignable to type 'ReactNode'.
src/features/analysis/argument-intelligence/ui/ArgumentIntelligenceDashboard.tsx(164,36): error TS2339: Property 'averageStrength' does not exist on type 'ArgumentStatistics'.
src/features/analysis/argument-intelligence/ui/ArgumentIntelligenceDashboard.tsx(169,83): error TS2339: Property 'claimsExtracted' does not exist on type 'ArgumentStatistics'.
src/features/analysis/argument-intelligence/ui/ArgumentIntelligenceDashboard.tsx(173,83): error TS2339: Property 'evidenceFound' does not exist on type 'ArgumentStatistics'.
src/features/analysis/argument-intelligence/ui/ArgumentIntelligenceDashboard.tsx(181,48): error TS2339: Property 'positionBreakdown' does not exist on type 'ArgumentStatistics'.
src/features/analysis/argument-intelligence/ui/ArgumentIntelligenceDashboard.tsx(182,43): error TS18046: 'count' is of type 'unknown'.
src/features/analysis/argument-intelligence/ui/ArgumentIntelligenceDashboard.tsx(187,59): error TS2322: Type 'unknown' is not assignable to type 'ReactNode'.
src/features/analysis/argument-intelligence/ui/ArgumentIntelligenceDashboard.tsx(218,15): error TS2322: Type 'ArgumentCluster[] | null' is not assignable to type 'ArgumentCluster[]'.
src/features/analysis/argument-intelligence/ui/ArgumentIntelligenceWidget.tsx(8,8): error TS6133: 'React' is declared but its value is never read.
src/features/analysis/argument-intelligence/ui/ArgumentIntelligenceWidget.tsx(10,1): error TS6133: 'ArgumentCluster' is declared but its value is never read.
src/features/analysis/argument-intelligence/ui/ArgumentIntelligenceWidget.tsx(23,33): error TS2339: Property 'loading' does not exist on type 'UseArgumentIntelligenceResult'.
src/features/analysis/argument-intelligence/ui/ArgumentIntelligenceWidget.tsx(81,26): error TS2339: Property 'averageStrength' does not exist on type 'ArgumentStatistics'.
src/features/analysis/argument-intelligence/ui/ArgumentIntelligenceWidget.tsx(90,38): error TS2339: Property 'positionBreakdown' does not exist on type 'ArgumentStatistics'.
src/features/analysis/argument-intelligence/ui/ArgumentIntelligenceWidget.tsx(91,33): error TS18046: 'count' is of type 'unknown'.
src/features/analysis/argument-intelligence/ui/ArgumentIntelligenceWidget.tsx(107,38): error TS2339: Property 'positionBreakdown' does not exist on type 'ArgumentStatistics'.
src/features/analysis/argument-intelligence/ui/ArgumentIntelligenceWidget.tsx(110,45): error TS2322: Type 'unknown' is not assignable to type 'ReactNode'.
src/features/analysis/argument-intelligence/ui/ArgumentIntelligenceWidget.tsx(120,12): error TS18047: 'clusters' is possibly 'null'.
src/features/analysis/argument-intelligence/ui/ArgumentIntelligenceWidget.tsx(123,41): error TS18047: 'clusters' is possibly 'null'.
src/features/analysis/argument-intelligence/ui/ArgumentIntelligenceWidget.tsx(126,18): error TS18047: 'clusters' is possibly 'null'.
src/features/analysis/argument-intelligence/ui/ArgumentIntelligenceWidget.tsx(150,76): error TS2339: Property 'claimsExtracted' does not exist on type 'ArgumentStatistics'.
src/features/analysis/argument-intelligence/ui/ArgumentIntelligenceWidget.tsx(154,76): error TS2339: Property 'evidenceFound' does not exist on type 'ArgumentStatistics'.
src/features/analysis/argument-intelligence/ui/PositionTrackingChart.tsx(7,1): error TS6133: 'React' is declared but its value is never read.
src/features/analysis/argument-intelligence/ui/PositionTrackingChart.tsx(63,72): error TS18048: 'currentPosition' is possibly 'undefined'.
src/features/analysis/argument-intelligence/ui/PositionTrackingChart.tsx(71,66): error TS18048: 'currentPosition' is possibly 'undefined'.
src/features/analysis/argument-intelligence/ui/PositionTrackingChart.tsx(72,31): error TS18048: 'currentPosition' is possibly 'undefined'.
src/features/analysis/argument-intelligence/ui/PositionTrackingChart.tsx(152,85): error TS18048: 'currentPosition' is possibly 'undefined'.
src/features/analysis/argument-intelligence/ui/QualityMetricsDisplay.tsx(7,1): error TS6133: 'React' is declared but its value is never read.
src/features/analysis/argument-intelligence/ui/QualityMetricsDisplay.tsx(70,59): error TS18048: 'colors' is possibly 'undefined'.
src/features/analysis/argument-intelligence/ui/QualityMetricsDisplay.tsx(75,45): error TS18048: 'colors' is possibly 'undefined'.
src/features/analysis/argument-intelligence/ui/QualityMetricsDisplay.tsx(77,40): error TS18048: 'colors' is possibly 'undefined'.
src/features/analysis/argument-intelligence/ui/QualityMetricsDisplay.tsx(96,42): error TS2532: Object is possibly 'undefined'.
src/features/analysis/constitutional/ui/ConstitutionalAnalysisDisplay.tsx(7,1): error TS6133: 'React' is declared but its value is never read.
src/features/analysis/constitutional/ui/ConstitutionalIntelligenceTab.tsx(7,1): error TS6133: 'React' is declared but its value is never read.
src/features/analysis/constitutional/ui/ConstitutionalIntelligenceTab.tsx(26,22): error TS2551: Property 'full_text' does not exist on type 'Bill'. Did you mean 'fullText'?
src/features/analysis/model/hooks/useConflictAnalysis.ts(49,39): error TS6133: 'billId' is declared but its value is never read.
src/features/analysis/model/hooks/useTriggerAnalysis.ts(40,17): error TS6133: 'data' is declared but its value is never read.
src/features/analysis/pretext-detection/hooks/usePretextAnalysis.ts(8,30): error TS2307: Cannot find module './use-safe-query' or its corresponding type declarations.
src/features/analysis/pretext-detection/pages/pretext-detection.tsx(7,8): error TS6133: 'React' is declared but its value is never read.
src/features/analysis/pretext-detection/pages/pretext-detection.tsx(10,1): error TS6133: 'PretextDetectionPanel' is declared but its value is never read.
src/features/analysis/pretext-detection/pages/pretext-detection.tsx(34,22): error TS2551: Property 'trackPageView' does not exist on type '{ trackEvent: (name: string, props?: any) => void; trackPage: (page: string) => void; identify: (userId: string, traits?: any) => void; }'. Did you mean 'trackPage'?
src/features/analysis/pretext-detection/pages/pretext-detection.tsx(43,22): error TS2339: Property 'trackUserAction' does not exist on type '{ trackEvent: (name: string, props?: any) => void; trackPage: (page: string) => void; identify: (userId: string, traits?: any) => void; }'.
src/features/analysis/pretext-detection/pages/pretext-detection.tsx(208,38): error TS2322: Type '"content"' is not assignable to type '"data" | "component" | "page"'.
src/features/analysis/pretext-detection/pages/pretext-detection.tsx(279,44): error TS2322: Type '"content"' is not assignable to type '"data" | "component" | "page"'.
src/features/analysis/pretext-detection/pages/pretext-detection.tsx(301,44): error TS2322: Type '"content"' is not assignable to type '"data" | "component" | "page"'.
src/features/analysis/pretext-detection/services/PretextAnalysisService.ts(3,3): error TS2305: Module '"../types"' has no exported member 'BillAnalysis'.
src/features/analysis/pretext-detection/services/PretextAnalysisService.ts(3,3): error TS6133: 'BillAnalysis' is declared but its value is never read.
src/features/analysis/pretext-detection/services/PretextAnalysisService.ts(121,7): error TS18046: 'billData' is of type 'unknown'.
src/features/analysis/pretext-detection/services/PretextAnalysisService.ts(153,22): error TS18046: 'billData' is of type 'unknown'.
src/features/analysis/pretext-detection/services/PretextAnalysisService.ts(217,7): error TS18046: 'indicators' is of type 'unknown'.
src/features/analysis/pretext-detection/services/PretextAnalysisService.ts(218,9): error TS18046: 'indicators' is of type 'unknown'.
src/features/analysis/pretext-detection/services/PretextAnalysisService.ts(219,9): error TS18046: 'indicators' is of type 'unknown'.
src/features/analysis/pretext-detection/services/PretextAnalysisService.ts(220,9): error TS18046: 'indicators' is of type 'unknown'.
src/features/analysis/pretext-detection/services/PretextAnalysisService.ts(234,41): error TS2769: No overload matches this call.
src/features/analysis/pretext-detection/services/PretextAnalysisService.ts(235,50): error TS18046: 'indicator' is of type 'unknown'.
src/features/analysis/pretext-detection/services/PretextAnalysisService.ts(249,20): error TS2769: No overload matches this call.
src/features/analysis/pretext-detection/services/PretextAnalysisService.ts(283,31): error TS6133: 'billId' is declared but its value is never read.
src/features/analysis/pretext-detection/services/PretextAnalysisService.ts(288,31): error TS6133: 'billId' is declared but its value is never read.
src/features/analysis/pretext-detection/services/PretextAnalysisService.ts(293,37): error TS6133: 'billId' is declared but its value is never read.
src/features/analysis/pretext-detection/ui/PretextDetectionPanel.tsx(45,5): error TS6133: 'analyzeContent' is declared but its value is never read.
src/features/analysis/ui/dashboard/AnalysisDashboard.tsx(1,1): error TS6133: 'React' is declared but its value is never read.
src/features/api-services.ts(15,37): error TS2307: Cannot find module './analytics/services/analytics-api.service' or its corresponding type declarations.
src/features/auth/pages/login.tsx(7,1): error TS6133: 'React' is declared but its value is never read.
src/features/auth/pages/PrivacyPage.tsx(7,1): error TS6133: 'React' is declared but its value is never read.
src/features/auth/pages/RegisterPage.tsx(8,1): error TS6133: 'React' is declared but its value is never read.
src/features/auth/pages/RegisterPage.tsx(69,9): error TS6133: 'handleRegisterError' is declared but its value is never read.
src/features/auth/pages/RegisterPage.tsx(76,17): error TS18046: 'data' is of type 'unknown'.
src/features/auth/pages/RegisterPage.tsx(81,9): error TS6133: 'handleSocialLoginError' is declared but its value is never read.
src/features/auth/pages/SecurityPage.tsx(7,1): error TS6133: 'React' is declared but its value is never read.
src/features/bills/BillAnalysis.tsx(1,39): error TS6133: 'TrendingUp' is declared but its value is never read.
src/features/bills/BillAnalysis.tsx(2,8): error TS6133: 'React' is declared but its value is never read.
src/features/bills/BillAnalysis.tsx(92,9): error TS6133: 'constitutionalConcerns' is declared but its value is never read.
src/features/bills/BillAnalysis.tsx(93,54): error TS18046: 'flag' is of type 'unknown'.
src/features/bills/BillAnalysis.tsx(143,73): error TS18046: 'f' is of type 'unknown'.
src/features/bills/BillAnalysis.tsx(149,73): error TS18046: 'f' is of type 'unknown'.
src/features/bills/BillAnalysis.tsx(155,73): error TS18046: 'f' is of type 'unknown'.
src/features/bills/BillAnalysis.tsx(182,28): error TS18046: 'flag' is of type 'unknown'.
src/features/bills/BillAnalysis.tsx(187,27): error TS18046: 'flag' is of type 'unknown'.
src/features/bills/BillAnalysis.tsx(189,31): error TS18046: 'flag' is of type 'unknown'.
src/features/bills/BillAnalysis.tsx(194,24): error TS18046: 'flag' is of type 'unknown'.
src/features/bills/BillAnalysis.tsx(198,59): error TS18046: 'flag' is of type 'unknown'.
src/features/bills/BillHeader.tsx(2,1): error TS6133: 'React' is declared but its value is never read.
src/features/bills/BillHeader.tsx(28,13): error TS18046: 'sponsor' is of type 'unknown'.
src/features/bills/BillHeader.tsx(29,20): error TS18046: 'sponsor' is of type 'unknown'.
src/features/bills/BillList.tsx(3,1): error TS6133: 'React' is declared but its value is never read.
src/features/bills/BillList.tsx(63,3): error TS2322: Type 'string | undefined' is not assignable to type 'string'.
src/features/bills/BillList.tsx(246,89): error TS2551: Property 'FIRST_READING' does not exist on type 'typeof BillStatus'. Did you mean 'FirstReading'?
src/features/bills/BillList.tsx(249,89): error TS2551: Property 'COMMITTEE_STAGE' does not exist on type 'typeof BillStatus'. Did you mean 'CommitteeStage'?
src/features/bills/BillList.tsx(252,89): error TS2551: Property 'THIRD_READING' does not exist on type 'typeof BillStatus'. Did you mean 'ThirdReading'?
src/features/bills/hooks/useComparisonCart.ts(36,62): error TS2339: Property 'comparisonCart' does not exist on type 'PersistPartial'.
src/features/bills/hooks/useComparisonCart.ts(37,63): error TS2339: Property 'comparisonCart' does not exist on type 'PersistPartial'.
src/features/bills/pages/bill-analysis.tsx(13,1): error TS6133: 'React' is declared but its value is never read.
src/features/bills/pages/bills-dashboard-page.tsx(1,1): error TS6133: 'React' is declared but its value is never read.
src/features/bills/pages/BillsPortalPage.tsx(15,3): error TS2614: Module '"lucide-react"' has no exported member 'GitCompare'. Did you mean to use 'import GitCompare from "lucide-react"' instead?
src/features/bills/pages/BillsPortalPage.tsx(15,3): error TS6133: 'GitCompare' is declared but its value is never read.
src/features/bills/pages/CollectionsPage.tsx(1,1): error TS6133: 'React' is declared but its value is never read.
src/features/bills/services/cache.ts(69,11): error TS6133: '_offlineQueue' is declared but its value is never read.
src/features/bills/services/tracking.ts(14,3): error TS2305: Module '"@client/lib/types/bill"' has no exported member 'BillEngagement'.
src/features/bills/services/tracking.ts(81,19): error TS2540: Cannot assign to 'status' because it is a read-only property.
src/features/bills/services/tracking.ts(87,19): error TS2540: Cannot assign to 'commentCount' because it is a read-only property.
src/features/bills/services/tracking.ts(118,15): error TS2540: Cannot assign to 'engagement' because it is a read-only property.
src/features/bills/services/tracking.ts(123,15): error TS2540: Cannot assign to 'viewCount' because it is a read-only property.
src/features/bills/services/tracking.ts(126,15): error TS2540: Cannot assign to 'commentCount' because it is a read-only property.
src/features/bills/ui/action-prompts/ActionPromptCard.tsx(1,8): error TS6133: 'React' is declared but its value is never read.
src/features/bills/ui/action-prompts/ActionPromptCard.tsx(2,29): error TS6196: 'ActionStep' is declared but never used.
src/features/bills/ui/analysis/BillAnalysis.tsx(46,13): error TS18048: 'expertProfile' is possibly 'undefined'.
src/features/bills/ui/analysis/BillAnalysis.tsx(47,15): error TS18048: 'expertProfile' is possibly 'undefined'.
src/features/bills/ui/analysis/BillAnalysis.tsx(50,22): error TS18048: 'expertProfile' is possibly 'undefined'.
src/features/bills/ui/analysis/BillAnalysis.tsx(68,27): error TS18048: 'expertProfile' is possibly 'undefined'.
src/features/bills/ui/analysis/BillAnalysis.tsx(74,14): error TS18048: 'expertProfile' is possibly 'undefined'.
src/features/bills/ui/analysis/BillAnalysis.tsx(82,12): error TS2532: Object is possibly 'undefined'.
src/features/bills/ui/analysis/BillAnalysis.tsx(82,35): error TS2532: Object is possibly 'undefined'.
src/features/bills/ui/analysis/BillAnalysis.tsx(97,9): error TS6133: 'constitutionalConcerns' is declared but its value is never read.
src/features/bills/ui/analysis/BillAnalysisTab.tsx(2,8): error TS6133: 'React' is declared but its value is never read.
src/features/bills/ui/analysis/BillAnalysisTab.tsx(60,26): error TS6133: 'bill' is declared but its value is never read.
src/features/bills/ui/analysis/BillAnalysisTab.tsx(209,18): error TS2532: Object is possibly 'undefined'.
src/features/bills/ui/analysis/comments.tsx(13,3): error TS6133: 'Filter' is declared but its value is never read.
src/features/bills/ui/analysis/comments.tsx(17,1): error TS6133: 'useBillAnalysis' is declared but its value is never read.
src/features/bills/ui/analysis/comments.tsx(29,1): error TS6133: 'Separator' is declared but its value is never read.
src/features/bills/ui/analysis/comments.tsx(66,3): error TS6133: 'onEndorseComment' is declared but its value is never read.
src/features/bills/ui/analysis/comments.tsx(68,3): error TS6133: 'isEndorsing' is declared but its value is never read.
src/features/bills/ui/analysis/comments.tsx(69,3): error TS6133: 'sortOrder' is declared but its value is never read.
src/features/bills/ui/analysis/comments.tsx(238,9): error TS6133: 'getSortIcon' is declared but its value is never read.
src/features/bills/ui/analysis/comments.tsx(252,20): error TS2339: Property 'upvotes' does not exist on type 'Comment'.
src/features/bills/ui/analysis/comments.tsx(252,38): error TS2339: Property 'endorsements' does not exist on type 'Comment'.
src/features/bills/ui/analysis/comments.tsx(252,62): error TS2339: Property 'replies' does not exist on type 'Comment'.
src/features/bills/ui/analysis/comments.tsx(256,53): error TS2339: Property 'id' does not exist on type 'Comment'.
src/features/bills/ui/analysis/comments.tsx(257,36): error TS2339: Property 'content' does not exist on type 'Comment'.
src/features/bills/ui/analysis/comments.tsx(259,65): error TS2339: Property 'content' does not exist on type 'Comment'.
src/features/bills/ui/analysis/comments.tsx(259,84): error TS2339: Property 'content' does not exist on type 'Comment'.
src/features/bills/ui/analysis/comments.tsx(264,22): error TS2339: Property 'id' does not exist on type 'Comment'.
src/features/bills/ui/analysis/comments.tsx(268,19): error TS2339: Property 'isHighlighted' does not exist on type 'Comment'.
src/features/bills/ui/analysis/comments.tsx(280,24): error TS2339: Property 'userInitials' does not exist on type 'Comment'.
src/features/bills/ui/analysis/comments.tsx(284,72): error TS2339: Property 'username' does not exist on type 'Comment'.
src/features/bills/ui/analysis/comments.tsx(285,26): error TS2339: Property 'expertise' does not exist on type 'Comment'.
src/features/bills/ui/analysis/comments.tsx(290,30): error TS2339: Property 'expertise' does not exist on type 'Comment'.
src/features/bills/ui/analysis/comments.tsx(293,26): error TS2339: Property 'verifiedClaims' does not exist on type 'Comment'.
src/features/bills/ui/analysis/comments.tsx(299,26): error TS2339: Property 'isHighlighted' does not exist on type 'Comment'.
src/features/bills/ui/analysis/comments.tsx(317,57): error TS2339: Property 'created_at' does not exist on type 'Comment'.
src/features/bills/ui/analysis/comments.tsx(337,61): error TS2339: Property 'id' does not exist on type 'Comment'.
src/features/bills/ui/analysis/comments.tsx(344,20): error TS2339: Property 'pollData' does not exist on type 'Comment'.
src/features/bills/ui/analysis/comments.tsx(348,26): error TS2339: Property 'pollData' does not exist on type 'Comment'.
src/features/bills/ui/analysis/comments.tsx(351,26): error TS2339: Property 'pollData' does not exist on type 'Comment'.
src/features/bills/ui/analysis/comments.tsx(351,48): error TS7006: Parameter 'option' implicitly has an 'any' type.
src/features/bills/ui/analysis/comments.tsx(351,56): error TS7006: Parameter 'index' implicitly has an 'any' type.
src/features/bills/ui/analysis/comments.tsx(353,29): error TS2339: Property 'pollData' does not exist on type 'Comment'.
src/features/bills/ui/analysis/comments.tsx(354,50): error TS2339: Property 'pollData' does not exist on type 'Comment'.
src/features/bills/ui/analysis/comments.tsx(356,46): error TS2339: Property 'pollData' does not exist on type 'Comment'.
src/features/bills/ui/analysis/comments.tsx(361,63): error TS2339: Property 'id' does not exist on type 'Comment'.
src/features/bills/ui/analysis/comments.tsx(391,28): error TS2339: Property 'pollData' does not exist on type 'Comment'.
src/features/bills/ui/analysis/comments.tsx(393,26): error TS2339: Property 'pollData' does not exist on type 'Comment'.
src/features/bills/ui/analysis/comments.tsx(404,49): error TS2339: Property 'id' does not exist on type 'Comment'.
src/features/bills/ui/analysis/comments.tsx(408,62): error TS2339: Property 'upvotes' does not exist on type 'Comment'.
src/features/bills/ui/analysis/comments.tsx(412,49): error TS2339: Property 'id' does not exist on type 'Comment'.
src/features/bills/ui/analysis/comments.tsx(416,62): error TS2339: Property 'downvotes' does not exist on type 'Comment'.
src/features/bills/ui/analysis/comments.tsx(420,52): error TS2339: Property 'id' does not exist on type 'Comment'.
src/features/bills/ui/analysis/comments.tsx(425,24): error TS2339: Property 'replies' does not exist on type 'Comment'.
src/features/bills/ui/analysis/comments.tsx(425,43): error TS2339: Property 'replies' does not exist on type 'Comment'.
src/features/bills/ui/analysis/comments.tsx(427,28): error TS2339: Property 'replies' does not exist on type 'Comment'.
src/features/bills/ui/analysis/comments.tsx(433,54): error TS2339: Property 'id' does not exist on type 'Comment'.
src/features/bills/ui/analysis/comments.tsx(449,33): error TS2339: Property 'id' does not exist on type 'Comment'.
src/features/bills/ui/analysis/comments.tsx(461,52): error TS2339: Property 'id' does not exist on type 'Comment'.
src/features/bills/ui/analysis/comments.tsx(479,18): error TS2339: Property 'replies' does not exist on type 'Comment'.
src/features/bills/ui/analysis/comments.tsx(479,37): error TS2339: Property 'replies' does not exist on type 'Comment'.
src/features/bills/ui/analysis/comments.tsx(483,24): error TS2339: Property 'replies' does not exist on type 'Comment'.
src/features/bills/ui/analysis/comments.tsx(483,49): error TS2339: Property 'replies' does not exist on type 'Comment'.
src/features/bills/ui/analysis/comments.tsx(485,22): error TS2339: Property 'replies' does not exist on type 'Comment'.
src/features/bills/ui/analysis/comments.tsx(485,34): error TS7006: Parameter 'reply' implicitly has an 'any' type.
src/features/bills/ui/analysis/conflict-of-interest/ConflictNetworkVisualization.tsx(9,26): error TS6133: 'Eye' is declared but its value is never read.
src/features/bills/ui/analysis/conflict-of-interest/ConflictNetworkVisualization.tsx(9,31): error TS6133: 'EyeOff' is declared but its value is never read.
src/features/bills/ui/analysis/conflict-of-interest/ConflictNetworkVisualization.tsx(10,8): error TS6133: 'React' is declared but its value is never read.
src/features/bills/ui/analysis/conflict-of-interest/ConflictNetworkVisualization.tsx(16,3): error TS6133: 'ConflictVisualizationProps' is declared but its value is never read.
src/features/bills/ui/analysis/conflict-of-interest/ConflictNetworkVisualization.tsx(47,3): error TS6133: 'showAccessibilityFallback' is declared but its value is never read.
src/features/bills/ui/analysis/conflict-of-interest/ConflictNetworkVisualization.tsx(53,10): error TS6133: 'networkData' is declared but its value is never read.
src/features/bills/ui/analysis/conflict-of-interest/ConflictNetworkVisualization.tsx(76,17): error TS18046: 'connection' is of type 'unknown'.
src/features/bills/ui/analysis/conflict-of-interest/ConflictNetworkVisualization.tsx(79,23): error TS18046: 'connection' is of type 'unknown'.
src/features/bills/ui/analysis/conflict-of-interest/ConflictNetworkVisualization.tsx(80,39): error TS18046: 'connection' is of type 'unknown'.
src/features/bills/ui/analysis/conflict-of-interest/ConflictNetworkVisualization.tsx(86,21): error TS18046: 'connection' is of type 'unknown'.
src/features/bills/ui/analysis/conflict-of-interest/ConflictNetworkVisualization.tsx(88,27): error TS18046: 'connection' is of type 'unknown'.
src/features/bills/ui/analysis/conflict-of-interest/ConflictNetworkVisualization.tsx(88,74): error TS18046: 'connection' is of type 'unknown'.
src/features/bills/ui/analysis/conflict-of-interest/ConflictNetworkVisualization.tsx(95,24): error TS18046: 'interest' is of type 'unknown'.
src/features/bills/ui/analysis/conflict-of-interest/ConflictNetworkVisualization.tsx(101,34): error TS18046: 'interest' is of type 'unknown'.
src/features/bills/ui/analysis/conflict-of-interest/ConflictNetworkVisualization.tsx(103,95): error TS18046: 'interest' is of type 'unknown'.
src/features/bills/ui/analysis/conflict-of-interest/ConflictNetworkVisualization.tsx(363,27): error TS2345: Argument of type '(selection: Selection<SVGSVGElement, unknown, any, any> | TransitionLike<SVGSVGElement, unknown>, k: number | ValueFn<SVGSVGElement, unknown, number>, p?: [...] | ... 1 more ... | undefined) => void' is not assignable to parameter of type '(transition: Transition<SVGSVGElement | null, unknown, null, undefined>, ...args: any[]) => any'.
src/features/bills/ui/analysis/conflict-of-interest/ConflictNetworkVisualization.tsx(369,27): error TS2345: Argument of type '(selection: Selection<SVGSVGElement, unknown, any, any> | TransitionLike<SVGSVGElement, unknown>, k: number | ValueFn<SVGSVGElement, unknown, number>, p?: [...] | ... 1 more ... | undefined) => void' is not assignable to parameter of type '(transition: Transition<SVGSVGElement | null, unknown, null, undefined>, ...args: any[]) => any'.
src/features/bills/ui/analysis/conflict-of-interest/ConflictNetworkVisualization.tsx(375,27): error TS2345: Argument of type '(selection: Selection<SVGSVGElement, unknown, any, any> | TransitionLike<SVGSVGElement, unknown>, transform: ZoomTransform | ((this: SVGSVGElement, event: any, d: unknown) => ZoomTransform), point?: [...] | ... 1 more ... | undefined) => void' is not assignable to parameter of type '(transition: Transition<SVGSVGElement | null, unknown, null, undefined>, ...args: any[]) => any'.
src/features/bills/ui/analysis/conflict-of-interest/ConflictNetworkVisualization.tsx(397,17): error TS18046: 'conn' is of type 'unknown'.
src/features/bills/ui/analysis/conflict-of-interest/ConflictNetworkVisualization.tsx(398,19): error TS18046: 'conn' is of type 'unknown'.
src/features/bills/ui/analysis/conflict-of-interest/ConflictNetworkVisualization.tsx(399,23): error TS18046: 'conn' is of type 'unknown'.
src/features/bills/ui/analysis/conflict-of-interest/ConflictNetworkVisualization.tsx(400,26): error TS18046: 'conn' is of type 'unknown'.
src/features/bills/ui/analysis/conflict-of-interest/ConflictNetworkVisualization.tsx(404,17): error TS18046: 'interest' is of type 'unknown'.
src/features/bills/ui/analysis/conflict-of-interest/ConflictNetworkVisualization.tsx(405,19): error TS18046: 'interest' is of type 'unknown'.
src/features/bills/ui/analysis/conflict-of-interest/ConflictNetworkVisualization.tsx(406,32): error TS18046: 'interest' is of type 'unknown'.
src/features/bills/ui/analysis/conflict-of-interest/ConflictNetworkVisualization.tsx(407,29): error TS18046: 'interest' is of type 'unknown'.
src/features/bills/ui/analysis/conflict-of-interest/ConflictNetworkVisualization.tsx(407,67): error TS18046: 'interest' is of type 'unknown'.
src/features/bills/ui/analysis/conflict-of-interest/ConflictNetworkVisualization.tsx(415,30): error TS18046: 'c' is of type 'unknown'.
src/features/bills/ui/analysis/conflict-of-interest/ConflictNetworkVisualization.tsx(418,102): error TS18046: 'f' is of type 'unknown'.
src/features/bills/ui/analysis/conflict-of-interest/ConflictOfInterestAnalysis.tsx(18,1): error TS6133: 'React' is declared but its value is never read.
src/features/bills/ui/analysis/conflict-of-interest/ConflictOfInterestAnalysis.tsx(54,25): error TS18048: 'bill.sponsors' is possibly 'undefined'.
src/features/bills/ui/analysis/conflict-of-interest/ConflictOfInterestAnalysis.tsx(55,20): error TS18048: 'bill.sponsors' is possibly 'undefined'.
src/features/bills/ui/analysis/conflict-of-interest/FinancialExposureTracker.tsx(8,59): error TS6133: 'Calendar' is declared but its value is never read.
src/features/bills/ui/analysis/conflict-of-interest/FinancialExposureTracker.tsx(9,8): error TS6133: 'React' is declared but its value is never read.
src/features/bills/ui/analysis/conflict-of-interest/FinancialExposureTracker.tsx(25,10): error TS6133: 'FinancialInterest' is declared but its value is never read.
src/features/bills/ui/analysis/conflict-of-interest/FinancialExposureTracker.tsx(59,9): error TS2571: Object is of type 'unknown'.
src/features/bills/ui/analysis/conflict-of-interest/FinancialExposureTracker.tsx(60,9): error TS2571: Object is of type 'unknown'.
src/features/bills/ui/analysis/conflict-of-interest/FinancialExposureTracker.tsx(61,9): error TS2571: Object is of type 'unknown'.
src/features/bills/ui/analysis/conflict-of-interest/FinancialExposureTracker.tsx(62,12): error TS2571: Object is of type 'unknown'.
src/features/bills/ui/analysis/conflict-of-interest/FinancialExposureTracker.tsx(65,11): error TS2571: Object is of type 'unknown'.
src/features/bills/ui/analysis/conflict-of-interest/FinancialExposureTracker.tsx(67,11): error TS2571: Object is of type 'unknown'.
src/features/bills/ui/analysis/conflict-of-interest/FinancialExposureTracker.tsx(87,9): error TS2571: Object is of type 'unknown'.
src/features/bills/ui/analysis/conflict-of-interest/FinancialExposureTracker.tsx(88,9): error TS2571: Object is of type 'unknown'.
src/features/bills/ui/analysis/conflict-of-interest/FinancialExposureTracker.tsx(91,11): error TS2571: Object is of type 'unknown'.
src/features/bills/ui/analysis/conflict-of-interest/FinancialExposureTracker.tsx(93,11): error TS2571: Object is of type 'unknown'.
src/features/bills/ui/analysis/conflict-of-interest/FinancialExposureTracker.tsx(127,60): error TS18046: 'b' is of type 'unknown'.
src/features/bills/ui/analysis/conflict-of-interest/FinancialExposureTracker.tsx(127,70): error TS18046: 'a' is of type 'unknown'.
src/features/bills/ui/analysis/conflict-of-interest/FinancialExposureTracker.tsx(128,60): error TS18046: 'b' is of type 'unknown'.
src/features/bills/ui/analysis/conflict-of-interest/FinancialExposureTracker.tsx(128,70): error TS18046: 'a' is of type 'unknown'.
src/features/bills/ui/analysis/conflict-of-interest/FinancialExposureTracker.tsx(208,45): error TS2339: Property 'industry' does not exist on type '{}'.
src/features/bills/ui/analysis/conflict-of-interest/FinancialExposureTracker.tsx(211,89): error TS2339: Property 'total' does not exist on type '{}'.
src/features/bills/ui/analysis/conflict-of-interest/FinancialExposureTracker.tsx(320,68): error TS6133: 'entry' is declared but its value is never read.
src/features/bills/ui/analysis/conflict-of-interest/FinancialExposureTracker.tsx(344,26): error TS18046: 'industry' is of type 'unknown'.
src/features/bills/ui/analysis/conflict-of-interest/FinancialExposureTracker.tsx(354,57): error TS18046: 'industry' is of type 'unknown'.
src/features/bills/ui/analysis/conflict-of-interest/FinancialExposureTracker.tsx(356,30): error TS18046: 'industry' is of type 'unknown'.
src/features/bills/ui/analysis/conflict-of-interest/FinancialExposureTracker.tsx(357,47): error TS18046: 'industry' is of type 'unknown'.
src/features/bills/ui/analysis/conflict-of-interest/FinancialExposureTracker.tsx(357,66): error TS18046: 'industry' is of type 'unknown'.
src/features/bills/ui/analysis/conflict-of-interest/FinancialExposureTracker.tsx(363,66): error TS18046: 'industry' is of type 'unknown'.
src/features/bills/ui/analysis/conflict-of-interest/FinancialExposureTracker.tsx(365,43): error TS18046: 'industry' is of type 'unknown'.
src/features/bills/ui/analysis/conflict-of-interest/FinancialExposureTracker.tsx(386,29): error TS18046: 'category' is of type 'unknown'.
src/features/bills/ui/analysis/conflict-of-interest/FinancialExposureTracker.tsx(393,46): error TS18046: 'category' is of type 'unknown'.
src/features/bills/ui/analysis/conflict-of-interest/FinancialExposureTracker.tsx(397,68): error TS18046: 'category' is of type 'unknown'.
src/features/bills/ui/analysis/conflict-of-interest/FinancialExposureTracker.tsx(399,30): error TS18046: 'category' is of type 'unknown'.
src/features/bills/ui/analysis/conflict-of-interest/FinancialExposureTracker.tsx(404,68): error TS18046: 'category' is of type 'unknown'.
src/features/bills/ui/analysis/conflict-of-interest/FinancialExposureTracker.tsx(407,42): error TS18046: 'category' is of type 'unknown'.
src/features/bills/ui/analysis/conflict-of-interest/FinancialExposureTracker.tsx(407,58): error TS18046: 'category' is of type 'unknown'.
src/features/bills/ui/analysis/conflict-of-interest/FinancialExposureTracker.tsx(409,46): error TS18046: 'category' is of type 'unknown'.
src/features/bills/ui/analysis/conflict-of-interest/FinancialExposureTracker.tsx(409,62): error TS18046: 'category' is of type 'unknown'.
src/features/bills/ui/analysis/conflict-of-interest/FinancialExposureTracker.tsx(415,41): error TS18046: 'category' is of type 'unknown'.
src/features/bills/ui/analysis/conflict-of-interest/FinancialExposureTracker.tsx(415,57): error TS18046: 'category' is of type 'unknown'.
src/features/bills/ui/analysis/conflict-of-interest/FinancialExposureTracker.tsx(422,57): error TS18046: 'category' is of type 'unknown'.
src/features/bills/ui/analysis/conflict-of-interest/FinancialExposureTracker.tsx(423,59): error TS18046: 'category' is of type 'unknown'.
src/features/bills/ui/analysis/conflict-of-interest/FinancialExposureTracker.tsx(426,33): error TS18046: 'category' is of type 'unknown'.
src/features/bills/ui/analysis/conflict-of-interest/FinancialExposureTracker.tsx(426,53): error TS18046: 'category' is of type 'unknown'.
src/features/bills/ui/analysis/conflict-of-interest/FinancialExposureTracker.tsx(496,39): error TS6133: 'index' is declared but its value is never read.
src/features/bills/ui/analysis/conflict-of-interest/HistoricalPatternAnalysis.tsx(8,28): error TS6133: 'Calendar' is declared but its value is never read.
src/features/bills/ui/analysis/conflict-of-interest/HistoricalPatternAnalysis.tsx(9,8): error TS6133: 'React' is declared but its value is never read.
src/features/bills/ui/analysis/conflict-of-interest/HistoricalPatternAnalysis.tsx(11,3): error TS6133: 'LineChart' is declared but its value is never read.
src/features/bills/ui/analysis/conflict-of-interest/HistoricalPatternAnalysis.tsx(75,28): error TS18046: 'yearData' is of type 'unknown'.
src/features/bills/ui/analysis/conflict-of-interest/HistoricalPatternAnalysis.tsx(78,7): error TS18046: 'yearData' is of type 'unknown'.
src/features/bills/ui/analysis/conflict-of-interest/HistoricalPatternAnalysis.tsx(80,7): error TS18046: 'yearData' is of type 'unknown'.
src/features/bills/ui/analysis/conflict-of-interest/HistoricalPatternAnalysis.tsx(80,39): error TS18046: 'yearData' is of type 'unknown'.
src/features/bills/ui/analysis/conflict-of-interest/HistoricalPatternAnalysis.tsx(99,9): error TS2571: Object is of type 'unknown'.
src/features/bills/ui/analysis/conflict-of-interest/HistoricalPatternAnalysis.tsx(106,9): error TS2571: Object is of type 'unknown'.
src/features/bills/ui/analysis/conflict-of-interest/HistoricalPatternAnalysis.tsx(109,11): error TS2571: Object is of type 'unknown'.
src/features/bills/ui/analysis/conflict-of-interest/HistoricalPatternAnalysis.tsx(113,11): error TS2571: Object is of type 'unknown'.
src/features/bills/ui/analysis/conflict-of-interest/HistoricalPatternAnalysis.tsx(117,11): error TS2571: Object is of type 'unknown'.
src/features/bills/ui/analysis/conflict-of-interest/HistoricalPatternAnalysis.tsx(148,25): error TS18046: 'p' is of type 'unknown'.
src/features/bills/ui/analysis/conflict-of-interest/HistoricalPatternAnalysis.tsx(148,51): error TS18046: 'p' is of type 'unknown'.
src/features/bills/ui/analysis/conflict-of-interest/HistoricalPatternAnalysis.tsx(155,79): error TS18046: 'a' is of type 'unknown'.
src/features/bills/ui/analysis/conflict-of-interest/HistoricalPatternAnalysis.tsx(155,88): error TS18046: 'b' is of type 'unknown'.
src/features/bills/ui/analysis/conflict-of-interest/HistoricalPatternAnalysis.tsx(157,37): error TS18046: 'b' is of type 'unknown'.
src/features/bills/ui/analysis/conflict-of-interest/HistoricalPatternAnalysis.tsx(157,53): error TS18046: 'a' is of type 'unknown'.
src/features/bills/ui/analysis/conflict-of-interest/HistoricalPatternAnalysis.tsx(353,49): error TS18046: 'pattern' is of type 'unknown'.
src/features/bills/ui/analysis/conflict-of-interest/HistoricalPatternAnalysis.tsx(358,57): error TS18046: 'pattern' is of type 'unknown'.
src/features/bills/ui/analysis/conflict-of-interest/HistoricalPatternAnalysis.tsx(360,51): error TS18046: 'pattern' is of type 'unknown'.
src/features/bills/ui/analysis/conflict-of-interest/HistoricalPatternAnalysis.tsx(361,30): error TS18046: 'pattern' is of type 'unknown'.
src/features/bills/ui/analysis/conflict-of-interest/HistoricalPatternAnalysis.tsx(367,40): error TS18046: 'pattern' is of type 'unknown'.
src/features/bills/ui/analysis/conflict-of-interest/HistoricalPatternAnalysis.tsx(369,44): error TS18046: 'pattern' is of type 'unknown'.
src/features/bills/ui/analysis/conflict-of-interest/HistoricalPatternAnalysis.tsx(374,48): error TS18046: 'pattern' is of type 'unknown'.
src/features/bills/ui/analysis/conflict-of-interest/HistoricalPatternAnalysis.tsx(381,57): error TS18046: 'pattern' is of type 'unknown'.
src/features/bills/ui/analysis/conflict-of-interest/HistoricalPatternAnalysis.tsx(386,30): error TS18046: 'pattern' is of type 'unknown'.
src/features/bills/ui/analysis/conflict-of-interest/HistoricalPatternAnalysis.tsx(387,31): error TS18046: 'pattern' is of type 'unknown'.
src/features/bills/ui/analysis/conflict-of-interest/HistoricalPatternAnalysis.tsx(388,31): error TS18046: 'pattern' is of type 'unknown'.
src/features/bills/ui/analysis/conflict-of-interest/HistoricalPatternAnalysis.tsx(393,57): error TS18046: 'pattern' is of type 'unknown'.
src/features/bills/ui/analysis/conflict-of-interest/HistoricalPatternAnalysis.tsx(398,33): error TS18046: 'pattern' is of type 'unknown'.
src/features/bills/ui/analysis/conflict-of-interest/HistoricalPatternAnalysis.tsx(466,29): error TS18046: 'yearData' is of type 'unknown'.
src/features/bills/ui/analysis/conflict-of-interest/HistoricalPatternAnalysis.tsx(467,56): error TS18046: 'yearData' is of type 'unknown'.
src/features/bills/ui/analysis/conflict-of-interest/HistoricalPatternAnalysis.tsx(471,32): error TS18046: 'yearData' is of type 'unknown'.
src/features/bills/ui/analysis/conflict-of-interest/HistoricalPatternAnalysis.tsx(475,50): error TS18046: 'yearData' is of type 'unknown'.
src/features/bills/ui/analysis/conflict-of-interest/HistoricalPatternAnalysis.tsx(479,32): error TS18046: 'yearData' is of type 'unknown'.
src/features/bills/ui/analysis/conflict-of-interest/TransparencyScoring.tsx(22,10): error TS6133: 'TransparencyScore' is declared but its value is never read.
src/features/bills/ui/analysis/ConstitutionalAnalysisPanel.tsx(7,3): error TS6133: 'TrendingUp' is declared but its value is never read.
src/features/bills/ui/analysis/ConstitutionalAnalysisPanel.tsx(9,3): error TS6133: 'BookOpen' is declared but its value is never read.
src/features/bills/ui/analysis/ConstitutionalAnalysisPanel.tsx(12,3): error TS6133: 'Shield' is declared but its value is never read.
src/features/bills/ui/analysis/ConstitutionalAnalysisPanel.tsx(15,1): error TS6133: 'React' is declared but its value is never read.
src/features/bills/ui/analysis/ConstitutionalAnalysisPanel.tsx(27,1): error TS6133: 'Button' is declared but its value is never read.
src/features/bills/ui/analysis/ConstitutionalAnalysisPanel.tsx(82,3): error TS6133: 'KENYA_CONSTITUTION' is declared but its value is never read.
src/features/bills/ui/analysis/section.tsx(3,1): error TS6133: 'React' is declared but its value is never read.
src/features/bills/ui/analysis/stats.tsx(1,1): error TS6133: 'React' is declared but its value is never read.
src/features/bills/ui/analysis/stats.tsx(4,1): error TS6133: 'Progress' is declared but its value is never read.
src/features/bills/ui/analysis/stats.tsx(5,1): error TS6133: 'logger' is declared but its value is never read.
src/features/bills/ui/analysis/timeline.tsx(2,1): error TS6133: 'React' is declared but its value is never read.
src/features/bills/ui/analysis/timeline.tsx(5,1): error TS6133: 'logger' is declared but its value is never read.
src/features/bills/ui/ArgumentsTab.tsx(14,8): error TS6133: 'React' is declared but its value is never read.
src/features/bills/ui/ArgumentsTab.tsx(69,51): error TS18046: 'arg' is of type 'unknown'.
src/features/bills/ui/ArgumentsTab.tsx(69,67): error TS18046: 'arg' is of type 'unknown'.
src/features/bills/ui/ArgumentsTab.tsx(74,8): error TS18046: 'arg' is of type 'unknown'.
src/features/bills/ui/ArgumentsTab.tsx(74,28): error TS18046: 'arg' is of type 'unknown'.
src/features/bills/ui/ArgumentsTab.tsx(82,18): error TS18046: 'b' is of type 'unknown'.
src/features/bills/ui/ArgumentsTab.tsx(82,37): error TS18046: 'b' is of type 'unknown'.
src/features/bills/ui/ArgumentsTab.tsx(82,65): error TS18046: 'a' is of type 'unknown'.
src/features/bills/ui/ArgumentsTab.tsx(82,84): error TS18046: 'a' is of type 'unknown'.
src/features/bills/ui/ArgumentsTab.tsx(84,18): error TS18046: 'b' is of type 'unknown'.
src/features/bills/ui/ArgumentsTab.tsx(84,39): error TS18046: 'b' is of type 'unknown'.
src/features/bills/ui/ArgumentsTab.tsx(84,69): error TS18046: 'a' is of type 'unknown'.
src/features/bills/ui/ArgumentsTab.tsx(84,90): error TS18046: 'a' is of type 'unknown'.
src/features/bills/ui/ArgumentsTab.tsx(86,26): error TS18046: 'b' is of type 'unknown'.
src/features/bills/ui/ArgumentsTab.tsx(86,41): error TS18046: 'b' is of type 'unknown'.
src/features/bills/ui/ArgumentsTab.tsx(86,83): error TS18046: 'a' is of type 'unknown'.
src/features/bills/ui/ArgumentsTab.tsx(86,98): error TS18046: 'a' is of type 'unknown'.
src/features/bills/ui/ArgumentsTab.tsx(93,39): error TS18046: 'a' is of type 'unknown'.
src/features/bills/ui/ArgumentsTab.tsx(93,53): error TS18046: 'a' is of type 'unknown'.
src/features/bills/ui/ArgumentsTab.tsx(186,35): error TS6133: 'billId' is declared but its value is never read.
src/features/bills/ui/bill-list.tsx(3,1): error TS6133: 'React' is declared but its value is never read.
src/features/bills/ui/bill-tracking.tsx(3,1): error TS6133: 'React' is declared but its value is never read.
src/features/bills/ui/BillRealTimeIndicator.tsx(9,1): error TS6133: 'React' is declared but its value is never read.
src/features/bills/ui/BillRealTimeIndicator.tsx(51,13): error TS7030: Not all code paths return a value.
src/features/bills/ui/BillRealTimeIndicator.tsx(55,28): error TS18048: 'latest' is possibly 'undefined'.
src/features/bills/ui/BillRealTimeIndicator.tsx(56,25): error TS2345: Argument of type 'BillRealTimeUpdate | undefined' is not assignable to parameter of type 'SetStateAction<BillRealTimeUpdate | null>'.
src/features/bills/ui/BillRealTimeIndicator.tsx(149,41): error TS2339: Property 'type' does not exist on type 'BillRealTimeUpdate'.
src/features/bills/ui/BillRealTimeIndicator.tsx(150,30): error TS2345: Argument of type 'number' is not assignable to parameter of type 'string | Date'.
src/features/bills/ui/BillRealTimeIndicator.tsx(201,41): error TS2339: Property 'type' does not exist on type 'BillRealTimeUpdate'.
src/features/bills/ui/BillRealTimeIndicator.tsx(203,83): error TS2339: Property 'type' does not exist on type 'BillRealTimeUpdate'.
src/features/bills/ui/BillRealTimeIndicator.tsx(205,34): error TS2345: Argument of type 'number' is not assignable to parameter of type 'string | Date'.
src/features/bills/ui/bills-dashboard.tsx(30,8): error TS6133: 'React' is declared but its value is never read.
src/features/bills/ui/bills-dashboard.tsx(106,1): error TS6133: 'PaginatedBillsResponse' is declared but its value is never read.
src/features/bills/ui/bills-dashboard.tsx(181,42): error TS2551: Property 'FIRST_READING' does not exist on type 'typeof BillStatus'. Did you mean 'FirstReading'?
src/features/bills/ui/bills-dashboard.tsx(182,42): error TS2551: Property 'SECOND_READING' does not exist on type 'typeof BillStatus'. Did you mean 'SecondReading'?
src/features/bills/ui/bills-dashboard.tsx(183,42): error TS2551: Property 'COMMITTEE_STAGE' does not exist on type 'typeof BillStatus'. Did you mean 'CommitteeStage'?
src/features/bills/ui/bills-dashboard.tsx(252,35): error TS2769: No overload matches this call.
src/features/bills/ui/bills-dashboard.tsx(335,10): error TS6133: 'displayedBills' is declared but its value is never read.
src/features/bills/ui/bills-dashboard.tsx(335,26): error TS6133: 'setDisplayedBills' is declared but its value is never read.
src/features/bills/ui/bills-dashboard.tsx(336,10): error TS6133: 'page' is declared but its value is never read.
src/features/bills/ui/bills-dashboard.tsx(336,16): error TS6133: 'setPage' is declared but its value is never read.
src/features/bills/ui/bills-dashboard.tsx(337,10): error TS6133: 'hasMore' is declared but its value is never read.
src/features/bills/ui/bills-dashboard.tsx(337,19): error TS6133: 'setHasMore' is declared but its value is never read.
src/features/bills/ui/bills-dashboard.tsx(338,10): error TS6133: 'isLoadingMore' is declared but its value is never read.
src/features/bills/ui/bills-dashboard.tsx(338,25): error TS6133: 'setIsLoadingMore' is declared but its value is never read.
src/features/bills/ui/bills-dashboard.tsx(1090,38): error TS6133: 'index' is declared but its value is never read.
src/features/bills/ui/collections/AddToCollectionButton.tsx(1,8): error TS6133: 'React' is declared but its value is never read.
src/features/bills/ui/collections/AddToCollectionButton.tsx(2,10): error TS2614: Module '"lucide-react"' has no exported member 'FolderPlus'. Did you mean to use 'import FolderPlus from "lucide-react"' instead?
src/features/bills/ui/collections/AddToCollectionButton.tsx(53,17): error TS2322: Type '"outline" | "ghost" | "default"' is not assignable to type '"primary" | "secondary" | "outline" | "ghost" | "destructive" | null | undefined'.
src/features/bills/ui/collections/AddToCollectionButton.tsx(53,35): error TS2322: Type '"sm" | "lg" | "default"' is not assignable to type '"sm" | "md" | "lg" | "icon" | null | undefined'.
src/features/bills/ui/collections/CollectionsDialog.tsx(1,8): error TS6133: 'React' is declared but its value is never read.
src/features/bills/ui/collections/CollectionsDialog.tsx(2,16): error TS2614: Module '"lucide-react"' has no exported member 'FolderPlus'. Did you mean to use 'import FolderPlus from "lucide-react"' instead?
src/features/bills/ui/collections/CollectionsDialog.tsx(2,28): error TS6133: 'X' is declared but its value is never read.
src/features/bills/ui/collections/CollectionsList.tsx(1,8): error TS6133: 'React' is declared but its value is never read.
src/features/bills/ui/collections/CollectionsList.tsx(2,10): error TS2614: Module '"lucide-react"' has no exported member 'Folder'. Did you mean to use 'import Folder from "lucide-react"' instead?
src/features/bills/ui/comparison/ComparisonFloatingBar.tsx(8,10): error TS2614: Module '"lucide-react"' has no exported member 'GitCompare'. Did you mean to use 'import GitCompare from "lucide-react"' instead?
src/features/bills/ui/comparison/ComparisonModal.tsx(10,10): error TS2614: Module '"lucide-react"' has no exported member 'GitCompare'. Did you mean to use 'import GitCompare from "lucide-react"' instead?
src/features/bills/ui/comparison/ComparisonModal.tsx(10,22): error TS6133: 'X' is declared but its value is never read.
src/features/bills/ui/comparison/ComparisonModal.tsx(10,25): error TS6133: 'Search' is declared but its value is never read.
src/features/bills/ui/comparison/ComparisonModal.tsx(17,3): error TS2305: Module '"@client/lib/design-system"' has no exported member 'DialogFooter'.
src/features/bills/ui/comparison/ComparisonModal.tsx(19,3): error TS6133: 'Input' is declared but its value is never read.
src/features/bills/ui/comparison/ComparisonModal.tsx(37,29): error TS6133: 'removeBill' is declared but its value is never read.
src/features/bills/ui/comparison/ComparisonModal.tsx(37,52): error TS6133: 'canAddMore' is declared but its value is never read.
src/features/bills/ui/comparison/ComparisonModal.tsx(77,24): error TS2322: Type '{ children: (string | Element)[]; className: string; }' is not assignable to type 'IntrinsicAttributes & { children: ReactNode; }'.
src/features/bills/ui/detail/BillActionsPanel.tsx(46,3): error TS6133: 'billId' is declared but its value is never read.
src/features/bills/ui/detail/BillActionsPanel.tsx(47,3): error TS6133: 'title' is declared but its value is never read.
src/features/bills/ui/detail/BillCommunityTab.tsx(1,25): error TS6133: 'Users' is declared but its value is never read.
src/features/bills/ui/detail/BillCommunityTab.tsx(1,51): error TS6133: 'Plus' is declared but its value is never read.
src/features/bills/ui/detail/BillCommunityTab.tsx(2,8): error TS6133: 'React' is declared but its value is never read.
src/features/bills/ui/detail/BillCommunityTab.tsx(4,28): error TS6133: 'CommentForm' is declared but its value is never read.
src/features/bills/ui/detail/BillCommunityTab.tsx(32,10): error TS6133: 'showNewDiscussion' is declared but its value is never read.
src/features/bills/ui/detail/BillCommunityTab.tsx(32,29): error TS6133: 'setShowNewDiscussion' is declared but its value is never read.
src/features/bills/ui/detail/BillCommunityTab.tsx(56,7): error TS2353: Object literal may only specify known properties, and 'updatedAt' does not exist in type 'Comment'.
src/features/bills/ui/detail/BillCommunityTab.tsx(70,7): error TS2353: Object literal may only specify known properties, and 'updatedAt' does not exist in type 'Comment'.
src/features/bills/ui/detail/BillFullTextTab.tsx(86,23): error TS18048: 'line' is possibly 'undefined'.
src/features/bills/ui/detail/BillFullTextTab.tsx(268,27): error TS2769: No overload matches this call.
src/features/bills/ui/detail/BillHeader.tsx(1,72): error TS2614: Module '"lucide-react"' has no exported member 'GitCompare'. Did you mean to use 'import GitCompare from "lucide-react"' instead?
src/features/bills/ui/detail/BillHeader.tsx(2,8): error TS6133: 'React' is declared but its value is never read.
src/features/bills/ui/detail/BillHeader.tsx(19,20): error TS6133: 'toggleBill' is declared but its value is never read.
src/features/bills/ui/detail/BillHeader.tsx(30,62): error TS2339: Property 'date' does not exist on type 'BillTimelineEvent | BillAction'.
src/features/bills/ui/detail/BillHeader.tsx(100,85): error TS2339: Property 'date' does not exist on type 'BillTimelineEvent | BillAction'.
src/features/bills/ui/detail/BillHeader.tsx(113,15): error TS2322: Type '"outline" | "default"' is not assignable to type '"primary" | "secondary" | "outline" | "ghost" | "destructive" | null | undefined'.
src/features/bills/ui/detail/BillOverviewTab.tsx(2,1): error TS6133: 'React' is declared but its value is never read.
src/features/bills/ui/detail/BillOverviewTab.tsx(5,1): error TS6133: 'Button' is declared but its value is never read.
src/features/bills/ui/detail/BillOverviewTab.tsx(84,70): error TS2339: Property 'date' does not exist on type 'BillTimelineEvent | BillAction'.
src/features/bills/ui/detail/BillRelationshipsTab.tsx(10,3): error TS6133: 'Filter' is declared but its value is never read.
src/features/bills/ui/detail/BillRelationshipsTab.tsx(13,8): error TS6133: 'React' is declared but its value is never read.
src/features/bills/ui/detail/BillRelationshipsTab.tsx(28,1): error TS6133: 'cn' is declared but its value is never read.
src/features/bills/ui/detail/BillRelationshipsTab.tsx(97,46): error TS6133: 'bill' is declared but its value is never read.
src/features/bills/ui/detail/BillSponsorsTab.tsx(2,8): error TS6133: 'React' is declared but its value is never read.
src/features/bills/ui/detail/BillTimelineTab.tsx(12,1): error TS6133: 'React' is declared but its value is never read.
src/features/bills/ui/detail/BillTimelineTab.tsx(213,40): error TS2532: Object is possibly 'undefined'.
src/features/bills/ui/detail/BillTimelineTab.tsx(217,20): error TS2532: Object is possibly 'undefined'.
src/features/bills/ui/detail/BillTimelineTab.tsx(244,23): error TS6133: 'isLast' is declared but its value is never read.
src/features/bills/ui/impact/ImpactCalculator.tsx(1,8): error TS6133: 'React' is declared but its value is never read.
src/features/bills/ui/impact/ImpactCalculator.tsx(20,50): error TS2339: Property 'isLoading' does not exist on type 'UseMutationResult<PersonalImpact, Error, UserContext, unknown>'.
src/features/bills/ui/legislative-brief/BriefViewer.tsx(1,8): error TS6133: 'React' is declared but its value is never read.
src/features/bills/ui/LegislativeBriefDisplay.tsx(12,8): error TS6133: 'React' is declared but its value is never read.
src/features/bills/ui/LegislativeBriefDisplay.tsx(77,18): error TS2339: Property 'executiveSummary' does not exist on type 'LegislativeBriefWithCounts'.
src/features/bills/ui/LegislativeBriefDisplay.tsx(150,18): error TS2339: Property 'commonThemes' does not exist on type 'LegislativeBriefWithCounts'.
src/features/bills/ui/LegislativeBriefDisplay.tsx(150,40): error TS2339: Property 'commonThemes' does not exist on type 'LegislativeBriefWithCounts'.
src/features/bills/ui/LegislativeBriefDisplay.tsx(154,24): error TS2339: Property 'commonThemes' does not exist on type 'LegislativeBriefWithCounts'.
src/features/bills/ui/LegislativeBriefDisplay.tsx(167,18): error TS2339: Property 'topSupportingArguments' does not exist on type 'LegislativeBriefWithCounts'.
src/features/bills/ui/LegislativeBriefDisplay.tsx(167,50): error TS2339: Property 'topSupportingArguments' does not exist on type 'LegislativeBriefWithCounts'.
src/features/bills/ui/LegislativeBriefDisplay.tsx(171,24): error TS2339: Property 'topSupportingArguments' does not exist on type 'LegislativeBriefWithCounts'.
src/features/bills/ui/LegislativeBriefDisplay.tsx(181,18): error TS2339: Property 'topOpposingArguments' does not exist on type 'LegislativeBriefWithCounts'.
src/features/bills/ui/LegislativeBriefDisplay.tsx(181,48): error TS2339: Property 'topOpposingArguments' does not exist on type 'LegislativeBriefWithCounts'.
src/features/bills/ui/LegislativeBriefDisplay.tsx(185,24): error TS2339: Property 'topOpposingArguments' does not exist on type 'LegislativeBriefWithCounts'.
src/features/bills/ui/list/BillCard.tsx(18,3): error TS2614: Module '"lucide-react"' has no exported member 'GitCompare'. Did you mean to use 'import GitCompare from "lucide-react"' instead?
src/features/bills/ui/MobileBillDetail.tsx(467,19): error TS2532: Object is possibly 'undefined'.
src/features/bills/ui/MobileBillDetail.tsx(471,17): error TS2532: Object is possibly 'undefined'.
src/features/bills/ui/MobileBillDetail.tsx(485,20): error TS2532: Object is possibly 'undefined'.
src/features/bills/ui/MobileBillDetail.tsx(488,20): error TS2532: Object is possibly 'undefined'.
src/features/bills/ui/sponsorship/co-sponsors.tsx(15,1): error TS6133: 'React' is declared but its value is never read.
src/features/bills/ui/sponsorship/financial-network.tsx(11,1): error TS6133: 'React' is declared but its value is never read.
src/features/bills/ui/sponsorship/financial-network.tsx(589,18): error TS2532: Object is possibly 'undefined'.
src/features/bills/ui/sponsorship/methodology.tsx(6,3): error TS6133: 'Shield' is declared but its value is never read.
src/features/bills/ui/sponsorship/methodology.tsx(16,1): error TS6133: 'React' is declared but its value is never read.
src/features/bills/ui/sponsorship/methodology.tsx(22,1): error TS6133: 'Progress' is declared but its value is never read.
src/features/bills/ui/sponsorship/methodology.tsx(24,1): error TS6133: 'logger' is declared but its value is never read.
src/features/bills/ui/sponsorship/overview.tsx(2,1): error TS6133: 'React' is declared but its value is never read.
src/features/bills/ui/sponsorship/primary-sponsor.tsx(11,1): error TS6133: 'React' is declared but its value is never read.
src/features/bills/ui/tracking/real-time-tracker.tsx(2,8): error TS6133: 'React' is declared but its value is never read.
src/features/bills/ui/tracking/real-time-tracker.tsx(43,5): error TS2339: Property 'isConnected' does not exist on type '{ connected: boolean; error: null; send: (data: unknown) => void; subscribe: (topic: string, handler: EventHandler) => Subscription; }'.
src/features/bills/ui/tracking/real-time-tracker.tsx(44,5): error TS2339: Property 'connect' does not exist on type '{ connected: boolean; error: null; send: (data: unknown) => void; subscribe: (topic: string, handler: EventHandler) => Subscription; }'.
src/features/bills/ui/tracking/real-time-tracker.tsx(45,5): error TS2339: Property 'disconnect' does not exist on type '{ connected: boolean; error: null; send: (data: unknown) => void; subscribe: (topic: string, handler: EventHandler) => Subscription; }'.
src/features/bills/ui/tracking/real-time-tracker.tsx(47,5): error TS2339: Property 'unsubscribe' does not exist on type '{ connected: boolean; error: null; send: (data: unknown) => void; subscribe: (topic: string, handler: EventHandler) => Subscription; }'.
src/features/bills/ui/tracking/real-time-tracker.tsx(48,5): error TS2339: Property 'notifications' does not exist on type '{ connected: boolean; error: null; send: (data: unknown) => void; subscribe: (topic: string, handler: EventHandler) => Subscription; }'.
src/features/bills/ui/tracking/real-time-tracker.tsx(49,5): error TS2339: Property 'connectionQuality' does not exist on type '{ connected: boolean; error: null; send: (data: unknown) => void; subscribe: (topic: string, handler: EventHandler) => Subscription; }'.
src/features/bills/ui/tracking/real-time-tracker.tsx(51,5): error TS2339: Property 'getRecentActivity' does not exist on type '{ connected: boolean; error: null; send: (data: unknown) => void; subscribe: (topic: string, handler: EventHandler) => Subscription; }'.
src/features/bills/ui/tracking/real-time-tracker.tsx(52,5): error TS2339: Property 'markNotificationRead' does not exist on type '{ connected: boolean; error: null; send: (data: unknown) => void; subscribe: (topic: string, handler: EventHandler) => Subscription; }'.
src/features/bills/ui/tracking/real-time-tracker.tsx(52,5): error TS6133: 'markNotificationRead' is declared but its value is never read.
src/features/bills/ui/tracking/real-time-tracker.tsx(53,20): error TS2554: Expected 0 arguments, but got 1.
src/features/bills/ui/tracking/real-time-tracker.tsx(67,15): error TS7006: Parameter 'a' implicitly has an 'any' type.
src/features/bills/ui/tracking/real-time-tracker.tsx(68,12): error TS7006: Parameter 'a' implicitly has an 'any' type.
src/features/bills/ui/tracking/real-time-tracker.tsx(95,41): error TS2345: Argument of type 'BillTrackingPreferences' is not assignable to parameter of type 'LogContext'.
src/features/bills/ui/tracking/real-time-tracker.tsx(135,7): error TS2554: Expected 2 arguments, but got 1.
src/features/bills/ui/tracking/real-time-tracker.tsx(409,58): error TS18046: 'notification' is of type 'unknown'.
src/features/bills/ui/tracking/real-time-tracker.tsx(410,49): error TS18046: 'notification' is of type 'unknown'.
src/features/bills/ui/tracking/real-time-tracker.tsx(412,65): error TS18046: 'notification' is of type 'unknown'.
src/features/bills/ui/tracking/real-time-tracker.tsx(413,20): error TS18046: 'notification' is of type 'unknown'.
src/features/bills/ui/tracking/real-time-tracker.tsx(415,24): error TS18046: 'notification' is of type 'unknown'.
src/features/bills/ui/translation/PlainLanguageView.tsx(1,8): error TS6133: 'React' is declared but its value is never read.
src/features/bills/ui/translation/PlainLanguageView.tsx(12,10): error TS6133: 'selectedClause' is declared but its value is never read.
src/features/bills/ui/translation/PlainLanguageView.tsx(12,26): error TS6133: 'setSelectedClause' is declared but its value is never read.
src/features/bills/ui/transparency/ConflictAnalysisDashboard.tsx(9,3): error TS6133: 'FileText' is declared but its value is never read.
src/features/bills/ui/transparency/ConflictAnalysisDashboard.tsx(10,3): error TS6133: 'Eye' is declared but its value is never read.
src/features/bills/ui/transparency/ConflictAnalysisDashboard.tsx(27,1): error TS6133: 'logger' is declared but its value is never read.
src/features/bills/ui/transparency/ConflictAnalysisDashboard.tsx(453,61): error TS6133: 'index' is declared but its value is never read.
src/features/bills/ui/transparency/ShadowLedgerDashboard.ts(42,11): error TS6133: 'filters' is declared but its value is never read.
src/features/bills/ui/transparency/ShadowLedgerDashboard.ts(117,7): error TS2532: Object is possibly 'undefined'.
src/features/bills/ui/transparency/ShadowLedgerDashboard.ts(119,9): error TS2532: Object is possibly 'undefined'.
src/features/bills/ui/transparency/ShadowLedgerDashboard.ts(121,9): error TS2532: Object is possibly 'undefined'.
src/features/bills/ui/virtual-bill-grid.tsx(1,1): error TS6133: 'React' is declared but its value is never read.
src/features/community/collaboration/pages/WorkspacesPage.tsx(1,8): error TS6133: 'React' is declared but its value is never read.
src/features/community/collaboration/services/workspace-service.ts(66,5): error TS2322: Type '{ id: string; createdAt: string; updatedAt: string; name?: string | undefined; description?: string; members?: WorkspaceMember[] | undefined; collectionIds?: string[] | undefined; settings?: { ...; } | undefined; }' is not assignable to type 'Workspace'.
src/features/community/collaboration/services/workspace-service.ts(69,11): error TS2532: Object is possibly 'undefined'.
src/features/community/collaboration/services/workspace-service.ts(70,18): error TS2532: Object is possibly 'undefined'.
src/features/community/collaboration/services/workspace-service.ts(75,5): error TS2322: Type 'Workspace | undefined' is not assignable to type 'Workspace | null'.
src/features/community/collaboration/ui/ActivityFeed.tsx(1,8): error TS6133: 'React' is declared but its value is never read.
src/features/community/collaboration/ui/ActivityFeed.tsx(2,45): error TS2614: Module '"lucide-react"' has no exported member 'UserPlus'. Did you mean to use 'import UserPlus from "lucide-react"' instead?
src/features/community/collaboration/ui/ActivityFeed.tsx(2,55): error TS2614: Module '"lucide-react"' has no exported member 'UserMinus'. Did you mean to use 'import UserMinus from "lucide-react"' instead?
src/features/community/collaboration/ui/ActivityFeed.tsx(2,66): error TS2614: Module '"lucide-react"' has no exported member 'FolderPlus'. Did you mean to use 'import FolderPlus from "lucide-react"' instead?
src/features/community/collaboration/ui/WorkspaceCard.tsx(1,1): error TS6133: 'React' is declared but its value is never read.
src/features/community/expert/pages/expert-verification.tsx(7,1): error TS6133: 'React' is declared but its value is never read.
src/features/community/hooks/index.ts(8,3): error TS2305: Module '"./useCommunity"' has no exported member 'useThreads'.
src/features/community/hooks/index.ts(9,3): error TS2305: Module '"./useCommunity"' has no exported member 'useThread'.
src/features/community/hooks/index.ts(10,3): error TS2305: Module '"./useCommunity"' has no exported member 'useSocialSharing'.
src/features/community/hooks/index.ts(12,3): error TS2305: Module '"./useCommunity"' has no exported member 'useThreadParticipation'.
src/features/community/hooks/index.ts(13,3): error TS2724: '"./useCommunity"' has no exported member named 'useCommunitySearch'. Did you mean 'useCommentSearch'?
src/features/community/hooks/index.ts(14,3): error TS2305: Module '"./useCommunity"' has no exported member 'usePopularTags'.
src/features/community/hooks/index.ts(15,3): error TS2305: Module '"./useCommunity"' has no exported member 'useActivityFeed'.
src/features/community/hooks/index.ts(16,3): error TS2305: Module '"./useCommunity"' has no exported member 'useTrendingTopics'.
src/features/community/hooks/index.ts(17,3): error TS2305: Module '"./useCommunity"' has no exported member 'useExpertInsights'.
src/features/community/hooks/index.ts(18,3): error TS2305: Module '"./useCommunity"' has no exported member 'useCampaigns'.
src/features/community/hooks/index.ts(19,3): error TS2305: Module '"./useCommunity"' has no exported member 'usePetitions'.
src/features/community/hooks/index.ts(20,3): error TS2305: Module '"./useCommunity"' has no exported member 'useLocalImpact'.
src/features/community/hooks/index.ts(21,3): error TS2724: '"./useCommunity"' has no exported member named 'useRealtimeCommunity'. Did you mean 'useRealTimeComments'?
src/features/community/hooks/useArgumentsForBill.ts(10,15): error TS2305: Module '"@client/lib/types"' has no exported member 'Argument'.
src/features/community/hooks/useCommunity.ts(10,3): error TS6133: 'Comment' is declared but its value is never read.
src/features/community/hooks/useCommunity.ts(11,3): error TS6133: 'Vote' is declared but its value is never read.
src/features/community/hooks/useCommunity.ts(12,3): error TS6133: 'Report' is declared but its value is never read.
src/features/community/hooks/useCommunity.ts(15,3): error TS6133: 'CreateVoteRequest' is declared but its value is never read.
src/features/community/hooks/useCommunity.ts(22,26): error TS2307: Cannot find module '@client/components/ui/use-toast' or its corresponding type declarations.
src/features/community/hooks/useCommunity.ts(90,17): error TS6133: 'response' is declared but its value is never read.
src/features/community/hooks/useCommunity.ts(124,17): error TS6133: 'response' is declared but its value is never read.
src/features/community/hooks/useCommunity.ts(149,17): error TS6133: 'response' is declared but its value is never read.
src/features/community/hooks/useCommunity.ts(355,74): error TS6133: 'comment' is declared but its value is never read.
src/features/community/hooks/useCommunity.ts(380,7): error TS2349: This expression is not callable.
src/features/community/hooks/useCommunity.ts(395,85): error TS6133: 'vote' is declared but its value is never read.
src/features/community/hooks/useCommunity.ts(406,7): error TS2349: This expression is not callable.
src/features/community/hooks/useCommunity.ts(422,17): error TS6133: 'response' is declared but its value is never read.
src/features/community/hooks/useCommunity.ts(448,17): error TS6133: 'response' is declared but its value is never read.
src/features/community/hooks/useDiscussion.ts(241,7): error TS2322: Type 'string' is not assignable to type 'ViolationType'.
src/features/community/hooks/useDiscussion.ts(260,7): error TS2322: Type 'string' is not assignable to type 'ModerationAction'.
src/features/community/hooks/useLegislativeBrief.ts(13,53): error TS2304: Cannot find name 'LegislativeBrief'.
src/features/community/hooks/useLegislativeBrief.ts(26,35): error TS2304: Cannot find name 'LegislativeBrief'.
src/features/community/pages/comments.tsx(12,1): error TS6133: 'React' is declared but its value is never read.
src/features/community/pages/comments.tsx(64,11): error TS2353: Object literal may only specify known properties, and 'id' does not exist in type 'CharacterData'.
src/features/community/pages/comments.tsx(92,11): error TS2353: Object literal may only specify known properties, and 'id' does not exist in type 'CharacterData'.
src/features/community/pages/comments.tsx(107,11): error TS2353: Object literal may only specify known properties, and 'id' does not exist in type 'CharacterData'.
src/features/community/pages/comments.tsx(136,11): error TS2353: Object literal may only specify known properties, and 'id' does not exist in type 'CharacterData'.
src/features/community/pages/comments.tsx(165,7): error TS2353: Object literal may only specify known properties, and 'id' does not exist in type 'CharacterData'.
src/features/community/pages/comments.tsx(184,17): error TS2339: Property 'id' does not exist on type 'Comment'.
src/features/community/pages/comments.tsx(184,65): error TS2339: Property 'likes' does not exist on type 'Comment'.
src/features/community/pages/comments.tsx(202,27): error TS2339: Property 'timestamp' does not exist on type 'Comment'.
src/features/community/pages/comments.tsx(202,61): error TS2339: Property 'timestamp' does not exist on type 'Comment'.
src/features/community/pages/comments.tsx(204,18): error TS2339: Property 'likes' does not exist on type 'Comment'.
src/features/community/pages/comments.tsx(204,28): error TS2339: Property 'dislikes' does not exist on type 'Comment'.
src/features/community/pages/comments.tsx(204,42): error TS2339: Property 'likes' does not exist on type 'Comment'.
src/features/community/pages/comments.tsx(204,52): error TS2339: Property 'dislikes' does not exist on type 'Comment'.
src/features/community/pages/comments.tsx(206,27): error TS2339: Property 'timestamp' does not exist on type 'Comment'.
src/features/community/pages/comments.tsx(206,61): error TS2339: Property 'timestamp' does not exist on type 'Comment'.
src/features/community/pages/comments.tsx(213,24): error TS2339: Property 'isExpert' does not exist on type 'Comment'.
src/features/community/pages/comments.tsx(215,24): error TS2339: Property 'author' does not exist on type 'Comment'.
src/features/community/pages/comments.tsx(329,34): error TS2339: Property 'id' does not exist on type 'Comment'.
src/features/community/pages/comments.tsx(334,49): error TS2339: Property 'author' does not exist on type 'Comment'.
src/features/community/pages/comments.tsx(336,34): error TS2339: Property 'author' does not exist on type 'Comment'.
src/features/community/pages/comments.tsx(338,32): error TS7006: Parameter 'n' implicitly has an 'any' type.
src/features/community/pages/comments.tsx(345,64): error TS2339: Property 'author' does not exist on type 'Comment'.
src/features/community/pages/comments.tsx(346,34): error TS2339: Property 'author' does not exist on type 'Comment'.
src/features/community/pages/comments.tsx(351,34): error TS2339: Property 'isExpert' does not exist on type 'Comment'.
src/features/community/pages/comments.tsx(357,32): error TS2339: Property 'author' does not exist on type 'Comment'.
src/features/community/pages/comments.tsx(358,79): error TS2339: Property 'author' does not exist on type 'Comment'.
src/features/community/pages/comments.tsx(361,48): error TS2339: Property 'timestamp' does not exist on type 'Comment'.
src/features/community/pages/comments.tsx(368,75): error TS2339: Property 'content' does not exist on type 'Comment'.
src/features/community/pages/comments.tsx(376,57): error TS2339: Property 'id' does not exist on type 'Comment'.
src/features/community/pages/comments.tsx(380,32): error TS2339: Property 'likes' does not exist on type 'Comment'.
src/features/community/pages/comments.tsx(389,32): error TS2339: Property 'dislikes' does not exist on type 'Comment'.
src/features/community/pages/comments.tsx(404,28): error TS2339: Property 'replies' does not exist on type 'Comment'.
src/features/community/pages/comments.tsx(406,32): error TS2339: Property 'replies' does not exist on type 'Comment'.
src/features/community/pages/comments.tsx(406,44): error TS7006: Parameter 'reply' implicitly has an 'any' type.
src/features/community/pages/comments.tsx(413,40): error TS7006: Parameter 'n' implicitly has an 'any' type.
src/features/community/pages/comments.tsx(498,43): error TS2339: Property 'isExpert' does not exist on type 'Comment'.
src/features/community/pages/comments.tsx(505,56): error TS2339: Property 'likes' does not exist on type 'Comment'.
src/features/community/pages/community-input.tsx(13,1): error TS6133: 'React' is declared but its value is never read.
src/features/community/services/backend.ts(403,30): error TS2722: Cannot invoke an object which is possibly 'undefined'.
src/features/community/services/backend.ts(403,30): error TS18048: 'realTimeService.getCommunityService' is possibly 'undefined'.
src/features/community/services/backend.ts(423,30): error TS2722: Cannot invoke an object which is possibly 'undefined'.
src/features/community/services/backend.ts(423,30): error TS18048: 'realTimeService.getCommunityService' is possibly 'undefined'.
src/features/community/services/community-api.service.ts(6,1): error TS6133: 'BaseApiService' is declared but its value is never read.
src/features/community/services/community-api.service.ts(11,3): error TS6133: 'Report' is declared but its value is never read.
src/features/community/services/community-api.service.ts(36,5): error TS2741: Property 'success' is missing in type 'ApiResponse<unknown>' but required in type 'ApiResponse<Comment[]>'.
src/features/community/services/community-api.service.ts(36,56): error TS2345: Argument of type 'CommentQueryParams | undefined' is not assignable to parameter of type 'RequestOptions | undefined'.
src/features/community/services/community-api.service.ts(40,5): error TS2741: Property 'success' is missing in type 'ApiResponse<unknown>' but required in type 'ApiResponse<Comment>'.
src/features/community/services/community-api.service.ts(44,5): error TS2741: Property 'success' is missing in type 'ApiResponse<unknown>' but required in type 'ApiResponse<Comment>'.
src/features/community/services/community-api.service.ts(48,5): error TS2741: Property 'success' is missing in type 'ApiResponse<unknown>' but required in type 'ApiResponse<Comment>'.
src/features/community/services/community-api.service.ts(52,5): error TS2322: Type 'ApiResponse<unknown>' is not assignable to type 'void'.
src/features/community/services/community-api.service.ts(61,5): error TS2741: Property 'success' is missing in type 'ApiResponse<unknown>' but required in type 'ApiResponse<{ comment: Comment; replies: (... | undefined)[]; hasMore: boolean; }>'.
src/features/community/services/community-api.service.ts(61,71): error TS2345: Argument of type '{ maxDepth?: number | undefined; sortBy?: "popular" | "newest" | "oldest" | undefined; limit?: number | undefined; } | undefined' is not assignable to parameter of type 'RequestOptions | undefined'.
src/features/community/services/community-api.service.ts(65,5): error TS2741: Property 'success' is missing in type 'ApiResponse<unknown>' but required in type 'ApiResponse<Comment[]>'.
src/features/community/services/community-api.service.ts(65,77): error TS2345: Argument of type 'Partial<CommentQueryParams> | undefined' is not assignable to parameter of type 'RequestOptions | undefined'.
src/features/community/services/community-api.service.ts(70,5): error TS2741: Property 'success' is missing in type 'ApiResponse<unknown>' but required in type 'ApiResponse<Comment>'.
src/features/community/services/community-api.service.ts(74,5): error TS2741: Property 'success' is missing in type 'ApiResponse<unknown>' but required in type 'ApiResponse<Comment>'.
src/features/community/services/community-api.service.ts(78,5): error TS2741: Property 'success' is missing in type 'ApiResponse<unknown>' but required in type 'ApiResponse<Comment>'.
src/features/community/services/community-api.service.ts(83,5): error TS2741: Property 'success' is missing in type 'ApiResponse<unknown>' but required in type 'ApiResponse<Vote[]>'.
src/features/community/services/community-api.service.ts(83,53): error TS2345: Argument of type 'VoteQueryParams | undefined' is not assignable to parameter of type 'RequestOptions | undefined'.
src/features/community/services/community-api.service.ts(87,5): error TS2741: Property 'success' is missing in type 'ApiResponse<unknown>' but required in type 'ApiResponse<Vote>'.
src/features/community/services/community-api.service.ts(91,5): error TS2741: Property 'success' is missing in type 'ApiResponse<unknown>' but required in type 'ApiResponse<Vote>'.
src/features/community/services/community-api.service.ts(95,5): error TS2322: Type 'ApiResponse<unknown>' is not assignable to type 'void'.
src/features/community/services/community-api.service.ts(102,7): error TS2322: Type '"comment"' is not assignable to type 'VoteTargetType'.
src/features/community/services/community-api.service.ts(103,7): error TS2322: Type '"upvote" | "downvote"' is not assignable to type 'VoteType'.
src/features/community/services/community-api.service.ts(110,7): error TS2322: Type '"bill"' is not assignable to type 'VoteTargetType'.
src/features/community/services/community-api.service.ts(111,7): error TS2322: Type '"upvote" | "downvote"' is not assignable to type 'VoteType'.
src/features/community/services/community-api.service.ts(117,7): error TS2741: Property 'success' is missing in type 'ApiResponse<unknown>' but required in type 'ApiResponse<Vote>'.
src/features/community/services/community-api.service.ts(126,5): error TS2741: Property 'success' is missing in type 'ApiResponse<unknown>' but required in type 'ApiResponse<Report[]>'.
src/features/community/services/community-api.service.ts(126,55): error TS2345: Argument of type 'ReportQueryParams | undefined' is not assignable to parameter of type 'RequestOptions | undefined'.
src/features/community/services/community-api.service.ts(130,5): error TS2741: Property 'success' is missing in type 'ApiResponse<unknown>' but required in type 'ApiResponse<Report>'.
src/features/community/services/community-api.service.ts(134,5): error TS2741: Property 'success' is missing in type 'ApiResponse<unknown>' but required in type 'ApiResponse<Report>'.
src/features/community/services/community-api.service.ts(138,5): error TS2741: Property 'success' is missing in type 'ApiResponse<unknown>' but required in type 'ApiResponse<Report>'.
src/features/community/services/community-api.service.ts(142,5): error TS2741: Property 'success' is missing in type 'ApiResponse<unknown>' but required in type 'ApiResponse<Report>'.
src/features/community/services/community-api.service.ts(146,5): error TS2741: Property 'success' is missing in type 'ApiResponse<unknown>' but required in type 'ApiResponse<Report>'.
src/features/community/services/community-api.service.ts(156,5): error TS2741: Property 'success' is missing in type 'ApiResponse<unknown>' but required in type 'ApiResponse<{ totalComments: number; totalVotes: number; totalReports: number; activeUsers: number; topContributors: { userId: string; username: string; commentCount: number; upvotes: number; }[]; engagementTrends: { ...; }[]; }>'.
src/features/community/services/community-api.service.ts(156,53): error TS2345: Argument of type '{ dateFrom?: string | undefined; dateTo?: string | undefined; billId?: string | undefined; userId?: string | undefined; } | undefined' is not assignable to parameter of type 'RequestOptions | undefined'.
src/features/community/services/community-api.service.ts(172,5): error TS2741: Property 'trends' is missing in type 'ApiResponse<unknown>' but required in type '{ trends: { date: string; comments: number; votes: number; reports: number; activeUsers: number; }[]; }'.
src/features/community/services/community-api.service.ts(172,54): error TS2559: Type '{ period: "day" | "week" | "month"; dateFrom?: string | undefined; dateTo?: string | undefined; }' has no properties in common with type 'RequestOptions'.
src/features/community/services/community-api.service.ts(191,5): error TS2741: Property 'contributors' is missing in type 'ApiResponse<unknown>' but required in type '{ contributors: { userId: string; username: string; avatar?: string | undefined; stats: { comments: number; upvotes: number; helpfulVotes: number; reputation: number; }; }[]; }'.
src/features/community/services/community-api.service.ts(191,64): error TS2345: Argument of type '{ period?: "day" | "week" | "month" | "all" | undefined; limit?: number | undefined; } | undefined' is not assignable to parameter of type 'RequestOptions | undefined'.
src/features/community/services/community-api.service.ts(199,5): error TS2739: Type 'ApiResponse<unknown>' is missing the following properties from type '{ success: string[]; failed: { id: string; error: string; }[]; }': success, failed
src/features/community/services/community-api.service.ts(210,5): error TS2739: Type 'ApiResponse<unknown>' is missing the following properties from type '{ success: string[]; failed: { id: string; error: string; }[]; }': success, failed
src/features/community/services/community-api.service.ts(224,5): error TS2741: Property 'success' is missing in type 'ApiResponse<unknown>' but required in type 'ApiResponse<Comment[]>'.
src/features/community/services/community-api.service.ts(224,65): error TS2353: Object literal may only specify known properties, and 'q' does not exist in type 'RequestOptions'.
src/features/community/store/slices/communitySlice.tsx(29,1): error TS6133: 'React' is declared but its value is never read.
src/features/community/ui/activity/ActivityFeed.tsx(28,1): error TS6133: 'React' is declared but its value is never read.
src/features/community/ui/activity/ActivityFeed.tsx(211,32): error TS6133: 'index' is declared but its value is never read.
src/features/community/ui/activity/CommunityStats.tsx(22,1): error TS6133: 'React' is declared but its value is never read.
src/features/community/ui/discussion/CommentForm.tsx(1,42): error TS6133: 'X' is declared but its value is never read.
src/features/community/ui/discussion/CommentForm.tsx(2,40): error TS6133: 'useEffect' is declared but its value is never read.
src/features/community/ui/discussion/CommentItem.tsx(11,3): error TS6133: 'AlertTriangle' is declared but its value is never read.
src/features/community/ui/discussion/CommentItem.tsx(16,8): error TS6133: 'React' is declared but its value is never read.
src/features/community/ui/discussion/CommentItem.tsx(23,1): error TS6133: 'Separator' is declared but its value is never read.
src/features/community/ui/discussion/CommentItem.tsx(72,10): error TS6133: 'showReportDialog' is declared but its value is never read.
src/features/community/ui/discussion/CommentItem.tsx(100,9): error TS6133: 'getQualityIndicator' is declared but its value is never read.
src/features/community/ui/discussion/CommentItem.tsx(156,28): error TS2339: Property 'updatedAt' does not exist on type 'Comment'.
src/features/community/ui/discussion/CommentItem.tsx(156,49): error TS2339: Property 'updatedAt' does not exist on type 'Comment'.
src/features/community/ui/discussion/DiscussionThread.tsx(11,40): error TS6133: 'useEffect' is declared but its value is never read.
src/features/community/ui/discussion/DiscussionThread.tsx(17,1): error TS6133: 'Separator' is declared but its value is never read.
src/features/community/ui/discussion/DiscussionThread.tsx(19,1): error TS6133: 'Comment' is declared but its value is never read.
src/features/community/ui/discussion/DiscussionThread.tsx(406,3): error TS6133: 'currentUserId' is declared but its value is never read.
src/features/community/ui/discussion/DiscussionThread.tsx(408,3): error TS6133: 'showModerated' is declared but its value is never read.
src/features/community/ui/discussion/DiscussionThread.tsx(409,3): error TS6133: 'onUpdate' is declared but its value is never read.
src/features/community/ui/discussion/DiscussionThread.tsx(410,3): error TS6133: 'onDelete' is declared but its value is never read.
src/features/community/ui/discussion/DiscussionThread.tsx(412,3): error TS6133: 'onReport' is declared but its value is never read.
src/features/community/ui/discussion/DiscussionThread.tsx(415,3): error TS6133: 'isReplying' is declared but its value is never read.
src/features/community/ui/discussion/DiscussionThread.tsx(416,3): error TS6133: 'onCancelReply' is declared but its value is never read.
src/features/community/ui/expert/ExpertInsights.tsx(27,1): error TS6133: 'React' is declared but its value is never read.
src/features/community/ui/hub/CommunityHub.tsx(23,1): error TS6133: 'React' is declared but its value is never read.
src/features/government-data/hooks.ts(7,23): error TS2307: Cannot find module 'react-hot-toast' or its corresponding type declarations.
src/features/government-data/hooks.ts(262,17): error TS6133: 'response' is declared but its value is never read.
src/features/government-data/hooks.ts(272,53): error TS2345: Argument of type 'Error' is not assignable to parameter of type 'ClientError'.
src/features/government-data/hooks.ts(273,32): error TS2339: Property 'userMessage' does not exist on type 'ClientError'.
src/features/government-data/hooks.ts(302,53): error TS2345: Argument of type 'Error' is not assignable to parameter of type 'ClientError'.
src/features/government-data/hooks.ts(303,32): error TS2339: Property 'userMessage' does not exist on type 'ClientError'.
src/features/government-data/hooks.ts(319,17): error TS6133: 'response' is declared but its value is never read.
src/features/government-data/hooks.ts(331,53): error TS2345: Argument of type 'Error' is not assignable to parameter of type 'ClientError'.
src/features/government-data/hooks.ts(332,32): error TS2339: Property 'userMessage' does not exist on type 'ClientError'.
src/features/government-data/hooks.ts(356,53): error TS2345: Argument of type 'Error' is not assignable to parameter of type 'ClientError'.
src/features/government-data/hooks.ts(357,32): error TS2339: Property 'userMessage' does not exist on type 'ClientError'.
src/features/government-data/hooks/useGovernmentData.ts(10,3): error TS6133: 'GovernmentData' is declared but its value is never read.
src/features/government-data/hooks/useGovernmentData.ts(16,3): error TS6133: 'GovernmentDataStatus' is declared but its value is never read.
src/features/government-data/hooks/useGovernmentData.ts(18,26): error TS2307: Cannot find module '@client/components/ui/use-toast' or its corresponding type declarations.
src/features/government-data/hooks/useGovernmentData.ts(90,17): error TS6133: 'response' is declared but its value is never read.
src/features/government-data/hooks/useGovernmentData.ts(115,17): error TS6133: 'response' is declared but its value is never read.
src/features/government-data/hooks/useGovernmentData.ts(140,17): error TS6133: 'response' is declared but its value is never read.
src/features/government-data/hooks/useGovernmentData.ts(169,17): error TS6133: 'response' is declared but its value is never read.
src/features/government-data/hooks/useGovernmentData.ts(314,17): error TS6133: 'response' is declared but its value is never read.
src/features/government-data/pages/GovernmentDataPage.tsx(7,58): error TS2307: Cannot find module '@client/components/ui/card' or its corresponding type declarations.
src/features/government-data/pages/GovernmentDataPage.tsx(8,24): error TS2307: Cannot find module '@client/components/ui/button' or its corresponding type declarations.
src/features/government-data/pages/GovernmentDataPage.tsx(9,23): error TS2307: Cannot find module '@client/components/ui/badge' or its corresponding type declarations.
src/features/government-data/pages/GovernmentDataPage.tsx(10,58): error TS2307: Cannot find module '@client/components/ui/tabs' or its corresponding type declarations.
src/features/government-data/pages/GovernmentDataPage.tsx(13,3): error TS6133: 'TrendingUp' is declared but its value is never read.
src/features/government-data/pages/GovernmentDataPage.tsx(15,3): error TS6133: 'AlertCircle' is declared but its value is never read.
src/features/government-data/pages/GovernmentDataPage.tsx(32,10): error TS6133: 'selectedData' is declared but its value is never read.
src/features/government-data/services/api.ts(6,10): error TS2724: '"@client/infrastructure/api"' has no exported member named 'apiClient'. Did you mean 'ApiClient'?
src/features/government-data/services/api.ts(328,43): error TS2532: Object is possibly 'undefined'.
src/features/government-data/services/api.ts(358,41): error TS7006: Parameter 'log' implicitly has an 'any' type.
src/features/government-data/services/api.ts(417,11): error TS6133: 'formatDate' is declared but its value is never read.
src/features/government-data/services/api.ts(424,11): error TS6133: 'buildQueryParams' is declared but its value is never read.
src/features/government-data/services/government-data-api.service.ts(28,35): error TS2345: Argument of type 'UnifiedApiClientImpl' is not assignable to parameter of type 'ApiClient'.
src/features/government-data/ui/GovernmentDataCard.tsx(7,58): error TS2307: Cannot find module '@client/components/ui/card' or its corresponding type declarations.
src/features/government-data/ui/GovernmentDataCard.tsx(8,24): error TS2307: Cannot find module '@client/components/ui/button' or its corresponding type declarations.
src/features/government-data/ui/GovernmentDataCard.tsx(9,23): error TS2307: Cannot find module '@client/components/ui/badge' or its corresponding type declarations.
src/features/government-data/ui/GovernmentDataCard.tsx(21,10): error TS6133: 'GovernmentData' is declared but its value is never read.
src/features/government-data/ui/GovernmentDataCard.tsx(105,29): error TS7006: Parameter 'e' implicitly has an 'any' type.
src/features/government-data/ui/GovernmentDataCard.tsx(117,31): error TS7006: Parameter 'e' implicitly has an 'any' type.
src/features/government-data/ui/GovernmentDataList.tsx(7,23): error TS2307: Cannot find module '@client/components/ui/input' or its corresponding type declarations.
src/features/government-data/ui/GovernmentDataList.tsx(8,24): error TS2307: Cannot find module '@client/components/ui/button' or its corresponding type declarations.
src/features/government-data/ui/GovernmentDataList.tsx(9,79): error TS2307: Cannot find module '@client/components/ui/select' or its corresponding type declarations.
src/features/government-data/ui/GovernmentDataList.tsx(10,23): error TS2307: Cannot find module '@client/components/ui/badge' or its corresponding type declarations.
src/features/government-data/ui/GovernmentDataList.tsx(11,29): error TS6133: 'CardHeader' is declared but its value is never read.
src/features/government-data/ui/GovernmentDataList.tsx(11,41): error TS6133: 'CardTitle' is declared but its value is never read.
src/features/government-data/ui/GovernmentDataList.tsx(11,58): error TS2307: Cannot find module '@client/components/ui/card' or its corresponding type declarations.
src/features/government-data/ui/GovernmentDataList.tsx(15,3): error TS2614: Module '"lucide-react"' has no exported member 'SortAsc'. Did you mean to use 'import SortAsc from "lucide-react"' instead?
src/features/government-data/ui/GovernmentDataList.tsx(16,3): error TS2614: Module '"lucide-react"' has no exported member 'SortDesc'. Did you mean to use 'import SortDesc from "lucide-react"' instead?
src/features/government-data/ui/GovernmentDataList.tsx(23,29): error TS2307: Cannot find module '@client/hooks/useDebounce' or its corresponding type declarations.
src/features/government-data/ui/GovernmentDataList.tsx(42,3): error TS6133: 'selectable' is declared but its value is never read.
src/features/government-data/ui/GovernmentDataList.tsx(60,9): error TS6133: 'debouncedSearch' is declared but its value is never read.
src/features/government-data/ui/GovernmentDataList.tsx(63,9): error TS2322: Type '{ dataType: string | undefined; source: string | undefined; status: string | undefined; dateFrom: Date | undefined; dateTo: Date | undefined; limit: number; offset: number; sortBy: GovernmentDataSortField; sortOrder: SortOrder; }' is not assignable to type 'GovernmentDataQueryOptions'.
src/features/government-data/ui/GovernmentDataList.tsx(195,30): error TS7006: Parameter 'e' implicitly has an 'any' type.
src/features/government-data/ui/GovernmentDataList.tsx(219,35): error TS7006: Parameter 'value' implicitly has an 'any' type.
src/features/government-data/ui/GovernmentDataList.tsx(236,35): error TS7006: Parameter 'value' implicitly has an 'any' type.
src/features/government-data/ui/GovernmentDataList.tsx(253,35): error TS7006: Parameter 'value' implicitly has an 'any' type.
src/features/home/pages/about.tsx(1,1): error TS6133: 'React' is declared but its value is never read.
src/features/home/pages/blog.tsx(1,8): error TS6133: 'React' is declared but its value is never read.
src/features/home/pages/careers.tsx(1,8): error TS6133: 'React' is declared but its value is never read.
src/features/home/pages/HomePage.tsx(1354,26): error TS2339: Property 'login_count' does not exist on type 'User'.
src/features/home/pages/support.tsx(1,1): error TS6133: 'React' is declared but its value is never read.
src/features/legal/pages/acceptable-use.tsx(1,1): error TS6133: 'React' is declared but its value is never read.
src/features/legal/pages/accessibility-statement.tsx(1,1): error TS6133: 'React' is declared but its value is never read.
src/features/legal/pages/accessibility.tsx(1,58): error TS6133: 'AlertCircle' is declared but its value is never read.
src/features/legal/pages/compliance-ccpa.tsx(1,1): error TS6133: 'React' is declared but its value is never read.
src/features/legal/pages/contact-legal.tsx(1,1): error TS6133: 'React' is declared but its value is never read.
src/features/legal/pages/cookie-policy.tsx(1,50): error TS6133: 'FileText' is declared but its value is never read.
src/features/legal/pages/data-retention.tsx(1,1): error TS6133: 'React' is declared but its value is never read.
src/features/legal/pages/dmca.tsx(1,1): error TS6133: 'React' is declared but its value is never read.
src/features/legal/pages/documentation.tsx(1,1): error TS6133: 'React' is declared but its value is never read.
src/features/legal/pages/privacy-center.tsx(12,8): error TS6133: 'React' is declared but its value is never read.
src/features/legal/pages/privacy.tsx(1,1): error TS6133: 'React' is declared but its value is never read.
src/features/legal/pages/privacy.tsx(2,29): error TS6133: 'Database' is declared but its value is never read.
src/features/legal/pages/privacy.tsx(2,45): error TS6133: 'FileText' is declared but its value is never read.
src/features/legal/pages/security.tsx(1,1): error TS6133: 'React' is declared but its value is never read.
src/features/legal/pages/terms.tsx(1,1): error TS6133: 'React' is declared but its value is never read.
src/features/legal/pages/terms.tsx(3,10): error TS6133: 'Shield' is declared but its value is never read.
src/features/legal/ui/ConflictAlertCard.tsx(8,8): error TS6133: 'React' is declared but its value is never read.
src/features/legal/ui/LegalAnalysisTab.tsx(12,8): error TS6133: 'React' is declared but its value is never read.
src/features/legal/ui/LegalAnalysisTab.tsx(168,33): error TS6133: 'analysis' is declared but its value is never read.
src/features/legal/ui/LegalAnalysisTab.tsx(199,24): error TS6198: All destructured elements are unused.
src/features/legal/ui/LegalAnalysisTab.tsx(243,25): error TS6198: All destructured elements are unused.
src/features/legal/ui/LegalAnalysisTab.tsx(295,25): error TS6133: 'billId' is declared but its value is never read.
src/features/market/services/market.ts(26,5): error TS2322: Type 'unknown' is not assignable to type 'MarketData[]'.
src/features/market/services/market.ts(31,5): error TS2322: Type 'unknown' is not assignable to type 'MarketInsight[]'.
src/features/market/services/market.ts(40,5): error TS2322: Type 'unknown' is not assignable to type 'MarketInsight[]'.
src/features/market/SokoHaki.tsx(4,3): error TS6133: 'TrendingUp' is declared but its value is never read.
src/features/market/SokoHaki.tsx(9,3): error TS6133: 'History' is declared but its value is never read.
src/features/market/SokoHaki.tsx(11,8): error TS6133: 'React' is declared but its value is never read.
src/features/market/SokoHaki.tsx(11,27): error TS6133: 'useEffect' is declared but its value is never read.
src/features/market/SokoHaki.tsx(24,11): error TS6196: 'Vendor' is declared but never used.
src/features/market/SokoHaki.tsx(108,10): error TS6133: 'showHistory' is declared but its value is never read.
src/features/market/SokoHaki.tsx(126,11): error TS6133: 'overage' is declared but its value is never read.
src/features/onboarding/components/OnboardingTrigger.tsx(96,50): error TS2339: Property 'show_onboarding_tips' does not exist on type 'UserPreferences'.
src/features/onboarding/pages/onboarding.tsx(1,1): error TS6133: 'React' is declared but its value is never read.
src/features/onboarding/pages/welcome-tour.tsx(134,19): error TS2532: Object is possibly 'undefined'.
src/features/onboarding/pages/welcome-tour.tsx(187,17): error TS2532: Object is possibly 'undefined'.
src/features/onboarding/pages/welcome-tour.tsx(231,58): error TS18048: 'step' is possibly 'undefined'.
src/features/onboarding/pages/welcome-tour.tsx(233,18): error TS18048: 'step' is possibly 'undefined'.
src/features/onboarding/pages/welcome-tour.tsx(235,71): error TS18048: 'step' is possibly 'undefined'.
src/features/onboarding/pages/welcome-tour.tsx(240,16): error TS18048: 'step' is possibly 'undefined'.
src/features/onboarding/pages/welcome-tour.tsx(252,14): error TS18048: 'step' is possibly 'undefined'.
src/features/onboarding/pages/welcome-tour.tsx(252,33): error TS18048: 'step' is possibly 'undefined'.
src/features/onboarding/pages/welcome-tour.tsx(256,20): error TS18048: 'step' is possibly 'undefined'.
src/features/onboarding/services/onboarding.ts(26,5): error TS2322: Type 'unknown' is not assignable to type 'OnboardingProgress'.
src/features/onboarding/services/onboarding.ts(31,5): error TS2322: Type 'unknown' is not assignable to type 'OnboardingStep[]'.
src/features/search/hooks/useSearch.ts(7,3): error TS6196: 'SearchResponse' is declared but never used.
src/features/search/hooks/useSearch.ts(8,3): error TS6196: 'SearchSuggestion' is declared but never used.
src/features/search/hooks/useSearch.ts(9,3): error TS6196: 'SavedSearch' is declared but never used.
src/features/search/hooks/useSearch.ts(10,3): error TS6196: 'SearchHistory' is declared but never used.
src/features/search/services/intelligent-search.ts(326,13): error TS18046: 'result' is of type 'unknown'.
src/features/search/services/intelligent-search.ts(328,16): error TS18046: 'result' is of type 'unknown'.
src/features/search/services/intelligent-search.ts(328,37): error TS18046: 'result' is of type 'unknown'.
src/features/search/services/intelligent-search.ts(329,18): error TS18046: 'result' is of type 'unknown'.
src/features/search/services/intelligent-search.ts(329,41): error TS18046: 'result' is of type 'unknown'.
src/features/search/services/intelligent-search.ts(330,39): error TS18046: 'result' is of type 'unknown'.
src/features/search/services/intelligent-search.ts(331,58): error TS18046: 'result' is of type 'unknown'.
src/features/search/services/intelligent-search.ts(333,14): error TS18046: 'result' is of type 'unknown'.
src/features/search/services/intelligent-search.ts(334,22): error TS18046: 'result' is of type 'unknown'.
src/features/search/services/intelligent-search.ts(335,20): error TS18046: 'result' is of type 'unknown'.
src/features/search/services/intelligent-search.ts(338,72): error TS18046: 'result' is of type 'unknown'.
src/features/search/services/intelligent-search.ts(582,19): error TS18046: 'result' is of type 'unknown'.
src/features/search/services/intelligent-search.ts(586,17): error TS18046: 'result' is of type 'unknown'.
src/features/search/services/intelligent-search.ts(588,24): error TS18046: 'result' is of type 'unknown'.
src/features/search/services/intelligent-search.ts(589,28): error TS18046: 'result' is of type 'unknown'.
src/features/search/services/intelligent-search.ts(852,21): error TS18046: 'typedItem' is of type 'unknown'.
src/features/search/services/intelligent-search.ts(852,42): error TS18046: 'typedItem' is of type 'unknown'.
src/features/search/services/intelligent-search.ts(852,63): error TS18046: 'typedItem' is of type 'unknown'.
src/features/search/services/intelligent-search.ts(885,28): error TS2339: Property 'value' does not exist on type '{}'.
src/features/search/services/intelligent-search.ts(885,44): error TS2339: Property 'indices' does not exist on type '{}'.
src/features/search/services/intelligent-search.ts(887,15): error TS2339: Property 'value' does not exist on type '{}'.
src/features/search/services/intelligent-search.ts(887,22): error TS2339: Property 'indices' does not exist on type '{}'.
src/features/search/services/intelligent-search.ts(902,22): error TS2339: Property 'key' does not exist on type '{}'.
src/features/search/services/search-history-service.ts(114,5): error TS2322: Type '{ id?: string | undefined; name?: string | undefined; query?: string | undefined; filters?: Record<string, any>; alertsEnabled?: boolean | undefined; createdAt?: string | undefined; }' is not assignable to type 'SavedSearch'.
src/features/search/types.ts(13,3): error TS2305: Module '"@client/lib/types/search"' has no exported member 'SearchAnalytics'.
src/features/search/ui/filters/SearchFilters.tsx(20,1): error TS6133: 'React' is declared but its value is never read.
src/features/search/ui/filters/SearchFilters.tsx(104,11): error TS2322: Type 'string | undefined' is not assignable to type 'string'.
src/features/search/ui/filters/SearchFilters.tsx(105,11): error TS2322: Type 'string | undefined' is not assignable to type 'string'.
src/features/search/ui/filters/SearchFilters.tsx(111,11): error TS2322: Type 'string | undefined' is not assignable to type 'string'.
src/features/search/ui/filters/SearchFilters.tsx(112,11): error TS2322: Type 'string | undefined' is not assignable to type 'string'.
src/features/search/ui/interface/AdvancedSearch.tsx(20,1): error TS6133: 'React' is declared but its value is never read.
src/features/search/ui/interface/IntelligentAutocomplete.tsx(282,26): error TS2345: Argument of type 'SearchSuggestion | undefined' is not assignable to parameter of type 'SearchSuggestion'.
src/features/search/ui/interface/IntelligentAutocomplete.tsx(297,22): error TS2532: Object is possibly 'undefined'.
src/features/search/ui/interface/SavedSearches.tsx(4,1): error TS6133: 'React' is declared but its value is never read.
src/features/search/ui/interface/SearchAnalyticsDashboard.tsx(20,3): error TS6133: 'Calendar' is declared but its value is never read.
src/features/search/ui/interface/SearchAnalyticsDashboard.tsx(22,8): error TS6133: 'React' is declared but its value is never read.
src/features/search/ui/interface/SearchAnalyticsDashboard.tsx(36,1): error TS6133: 'logger' is declared but its value is never read.
src/features/search/ui/interface/SearchBar.tsx(2,28): error TS6133: 'Star' is declared but its value is never read.
src/features/search/ui/interface/SearchBar.tsx(4,1): error TS6133: 'React' is declared but its value is never read.
src/features/search/ui/interface/SearchBar.tsx(12,1): error TS6133: 'SearchSuggestion' is declared but its value is never read.
src/features/search/ui/interface/SearchBar.tsx(188,22): error TS18046: 'suggestion' is of type 'unknown'.
src/features/search/ui/interface/SearchBar.tsx(190,24): error TS18046: 'suggestion' is of type 'unknown'.
src/features/search/ui/interface/SearchBar.tsx(211,53): error TS18046: 'result' is of type 'unknown'.
src/features/search/ui/interface/SearchBar.tsx(213,26): error TS18046: 'result' is of type 'unknown'.
src/features/search/ui/interface/SearchBar.tsx(216,26): error TS18046: 'result' is of type 'unknown'.
src/features/search/ui/interface/SearchBar.tsx(216,45): error TS18046: 'result' is of type 'unknown'.
src/features/search/ui/interface/SearchBar.tsx(243,24): error TS18046: 'item' is of type 'unknown'.
src/features/search/ui/interface/SearchBar.tsx(245,26): error TS18046: 'item' is of type 'unknown'.
src/features/search/ui/interface/SearchProgressIndicator.tsx(19,1): error TS6133: 'React' is declared but its value is never read.
src/features/search/ui/results/SearchResultCard.tsx(15,3): error TS6133: 'TrendingUp' is declared but its value is never read.
src/features/search/ui/results/SearchResultCard.tsx(231,17): error TS2322: Type 'unknown' is not assignable to type 'ReactNode'.
src/features/search/ui/results/SearchResultCard.tsx(233,33): error TS2345: Argument of type '{}' is not assignable to parameter of type 'string'.
src/features/search/ui/results/SearchResultCard.tsx(363,17): error TS2322: Type 'unknown' is not assignable to type 'ReactNode'.
src/features/search/ui/results/SearchResultCard.tsx(366,39): error TS2345: Argument of type '{}' is not assignable to parameter of type 'string'.
src/features/search/ui/results/SearchResultCard.tsx(370,17): error TS2322: Type 'unknown' is not assignable to type 'ReactNode'.
src/features/search/ui/results/SearchResultCard.tsx(373,27): error TS2322: Type '{}' is not assignable to type 'ReactNode'.
src/features/search/ui/results/SearchResultCard.tsx(377,17): error TS2322: Type 'unknown' is not assignable to type 'ReactNode'.
src/features/search/ui/results/SearchResultCard.tsx(380,27): error TS2322: Type '{}' is not assignable to type 'ReactNode'.
src/features/search/ui/results/SearchResultCard.tsx(384,17): error TS2322: Type 'unknown' is not assignable to type 'ReactNode'.
src/features/search/ui/results/SearchResultCard.tsx(387,27): error TS2322: Type '{}' is not assignable to type 'ReactNode'.
src/features/search/ui/results/SearchResultCard.tsx(393,17): error TS2322: Type 'unknown' is not assignable to type 'ReactNode'.
src/features/search/ui/results/SearchResultCard.tsx(395,21): error TS2322: Type '{}' is not assignable to type 'ReactNode'.
src/features/search/ui/results/SearchResultCard.tsx(398,17): error TS2322: Type 'unknown' is not assignable to type 'ReactNode'.
src/features/search/ui/results/SearchResultCard.tsx(400,21): error TS2322: Type '{}' is not assignable to type 'ReactNode'.
src/features/search/ui/results/SearchResults.tsx(47,3): error TS6196: 'SearchSuggestion' is declared but never used.
src/features/search/ui/results/SearchResults.tsx(49,3): error TS6196: 'SearchEngineResult' is declared but never used.
src/features/search/ui/results/SearchResults.tsx(126,58): error TS2769: No overload matches this call.
src/features/search/ui/results/SearchResults.tsx(127,58): error TS2769: No overload matches this call.
src/features/search/ui/results/SearchResults.tsx(138,31): error TS2365: Operator '+' cannot be applied to types '{}' and '{}'.
src/features/search/ui/results/SearchResults.tsx(139,31): error TS2365: Operator '+' cannot be applied to types '{}' and '{}'.
src/features/search/ui/results/SearchResults.tsx(364,13): error TS2322: Type 'unknown' is not assignable to type 'ReactNode'.
src/features/search/ui/results/SearchResults.tsx(371,15): error TS2322: Type 'unknown' is not assignable to type 'ReactNode'.
src/features/search/ui/results/SearchResults.tsx(374,37): error TS2345: Argument of type '{}' is not assignable to parameter of type 'string'.
src/features/search/ui/results/SearchResults.tsx(381,26): error TS18047: 'result.metadata.view_count' is possibly 'null'.
src/features/search/ui/results/SearchResults.tsx(388,25): error TS2322: Type '{} | null' is not assignable to type 'ReactNode'.
src/features/search/ui/results/SearchResults.tsx(392,15): error TS2322: Type 'unknown' is not assignable to type 'ReactNode'.
src/features/search/ui/results/SearchResults.tsx(394,19): error TS2322: Type '{}' is not assignable to type 'ReactNode'.
src/features/search/ui/results/SearchResults.tsx(400,59): error TS2339: Property 'length' does not exist on type '{}'.
src/features/search/ui/results/SearchResults.tsx(402,39): error TS2339: Property 'slice' does not exist on type '{}'.
src/features/search/ui/results/SearchResults.tsx(407,39): error TS2339: Property 'length' does not exist on type '{}'.
src/features/search/ui/results/SearchResults.tsx(409,44): error TS2339: Property 'length' does not exist on type '{}'.
src/features/search/ui/SavedSearchesPanel.tsx(1,8): error TS6133: 'React' is declared but its value is never read.
src/features/search/ui/SavedSearchesPanel.tsx(2,22): error TS2614: Module '"lucide-react"' has no exported member 'BellOff'. Did you mean to use 'import BellOff from "lucide-react"' instead?
src/features/search/ui/SavedSearchesPanel.tsx(2,22): error TS6133: 'BellOff' is declared but its value is never read.
src/features/security/hooks/useSecurity.ts(180,41): error TS2339: Property 'retryAfter' does not exist on type '{ allowed: boolean; remaining: number; resetTime: number; }'.
src/features/security/hooks/useSecurity.ts(180,65): error TS2339: Property 'retryAfter' does not exist on type '{ allowed: boolean; remaining: number; resetTime: number; }'.
src/features/security/hooks/useSecurity.ts(205,25): error TS2345: Argument of type 'VulnerabilityReport | undefined' is not assignable to parameter of type 'SetStateAction<VulnerabilityReport | null>'.
src/features/security/pages/security-demo.tsx(8,1): error TS6133: 'React' is declared but its value is never read.
src/features/users/hooks/useUserAPI.ts(15,15): error TS2305: Module '"@client/lib/services/userService"' has no exported member 'UserProfile'.
src/features/users/hooks/useUserAPI.ts(74,5): error TS2783: 'retry' is specified more than once, so this usage will be overwritten.
src/features/users/hooks/useUserAPI.ts(97,5): error TS2783: 'onError' is specified more than once, so this usage will be overwritten.
src/features/users/hooks/useUserAPI.ts(114,5): error TS2783: 'retry' is specified more than once, so this usage will be overwritten.
src/features/users/hooks/useUserAPI.ts(130,5): error TS2783: 'retry' is specified more than once, so this usage will be overwritten.
src/features/users/hooks/useUserAPI.ts(153,49): error TS2339: Property 'trackBill' does not exist on type '{}'.
src/features/users/hooks/useUserAPI.ts(154,24): error TS2339: Property 'trackBill' does not exist on type '{}'.
src/features/users/hooks/useUserAPI.ts(159,5): error TS2783: 'onError' is specified more than once, so this usage will be overwritten.
src/features/users/hooks/useUserAPI.ts(179,49): error TS2339: Property 'untrackBill' does not exist on type '{}'.
src/features/users/hooks/useUserAPI.ts(180,24): error TS2339: Property 'untrackBill' does not exist on type '{}'.
src/features/users/hooks/useUserAPI.ts(185,5): error TS2783: 'onError' is specified more than once, so this usage will be overwritten.
src/features/users/hooks/useUserAPI.ts(208,17): error TS6133: 'savedBill' is declared but its value is never read.
src/features/users/hooks/useUserAPI.ts(211,49): error TS2339: Property 'trackBill' does not exist on type '{}'.
src/features/users/hooks/useUserAPI.ts(212,24): error TS2339: Property 'trackBill' does not exist on type '{}'.
src/features/users/hooks/useUserAPI.ts(217,5): error TS2783: 'onError' is specified more than once, so this usage will be overwritten.
src/features/users/hooks/useUserAPI.ts(237,49): error TS2339: Property 'untrackBill' does not exist on type '{}'.
src/features/users/hooks/useUserAPI.ts(238,24): error TS2339: Property 'untrackBill' does not exist on type '{}'.
src/features/users/hooks/useUserAPI.ts(243,5): error TS2783: 'onError' is specified more than once, so this usage will be overwritten.
src/features/users/hooks/useUserAPI.ts(260,5): error TS2783: 'retry' is specified more than once, so this usage will be overwritten.
src/features/users/hooks/useUserAPI.ts(284,38): error TS2339: Property 'addEngagementItem' does not exist on type '{}'.
src/features/users/hooks/useUserAPI.ts(290,24): error TS2339: Property 'addEngagementItem' does not exist on type '{}'.
src/features/users/hooks/useUserAPI.ts(299,5): error TS2783: 'onError' is specified more than once, so this usage will be overwritten.
src/features/users/hooks/useUserAPI.ts(331,5): error TS2783: 'retry' is specified more than once, so this usage will be overwritten.
src/features/users/hooks/useUserAPI.ts(347,5): error TS2783: 'retry' is specified more than once, so this usage will be overwritten.
src/features/users/hooks/useUserAPI.ts(363,5): error TS2783: 'retry' is specified more than once, so this usage will be overwritten.
src/features/users/hooks/useUserAPI.ts(393,5): error TS2783: 'retry' is specified more than once, so this usage will be overwritten.
src/features/users/hooks/useUserAPI.ts(432,49): error TS2339: Property 'dismissRecommendation' does not exist on type '{}'.
src/features/users/hooks/useUserAPI.ts(433,24): error TS2339: Property 'dismissRecommendation' does not exist on type '{}'.
src/features/users/hooks/useUserAPI.ts(438,5): error TS2783: 'onError' is specified more than once, so this usage will be overwritten.
src/features/users/hooks/useUserAPI.ts(460,5): error TS2783: 'retry' is specified more than once, so this usage will be overwritten.
src/features/users/hooks/useUserAPI.ts(483,49): error TS2339: Property 'updatePreferences' does not exist on type '{}'.
src/features/users/hooks/useUserAPI.ts(484,24): error TS2339: Property 'updatePreferences' does not exist on type '{}'.
src/features/users/hooks/useUserAPI.ts(489,5): error TS2783: 'onError' is specified more than once, so this usage will be overwritten.
src/features/users/hooks/useUserAPI.ts(520,5): error TS2783: 'retry' is specified more than once, so this usage will be overwritten.
src/features/users/hooks/useUserAPI.ts(559,5): error TS2783: 'onError' is specified more than once, so this usage will be overwritten.
src/features/users/hooks/useUserAPI.ts(589,5): error TS2783: 'retry' is specified more than once, so this usage will be overwritten.
src/features/users/hooks/useUserAPI.ts(628,49): error TS2339: Property 'updatePrivacyControls' does not exist on type '{}'.
src/features/users/hooks/useUserAPI.ts(629,24): error TS2339: Property 'updatePrivacyControls' does not exist on type '{}'.
src/features/users/hooks/useUserAPI.ts(634,5): error TS2783: 'onError' is specified more than once, so this usage will be overwritten.
src/features/users/hooks/useUserAPI.ts(664,5): error TS2783: 'onError' is specified more than once, so this usage will be overwritten.
src/features/users/hooks/useUserAPI.ts(720,26): error TS2339: Property 'setDashboardData' does not exist on type '{}'.
src/features/users/hooks/useUserAPI.ts(723,24): error TS2339: Property 'setDashboardData' does not exist on type '{}'.
src/features/users/hooks/useUsers.ts(13,3): error TS2305: Module '"../types"' has no exported member 'UserProfile'.
src/features/users/hooks/useUsers.ts(38,5): error TS2783: 'onError' is specified more than once, so this usage will be overwritten.
src/features/users/hooks/useUsers.ts(60,5): error TS2783: 'onError' is specified more than once, so this usage will be overwritten.
src/features/users/hooks/useUsers.ts(100,5): error TS2783: 'retry' is specified more than once, so this usage will be overwritten.
src/features/users/hooks/useUsers.ts(129,5): error TS2783: 'onError' is specified more than once, so this usage will be overwritten.
src/features/users/hooks/useUsers.ts(151,5): error TS2783: 'onError' is specified more than once, so this usage will be overwritten.
src/features/users/hooks/useUsers.ts(173,5): error TS2783: 'onError' is specified more than once, so this usage will be overwritten.
src/features/users/hooks/useUsers.ts(214,5): error TS2783: 'onError' is specified more than once, so this usage will be overwritten.
src/features/users/hooks/useUsers.ts(253,5): error TS2783: 'onError' is specified more than once, so this usage will be overwritten.
src/features/users/hooks/useUsers.ts(273,5): error TS2783: 'onError' is specified more than once, so this usage will be overwritten.
src/features/users/hooks/useUsers.ts(291,5): error TS2783: 'onError' is specified more than once, so this usage will be overwritten.
src/features/users/hooks/useUsers.ts(324,5): error TS2783: 'onError' is specified more than once, so this usage will be overwritten.
src/features/users/hooks/useUsers.ts(342,5): error TS2783: 'onError' is specified more than once, so this usage will be overwritten.
src/features/users/hooks/useUsers.ts(360,5): error TS2783: 'onError' is specified more than once, so this usage will be overwritten.
src/features/users/model/index.ts(14,3): error TS2305: Module '"./user-service"' has no exported member 'UserProfile'.
src/features/users/model/index.ts(24,3): error TS2305: Module '"./user-service"' has no exported member 'Notification'.
src/features/users/model/user-service.ts(174,12): error TS2304: Cannot find name 'UserProfile'.
src/features/users/model/user-service.ts(216,31): error TS2304: Cannot find name 'UserProfile'.
src/features/users/model/user-service.ts(386,50): error TS2304: Cannot find name 'UserProfile'.
src/features/users/model/user-service.ts(388,77): error TS2304: Cannot find name 'UserProfile'.
src/features/users/model/user-service.ts(400,40): error TS2304: Cannot find name 'UserProfile'.
src/features/users/model/user-service.ts(400,63): error TS2304: Cannot find name 'UserProfile'.
src/features/users/model/user-service.ts(402,84): error TS2304: Cannot find name 'UserProfile'.
src/features/users/model/user-service.ts(751,61): error TS2304: Cannot find name 'UserProfile'.
src/features/users/model/user-service.ts(751,84): error TS2304: Cannot find name 'UserProfile'.
src/features/users/pages/user-account.tsx(8,1): error TS6133: 'React' is declared but its value is never read.
src/features/users/pages/user-profile.tsx(6,1): error TS6133: 'React' is declared but its value is never read.
src/features/users/services/engagement-service.ts(60,14): error TS6133: 'config' is declared but its value is never read.
src/features/users/services/engagement-service.ts(373,40): error TS6133: 'engagement' is declared but its value is never read.
src/features/users/services/engagement-service.ts(383,5): error TS6133: 'page' is declared but its value is never read.
src/features/users/services/engagement-service.ts(384,5): error TS6133: 'limit' is declared but its value is never read.
src/features/users/services/engagement-service.ts(385,5): error TS6133: 'filters' is declared but its value is never read.
src/features/users/services/engagement-service.ts(415,48): error TS6133: 'userId' is declared but its value is never read.
src/features/users/services/engagement-service.ts(441,43): error TS6133: 'userId' is declared but its value is never read.
src/features/users/services/index.ts(20,3): error TS2305: Module '"@client/lib/services/interfaces"' has no exported member 'UserProfile'.
src/features/users/services/index.ts(27,3): error TS2305: Module '"@client/lib/services/interfaces"' has no exported member 'Notification'.
src/features/users/services/user-api.ts(6,3): error TS2305: Module '"../types"' has no exported member 'UserProfile'.
src/features/users/services/user-api.ts(23,3): error TS6196: 'UserNotification' is declared but never used.
src/features/users/types.ts(116,12): error TS2304: Cannot find name 'UserProfile'.
src/features/users/types.ts(205,12): error TS2304: Cannot find name 'UserProfile'.
src/features/users/ui/auth/useLoginForm.ts(6,1): error TS6133: 'validatePassword' is declared but its value is never read.
src/features/users/ui/auth/useLoginForm.ts(7,41): error TS6133: 'useEffect' is declared but its value is never read.
src/features/users/ui/auth/useLoginForm.ts(146,12): error TS6133: 'mode' is declared but its value is never read.
src/features/users/ui/profile/UserProfileSection.tsx(9,1): error TS6133: 'React' is declared but its value is never read.
src/features/users/ui/profile/UserProfileSection.tsx(77,53): error TS2339: Property 'profile' does not exist on type 'User'.
src/features/users/ui/profile/UserProfileSection.tsx(77,82): error TS2339: Property 'name' does not exist on type 'User'.
src/features/users/ui/profile/UserProfileSection.tsx(111,25): error TS2551: Property 'createdAt' does not exist on type 'User'. Did you mean 'created_at'?
src/features/users/ui/profile/UserProfileSection.tsx(112,37): error TS2551: Property 'createdAt' does not exist on type 'User'. Did you mean 'created_at'?
src/features/users/ui/profile/UserProfileSection.tsx(125,53): error TS2339: Property 'reputation' does not exist on type 'User'.
src/features/users/ui/settings/alert-preferences.tsx(14,8): error TS6133: 'React' is declared but its value is never read.
src/features/users/ui/settings/alert-preferences.tsx(99,34): error TS6133: 'user_id' is declared but its value is never read.
src/features/users/ui/settings/alert-preferences.tsx(103,10): error TS6133: 'sponsors' is declared but its value is never read.
src/features/users/ui/verification/CommunityValidation.tsx(12,8): error TS6133: 'React' is declared but its value is never read.
src/features/users/ui/verification/CommunityValidation.tsx(388,9): error TS6133: 'totalVotes' is declared but its value is never read.
src/features/users/ui/verification/CredibilityScoring.tsx(9,1): error TS6133: 'React' is declared but its value is never read.
src/features/users/ui/verification/ExpertBadge.tsx(2,1): error TS6133: 'React' is declared but its value is never read.
src/features/users/ui/verification/ExpertBadge.tsx(14,31): error TS2307: Cannot find module '../icons/ChanukaIcons' or its corresponding type declarations.
src/features/users/ui/verification/ExpertConsensus.tsx(14,8): error TS6133: 'React' is declared but its value is never read.
src/features/users/ui/verification/ExpertConsensus.tsx(16,34): error TS6133: 'AvatarImage' is declared but its value is never read.
src/features/users/ui/verification/ExpertProfileCard.tsx(3,3): error TS6133: 'MapPin' is declared but its value is never read.
src/features/users/ui/verification/ExpertProfileCard.tsx(13,8): error TS6133: 'React' is declared but its value is never read.
src/features/users/ui/verification/ExpertProfileCard.tsx(25,1): error TS6133: 'Separator' is declared but its value is never read.
src/features/users/ui/verification/ExpertProfileCard.tsx(29,62): error TS2307: Cannot find module '../icons/ChanukaIcons' or its corresponding type declarations.
src/features/users/ui/verification/ExpertProfileCard.tsx(128,20): error TS2532: Object is possibly 'undefined'.
src/features/users/ui/verification/ExpertProfileCard.tsx(128,53): error TS2532: Object is possibly 'undefined'.
src/features/users/ui/verification/ExpertVerificationDemo.tsx(1,8): error TS6133: 'React' is declared but its value is never read.
src/features/users/ui/verification/ExpertVerificationDemo.tsx(3,1): error TS6133: 'Badge' is declared but its value is never read.
src/features/users/ui/verification/ExpertVerificationDemo.tsx(4,1): error TS6133: 'Button' is declared but its value is never read.
src/features/users/ui/verification/ExpertVerificationDemo.tsx(55,9): error TS18048: 'realExpert' is possibly 'undefined'.
src/features/users/ui/verification/ExpertVerificationDemo.tsx(56,11): error TS18048: 'realExpert' is possibly 'undefined'.
src/features/users/ui/verification/ExpertVerificationDemo.tsx(59,18): error TS18048: 'realExpert' is possibly 'undefined'.
src/features/users/ui/verification/ExpertVerificationDemo.tsx(89,7): error TS18048: 'realExpert' is possibly 'undefined'.
src/features/users/ui/verification/ExpertVerificationDemo.tsx(99,10): error TS18048: 'realExpert' is possibly 'undefined'.
src/features/users/ui/verification/verification-list.tsx(2,1): error TS6133: 'React' is declared but its value is never read.
src/features/users/ui/verification/verification-list.tsx(16,1): error TS6133: 'logger' is declared but its value is never read.
src/features/users/ui/verification/verification-list.tsx(34,9): error TS6133: 'bills' is declared but its value is never read.
src/features/users/ui/verification/VerificationWorkflow.tsx(7,3): error TS6133: 'MessageSquare' is declared but its value is never read.
src/features/users/ui/verification/VerificationWorkflow.tsx(12,1): error TS6133: 'React' is declared but its value is never read.
src/infrastructure/analytics/hooks/use-comprehensive-analytics.ts(15,3): error TS6133: 'AnalyticsEvent' is declared but its value is never read.
src/infrastructure/analytics/hooks/use-comprehensive-analytics.ts(19,3): error TS6133: 'UserEngagementMetrics' is declared but its value is never read.
src/infrastructure/analytics/hooks/use-comprehensive-analytics.ts(93,9): error TS6133: 'navigation' is declared but its value is never read.
src/infrastructure/analytics/hooks/use-comprehensive-analytics.ts(162,13): error TS7030: Not all code paths return a value.
src/infrastructure/analytics/hooks/use-journey-tracker.ts(35,43): error TS2345: Argument of type '"public" | UserRole' is not assignable to parameter of type 'UserRole'.
src/infrastructure/analytics/hooks/use-journey-tracker.ts(47,31): error TS2367: This comparison appears to be unintentional because the types 'UserRole.Public | UserRole.VerifiedCitizen | UserRole.Ambassador | UserRole.ExpertVerifier | UserRole.MpStaff | UserRole.Clerk | UserRole.Moderator | UserRole.Auditor | UserRole.Journalist' and '"user"' have no overlap.
src/infrastructure/analytics/hooks/use-journey-tracker.ts(63,69): error TS6133: 'interactionCount' is declared but its value is never read.
src/infrastructure/analytics/hooks/use-journey-tracker.ts(105,41): error TS6133: 'start_date' is declared but its value is never read.
src/infrastructure/analytics/hooks/use-journey-tracker.ts(105,60): error TS6133: 'end_date' is declared but its value is never read.
src/infrastructure/analytics/hooks/use-journey-tracker.ts(113,46): error TS6133: 'goalName' is declared but its value is never read.
src/infrastructure/analytics/hooks/use-journey-tracker.ts(115,11): error TS6133: 'analytics' is declared but its value is never read.
src/infrastructure/analytics/hooks/use-journey-tracker.ts(244,41): error TS6133: 'start_date' is declared but its value is never read.
src/infrastructure/analytics/hooks/use-journey-tracker.ts(244,60): error TS6133: 'end_date' is declared but its value is never read.
src/infrastructure/analytics/hooks/use-journey-tracker.ts(249,46): error TS6133: 'goalName' is declared but its value is never read.
src/infrastructure/analytics/hooks/use-journey-tracker.ts(251,11): error TS6133: 'analytics' is declared but its value is never read.
src/infrastructure/analytics/index.ts(53,47): error TS2307: Cannot find module './ui/dashboard/AnalyticsDashboard' or its corresponding type declarations.
src/infrastructure/analytics/index.ts(54,57): error TS2307: Cannot find module './ui/dashboard/EngagementAnalyticsDashboard' or its corresponding type declarations.
src/infrastructure/analytics/model/error-analytics-bridge.ts(467,12): error TS2352: Conversion of type 'ClientError[]' to type 'CoreError[]' may be a mistake because neither type sufficiently overlaps with the other. If this was intentional, convert the expression to 'unknown' first.
src/infrastructure/analytics/model/error-analytics-bridge.ts(573,22): error TS2339: Property 'BLOCKER' does not exist on type 'typeof ErrorSeverity'.
src/infrastructure/analytics/model/index.ts(37,3): error TS2305: Module '"./user-journey-tracker"' has no exported member 'UserRole'.
src/infrastructure/analytics/model/privacy-analytics.ts(19,15): error TS2305: Module '"@client/lib/types/analytics"' has no exported member 'AnalyticsEvent'.
src/infrastructure/analytics/model/privacy-analytics.ts(19,48): error TS2305: Module '"@client/lib/types/analytics"' has no exported member 'UserConsent'.
src/infrastructure/analytics/model/privacy-analytics.ts(256,37): error TS2339: Property 'updateUserConsent' does not exist on type 'PrivacyAnalyticsApiService'.
src/infrastructure/analytics/model/privacy-analytics.ts(257,35): error TS2339: Property 'withdrawConsent' does not exist on type 'PrivacyAnalyticsApiService'.
src/infrastructure/analytics/model/privacy-analytics.ts(258,34): error TS2339: Property 'getUserConsent' does not exist on type 'PrivacyAnalyticsApiService'.
src/infrastructure/analytics/model/privacy-analytics.ts(259,30): error TS2339: Property 'sendEvents' does not exist on type 'PrivacyAnalyticsApiService'.
src/infrastructure/analytics/model/privacy-analytics.ts(260,30): error TS2339: Property 'trackBatch' does not exist on type 'PrivacyAnalyticsApiService'.
src/infrastructure/analytics/model/privacy-analytics.ts(261,7): error TS2322: Type '(userId: string, format?: "json" | "csv") => Promise<{ success: boolean; format: string; exportedAt: string; data?: Record<string, unknown> | undefined; }>' is not assignable to type '(userId: string) => Promise<DataExportRequest>'.
src/infrastructure/analytics/model/privacy-analytics.ts(262,7): error TS2322: Type '(userId: string) => Promise<{ success: boolean; message: string; deletedAt: string; }>' is not assignable to type '(userId: string) => Promise<DataDeletionRequest>'.
src/infrastructure/analytics/model/privacy-analytics.ts(332,9): error TS2353: Object literal may only specify known properties, and 'success' does not exist in type 'DataExportRequest'.
src/infrastructure/analytics/model/privacy-analytics.ts(343,9): error TS2353: Object literal may only specify known properties, and 'success' does not exist in type 'DataExportRequest'.
src/infrastructure/analytics/model/privacy-analytics.ts(358,9): error TS2353: Object literal may only specify known properties, and 'success' does not exist in type 'DataDeletionRequest'.
src/infrastructure/analytics/model/privacy-analytics.ts(368,9): error TS2353: Object literal may only specify known properties, and 'success' does not exist in type 'DataDeletionRequest'.
src/infrastructure/analytics/model/privacy-analytics.ts(402,11): error TS6133: 'boundHandleConsentUpdate' is declared but its value is never read.
src/infrastructure/analytics/model/privacy-analytics.ts(598,49): error TS2304: Cannot find name 'ExportedUserData'.
src/infrastructure/analytics/model/privacy-analytics.ts(603,59): error TS2339: Property 'data' does not exist on type 'DataExportRequest'.
src/infrastructure/analytics/model/privacy-analytics.ts(604,56): error TS2339: Property 'data' does not exist on type 'DataExportRequest'.
src/infrastructure/analytics/model/privacy-analytics.ts(605,56): error TS2339: Property 'data' does not exist on type 'DataExportRequest'.
src/infrastructure/analytics/model/privacy-analytics.ts(691,35): error TS2339: Property 'success' does not exist on type 'DataDeletionRequest'.
src/infrastructure/analytics/model/privacy-analytics.ts(898,48): error TS2304: Cannot find name 'ExportedUserData'.
src/infrastructure/analytics/model/privacy-analytics.ts(1013,11): error TS6133: 'saveRetryState' is declared but its value is never read.
src/infrastructure/analytics/model/privacy-analytics.ts(1037,3): error TS2304: Cannot find name 'ExportedUserData'.
src/infrastructure/analytics/model/user-journey-tracker.ts(10,14): error TS2304: Cannot find name 'UserRole'.
src/infrastructure/analytics/model/user-journey-tracker.ts(23,14): error TS2304: Cannot find name 'UserRole'.
src/infrastructure/analytics/model/user-journey-tracker.ts(57,14): error TS2304: Cannot find name 'UserRole'.
src/infrastructure/analytics/model/user-journey-tracker.ts(87,43): error TS2304: Cannot find name 'UserRole'.
src/infrastructure/analytics/model/user-journey-tracker.ts(116,7): error TS18048: 'lastStep' is possibly 'undefined'.
src/infrastructure/analytics/model/user-journey-tracker.ts(137,5): error TS18048: 'currentStep' is possibly 'undefined'.
src/infrastructure/analytics/model/user-journey-tracker.ts(137,37): error TS18048: 'currentStep' is possibly 'undefined'.
src/infrastructure/analytics/model/user-journey-tracker.ts(153,7): error TS18048: 'lastStep' is possibly 'undefined'.
src/infrastructure/analytics/model/user-journey-tracker.ts(154,7): error TS18048: 'lastStep' is possibly 'undefined'.
src/infrastructure/analytics/model/user-journey-tracker.ts(293,37): error TS2532: Object is possibly 'undefined'.
src/infrastructure/analytics/model/user-journey-tracker.ts(299,5): error TS2322: Type '{ pageId: string | undefined; section: NavigationSection; dropOffRate: number; averageTimeBeforeDropOff: number; commonPreviousPages: string[]; }[]' is not assignable to type 'DropOffPoint[]'.
src/infrastructure/analytics/services/analytics-api.service.ts(11,3): error TS6133: 'UserEngagementProfile' is declared but its value is never read.
src/infrastructure/analytics/services/analytics-api.service.ts(16,3): error TS6133: 'CreateDashboardRequest' is declared but its value is never read.
src/infrastructure/analytics/services/analytics-api.service.ts(17,3): error TS6133: 'DashboardWidget' is declared but its value is never read.
src/infrastructure/analytics/services/analytics-api.service.ts(22,3): error TS6133: 'AnalyticsDashboardResponse' is declared but its value is never read.
src/infrastructure/analytics/services/analytics-api.service.ts(37,29): error TS2345: Argument of type 'UnifiedApiClientImpl' is not assignable to parameter of type 'ApiClient'.
src/infrastructure/analytics/services/analytics-api.service.ts(83,19): error TS2353: Object literal may only specify known properties, and 'type' does not exist in type 'Partial<EngagementMetadata>'.
src/infrastructure/analytics/services/analytics.ts(212,60): error TS2345: Argument of type 'AnalyticsFilters | undefined' is not assignable to parameter of type 'Record<string, unknown> | undefined'.
src/infrastructure/analytics/services/analytics.ts(213,52): error TS2345: Argument of type '{ data: { summary: { total_bills: number; total_views: number; total_engagement: number; average_time_spent: number; top_categories: never[]; engagement_trends: never[]; user_demographics: { total_users: number; active_users: number; new_users: number; returning_users: number; }; }; top_bills: never[]; recent_activi...' is not assignable to parameter of type 'AnalyticsDashboardData'.
src/infrastructure/analytics/services/analytics.ts(225,11): error TS2322: Type '{ engagementGrowthRate: number; riskScore: number; data: { total_bills: number; total_views: number; total_engagement: number; average_time_spent: number; top_categories: never[]; engagement_trends: never[]; user_demographics: { ...; }; }; }' is not assignable to type 'ExtendedAnalyticsSummary'.
src/infrastructure/analytics/services/analytics.ts(227,60): error TS2345: Argument of type '{ data: { total_bills: number; total_views: number; total_engagement: number; average_time_spent: number; top_categories: never[]; engagement_trends: never[]; user_demographics: { total_users: number; active_users: number; new_users: number; returning_users: number; }; }; }' is not assignable to parameter of type 'AnalyticsSummary'.
src/infrastructure/analytics/services/analytics.ts(228,42): error TS2345: Argument of type '{ data: { total_bills: number; total_views: number; total_engagement: number; average_time_spent: number; top_categories: never[]; engagement_trends: never[]; user_demographics: { total_users: number; active_users: number; new_users: number; returning_users: number; }; }; }' is not assignable to parameter of type 'AnalyticsSummary'.
src/infrastructure/analytics/services/analytics.ts(252,62): error TS2339: Property 'conflicts' does not exist on type '{ data: { bill_id: string; conflict_score: number; conflicts: never[]; stakeholder_analysis: never[]; network_analysis: { nodes: never[]; edges: never[]; }; }; }'.
src/infrastructure/analytics/services/analytics.ts(253,11): error TS2322: Type '{ conflicts: Conflict[]; riskLevel: "low" | "medium" | "high"; data: { bill_id: string; title: string; views: number; comments_count: number; engagement_score: number; trending_score: number; ... 6 more ...; last_updated: string; }; }' is not assignable to type 'ExtendedBillAnalytics'.
src/infrastructure/analytics/services/analytics.ts(275,11): error TS2322: Type '{ breakdown: EngagementMetrics; metrics: EngagementMetrics; trendAnalysis: TrendAnalysis; engagementScore: number; data: { bill_id: string; ... 4 more ...; peak_engagement_times: never[]; }; }' is not assignable to type 'ExtendedEngagementReport'.
src/infrastructure/analytics/services/analytics.ts(293,55): error TS2339: Property 'conflicts' does not exist on type '{ data: { bill_id: string; conflict_score: number; conflicts: never[]; stakeholder_analysis: never[]; network_analysis: { nodes: never[]; edges: never[]; }; }; }'.
src/infrastructure/analytics/services/analytics.ts(295,11): error TS2322: Type '{ recommendations: string[]; priorityScore: number; data: { bill_id: string; conflict_score: number; conflicts: never[]; stakeholder_analysis: never[]; network_analysis: { nodes: never[]; edges: never[]; }; }; }' is not assignable to type 'ExtendedConflictReport'.
src/infrastructure/analytics/services/analytics.ts(316,7): error TS2698: Spread types may only be created from object types.
src/infrastructure/analytics/services/analytics.ts(333,52): error TS2345: Argument of type '{ data: never[]; }' is not assignable to parameter of type 'BillAnalytics[]'.
src/infrastructure/analytics/services/analytics.ts(346,36): error TS2339: Property 'map' does not exist on type '{ data: never[]; }'.
src/infrastructure/analytics/services/analytics.ts(346,40): error TS7006: Parameter 'alert' implicitly has an 'any' type.
src/infrastructure/analytics/services/analytics.ts(352,33): error TS7006: Parameter 'a' implicitly has an 'any' type.
src/infrastructure/analytics/services/analytics.ts(352,36): error TS7006: Parameter 'b' implicitly has an 'any' type.
src/infrastructure/analytics/services/analytics.ts(767,20): error TS2532: Object is possibly 'undefined'.
src/infrastructure/analytics/services/analytics.ts(767,42): error TS2532: Object is possibly 'undefined'.
src/infrastructure/api/index.ts(140,28): error TS2304: Cannot find name 'globalApiClient'.
src/infrastructure/api/index.ts(144,28): error TS2304: Cannot find name 'globalApiClient'.
src/infrastructure/api/index.ts(148,28): error TS2304: Cannot find name 'globalApiClient'.
src/infrastructure/api/index.ts(152,28): error TS2304: Cannot find name 'globalApiClient'.
src/infrastructure/api/registry.ts(95,26): error TS2339: Property 'createBusinessError' does not exist on type 'typeof ErrorFactory'.
src/infrastructure/api/registry.ts(102,9): error TS2345: Argument of type 'string' is not assignable to parameter of type '{ field: string; message: string; }[]'.
src/infrastructure/api/registry.ts(145,26): error TS2339: Property 'createBusinessError' does not exist on type 'typeof ErrorFactory'.
src/infrastructure/api/registry.ts(224,44): error TS2339: Property 'createBusinessError' does not exist on type 'typeof ErrorFactory'.
src/infrastructure/api/registry.ts(288,28): error TS2339: Property 'createBusinessError' does not exist on type 'typeof ErrorFactory'.
src/infrastructure/api/registry.ts(302,28): error TS2339: Property 'createBusinessError' does not exist on type 'typeof ErrorFactory'.
src/infrastructure/api/registry.ts(474,26): error TS2339: Property 'createBusinessError' does not exist on type 'typeof ErrorFactory'.
src/infrastructure/api/retry.ts(117,99): error TS2345: Argument of type '{ domain: ErrorDomain; severity: ErrorSeverity; context: { attempts: number; originalError: Error | null; }; }' is not assignable to parameter of type 'number'.
src/infrastructure/api/services/bill.service.ts(6,10): error TS2305: Module '"@shared/types/api/contracts"' has no exported member 'BillEndpoints'.
src/infrastructure/api/services/bill.service.ts(12,3): error TS2724: '"@shared/types/api/contracts"' has no exported member named 'GetBillRequest'. Did you mean 'CreateBillRequest'?
src/infrastructure/api/services/bill.service.ts(12,3): error TS6196: 'GetBillRequest' is declared but never used.
src/infrastructure/api/services/bill.service.ts(14,3): error TS2305: Module '"@shared/types/api/contracts"' has no exported member 'ListBillsRequest'.
src/infrastructure/api/services/bill.service.ts(16,3): error TS2724: '"@shared/types/api/contracts"' has no exported member named 'DeleteBillRequest'. Did you mean 'CreateBillRequest'?
src/infrastructure/api/services/bill.service.ts(16,3): error TS6196: 'DeleteBillRequest' is declared but never used.
src/infrastructure/api/services/bill.service.ts(18,3): error TS2305: Module '"@shared/types/api/contracts"' has no exported member 'GetBillEngagementRequest'.
src/infrastructure/api/services/bill.service.ts(18,3): error TS6196: 'GetBillEngagementRequest' is declared but never used.
src/infrastructure/api/services/bill.service.ts(19,3): error TS2305: Module '"@shared/types/api/contracts"' has no exported member 'GetBillEngagementResponse'.
src/infrastructure/api/services/user.service.ts(6,10): error TS2305: Module '"@shared/types/api/contracts"' has no exported member 'UserEndpoints'.
src/infrastructure/api/services/user.service.ts(8,3): error TS2724: '"@shared/types/api/contracts"' has no exported member named 'CreateUserRequest'. Did you mean 'CreateVoteRequest'?
src/infrastructure/api/services/user.service.ts(9,3): error TS2724: '"@shared/types/api/contracts"' has no exported member named 'CreateUserResponse'. Did you mean 'createErrorResponse'?
src/infrastructure/api/services/user.service.ts(10,3): error TS2724: '"@shared/types/api/contracts"' has no exported member named 'UpdateUserRequest'. Did you mean 'UpdateReportRequest'?
src/infrastructure/api/services/user.service.ts(11,3): error TS2305: Module '"@shared/types/api/contracts"' has no exported member 'UpdateUserResponse'.
src/infrastructure/api/services/user.service.ts(12,3): error TS2305: Module '"@shared/types/api/contracts"' has no exported member 'GetUserRequest'.
src/infrastructure/api/services/user.service.ts(12,3): error TS6196: 'GetUserRequest' is declared but never used.
src/infrastructure/api/services/user.service.ts(13,3): error TS2724: '"@shared/types/api/contracts"' has no exported member named 'GetUserResponse'. Did you mean 'GetAlertsResponse'?
src/infrastructure/api/services/user.service.ts(14,3): error TS2305: Module '"@shared/types/api/contracts"' has no exported member 'ListUsersRequest'.
src/infrastructure/api/services/user.service.ts(15,3): error TS2305: Module '"@shared/types/api/contracts"' has no exported member 'ListUsersResponse'.
src/infrastructure/api/services/user.service.ts(16,3): error TS2305: Module '"@shared/types/api/contracts"' has no exported member 'DeleteUserRequest'.
src/infrastructure/api/services/user.service.ts(16,3): error TS6196: 'DeleteUserRequest' is declared but never used.
src/infrastructure/api/services/user.service.ts(17,3): error TS2305: Module '"@shared/types/api/contracts"' has no exported member 'DeleteUserResponse'.
src/infrastructure/api/types/service.ts(7,70): error TS2307: Cannot find module './auth' or its corresponding type declarations.
src/infrastructure/api/types/service.ts(8,58): error TS2307: Cannot find module './bill' or its corresponding type declarations.
src/infrastructure/api/types/service.ts(10,77): error TS2307: Cannot find module './community' or its corresponding type declarations.
src/infrastructure/api/types/service.ts(12,37): error TS2307: Cannot find module './request' or its corresponding type declarations.
src/infrastructure/auth/hooks/use-auth.tsx(115,13): error TS7030: Not all code paths return a value.
src/infrastructure/auth/http/authenticated-client.ts(37,23): error TS6138: Property '_config' is declared but its value is never read.
src/infrastructure/auth/http/authentication-interceptors.ts(29,23): error TS6138: Property '_config' is declared but its value is never read.
src/infrastructure/auth/http/authentication-interceptors.ts(71,37): error TS2769: No overload matches this call.
src/infrastructure/auth/rbac.ts(35,13): error TS2304: Cannot find name 'UserRole'.
src/infrastructure/auth/rbac.ts(46,13): error TS2304: Cannot find name 'UserRole'.
src/infrastructure/auth/rbac.ts(136,50): error TS2304: Cannot find name 'PermissionCheckResult'.
src/infrastructure/auth/rbac.ts(157,22): error TS18048: 'role' is possibly 'undefined'.
src/infrastructure/auth/rbac.ts(157,31): error TS2345: Argument of type 'Role | undefined' is not assignable to parameter of type 'Role'.
src/infrastructure/auth/rbac.ts(244,48): error TS2304: Cannot find name 'PermissionCheckResult'.
src/infrastructure/auth/rbac.ts(253,17): error TS2304: Cannot find name 'PermissionCheckResult'.
src/infrastructure/auth/rbac.ts(350,27): error TS2304: Cannot find name 'UserRole'.
src/infrastructure/auth/rbac.ts(363,28): error TS2304: Cannot find name 'UserRole'.
src/infrastructure/auth/rbac.ts(392,26): error TS2304: Cannot find name 'UserRole'.
src/infrastructure/auth/rbac.ts(400,26): error TS2304: Cannot find name 'UserRole'.
src/infrastructure/auth/rbac.ts(400,50): error TS2304: Cannot find name 'UserRole'.
src/infrastructure/auth/rbac.ts(411,15): error TS2304: Cannot find name 'UserRole'.
src/infrastructure/auth/rbac.ts(418,66): error TS2304: Cannot find name 'UserRole'.
src/infrastructure/auth/rbac.ts(549,41): error TS2304: Cannot find name 'UserRole'.
src/infrastructure/auth/rbac.ts(553,62): error TS2304: Cannot find name 'PermissionCheckResult'.
src/infrastructure/auth/rbac.ts(557,42): error TS2304: Cannot find name 'UserRole'.
src/infrastructure/auth/rbac.ts(561,40): error TS2304: Cannot find name 'UserRole'.
src/infrastructure/auth/rbac.ts(561,64): error TS2304: Cannot find name 'UserRole'.
src/infrastructure/auth/rbac.ts(567,13): error TS2304: Cannot find name 'UserRole'.
src/infrastructure/auth/service.ts(17,1): error TS6192: All imports in import declaration are unused.
src/infrastructure/auth/service.ts(51,29): error TS2339: Property 'name' does not exist on type 'User'.
src/infrastructure/auth/service.ts(58,5): error TS2322: Type '"unverified" | "verified"' is not assignable to type 'VerificationStatus | undefined'.
src/infrastructure/auth/service.ts(58,28): error TS2339: Property 'verified' does not exist on type 'User'.
src/infrastructure/auth/service.ts(61,25): error TS2551: Property 'createdAt' does not exist on type 'User'. Did you mean 'created_at'?
src/infrastructure/auth/service.ts(62,25): error TS2339: Property 'lastLogin' does not exist on type 'User'.
src/infrastructure/auth/service.ts(65,20): error TS2339: Property 'name' does not exist on type 'User'.
src/infrastructure/auth/service.ts(66,24): error TS2339: Property 'verified' does not exist on type 'User'.
src/infrastructure/auth/service.ts(67,5): error TS2322: Type 'unknown' is not assignable to type 'UserRole'.
src/infrastructure/auth/service.ts(70,32): error TS2339: Property 'twoFactorEnabled' does not exist on type 'User'.
src/infrastructure/auth/service.ts(73,7): error TS2561: Object literal may only specify known properties, but 'notifications' does not exist in type 'UserPreferences'. Did you mean to write 'smsNotifications'?
src/infrastructure/auth/services/auth-api-service.ts(82,22): error TS2353: Object literal may only specify known properties, and 'field' does not exist in type 'Partial<ErrorContext>'.
src/infrastructure/auth/services/auth-api-service.ts(91,24): error TS2353: Object literal may only specify known properties, and 'field' does not exist in type 'Partial<ErrorContext>'.
src/infrastructure/auth/services/auth-api-service.ts(352,22): error TS2353: Object literal may only specify known properties, and 'field' does not exist in type 'Partial<ErrorContext>'.
src/infrastructure/auth/services/auth-api-service.ts(565,7): error TS2741: Property 'name' is missing in type 'ClientError' but required in type 'Error'.
src/infrastructure/auth/services/auth-api-service.ts(570,5): error TS2741: Property 'name' is missing in type 'ClientError' but required in type 'Error'.
src/infrastructure/auth/store/auth-slice.ts(11,22): error TS6133: 'ThunkResult' is declared but its value is never read.
src/infrastructure/auth/store/auth-slice.ts(94,3): error TS7030: Not all code paths return a value.
src/infrastructure/auth/store/auth-slice.ts(108,3): error TS7030: Not all code paths return a value.
src/infrastructure/auth/store/auth-slice.ts(124,3): error TS7030: Not all code paths return a value.
src/infrastructure/auth/store/auth-slice.ts(145,3): error TS7030: Not all code paths return a value.
src/infrastructure/auth/store/auth-slice.ts(190,3): error TS7030: Not all code paths return a value.
src/infrastructure/auth/store/auth-slice.ts(248,3): error TS7030: Not all code paths return a value.
src/infrastructure/auth/store/auth-slice.ts(276,3): error TS7030: Not all code paths return a value.
src/infrastructure/auth/store/auth-slice.ts(290,3): error TS7030: Not all code paths return a value.
src/infrastructure/auth/store/auth-slice.ts(306,3): error TS7030: Not all code paths return a value.
src/infrastructure/auth/store/auth-slice.ts(590,22): error TS2339: Property 'twoFactorEnabled' does not exist on type 'WritableDraft<User>'.
src/infrastructure/auth/store/auth-slice.ts(610,22): error TS2339: Property 'twoFactorEnabled' does not exist on type 'WritableDraft<User>'.
src/infrastructure/auth/store/auth-slice.ts(774,20): error TS2339: Property 'name' does not exist on type 'User'.
src/infrastructure/auth/store/auth-slice.ts(776,32): error TS2339: Property 'twoFactorEnabled' does not exist on type 'User'.
src/infrastructure/auth/utils/security-helpers.ts(30,22): error TS2532: Object is possibly 'undefined'.
src/infrastructure/browser/BrowserCompatibilityChecker.tsx(12,10): error TS2305: Module '"@client/infrastructure"' has no exported member 'loadPolyfills'.
src/infrastructure/browser/BrowserCompatibilityChecker.tsx(13,10): error TS2305: Module '"@client/infrastructure"' has no exported member 'getBrowserInfo'.
src/infrastructure/browser/BrowserCompatibilityChecker.tsx(13,31): error TS2305: Module '"@client/infrastructure"' has no exported member 'BrowserInfo'.
src/infrastructure/browser/BrowserCompatibilityChecker.tsx(66,16): error TS18046: 'status' is of type 'unknown'.
src/infrastructure/browser/BrowserCompatibilityChecker.tsx(66,33): error TS18046: 'status' is of type 'unknown'.
src/infrastructure/browser/BrowserCompatibilityChecker.tsx(67,72): error TS18046: 'status' is of type 'unknown'.
src/infrastructure/browser/BrowserCompatibilityChecker.tsx(274,42): error TS7006: Parameter 'warning' implicitly has an 'any' type.
src/infrastructure/browser/BrowserCompatibilityChecker.tsx(274,51): error TS7006: Parameter 'index' implicitly has an 'any' type.
src/infrastructure/browser/BrowserCompatibilityChecker.tsx(428,46): error TS7006: Parameter 'warning' implicitly has an 'any' type.
src/infrastructure/browser/BrowserCompatibilityChecker.tsx(428,55): error TS7006: Parameter 'index' implicitly has an 'any' type.
src/infrastructure/browser/BrowserCompatibilityChecker.tsx(462,53): error TS7006: Parameter 'recommendation' implicitly has an 'any' type.
src/infrastructure/browser/BrowserCompatibilityChecker.tsx(462,69): error TS7006: Parameter 'index' implicitly has an 'any' type.
src/infrastructure/browser/BrowserCompatibilityReport.tsx(66,9): error TS6133: 'getScoreColor' is declared but its value is never read.
src/infrastructure/browser/BrowserCompatibilityTester.tsx(11,3): error TS6133: 'getBrowserCompatibilityStatus' is declared but its value is never read.
src/infrastructure/browser/BrowserCompatibilityTester.tsx(15,1): error TS6133: 'logger' is declared but its value is never read.
src/infrastructure/browser/BrowserCompatibilityTester.tsx(48,48): error TS6133: 'i' is declared but its value is never read.
src/infrastructure/browser/BrowserCompatibilityTester.tsx(270,28): error TS18046: 'issue' is of type 'unknown'.
src/infrastructure/browser/BrowserCompatibilityTester.tsx(270,55): error TS18046: 'issue' is of type 'unknown'.
src/infrastructure/browser/feature-detector.ts(52,15): error TS6196: 'Test' is declared but never used.
src/infrastructure/browser/FeatureFallbacks.tsx(49,25): error TS2532: Object is possibly 'undefined'.
src/infrastructure/browser/polyfill-manager.ts(148,43): error TS2345: Argument of type 'string | undefined' is not assignable to parameter of type 'string'.
src/infrastructure/browser/useBrowserStatus.tsx(29,10): error TS2305: Module '"@client/infrastructure"' has no exported member 'browserCompatibilityManager'.
src/infrastructure/browser/useBrowserStatus.tsx(29,44): error TS2305: Module '"@client/infrastructure"' has no exported member 'CompatibilityStatus'.
src/infrastructure/browser/useBrowserStatus.tsx(196,58): error TS7006: Parameter 'rec' implicitly has an 'any' type.
src/infrastructure/browser/useBrowserStatus.tsx(196,63): error TS7006: Parameter 'i' implicitly has an 'any' type.
src/infrastructure/browser/useBrowserStatus.tsx(287,37): error TS7006: Parameter 'warning' implicitly has an 'any' type.
src/infrastructure/browser/useBrowserStatus.tsx(287,46): error TS7006: Parameter 'i' implicitly has an 'any' type.
src/infrastructure/browser/useBrowserStatus.tsx(299,44): error TS7006: Parameter 'rec' implicitly has an 'any' type.
src/infrastructure/browser/useBrowserStatus.tsx(299,49): error TS7006: Parameter 'i' implicitly has an 'any' type.
src/infrastructure/command-palette/CommandPalette.tsx(26,3): error TS6196: 'CommandSection' is declared but never used.
src/infrastructure/command-palette/CommandPalette.tsx(232,56): error TS2532: Object is possibly 'undefined'.
src/infrastructure/command-palette/CommandPalette.tsx(238,13): error TS18048: 'commands' is possibly 'undefined'.
src/infrastructure/command-palette/CommandPalette.tsx(243,13): error TS2322: Type 'Command[] | undefined' is not assignable to type 'Command[]'.
src/infrastructure/command-palette/CommandPalette.tsx(251,9): error TS18048: 'groupedCommands.other.length' is possibly 'undefined'.
src/infrastructure/command-palette/CommandPalette.tsx(255,9): error TS2322: Type 'Command[] | undefined' is not assignable to type 'Command[]'.
src/infrastructure/command-palette/Modal.tsx(102,13): error TS7030: Not all code paths return a value.
src/infrastructure/command-palette/useCommandPalette.ts(22,13): error TS7030: Not all code paths return a value.
src/infrastructure/command-palette/useCommandPalette.ts(39,13): error TS7030: Not all code paths return a value.
src/infrastructure/community/types.ts(11,3): error TS6196: 'ActivityItem' is declared but never used.
src/infrastructure/consolidation/consolidation-algorithm.ts(10,1): error TS6133: 'fs' is declared but its value is never read.
src/infrastructure/consolidation/consolidation-algorithm.ts(12,33): error TS6133: 'ConsolidationMapping' is declared but its value is never read.
src/infrastructure/consolidation/consolidation-algorithm.ts(160,5): error TS2532: Object is possibly 'undefined'.
src/infrastructure/consolidation/consolidation-algorithm.ts(212,5): error TS2532: Object is possibly 'undefined'.
src/infrastructure/consolidation/consolidation-algorithm.ts(236,5): error TS2532: Object is possibly 'undefined'.
src/infrastructure/consolidation/consolidation-algorithm.ts(286,15): error TS6133: 'name' is declared but its value is never read.
src/infrastructure/consolidation/consolidation-algorithm.ts(289,23): error TS2345: Argument of type 'Implementation | undefined' is not assignable to parameter of type 'Implementation'.
src/infrastructure/consolidation/di-container.ts(174,13): error TS6133: 'dependencies' is declared but its value is never read.
src/infrastructure/consolidation/index.ts(29,1): error TS2308: Module './module-structure' has already exported a member named 'ModuleStructure'. Consider explicitly re-exporting to resolve the ambiguity.
src/infrastructure/consolidation/interface-extraction.ts(10,24): error TS6196: 'SourceFile' is declared but never used.
src/infrastructure/consolidation/interface-extraction.ts(10,36): error TS6196: 'InterfaceDeclaration' is declared but never used.
src/infrastructure/consolidation/interface-extraction.ts(10,58): error TS6196: 'TypeAliasDeclaration' is declared but never used.
src/infrastructure/consolidation/interface-extraction.ts(290,9): error TS6133: 'targetFile' is declared but its value is never read.
src/infrastructure/consolidation/migration-script.ts(105,13): error TS6133: 'importInfo' is declared but its value is never read.
src/infrastructure/consolidation/migration-script.ts(183,39): error TS6133: 'newPath' is declared but its value is never read.
src/infrastructure/consolidation/rollback.ts(284,13): error TS6133: 'stdout' is declared but its value is never read.
src/infrastructure/core-monitoring.ts(18,3): error TS6133: 'ErrorSeverity' is declared but its value is never read.
src/infrastructure/core-monitoring.ts(23,31): error TS2749: 'ErrorAggregationService' refers to a value, but is being used as a type here. Did you mean 'typeof ErrorAggregationService'?
src/infrastructure/core-monitoring.ts(24,29): error TS2749: 'CrossSystemErrorAnalytics' refers to a value, but is being used as a type here. Did you mean 'typeof CrossSystemErrorAnalytics'?
src/infrastructure/core-monitoring.ts(33,11): error TS6133: 'enabledOperations' is declared but its value is never read.
src/infrastructure/core-monitoring.ts(70,15): error TS2693: 'ClientSystem' only refers to a type, but is being used as a value here.
src/infrastructure/core-monitoring.ts(79,38): error TS2693: 'ClientSystem' only refers to a type, but is being used as a value here.
src/infrastructure/core-monitoring.ts(90,7): error TS2693: 'ClientSystem' only refers to a type, but is being used as a value here.
src/infrastructure/core-monitoring.ts(115,17): error TS2693: 'ClientSystem' only refers to a type, but is being used as a value here.
src/infrastructure/core-monitoring.ts(123,66): error TS2693: 'ClientSystem' only refers to a type, but is being used as a value here.
src/infrastructure/core-monitoring.ts(132,26): error TS7006: Parameter 'err' implicitly has an 'any' type.
src/infrastructure/core-monitoring.ts(154,48): error TS7006: Parameter 'e' implicitly has an 'any' type.
src/infrastructure/core-monitoring.ts(155,47): error TS7006: Parameter 'e' implicitly has an 'any' type.
src/infrastructure/core-monitoring.ts(166,49): error TS7006: Parameter 'e' implicitly has an 'any' type.
src/infrastructure/core-monitoring.ts(175,47): error TS7006: Parameter 's' implicitly has an 'any' type.
src/infrastructure/core-monitoring.ts(175,65): error TS2693: 'ClientSystem' only refers to a type, but is being used as a value here.
src/infrastructure/core-monitoring.ts(183,7): error TS2693: 'ClientSystem' only refers to a type, but is being used as a value here.
src/infrastructure/core-monitoring.ts(195,15): error TS2693: 'ClientSystem' only refers to a type, but is being used as a value here.
src/infrastructure/core-monitoring.ts(233,60): error TS2693: 'ClientSystem' only refers to a type, but is being used as a value here.
src/infrastructure/core-monitoring.ts(245,20): error TS7006: Parameter 'err' implicitly has an 'any' type.
src/infrastructure/core-monitoring.ts(362,15): error TS2693: 'ClientSystem' only refers to a type, but is being used as a value here.
src/infrastructure/core-monitoring.ts(378,8): error TS2693: 'ErrorSeverity' only refers to a type, but is being used as a value here.
src/infrastructure/core-monitoring.ts(379,8): error TS2693: 'ErrorSeverity' only refers to a type, but is being used as a value here.
src/infrastructure/core-monitoring.ts(380,8): error TS2693: 'ErrorSeverity' only refers to a type, but is being used as a value here.
src/infrastructure/core-monitoring.ts(381,8): error TS2693: 'ErrorSeverity' only refers to a type, but is being used as a value here.
src/infrastructure/core-monitoring.ts(382,8): error TS2693: 'ErrorSeverity' only refers to a type, but is being used as a value here.
src/infrastructure/core-monitoring.ts(431,17): error TS2693: 'ClientSystem' only refers to a type, but is being used as a value here.
src/infrastructure/core-monitoring.ts(449,7): error TS2693: 'ClientSystem' only refers to a type, but is being used as a value here.
src/infrastructure/error/analytics.ts(268,11): error TS6133: 'baselineData' is declared but its value is never read.
src/infrastructure/error/analytics.ts(614,25): error TS2532: Object is possibly 'undefined'.
src/infrastructure/error/analytics.ts(696,22): error TS2532: Object is possibly 'undefined'.
src/infrastructure/error/analytics.ts(696,38): error TS2532: Object is possibly 'undefined'.
src/infrastructure/error/analytics.ts(767,34): error TS6133: 'pattern' is declared but its value is never read.
src/infrastructure/error/analytics.ts(773,22): error TS2339: Property 'BLOCKER' does not exist on type 'typeof ErrorSeverity'.
src/infrastructure/error/analytics.ts(1085,23): error TS2532: Object is possibly 'undefined'.
src/infrastructure/error/analytics.ts(1086,24): error TS2532: Object is possibly 'undefined'.
src/infrastructure/error/analytics.ts(1089,9): error TS2532: Object is possibly 'undefined'.
src/infrastructure/error/analytics.ts(1097,7): error TS2532: Object is possibly 'undefined'.
src/infrastructure/error/analytics.ts(1102,9): error TS2532: Object is possibly 'undefined'.
src/infrastructure/error/classes.ts(30,19): error TS4114: This member must have an 'override' modifier because it overrides a member in the base class 'Error'.
src/infrastructure/error/components/CommunityErrorBoundary.tsx(64,24): error TS2693: 'BaseError' only refers to a type, but is being used as a value here.
src/infrastructure/error/components/CommunityErrorBoundary.tsx(66,15): error TS2693: 'BaseError' only refers to a type, but is being used as a value here.
src/infrastructure/error/components/CommunityErrorBoundary.tsx(90,3): error TS4114: This member must have an 'override' modifier because it overrides a member in the base class 'Component<CommunityErrorBoundaryProps, CommunityErrorBoundaryState, any>'.
src/infrastructure/error/components/CommunityErrorBoundary.tsx(93,24): error TS2693: 'BaseError' only refers to a type, but is being used as a value here.
src/infrastructure/error/components/CommunityErrorBoundary.tsx(95,15): error TS2693: 'BaseError' only refers to a type, but is being used as a value here.
src/infrastructure/error/components/CommunityErrorBoundary.tsx(128,3): error TS4114: This member must have an 'override' modifier because it overrides a member in the base class 'Component<CommunityErrorBoundaryProps, CommunityErrorBoundaryState, any>'.
src/infrastructure/error/components/CommunityErrorBoundary.tsx(178,3): error TS4114: This member must have an 'override' modifier because it overrides a member in the base class 'Component<CommunityErrorBoundaryProps, CommunityErrorBoundaryState, any>'.
src/infrastructure/error/components/CommunityErrorBoundary.tsx(191,17): error TS2339: Property 'metadata' does not exist on type 'BaseError'.
src/infrastructure/error/components/CommunityErrorBoundary.tsx(193,21): error TS2339: Property 'metadata' does not exist on type 'BaseError'.
src/infrastructure/error/components/CommunityErrorBoundary.tsx(195,23): error TS2339: Property 'metadata' does not exist on type 'BaseError'.
src/infrastructure/error/components/CommunityErrorBoundary.tsx(199,39): error TS2339: Property 'metadata' does not exist on type 'BaseError'.
src/infrastructure/error/components/CommunityErrorBoundary.tsx(230,11): error TS2741: Property 'name' is missing in type 'BaseError' but required in type 'Error'.
src/infrastructure/error/components/CommunityErrorBoundary.tsx(237,39): error TS2339: Property 'errorId' does not exist on type 'BaseError'.
src/infrastructure/error/components/ErrorFallback.tsx(114,20): error TS2339: Property 'BLOCKER' does not exist on type 'typeof ErrorSeverity'.
src/infrastructure/error/components/ServiceUnavailable.tsx(5,22): error TS6133: 'service' is declared but its value is never read.
src/infrastructure/error/components/ServiceUnavailable.tsx(9,30): error TS6133: 'service' is declared but its value is never read.
src/infrastructure/error/components/SimpleErrorBoundary.tsx(47,3): error TS4114: This member must have an 'override' modifier because it overrides a member in the base class 'Component<Props, State, any>'.
src/infrastructure/error/components/SimpleErrorBoundary.tsx(54,3): error TS4114: This member must have an 'override' modifier because it overrides a member in the base class 'Component<Props, State, any>'.
src/infrastructure/error/components/utils/contextual-messages.ts(8,1): error TS6133: 'AppError' is declared but its value is never read.
src/infrastructure/error/components/utils/error-icons.tsx(2,1): error TS6133: 'React' is declared but its value is never read.
src/infrastructure/error/core/factory.ts(25,33): error TS2532: Object is possibly 'undefined'.
src/infrastructure/error/error-rate-limiter.ts(101,36): error TS6133: 'args' is declared but its value is never read.
src/infrastructure/error/index.ts(12,3): error TS2300: Duplicate identifier 'BaseError'.
src/infrastructure/error/index.ts(75,10): error TS2300: Duplicate identifier 'ErrorDomain'.
src/infrastructure/error/index.ts(75,23): error TS2300: Duplicate identifier 'ErrorSeverity'.
src/infrastructure/error/index.ts(76,28): error TS2300: Duplicate identifier 'ErrorContext'.
src/infrastructure/error/index.ts(152,3): error TS2300: Duplicate identifier 'BaseError'.
src/infrastructure/error/index.ts(198,20): error TS2339: Property 'addReporter' does not exist on type 'ErrorHandler'.
src/infrastructure/error/index.ts(205,27): error TS2339: Property 'removeReporter' does not exist on type 'ErrorHandler'.
src/infrastructure/error/index.ts(212,27): error TS2339: Property 'getReporters' does not exist on type 'ErrorHandler'.
src/infrastructure/error/index.ts(244,34): error TS2307: Cannot find module './rate-limiter' or its corresponding type declarations.
src/infrastructure/error/index.ts(347,3): error TS2300: Duplicate identifier 'ErrorContext'.
src/infrastructure/error/index.ts(348,3): error TS2300: Duplicate identifier 'ErrorDomain'.
src/infrastructure/error/index.ts(349,3): error TS2300: Duplicate identifier 'ErrorSeverity'.
src/infrastructure/error/index.ts(360,20): error TS2339: Property 'initialize' does not exist on type 'ErrorHandler'.
src/infrastructure/error/index.ts(368,27): error TS2339: Property 'getErrorStats' does not exist on type 'ErrorHandler'.
src/infrastructure/error/index.ts(375,3): error TS2322: Type 'ClientError[]' is not assignable to type 'AppError[]'.
src/infrastructure/error/index.ts(382,3): error TS2322: Type 'ClientError[]' is not assignable to type 'AppError[]'.
src/infrastructure/error/index.ts(389,3): error TS2322: Type 'ClientError[]' is not assignable to type 'AppError[]'.
src/infrastructure/error/index.ts(396,20): error TS2339: Property 'clearErrors' does not exist on type 'ErrorHandler'.
src/infrastructure/error/index.ts(405,70): error TS2345: Argument of type 'Partial<AppError>' is not assignable to parameter of type 'ClientError'.
src/infrastructure/error/index.ts(408,55): error TS2339: Property 'getErrorStats' does not exist on type 'ErrorHandler'.
src/infrastructure/error/index.ts(410,53): error TS2551: Property 'addErrorListener' does not exist on type 'ErrorHandler'. Did you mean 'addListener'?
src/infrastructure/error/index.ts(414,53): error TS2551: Property 'removeErrorListener' does not exist on type 'ErrorHandler'. Did you mean 'removeListener'?
src/infrastructure/error/index.ts(430,3): error TS2740: Type 'ClientError' is missing the following properties from type 'AppError': domain, recoveryStrategies, retryCount, toJSON, and 4 more.
src/infrastructure/error/index.ts(435,5): error TS2322: Type 'Partial<ErrorContext> | undefined' is not assignable to type 'ErrorContext'.
src/infrastructure/error/messages/error-message-formatter.ts(10,10): error TS6133: 'ErrorMessageTemplate' is declared but its value is never read.
src/infrastructure/error/messages/error-message-formatter.ts(308,9): error TS2739: Type '{ network: string; authentication: string; authorization: string; validation: string; database: string; external_service: string; business_logic: string; cache: string; system: string; unknown: string; ... 14 more ...; file_system: string; }' is missing the following properties from type 'Record<ErrorDomain, string>': infrastructure, data
src/infrastructure/error/messages/error-message-templates.ts(350,5): error TS2322: Type 'ErrorMessageTemplate | undefined' is not assignable to type 'ErrorMessageTemplate'.
src/infrastructure/error/messages/error-message-templates.ts(359,5): error TS2322: Type 'ErrorMessageTemplate | undefined' is not assignable to type 'ErrorMessageTemplate'.
src/infrastructure/error/messages/error-message-templates.ts(439,10): error TS2532: Object is possibly 'undefined'.
src/infrastructure/error/messages/error-recovery-suggestions.ts(11,20): error TS6133: 'ErrorContext' is declared but its value is never read.
src/infrastructure/error/messages/error-recovery-suggestions.ts(11,34): error TS6133: 'ErrorRecoveryStrategy' is declared but its value is never read.
src/infrastructure/error/messages/error-recovery-suggestions.ts(260,17): error TS6133: 'error' is declared but its value is never read.
src/infrastructure/error/messages/error-recovery-suggestions.ts(280,3): error TS6133: 'error' is declared but its value is never read.
src/infrastructure/error/middleware/hooks-middleware.ts(16,3): error TS6133: 'ErrorRecoveryStrategy' is declared but its value is never read.
src/infrastructure/error/middleware/hooks-middleware.ts(125,3): error TS4114: This member must have an 'override' modifier because it overrides a member in the base class 'Component<HookErrorBoundaryProps, HookErrorBoundaryState, any>'.
src/infrastructure/error/middleware/hooks-middleware.ts(162,3): error TS4114: This member must have an 'override' modifier because it overrides a member in the base class 'Component<HookErrorBoundaryProps, HookErrorBoundaryState, any>'.
src/infrastructure/error/middleware/hooks-middleware.ts(168,3): error TS4114: This member must have an 'override' modifier because it overrides a member in the base class 'Component<HookErrorBoundaryProps, HookErrorBoundaryState, any>'.
src/infrastructure/error/middleware/hooks-middleware.ts(240,22): error TS2339: Property 'addReporter' does not exist on type 'ErrorHandler'.
src/infrastructure/error/middleware/hooks-middleware.ts(248,34): error TS2345: Argument of type 'AppError' is not assignable to parameter of type 'ClientError'.
src/infrastructure/error/middleware/hooks-middleware.ts(366,34): error TS6133: 'error' is declared but its value is never read.
src/infrastructure/error/middleware/hooks-middleware.ts(393,57): error TS6133: 'context' is declared but its value is never read.
src/infrastructure/error/middleware/hooks-middleware.ts(423,5): error TS6133: 'context' is declared but its value is never read.
src/infrastructure/error/middleware/hooks-middleware.ts(516,5): error TS6133: 'error' is declared but its value is never read.
src/infrastructure/error/middleware/hooks-middleware.ts(543,5): error TS6133: 'error' is declared but its value is never read.
src/infrastructure/error/middleware/hooks-middleware.ts(566,5): error TS6133: 'error' is declared but its value is never read.
src/infrastructure/error/middleware/hooks-middleware.ts(590,5): error TS6133: 'context' is declared but its value is never read.
src/infrastructure/error/middleware/library-middleware.ts(260,22): error TS2339: Property 'addReporter' does not exist on type 'ErrorHandler'.
src/infrastructure/error/middleware/library-middleware.ts(339,46): error TS2345: Argument of type 'AppError' is not assignable to parameter of type 'ClientError'.
src/infrastructure/error/middleware/library-middleware.ts(344,42): error TS2345: Argument of type 'AppError' is not assignable to parameter of type 'ClientError'.
src/infrastructure/error/middleware/library-middleware.ts(532,5): error TS6133: 'context' is declared but its value is never read.
src/infrastructure/error/middleware/library-middleware.ts(640,5): error TS6133: 'error' is declared but its value is never read.
src/infrastructure/error/middleware/library-middleware.ts(661,42): error TS2345: Argument of type 'AppError' is not assignable to parameter of type 'ClientError'.
src/infrastructure/error/middleware/library-middleware.ts(669,5): error TS6133: 'error' is declared but its value is never read.
src/infrastructure/error/middleware/library-middleware.ts(685,42): error TS2345: Argument of type 'AppError' is not assignable to parameter of type 'ClientError'.
src/infrastructure/error/middleware/library-middleware.ts(694,5): error TS6133: 'context' is declared but its value is never read.
src/infrastructure/error/middleware/security-middleware.ts(88,22): error TS2339: Property 'addReporter' does not exist on type 'ErrorHandler'.
src/infrastructure/error/middleware/security-middleware.ts(209,5): error TS6133: 'context' is declared but its value is never read.
src/infrastructure/error/middleware/security-middleware.ts(317,5): error TS6133: 'error' is declared but its value is never read.
src/infrastructure/error/middleware/security-middleware.ts(321,11): error TS6133: 'currentTime' is declared but its value is never read.
src/infrastructure/error/middleware/security-middleware.ts(343,42): error TS2345: Argument of type 'AppError' is not assignable to parameter of type 'ClientError'.
src/infrastructure/error/middleware/security-middleware.ts(352,5): error TS6133: 'context' is declared but its value is never read.
src/infrastructure/error/middleware/security-middleware.ts(406,40): error TS2345: Argument of type 'AppError' is not assignable to parameter of type 'ClientError'.
src/infrastructure/error/middleware/service-middleware.ts(276,22): error TS2339: Property 'addReporter' does not exist on type 'ErrorHandler'.
src/infrastructure/error/middleware/service-middleware.ts(347,42): error TS2345: Argument of type 'AppError' is not assignable to parameter of type 'ClientError'.
src/infrastructure/error/middleware/service-middleware.ts(587,5): error TS6133: 'error' is declared but its value is never read.
src/infrastructure/error/middleware/service-middleware.ts(604,42): error TS2345: Argument of type 'AppError' is not assignable to parameter of type 'ClientError'.
src/infrastructure/error/middleware/service-middleware.ts(612,5): error TS6133: 'error' is declared but its value is never read.
src/infrastructure/error/middleware/service-middleware.ts(637,42): error TS2345: Argument of type 'AppError' is not assignable to parameter of type 'ClientError'.
src/infrastructure/error/middleware/service-middleware.ts(646,5): error TS6133: 'context' is declared but its value is never read.
src/infrastructure/error/monitoring.tsx(11,24): error TS2307: Cannot find module '@sentry/replay' or its corresponding type declarations.
src/infrastructure/error/monitoring.tsx(81,9): error TS2322: Type '(event: ErrorEvent, hint: EventHint) => Event | null' is not assignable to type '(event: ErrorEvent, hint: EventHint) => ErrorEvent | PromiseLike<ErrorEvent | null> | null'.
src/infrastructure/error/monitoring.tsx(447,19): error TS4113: This member cannot have an 'override' modifier because it is not declared in the base class 'Component<{ children: ReactNode; fallback?: ComponentType<{ error: Error; }> | undefined; }, { hasError: boolean; error?: Error | undefined; }, any>'.
src/infrastructure/error/monitoring.tsx(461,3): error TS4114: This member must have an 'override' modifier because it overrides a member in the base class 'Component<{ children: ReactNode; fallback?: ComponentType<{ error: Error; }> | undefined; }, { hasError: boolean; error?: Error | undefined; }, any>'.
src/infrastructure/error/recovery.ts(646,22): error TS2339: Property 'addRecoveryStrategy' does not exist on type 'ErrorHandler'.
src/infrastructure/error/reporters/CompositeReporter.ts(162,15): error TS2532: Object is possibly 'undefined'.
src/infrastructure/error/reporters/CompositeReporter.ts(164,37): error TS2532: Object is possibly 'undefined'.
src/infrastructure/error/reporters/ConsoleReporter.ts(99,22): error TS2339: Property 'BLOCKER' does not exist on type 'typeof ErrorSeverity'.
src/infrastructure/error/serialization.ts(12,66): error TS2307: Cannot find module './unified-types' or its corresponding type declarations.
src/infrastructure/error/types.ts(174,19): error TS4114: This member must have an 'override' modifier because it overrides a member in the base class 'Error'.
src/infrastructure/error/types.ts(175,19): error TS4114: This member must have an 'override' modifier because it overrides a member in the base class 'Error'.
src/infrastructure/index.ts(4,1): error TS2308: Module './store' has already exported a member named 'SessionInfo'. Consider explicitly re-exporting to resolve the ambiguity.
src/infrastructure/integration-validator.ts(65,11): error TS6133: '_coreSubsystems' is declared but its value is never read.
src/infrastructure/mobile/performance-optimizer.ts(89,21): error TS18048: 'last' is possibly 'undefined'.
src/infrastructure/mobile/performance-optimizer.ts(89,28): error TS18048: 'first' is possibly 'undefined'.
src/infrastructure/mobile/performance-optimizer.ts(201,19): error TS18048: 'measure' is possibly 'undefined'.
src/infrastructure/mobile/touch-handler.ts(173,31): error TS18048: 'touch' is possibly 'undefined'.
src/infrastructure/mobile/touch-handler.ts(173,49): error TS18048: 'touch' is possibly 'undefined'.
src/infrastructure/mobile/touch-handler.ts(177,58): error TS2345: Argument of type 'Touch | undefined' is not assignable to parameter of type 'Touch'.
src/infrastructure/mobile/touch-handler.ts(205,25): error TS18048: 'touch' is possibly 'undefined'.
src/infrastructure/mobile/touch-handler.ts(205,43): error TS18048: 'touch' is possibly 'undefined'.
src/infrastructure/mobile/touch-handler.ts(270,31): error TS18048: 'touch' is possibly 'undefined'.
src/infrastructure/mobile/touch-handler.ts(270,49): error TS18048: 'touch' is possibly 'undefined'.
src/infrastructure/mobile/touch-handler.ts(295,54): error TS2345: Argument of type 'Touch | undefined' is not assignable to parameter of type 'Touch'.
src/infrastructure/mobile/touch-handler.ts(299,24): error TS2532: Object is possibly 'undefined'.
src/infrastructure/mobile/touch-handler.ts(299,51): error TS2532: Object is possibly 'undefined'.
src/infrastructure/mobile/touch-handler.ts(300,24): error TS2532: Object is possibly 'undefined'.
src/infrastructure/mobile/touch-handler.ts(300,51): error TS2532: Object is possibly 'undefined'.
src/infrastructure/navigation/access-control.ts(86,16): error TS2322: Type '"admin"' is not assignable to type 'UserRole'.
src/infrastructure/navigation/access-control.ts(87,30): error TS2322: Type '"expert"' is not assignable to type 'UserRole'.
src/infrastructure/navigation/access-control.ts(87,40): error TS2322: Type '"admin"' is not assignable to type 'UserRole'.
src/infrastructure/navigation/breadcrumbs.ts(89,28): error TS2345: Argument of type 'string | undefined' is not assignable to parameter of type 'string'.
src/infrastructure/navigation/breadcrumbs.ts(99,21): error TS18048: 'segment' is possibly 'undefined'.
src/infrastructure/navigation/hooks/use-navigation-performance.ts(37,29): error TS2571: Object is of type 'unknown'.
src/infrastructure/navigation/hooks/use-navigation-preferences.tsx(2,1): error TS6133: 'React' is declared but its value is never read.
src/infrastructure/navigation/lookup.ts(148,10): error TS18048: 'lastSegment' is possibly 'undefined'.
src/infrastructure/navigation/NavigationConsistency.tsx(260,13): error TS7030: Not all code paths return a value.
src/infrastructure/navigation/route-preloading.ts(72,5): error TS2322: Type '{} | null' is not assignable to type 'NavigatorConnection | null'.
src/infrastructure/navigation/route-validation.ts(197,9): error TS6133: 'validPaths' is declared but its value is never read.
src/infrastructure/navigation/test-navigation.ts(19,3): error TS2322: Type 'unknown' is not assignable to type 'string | undefined'.
src/infrastructure/navigation/test-navigation.ts(31,5): error TS2322: Type 'unknown' is not assignable to type 'string | undefined'.
src/infrastructure/navigation/test-navigation.ts(40,5): error TS2322: Type 'unknown' is not assignable to type 'string | undefined'.
src/infrastructure/navigation/test-navigation.ts(52,54): error TS2345: Argument of type 'NavigationItem | undefined' is not assignable to parameter of type 'NavigationItem'.
src/infrastructure/navigation/test-navigation.ts(53,59): error TS2345: Argument of type 'NavigationItem | undefined' is not assignable to parameter of type 'NavigationItem'.
src/infrastructure/navigation/test-navigation.ts(54,57): error TS2345: Argument of type 'NavigationItem | undefined' is not assignable to parameter of type 'NavigationItem'.
src/infrastructure/navigation/utils.ts(167,3): error TS2322: Type 'string | undefined' is not assignable to type 'string'.
src/infrastructure/navigation/utils.ts(167,10): error TS2532: Object is possibly 'undefined'.
src/infrastructure/navigation/utils.ts(199,16): error TS2322: Type '"admin"' is not assignable to type 'UserRole'.
src/infrastructure/navigation/utils.ts(200,30): error TS2322: Type '"expert"' is not assignable to type 'UserRole'.
src/infrastructure/navigation/utils.ts(200,40): error TS2322: Type '"admin"' is not assignable to type 'UserRole'.
src/infrastructure/notifications/model/index.ts(11,3): error TS2724: '"./notification-service"' has no exported member named 'Notification'. Did you mean 'NotificationData'?
src/infrastructure/notifications/model/notification-service.ts(180,9): error TS2322: Type 'NotificationData | undefined' is not assignable to type 'NotificationPreferences | NotificationData'.
src/infrastructure/notifications/model/notification-service.ts(194,9): error TS2322: Type 'NotificationData | undefined' is not assignable to type 'NotificationPreferences | NotificationData'.
src/infrastructure/notifications/services/notifications.ts(21,5): error TS2322: Type 'unknown' is not assignable to type 'NotificationPreference[]'.
src/infrastructure/notifications/services/notifications.ts(38,12): error TS18046: 'response.data' is of type 'unknown'.
src/infrastructure/observability/analytics/index.ts(27,14): error TS6133: 'enabled' is declared but its value is never read.
src/infrastructure/observability/analytics/index.ts(73,18): error TS6133: 'enabled' is declared but its value is never read.
src/infrastructure/observability/analytics/index.ts(84,15): error TS6133: 'page' is declared but its value is never read.
src/infrastructure/observability/analytics/index.ts(85,14): error TS6133: 'userId' is declared but its value is never read.
src/infrastructure/observability/analytics/index.ts(85,30): error TS6133: 'traits' is declared but its value is never read.
src/infrastructure/observability/error-monitoring/monitoring-init.ts(152,5): error TS2322: Type '{}' is not assignable to type 'string'.
src/infrastructure/observability/error-monitoring/monitoring-init.ts(157,69): error TS2339: Property 'VITE_SENTRY_DSN' does not exist on type '{}'.
src/infrastructure/observability/error-monitoring/monitoring-init.ts(160,79): error TS2339: Property 'VITE_DATADOG_APPLICATION_ID' does not exist on type '{}'.
src/infrastructure/observability/error-monitoring/monitoring-init.ts(161,77): error TS2339: Property 'VITE_DATADOG_CLIENT_TOKEN' does not exist on type '{}'.
src/infrastructure/observability/performance/performance-dashboard.tsx(1,8): error TS6133: 'React' is declared but its value is never read.
src/infrastructure/observability/performance/performance-dashboard.tsx(50,13): error TS7030: Not all code paths return a value.
src/infrastructure/observability/performance/performance-dashboard.tsx(54,24): error TS2339: Property 'onFID' does not exist on type 'typeof import("C:/Users/Access Granted/Downloads/projects/SimpleTool/node_modules/.pnpm/web-vitals@5.1.0/node_modules/web-vitals/dist/modules/index")'.
src/infrastructure/observability/performance/performance-dashboard.tsx(60,16): error TS7006: Parameter 'metric' implicitly has an 'any' type.
src/infrastructure/observability/personalization/persona-detector.ts(8,35): error TS2307: Cannot find module '../../lib/types/analytics' or its corresponding type declarations.
src/infrastructure/observability/personalization/persona-detector.ts(9,27): error TS2307: Cannot find module '../auth/types' or its corresponding type declarations.
src/infrastructure/observability/personalization/persona-detector.ts(345,11): error TS2488: Type '[PersonaType, number] | undefined' must have a '[Symbol.iterator]()' method that returns an iterator.
src/infrastructure/observability/personalization/persona-detector.ts(346,12): error TS6133: 'secondPersona' is declared but its value is never read.
src/infrastructure/observability/system/HealthCheck.tsx(2,1): error TS6133: 'React' is declared but its value is never read.
src/infrastructure/recommendation/hooks/useRecommendations.ts(37,48): error TS2345: Argument of type 'string' is not assignable to parameter of type 'number'.
src/infrastructure/recommendation/hooks/useRecommendations.ts(42,34): error TS2551: Property 'getTrendingBills' does not exist on type '{ getPersonalized(limit?: number): Promise<RecommendationResponse>; getSimilarBills(billId: number, limit?: number): Promise<SimilarBillsResponse>; getTrending(days?: number, limit?: number): Promise<...>; getCollaborative(limit?: number): Promise<...>; trackEngagement(request: EngagementTrackingRequest): Promise<.....'. Did you mean 'getTrending'?
src/infrastructure/recommendation/hooks/useRecommendations.ts(44,34): error TS2339: Property 'getCollaborativeRecommendations' does not exist on type '{ getPersonalized(limit?: number): Promise<RecommendationResponse>; getSimilarBills(billId: number, limit?: number): Promise<SimilarBillsResponse>; getTrending(days?: number, limit?: number): Promise<...>; getCollaborative(limit?: number): Promise<...>; trackEngagement(request: EngagementTrackingRequest): Promise<.....'.
src/infrastructure/recommendation/hooks/useRecommendations.ts(47,34): error TS2339: Property 'getPersonalizedRecommendations' does not exist on type '{ getPersonalized(limit?: number): Promise<RecommendationResponse>; getSimilarBills(billId: number, limit?: number): Promise<SimilarBillsResponse>; getTrending(days?: number, limit?: number): Promise<...>; getCollaborative(limit?: number): Promise<...>; trackEngagement(request: EngagementTrackingRequest): Promise<.....'.
src/infrastructure/recommendation/hooks/useRecommendations.ts(77,38): error TS2339: Property 'getPersonalizedRecommendations' does not exist on type '{ getPersonalized(limit?: number): Promise<RecommendationResponse>; getSimilarBills(billId: number, limit?: number): Promise<SimilarBillsResponse>; getTrending(days?: number, limit?: number): Promise<...>; getCollaborative(limit?: number): Promise<...>; trackEngagement(request: EngagementTrackingRequest): Promise<.....'.
src/infrastructure/recommendation/hooks/useRecommendations.ts(86,38): error TS2551: Property 'getTrendingBills' does not exist on type '{ getPersonalized(limit?: number): Promise<RecommendationResponse>; getSimilarBills(billId: number, limit?: number): Promise<SimilarBillsResponse>; getTrending(days?: number, limit?: number): Promise<...>; getCollaborative(limit?: number): Promise<...>; trackEngagement(request: EngagementTrackingRequest): Promise<.....'. Did you mean 'getTrending'?
src/infrastructure/recommendation/hooks/useRecommendations.ts(95,54): error TS2345: Argument of type 'string' is not assignable to parameter of type 'number'.
src/infrastructure/recommendation/index.ts(26,3): error TS2305: Module '"./hooks/useRecommendations"' has no exported member 'useCollaborativeRecommendations'.
src/infrastructure/recommendation/ui/PersonalizedRecommendationsWidget.tsx(7,1): error TS6133: 'React' is declared but its value is never read.
src/infrastructure/recommendation/ui/RecommendationCard.tsx(7,1): error TS6133: 'React' is declared but its value is never read.
src/infrastructure/recommendation/ui/RecommendationCard.tsx(27,9): error TS2322: Type 'number' is not assignable to type 'string'.
src/infrastructure/recommendation/ui/RecommendationList.tsx(7,1): error TS6133: 'React' is declared but its value is never read.
src/infrastructure/recommendation/ui/SimilarBillsWidget.tsx(7,1): error TS6133: 'React' is declared but its value is never read.
src/infrastructure/recommendation/ui/SimilarBillsWidget.tsx(9,10): error TS2614: Module '"lucide-react"' has no exported member 'GitCompare'. Did you mean to use 'import GitCompare from "lucide-react"' instead?
src/infrastructure/recommendation/ui/SimilarBillsWidget.tsx(30,60): error TS2339: Property 'billId' does not exist on type 'BillRecommendation'.
src/infrastructure/recommendation/ui/TrendingBillsWidget.tsx(7,1): error TS6133: 'React' is declared but its value is never read.
src/infrastructure/scripts/check-jsdoc-coverage.ts(34,9): error TS18048: 'line' is possibly 'undefined'.
src/infrastructure/scripts/check-jsdoc-coverage.ts(34,41): error TS18048: 'line' is possibly 'undefined'.
src/infrastructure/scripts/check-jsdoc-coverage.ts(34,73): error TS18048: 'line' is possibly 'undefined'.
src/infrastructure/scripts/check-jsdoc-coverage.ts(39,25): error TS18048: 'line' is possibly 'undefined'.
src/infrastructure/scripts/check-jsdoc-coverage.ts(46,26): error TS2532: Object is possibly 'undefined'.
src/infrastructure/scripts/check-jsdoc-coverage.ts(57,9): error TS2322: Type 'string | undefined' is not assignable to type 'string'.
src/infrastructure/scripts/validate-api-documentation.ts(12,31): error TS6133: 'SyntaxKind' is declared but its value is never read.
src/infrastructure/scripts/validate-api-documentation.ts(66,34): error TS2339: Property 'getJsDocs' does not exist on type 'ExportSpecifier'.
src/infrastructure/scripts/validate-api-documentation.ts(73,33): error TS7006: Parameter 'doc' implicitly has an 'any' type.
src/infrastructure/scripts/validate-api-documentation.ts(73,59): error TS7006: Parameter 'tag' implicitly has an 'any' type.
src/infrastructure/scripts/validate-api-documentation.ts(87,44): error TS2532: Object is possibly 'undefined'.
src/infrastructure/scripts/validate-api-documentation.ts(101,44): error TS2532: Object is possibly 'undefined'.
src/infrastructure/scripts/validate-api-documentation.ts(117,46): error TS2532: Object is possibly 'undefined'.
src/infrastructure/search/search-strategy-selector.ts(48,17): error TS18048: 'primary' is possibly 'undefined'.
src/infrastructure/search/search-strategy-selector.ts(49,15): error TS18048: 'primary' is possibly 'undefined'.
src/infrastructure/search/search-strategy-selector.ts(50,19): error TS18048: 'primary' is possibly 'undefined'.
src/infrastructure/search/search-strategy-selector.ts(51,17): error TS18048: 'fallback' is possibly 'undefined'.
src/infrastructure/search/search-strategy-selector.ts(51,39): error TS18048: 'primary' is possibly 'undefined'.
src/infrastructure/search/search-strategy-selector.ts(51,58): error TS18048: 'fallback' is possibly 'undefined'.
src/infrastructure/search/types.ts(7,29): error TS6196: 'SearchMetadata' is declared but never used.
src/infrastructure/search/UnifiedSearchInterface.tsx(9,40): error TS6133: 'useEffect' is declared but its value is never read.
src/infrastructure/search/UnifiedSearchInterface.tsx(25,3): error TS6196: 'SearchProgress' is declared but never used.
src/infrastructure/search/UnifiedSearchInterface.tsx(33,3): error TS6133: 'showFilters' is declared but its value is never read.
src/infrastructure/search/UnifiedSearchInterface.tsx(46,10): error TS6133: 'searchResults' is declared but its value is never read.
src/infrastructure/search/UnifiedSearchInterface.tsx(56,9): error TS6133: 'intelligentSearchHook' is declared but its value is never read.
src/infrastructure/search/UnifiedSearchInterface.tsx(61,9): error TS6133: 'streamingSearchHook' is declared but its value is never read.
src/infrastructure/search/UnifiedSearchInterface.tsx(106,41): error TS2304: Cannot find name 'SearchStrategy'.
src/infrastructure/search/UnifiedSearchInterface.tsx(235,11): error TS18046: 'item' is of type 'unknown'.
src/infrastructure/search/UnifiedSearchInterface.tsx(236,13): error TS18046: 'item' is of type 'unknown'.
src/infrastructure/search/UnifiedSearchInterface.tsx(237,14): error TS18046: 'item' is of type 'unknown'.
src/infrastructure/search/UnifiedSearchInterface.tsx(238,16): error TS18046: 'item' is of type 'unknown'.
src/infrastructure/search/UnifiedSearchInterface.tsx(239,16): error TS18046: 'item' is of type 'unknown'.
src/infrastructure/search/UnifiedSearchInterface.tsx(240,23): error TS18046: 'item' is of type 'unknown'.
src/infrastructure/search/UnifiedSearchInterface.tsx(241,17): error TS18046: 'item' is of type 'unknown'.
src/infrastructure/search/UnifiedSearchInterface.tsx(246,7): error TS2322: Type 'unknown[]' is not assignable to type 'SearchResult[]'.
src/infrastructure/security/csp-manager.ts(370,21): error TS2532: Object is possibly 'undefined'.
src/infrastructure/security/headers/SecurityHeaders.ts(7,1): error TS6133: 'SecurityEvent' is declared but its value is never read.
src/infrastructure/security/input-sanitizer.ts(97,7): error TS2769: No overload matches this call.
src/infrastructure/security/input-sanitizer.ts(104,7): error TS2769: No overload matches this call.
src/infrastructure/security/ui/dashboard/SecureForm.tsx(40,19): error TS2344: Type 'UserFormValues' does not satisfy the constraint 'Record<string, unknown>'.
src/infrastructure/security/ui/dashboard/SecurityDashboard.tsx(23,3): error TS6133: 'Zap' is declared but its value is never read.
src/infrastructure/security/ui/dashboard/SecurityDashboard.tsx(25,8): error TS6133: 'React' is declared but its value is never read.
src/infrastructure/security/ui/dashboard/SecurityDashboard.tsx(92,13): error TS7030: Not all code paths return a value.
src/infrastructure/security/ui/dashboard/SecuritySettings.tsx(7,1): error TS6133: 'React' is declared but its value is never read.
src/infrastructure/security/ui/privacy/CookieConsentBanner.tsx(8,1): error TS6133: 'React' is declared but its value is never read.
src/infrastructure/security/ui/privacy/DataUsageReportDashboard.tsx(40,23): error TS2307: Cannot find module '../icons/ChanukaIcons' or its corresponding type declarations.
src/infrastructure/security/ui/privacy/DataUsageReportDashboard.tsx(100,13): error TS6133: 'privacyPolicySummary' is declared but its value is never read.
src/infrastructure/security/ui/privacy/privacy-policy.tsx(2,1): error TS6133: 'React' is declared but its value is never read.
src/infrastructure/security/ui/privacy/privacy-policy.tsx(12,1): error TS6133: 'logger' is declared but its value is never read.
src/infrastructure/security/vulnerability-scanner.ts(410,20): error TS2532: Object is possibly 'undefined'.
src/infrastructure/security/vulnerability-scanner.ts(473,32): error TS2352: Conversion of type 'Window & typeof globalThis' to type 'Record<string, unknown>' may be a mistake because neither type sufficiently overlaps with the other. If this was intentional, convert the expression to 'unknown' first.
src/infrastructure/security/vulnerability-scanner.ts(608,9): error TS2322: Type 'VulnerabilityReport' is not assignable to type 'Record<string, unknown>'.
src/infrastructure/storage/cache-storage.ts(495,25): error TS2532: Object is possibly 'undefined'.
src/infrastructure/storage/index.ts(57,42): error TS2307: Cannot find module './cache-manager' or its corresponding type declarations.
src/infrastructure/storage/offline-data-manager.ts(40,11): error TS6133: 'pendingRequests' is declared but its value is never read.
src/infrastructure/storage/sync/background-sync-manager.ts(24,11): error TS6133: 'autoSyncCleanup' is declared but its value is never read.
src/infrastructure/storage/sync/background-sync-manager.ts(79,27): error TS18046: 'action' is of type 'unknown'.
src/infrastructure/storage/sync/background-sync-manager.ts(88,34): error TS18046: 'action' is of type 'unknown'.
src/infrastructure/storage/sync/background-sync-manager.ts(89,15): error TS18046: 'action' is of type 'unknown'.
src/infrastructure/storage/sync/background-sync-manager.ts(93,13): error TS18046: 'action' is of type 'unknown'.
src/infrastructure/storage/sync/background-sync-manager.ts(93,42): error TS18046: 'action' is of type 'unknown'.
src/infrastructure/storage/sync/background-sync-manager.ts(112,47): error TS18046: 'action' is of type 'unknown'.
src/infrastructure/storage/sync/background-sync-manager.ts(120,71): error TS18046: 'a' is of type 'unknown'.
src/infrastructure/storage/sync/background-sync-manager.ts(121,7): error TS2322: Type 'unknown[]' is not assignable to type 'OfflineAction[]'.
src/infrastructure/store/slices/errorAnalyticsSlice.ts(15,32): error TS6133: 'ModelErrorOverviewMetrics' is declared but its value is never read.
src/infrastructure/validation/form-helpers.ts(22,14): error TS2532: Object is possibly 'undefined'.
src/infrastructure/validation/form-helpers.ts(37,14): error TS2532: Object is possibly 'undefined'.
src/infrastructure/validation/form-helpers.ts(217,5): error TS2532: Object is possibly 'undefined'.
src/infrastructure/validation/sanitization.ts(123,17): error TS2503: Cannot find namespace 'DOMPurify'.
src/infrastructure/validation/sanitization.ts(133,3): error TS2322: Type 'TrustedHTML' is not assignable to type 'string'.
src/infrastructure/validation/validator.ts(301,7): error TS2554: Expected 1-2 arguments, but got 3.
src/infrastructure/validation/validator.ts(308,29): error TS2352: Conversion of type '{ fields: ValidationFieldError[]; validationType: "field" | "custom" | "form" | "schema"; recoverable: boolean; retryable: boolean; id: string; code: ErrorCode; ... 8 more ...; stack?: string; }' to type 'ValidationError' may be a mistake because neither type sufficiently overlaps with the other. If this was intentional, convert the expression to 'unknown' first.
src/infrastructure/validation/validator.ts(315,30): error TS2345: Argument of type 'ValidationError' is not assignable to parameter of type 'ClientError'.
src/lib/a11y/live-region.tsx(1,28): error TS6133: 'useRef' is declared but its value is never read.
src/lib/a11y/live-region.tsx(12,13): error TS7030: Not all code paths return a value.
src/lib/a11y/live-region.tsx(36,35): error TS6133: 'politeness' is declared but its value is never read.
src/lib/a11y/skip-links.tsx(1,1): error TS6133: 'React' is declared but its value is never read.
src/lib/components/home/RecentActivity.tsx(94,30): error TS2322: Type 'unknown' is not assignable to type '"success" | "secondary" | "outline" | "default" | "warning" | "destructive" | null | undefined'.
src/lib/components/performance/PerformanceMonitor.tsx(13,63): error TS2307: Cannot find module '@client/features/admin/monitoring/model/performance-benchmarking' or its corresponding type declarations.
src/lib/components/performance/PerformanceMonitor.tsx(299,13): error TS7030: Not all code paths return a value.
src/lib/config/api.ts(156,19): error TS18046: 'config' is of type 'unknown'.
src/lib/config/feature-flags.ts(79,40): error TS2304: Cannot find name 'FeatureFlagKey'.
src/lib/config/feature-flags.ts(80,10): error TS7053: Element implicitly has an 'any' type because expression of type 'FeatureFlagKey' can't be used to index type '{ readonly NAVIGATION_PERSISTENCE_ENABLED: true; readonly BREADCRUMB_AUTO_GENERATION: true; readonly UNIFIED_SEARCH_ENABLED: false; readonly ADAPTIVE_DASHBOARD_ENABLED: false; ... 5 more ...; readonly DEBUG_LOGGING_ENABLED: boolean; }'.
src/lib/data/mock/analytics.ts(54,49): error TS6133: 'userId' is declared but its value is never read.
src/lib/data/mock/analytics.ts(216,37): error TS2339: Property 'name' does not exist on type 'User'.
src/lib/data/mock/bills.ts(37,3): error TS6133: 'generateId' is declared but its value is never read.
src/lib/data/mock/bills.ts(146,21): error TS2551: Property 'LOW' does not exist on type 'typeof UrgencyLevel'. Did you mean 'Low'?
src/lib/data/mock/bills.ts(146,39): error TS2551: Property 'MEDIUM' does not exist on type 'typeof UrgencyLevel'. Did you mean 'Medium'?
src/lib/data/mock/bills.ts(146,60): error TS2551: Property 'HIGH' does not exist on type 'typeof UrgencyLevel'. Did you mean 'High'?
src/lib/data/mock/bills.ts(146,79): error TS2551: Property 'CRITICAL' does not exist on type 'typeof UrgencyLevel'. Did you mean 'Critical'?
src/lib/data/mock/bills.ts(151,20): error TS2551: Property 'FIRST_READING' does not exist on type 'typeof BillStatus'. Did you mean 'FirstReading'?
src/lib/data/mock/bills.ts(152,20): error TS2551: Property 'SECOND_READING' does not exist on type 'typeof BillStatus'. Did you mean 'SecondReading'?
src/lib/data/mock/bills.ts(153,20): error TS2551: Property 'COMMITTEE_STAGE' does not exist on type 'typeof BillStatus'. Did you mean 'CommitteeStage'?
src/lib/data/mock/bills.ts(154,20): error TS2551: Property 'THIRD_READING' does not exist on type 'typeof BillStatus'. Did you mean 'ThirdReading'?
src/lib/data/mock/bills.ts(155,20): error TS2551: Property 'PRESIDENTIAL_ASSENT' does not exist on type 'typeof BillStatus'. Did you mean 'PresidentialAssent'?
src/lib/data/mock/bills.ts(156,20): error TS2551: Property 'GAZETTED' does not exist on type 'typeof BillStatus'. Did you mean 'Gazetted'?
src/lib/data/mock/bills.ts(157,20): error TS2551: Property 'ENACTED' does not exist on type 'typeof BillStatus'. Did you mean 'Enacted'?
src/lib/data/mock/bills.ts(158,20): error TS2551: Property 'WITHDRAWN' does not exist on type 'typeof BillStatus'. Did you mean 'Withdrawn'?
src/lib/data/mock/bills.ts(159,20): error TS2551: Property 'LOST' does not exist on type 'typeof BillStatus'. Did you mean 'Lost'?
src/lib/data/mock/bills.ts(185,24): error TS2551: Property 'LOW' does not exist on type 'typeof ComplexityLevel'. Did you mean 'Low'?
src/lib/data/mock/bills.ts(185,45): error TS2551: Property 'MEDIUM' does not exist on type 'typeof ComplexityLevel'. Did you mean 'Medium'?
src/lib/data/mock/bills.ts(185,69): error TS2551: Property 'HIGH' does not exist on type 'typeof ComplexityLevel'. Did you mean 'High'?
src/lib/data/mock/bills.ts(185,91): error TS2551: Property 'EXPERT' does not exist on type 'typeof ComplexityLevel'. Did you mean 'Expert'?
src/lib/data/mock/bills.ts(190,5): error TS2322: Type 'unknown' is not assignable to type 'readonly Sponsor[] | undefined'.
src/lib/data/mock/bills.ts(215,38): error TS2551: Property 'CRITICAL' does not exist on type 'typeof UrgencyLevel'. Did you mean 'Critical'?
src/lib/data/mock/bills.ts(218,38): error TS2551: Property 'HIGH' does not exist on type 'typeof UrgencyLevel'. Did you mean 'High'?
src/lib/data/mock/bills.ts(231,35): error TS2551: Property 'ENACTED' does not exist on type 'typeof BillStatus'. Did you mean 'Enacted'?
src/lib/data/mock/bills.ts(233,35): error TS2551: Property 'THIRD_READING' does not exist on type 'typeof BillStatus'. Did you mean 'ThirdReading'?
src/lib/data/mock/bills.ts(235,35): error TS2551: Property 'LOST' does not exist on type 'typeof BillStatus'. Did you mean 'Lost'?
src/lib/data/mock/bills.ts(256,37): error TS2769: No overload matches this call.
src/lib/data/mock/bills.ts(277,32): error TS18048: 'bill.policyAreas' is possibly 'undefined'.
src/lib/data/mock/bills.ts(295,69): error TS2551: Property 'CRITICAL' does not exist on type 'typeof UrgencyLevel'. Did you mean 'Critical'?
src/lib/data/mock/community.ts(103,22): error TS2339: Property 'name' does not exist on type 'User | Expert'.
src/lib/data/mock/community.ts(182,7): error TS2353: Object literal may only specify known properties, and 'id' does not exist in type 'TrendingTopic'.
src/lib/data/mock/community.ts(213,11): error TS6133: 'policyAreas' is declared but its value is never read.
src/lib/data/mock/community.ts(296,11): error TS6133: 'type' is declared but its value is never read.
src/lib/data/mock/discussions.ts(13,3): error TS6133: 'ModerationAction' is declared but its value is never read.
src/lib/data/mock/discussions.ts(14,3): error TS6133: 'ModerationFlag' is declared but its value is never read.
src/lib/data/mock/discussions.ts(15,3): error TS6133: 'TypingIndicator' is declared but its value is never read.
src/lib/data/mock/discussions.ts(26,3): error TS6133: 'weightedRandom' is declared but its value is never read.
src/lib/data/mock/discussions.ts(70,11): error TS6133: 'quality' is declared but its value is never read.
src/lib/data/mock/discussions.ts(81,24): error TS2339: Property 'name' does not exist on type 'User | Expert'.
src/lib/data/mock/discussions.ts(85,7): error TS2353: Object literal may only specify known properties, and 'updatedAt' does not exist in type 'NestedComment'.
src/lib/data/mock/discussions.ts(179,9): error TS6133: 'violationTypes' is declared but its value is never read.
src/lib/data/mock/generators.ts(287,15): error TS2532: Object is possibly 'undefined'.
src/lib/data/mock/generators.ts(289,7): error TS2322: Type 'T | undefined' is not assignable to type 'T'.
src/lib/data/mock/generators.ts(293,3): error TS2322: Type 'T | undefined' is not assignable to type 'T'.
src/lib/data/mock/generators.ts(321,3): error TS2322: Type '{ date: string | undefined; value: number; }[]' is not assignable to type '{ date: string; value: number; }[]'.
src/lib/data/mock/realtime.ts(12,22): error TS6133: 'generateDateInRange' is declared but its value is never read.
src/lib/data/mock/realtime.ts(23,7): error TS18046: 'user' is of type 'unknown'.
src/lib/data/mock/realtime.ts(23,25): error TS18046: 'user' is of type 'unknown'.
src/lib/data/mock/realtime.ts(24,7): error TS18046: 'user' is of type 'unknown'.
src/lib/data/mock/realtime.ts(24,26): error TS18046: 'user' is of type 'unknown'.
src/lib/data/mock/realtime.ts(24,52): error TS18046: 'user' is of type 'unknown'.
src/lib/data/mock/realtime.ts(24,71): error TS18046: 'user' is of type 'unknown'.
src/lib/data/mock/realtime.ts(267,22): error TS2339: Property 'name' does not exist on type 'User'.
src/lib/data/mock/users.ts(11,1): error TS6133: 'UserRole' is declared but its value is never read.
src/lib/data/mock/users.ts(103,5): error TS2322: Type '"citizen" | "expert" | "moderator" | "admin"' is not assignable to type 'UserRole'.
src/lib/data/mock/users.ts(113,5): error TS2322: Type '"pending" | "unverified" | "verified"' is not assignable to type 'VerificationStatus | undefined'.
src/lib/data/mock/users.ts(115,7): error TS2561: Object literal may only specify known properties, but 'notifications' does not exist in type 'UserPreferences'. Did you mean to write 'smsNotifications'?
src/lib/data/mock/users.ts(131,5): error TS2322: Type 'string' is not assignable to type 'string[]'.
src/lib/data/mock/users.ts(215,3): error TS2322: Type '{ role: "expert"; verification_status: "verified"; reputation: number; two_factor_enabled: boolean; privacy_settings: any; id: string | UserId; email: string; username?: string | null | undefined; ... 13 more ...; metadata?: Readonly<...> | undefined; }[]' is not assignable to type 'User[]'.
src/lib/data/mock/users.ts(223,30): error TS2339: Property 'privacy_settings' does not exist on type 'User'.
src/lib/data/mock/users.ts(224,17): error TS2339: Property 'privacy_settings' does not exist on type 'User'.
src/lib/data/mock/users.ts(236,3): error TS2322: Type '{ role: "moderator"; verification_status: "verified"; reputation: number; two_factor_enabled: boolean; account_locked: boolean; privacy_settings: any; id: string | UserId; email: string; ... 14 more ...; metadata?: Readonly<...> | undefined; }[]' is not assignable to type 'User[]'.
src/lib/data/mock/users.ts(245,30): error TS2339: Property 'privacy_settings' does not exist on type 'User'.
src/lib/data/mock/users.ts(246,17): error TS2339: Property 'privacy_settings' does not exist on type 'User'.
src/lib/data/mock/users.ts(265,5): error TS2322: Type '"citizen"' is not assignable to type 'UserRole'.
src/lib/design-system/contexts/index.tsx(14,1): error TS6133: 'React' is declared but its value is never read.
src/lib/design-system/contexts/LowBandwidthProvider.tsx(20,1): error TS6133: 'React' is declared but its value is never read.
src/lib/design-system/contexts/LowBandwidthProvider.tsx(76,13): error TS7030: Not all code paths return a value.
src/lib/design-system/contexts/MultilingualProvider.tsx(95,25): error TS2532: Object is possibly 'undefined'.
src/lib/design-system/feedback/Badge.tsx(12,1): error TS6133: 'React' is declared but its value is never read.
src/lib/design-system/feedback/table.tsx(10,1): error TS6133: 'React' is declared but its value is never read.
src/lib/design-system/feedback/Toast.tsx(5,1): error TS6133: 'React' is declared but its value is never read.
src/lib/design-system/interactive/Calendar.tsx(341,11): error TS2322: Type 'Date | undefined' is not assignable to type 'DateRange | undefined'.
src/lib/design-system/interactive/Calendar.tsx(342,11): error TS2322: Type '(date: Date | Date[] | undefined) => void' is not assignable to type 'OnSelectHandler<DateRange>'.
src/lib/design-system/interactive/Calendar.tsx(343,11): error TS2322: Type 'unknown' is not assignable to type '"multiple" | "range" | "single" | undefined'.
src/lib/design-system/interactive/errors.ts(18,19): error TS4114: This member must have an 'override' modifier because it overrides a member in the base class 'DashboardError'.
src/lib/design-system/interactive/Popover.tsx(5,20): error TS2307: Cannot find module '../lib/utils' or its corresponding type declarations.
src/lib/design-system/interactive/Sidebar.tsx(16,1): error TS6133: 'React' is declared but its value is never read.
src/lib/design-system/interactive/Sidebar.tsx(23,27): error TS2307: Cannot find module './separator' or its corresponding type declarations.
src/lib/design-system/interactive/Sidebar.tsx(25,26): error TS2307: Cannot find module './skeleton' or its corresponding type declarations.
src/lib/design-system/interactive/validation.ts(35,29): error TS2769: No overload matches this call.
src/lib/design-system/responsive.ts(338,18): error TS2538: Type 'undefined' cannot be used as an index type.
src/lib/design-system/responsive.ts(339,23): error TS2538: Type 'undefined' cannot be used as an index type.
src/lib/design-system/typography/text.tsx(64,9): error TS2322: Type 'unknown' is not assignable to type 'LegacyRef<HTMLDivElement> | undefined'.
src/lib/design-system/utils/contrast.ts(24,21): error TS2345: Argument of type 'string | undefined' is not assignable to parameter of type 'string'.
src/lib/design-system/utils/contrast.ts(25,21): error TS2345: Argument of type 'string | undefined' is not assignable to parameter of type 'string'.
src/lib/design-system/utils/contrast.ts(26,21): error TS2345: Argument of type 'string | undefined' is not assignable to parameter of type 'string'.
src/lib/design-system/utils/contrast.ts(39,19): error TS18048: 'rs' is possibly 'undefined'.
src/lib/design-system/utils/contrast.ts(39,33): error TS18048: 'gs' is possibly 'undefined'.
src/lib/design-system/utils/contrast.ts(39,47): error TS18048: 'bs' is possibly 'undefined'.
src/lib/design-system/utils/contrast.ts(215,9): error TS7053: Element implicitly has an 'any' type because expression of type 'string' can't be used to index type '{}'.
src/lib/design-system/utils/contrast.ts(215,31): error TS7053: Element implicitly has an 'any' type because expression of type 'string' can't be used to index type '{}'.
src/lib/design-system/utils/contrast.ts(216,38): error TS7053: Element implicitly has an 'any' type because expression of type 'string' can't be used to index type '{}'.
src/lib/design-system/utils/contrast.ts(216,56): error TS7053: Element implicitly has an 'any' type because expression of type 'string' can't be used to index type '{}'.
src/lib/design-system/utils/contrast.ts(217,38): error TS7053: Element implicitly has an 'any' type because expression of type 'string' can't be used to index type '{}'.
src/lib/design-system/utils/contrast.ts(217,56): error TS7053: Element implicitly has an 'any' type because expression of type 'string' can't be used to index type '{}'.
src/lib/design-system/utils/contrast.ts(222,23): error TS7053: Element implicitly has an 'any' type because expression of type 'string' can't be used to index type '{}'.
src/lib/design-system/utils/contrast.ts(223,23): error TS7053: Element implicitly has an 'any' type because expression of type 'string' can't be used to index type '{}'.
src/lib/design-system/utils/contrast.ts(255,22): error TS18046: 'theme' is of type 'unknown'.
src/lib/design-system/utils/contrast.ts(256,25): error TS18046: 'theme' is of type 'unknown'.
src/lib/design-system/utils/contrast.ts(257,25): error TS18046: 'theme' is of type 'unknown'.
src/lib/design-system/utils/performance.ts(266,14): error TS18046: 'entry' is of type 'unknown'.
src/lib/design-system/utils/performance.ts(267,18): error TS18046: 'entry' is of type 'unknown'.
src/lib/design-system/utils/responsive.ts(78,16): error TS2538: Type 'undefined' cannot be used as an index type.
src/lib/design-system/utils/responsive.ts(79,21): error TS2538: Type 'undefined' cannot be used as an index type.
src/lib/hooks/hooks-monitoring.ts(12,3): error TS6133: 'ClientSystem' is declared but its value is never read.
src/lib/hooks/hooks-monitoring.ts(18,3): error TS6133: 'ErrorDomain' is declared but its value is never read.
src/lib/hooks/hooks-monitoring.ts(24,31): error TS2749: 'ErrorAggregationService' refers to a value, but is being used as a type here. Did you mean 'typeof ErrorAggregationService'?
src/lib/hooks/hooks-monitoring.ts(25,29): error TS2749: 'CrossSystemErrorAnalytics' refers to a value, but is being used as a type here. Did you mean 'typeof CrossSystemErrorAnalytics'?
src/lib/hooks/hooks-monitoring.ts(34,11): error TS6133: 'enabledOperations' is declared but its value is never read.
src/lib/hooks/hooks-monitoring.ts(53,11): error TS2693: 'ErrorDomain' only refers to a type, but is being used as a value here.
src/lib/hooks/hooks-monitoring.ts(54,11): error TS2693: 'ErrorSeverity' only refers to a type, but is being used as a value here.
src/lib/hooks/hooks-monitoring.ts(71,15): error TS2693: 'ClientSystem' only refers to a type, but is being used as a value here.
src/lib/hooks/hooks-monitoring.ts(80,38): error TS2693: 'ClientSystem' only refers to a type, but is being used as a value here.
src/lib/hooks/hooks-monitoring.ts(91,7): error TS2693: 'ClientSystem' only refers to a type, but is being used as a value here.
src/lib/hooks/hooks-monitoring.ts(103,9): error TS2693: 'ErrorDomain' only refers to a type, but is being used as a value here.
src/lib/hooks/hooks-monitoring.ts(104,9): error TS2693: 'ErrorSeverity' only refers to a type, but is being used as a value here.
src/lib/hooks/hooks-monitoring.ts(116,17): error TS2693: 'ClientSystem' only refers to a type, but is being used as a value here.
src/lib/hooks/hooks-monitoring.ts(124,66): error TS2693: 'ClientSystem' only refers to a type, but is being used as a value here.
src/lib/hooks/hooks-monitoring.ts(133,26): error TS7006: Parameter 'err' implicitly has an 'any' type.
src/lib/hooks/hooks-monitoring.ts(155,48): error TS7006: Parameter 'e' implicitly has an 'any' type.
src/lib/hooks/hooks-monitoring.ts(156,47): error TS7006: Parameter 'e' implicitly has an 'any' type.
src/lib/hooks/hooks-monitoring.ts(167,49): error TS7006: Parameter 'e' implicitly has an 'any' type.
src/lib/hooks/hooks-monitoring.ts(176,48): error TS7006: Parameter 's' implicitly has an 'any' type.
src/lib/hooks/hooks-monitoring.ts(176,66): error TS2693: 'ClientSystem' only refers to a type, but is being used as a value here.
src/lib/hooks/hooks-monitoring.ts(184,7): error TS2693: 'ClientSystem' only refers to a type, but is being used as a value here.
src/lib/hooks/hooks-monitoring.ts(196,15): error TS2693: 'ClientSystem' only refers to a type, but is being used as a value here.
src/lib/hooks/hooks-monitoring.ts(234,60): error TS2693: 'ClientSystem' only refers to a type, but is being used as a value here.
src/lib/hooks/hooks-monitoring.ts(244,20): error TS7006: Parameter 'err' implicitly has an 'any' type.
src/lib/hooks/hooks-monitoring.ts(265,44): error TS6133: 'error' is declared but its value is never read.
src/lib/hooks/hooks-monitoring.ts(277,63): error TS6133: 'success' is declared but its value is never read.
src/lib/hooks/hooks-monitoring.ts(340,7): error TS2693: 'ErrorDomain' only refers to a type, but is being used as a value here.
src/lib/hooks/hooks-monitoring.ts(341,7): error TS2693: 'ErrorSeverity' only refers to a type, but is being used as a value here.
src/lib/hooks/hooks-monitoring.ts(358,15): error TS2693: 'ClientSystem' only refers to a type, but is being used as a value here.
src/lib/hooks/hooks-monitoring.ts(374,8): error TS2693: 'ErrorSeverity' only refers to a type, but is being used as a value here.
src/lib/hooks/hooks-monitoring.ts(375,8): error TS2693: 'ErrorSeverity' only refers to a type, but is being used as a value here.
src/lib/hooks/hooks-monitoring.ts(376,8): error TS2693: 'ErrorSeverity' only refers to a type, but is being used as a value here.
src/lib/hooks/hooks-monitoring.ts(377,8): error TS2693: 'ErrorSeverity' only refers to a type, but is being used as a value here.
src/lib/hooks/hooks-monitoring.ts(378,8): error TS2693: 'ErrorSeverity' only refers to a type, but is being used as a value here.
src/lib/hooks/hooks-monitoring.ts(414,9): error TS2693: 'ErrorDomain' only refers to a type, but is being used as a value here.
src/lib/hooks/hooks-monitoring.ts(415,9): error TS2693: 'ErrorSeverity' only refers to a type, but is being used as a value here.
src/lib/hooks/hooks-monitoring.ts(427,17): error TS2693: 'ClientSystem' only refers to a type, but is being used as a value here.
src/lib/hooks/hooks-monitoring.ts(532,12): error TS18046: 'monitoring' is of type 'unknown'.
src/lib/hooks/hooks-monitoring.ts(532,53): error TS18046: 'monitoring' is of type 'unknown'.
src/lib/hooks/mobile/usePullToRefresh.ts(22,33): error TS2532: Object is possibly 'undefined'.
src/lib/hooks/mobile/usePullToRefresh.ts(31,21): error TS18048: 'touch' is possibly 'undefined'.
src/lib/hooks/mobile/useSwipeGesture.ts(26,36): error TS18048: 'touch' is possibly 'undefined'.
src/lib/hooks/mobile/useSwipeGesture.ts(26,54): error TS18048: 'touch' is possibly 'undefined'.
src/lib/hooks/mobile/useSwipeGesture.ts(34,22): error TS18048: 'touch' is possibly 'undefined'.
src/lib/hooks/mobile/useSwipeGesture.ts(35,22): error TS18048: 'touch' is possibly 'undefined'.
src/lib/hooks/mobile/useSwipeGesture.ts(47,22): error TS18048: 'touch' is possibly 'undefined'.
src/lib/hooks/mobile/useSwipeGesture.ts(48,22): error TS18048: 'touch' is possibly 'undefined'.
src/lib/hooks/patterns/callback-template.ts(44,16): error TS18046: 'item' is of type 'unknown'.
src/lib/hooks/patterns/callback-template.ts(48,7): error TS2698: Spread types may only be created from object types.
src/lib/hooks/patterns/callback-template.ts(182,12): error TS7030: Not all code paths return a value.
src/lib/hooks/patterns/effect-template.ts(143,5): error TS6133: 'resource' is declared but its value is never read.
src/lib/hooks/patterns/effect-template.ts(182,48): error TS6133: 'retry' is declared but its value is never read.
src/lib/hooks/patterns/effect-template.ts(202,28): error TS7030: Not all code paths return a value.
src/lib/hooks/patterns/effect-template.ts(209,29): error TS2345: Argument of type '(prev: Record<string, EffectState>) => { [x: string]: EffectState | { isRunning: true; lastExecution?: number | undefined; error?: Error | null | undefined; retries?: number | undefined; }; }' is not assignable to parameter of type 'SetStateAction<Record<string, EffectState>>'.
src/lib/hooks/patterns/effect-template.ts(216,29): error TS2345: Argument of type '(prev: Record<string, EffectState>) => { [x: string]: EffectState | { isRunning: false; lastExecution: number; error?: Error | null | undefined; retries?: number | undefined; }; }' is not assignable to parameter of type 'SetStateAction<Record<string, EffectState>>'.
src/lib/hooks/patterns/effect-template.ts(230,29): error TS2345: Argument of type '(prev: Record<string, EffectState>) => { [x: string]: EffectState | { isRunning: false; error: Error; lastExecution?: number | undefined; retries?: number | undefined; }; }' is not assignable to parameter of type 'SetStateAction<Record<string, EffectState>>'.
src/lib/hooks/patterns/effect-template.ts(247,31): error TS2345: Argument of type '(prev: Record<string, EffectState>) => { [x: string]: EffectState | { isRunning: true; lastExecution?: number | undefined; error?: Error | null | undefined; retries?: number | undefined; }; }' is not assignable to parameter of type 'SetStateAction<Record<string, EffectState>>'.
src/lib/hooks/patterns/effect-template.ts(254,31): error TS2345: Argument of type '(prev: Record<string, EffectState>) => { [x: string]: EffectState | { isRunning: false; lastExecution: number; error?: Error | null | undefined; retries?: number | undefined; }; }' is not assignable to parameter of type 'SetStateAction<Record<string, EffectState>>'.
src/lib/hooks/patterns/effect-template.ts(265,31): error TS2345: Argument of type '(prev: Record<string, EffectState>) => { [x: string]: EffectState | { isRunning: false; error: Error; lastExecution?: number | undefined; retries?: number | undefined; }; }' is not assignable to parameter of type 'SetStateAction<Record<string, EffectState>>'.
src/lib/hooks/patterns/strategy-template.ts(10,33): error TS6133: 'useMemo' is declared but its value is never read.
src/lib/hooks/patterns/strategy-template.ts(48,29): error TS6133: 'maxRetries' is declared but its value is never read.
src/lib/hooks/use-analytics.ts(8,15): error TS2307: Cannot find module '../../features/analytics/hooks/use-analytics' or its corresponding type declarations.
src/lib/hooks/use-architecture-performance.ts(48,5): error TS6133: 'enableJourneyTracking' is declared but its value is never read.
src/lib/hooks/use-architecture-performance.ts(134,13): error TS7030: Not all code paths return a value.
src/lib/hooks/use-architecture-performance.ts(145,13): error TS7030: Not all code paths return a value.
src/lib/hooks/use-architecture-performance.ts(350,6): error TS6133: 'navigationType' is declared but its value is never read.
src/lib/hooks/use-error-recovery.ts(54,17): error TS6133: 'error' is declared but its value is never read.
src/lib/hooks/use-integrated-services.ts(16,26): error TS2339: Property 'cspManager' does not exist on type 'IntegrationServices'.
src/lib/hooks/use-integrated-services.ts(17,28): error TS2339: Property 'domSanitizer' does not exist on type 'IntegrationServices'.
src/lib/hooks/use-integrated-services.ts(18,30): error TS2339: Property 'inputValidator' does not exist on type 'IntegrationServices'.
src/lib/hooks/use-integrated-services.ts(19,33): error TS2339: Property 'passwordValidator' does not exist on type 'IntegrationServices'.
src/lib/hooks/use-loading.ts(6,3): error TS6133: 'selectLoadingOperation' is declared but its value is never read.
src/lib/hooks/use-loading.ts(13,1): error TS6133: 'LoadingOperation' is declared but its value is never read.
src/lib/hooks/use-loading.ts(21,57): error TS2339: Property 'loading' does not exist on type 'PersistPartial'.
src/lib/hooks/use-mock-data.ts(137,13): error TS7030: Not all code paths return a value.
src/lib/hooks/use-notifications.ts(11,8): error TS2724: '"@client/infrastructure/notifications/model/notification-service"' has no exported member named 'Notification'. Did you mean 'NotificationData'?
src/lib/hooks/use-notifications.ts(13,8): error TS2724: '"@client/infrastructure/notifications/model/notification-service"' has no exported member named 'NotificationType'. Did you mean 'NotificationData'?
src/lib/hooks/use-notifications.ts(38,35): error TS2339: Property 'initialize' does not exist on type 'NotificationService'.
src/lib/hooks/use-notifications.ts(85,53): error TS2339: Property 'on' does not exist on type 'NotificationService'.
src/lib/hooks/use-notifications.ts(89,56): error TS2339: Property 'on' does not exist on type 'NotificationService'.
src/lib/hooks/use-notifications.ts(158,12): error TS6133: 'options' is declared but its value is never read.
src/lib/hooks/use-notifications.ts(232,15): error TS6133: 'userId' is declared but its value is never read.
src/lib/hooks/use-notifications.ts(258,15): error TS6133: 'userId' is declared but its value is never read.
src/lib/hooks/use-notifications.ts(295,15): error TS6133: 'userId' is declared but its value is never read.
src/lib/hooks/use-offline-capabilities.ts(2,63): error TS2307: Cannot find module '@client/infrastructure/cache/cache-invalidation' or its corresponding type declarations.
src/lib/hooks/use-offline-capabilities.ts(108,47): error TS2345: Argument of type 'unknown' is not assignable to parameter of type 'OfflineAction'.
src/lib/hooks/use-offline-detection.ts(55,34): error TS2339: Property 'downlink' does not exist on type '{}'.
src/lib/hooks/use-offline-detection.ts(56,39): error TS2339: Property 'effectiveType' does not exist on type '{}'.
src/lib/hooks/use-offline-detection.ts(62,33): error TS2339: Property 'effectiveType' does not exist on type '{}'.
src/lib/hooks/use-offline-detection.ts(62,75): error TS2339: Property 'effectiveType' does not exist on type '{}'.
src/lib/hooks/use-offline-detection.ts(64,33): error TS2339: Property 'effectiveType' does not exist on type '{}'.
src/lib/hooks/use-offline-detection.ts(64,70): error TS2339: Property 'downlink' does not exist on type '{}'.
src/lib/hooks/use-performance-monitor.ts(12,1): error TS6133: 'PerformanceMetric' is declared but its value is never read.
src/lib/hooks/use-performance-monitor.ts(119,27): error TS2571: Object is of type 'unknown'.
src/lib/hooks/use-progressive-disclosure.ts(41,3): error TS6133: 'readingPaths' is declared but its value is never read.
src/lib/hooks/use-progressive-disclosure.ts(146,25): error TS2532: Object is possibly 'undefined'.
src/lib/hooks/use-progressive-disclosure.ts(156,25): error TS2532: Object is possibly 'undefined'.
src/lib/hooks/use-progressive-disclosure.ts(180,27): error TS2345: Argument of type 'string | undefined' is not assignable to parameter of type 'string'.
src/lib/hooks/use-progressive-disclosure.ts(192,25): error TS2345: Argument of type 'string | undefined' is not assignable to parameter of type 'string'.
src/lib/hooks/use-seamless-integration.ts(97,10): error TS2322: Type 'T | undefined' is not assignable to type 'T'.
src/lib/hooks/use-seamless-integration.ts(97,23): error TS2322: Type 'T | undefined' is not assignable to type 'T'.
src/lib/hooks/use-seamless-integration.ts(312,14): error TS2322: Type 'T | undefined' is not assignable to type 'T'.
src/lib/hooks/use-seamless-integration.ts(312,27): error TS2322: Type 'T | undefined' is not assignable to type 'T'.
src/lib/hooks/use-system.ts(6,20): error TS6133: 'UseQueryOptions' is declared but its value is never read.
src/lib/hooks/use-validation.ts(50,4): error TS2304: Cannot find name 'ValidationResult'.
src/lib/hooks/use-validation.ts(84,4): error TS2304: Cannot find name 'ValidationResult'.
src/lib/hooks/use-validation.ts(87,32): error TS2339: Property 'pick' does not exist on type 'ZodType<T, ZodTypeDef, T>'.
src/lib/hooks/utils/error-handling.ts(74,17): error TS6133: 'error' is declared but its value is never read.
src/lib/hooks/utils/error-handling.ts(213,92): error TS2339: Property 'effectiveType' does not exist on type '{}'.
src/lib/hooks/utils/performance.ts(41,40): error TS2571: Object is of type 'unknown'.
src/lib/hooks/utils/performance.ts(107,5): error TS2322: Type 'unknown' is not assignable to type 'Timeout | null'.
src/lib/hooks/utils/performance.ts(122,36): error TS7030: Not all code paths return a value.
src/lib/hooks/utils/performance.ts(129,5): error TS2322: Type 'unknown' is not assignable to type 'Timeout | null'.
src/lib/hooks/utils/performance.ts(136,5): error TS2322: Type 'unknown' is not assignable to type 'unknown[]'.
src/lib/hooks/utils/performance.ts(156,9): error TS2322: Type 'unknown' is not assignable to type 'Timeout | null'.
src/lib/hooks/utils/performance.ts(161,7): error TS2322: Type 'unknown' is not assignable to type 'Timeout | null'.
src/lib/hooks/utils/performance.ts(167,3): error TS18046: 'debounced' is of type 'unknown'.
src/lib/hooks/utils/performance.ts(179,3): error TS18046: 'debounced' is of type 'unknown'.
src/lib/hooks/utils/performance.ts(374,36): error TS6133: 'T' is declared but its value is never read.
src/lib/index.ts(81,15): error TS2614: Module '"./validation"' has no exported member 'ValidationResult'. Did you mean to use 'import ValidationResult from "./validation"' instead?
src/lib/index.ts(87,15): error TS2307: Cannot find module './templates' or its corresponding type declarations.
src/lib/interfaces/unified-interfaces.ts(236,32): error TS2304: Cannot find name 'ValidationResult'.
src/lib/interfaces/unified-interfaces.ts(301,64): error TS2304: Cannot find name 'ValidationResult'.
src/lib/interfaces/unified-interfaces.ts(302,73): error TS2304: Cannot find name 'ValidationResult'.
src/lib/interfaces/unified-interfaces.ts(432,63): error TS2304: Cannot find name 'ValidationResult'.
src/lib/pages/not-found.tsx(1,1): error TS6133: 'React' is declared but its value is never read.
src/lib/services/cache.ts(564,51): error TS6133: 'algorithm' is declared but its value is never read.
src/lib/services/cache.ts(947,5): error TS6133: 'target' is declared but its value is never read.
src/lib/services/dataRetentionService.ts(7,1): error TS6133: 'privacyCompliance' is declared but its value is never read.
src/lib/services/dataRetentionService.ts(327,17): error TS6133: 'category' is declared but its value is never read.
src/lib/services/errors.ts(128,3): error TS4114: This member must have an 'override' modifier because it overrides a member in the base class 'ServiceError'.
src/lib/services/errors.ts(184,3): error TS4114: This member must have an 'override' modifier because it overrides a member in the base class 'ServiceError'.
src/lib/services/errors.ts(210,3): error TS4114: This member must have an 'override' modifier because it overrides a member in the base class 'NetworkError'.
src/lib/services/errors.ts(234,3): error TS4114: This member must have an 'override' modifier because it overrides a member in the base class 'NetworkError'.
src/lib/services/errors.ts(263,3): error TS4114: This member must have an 'override' modifier because it overrides a member in the base class 'ServiceError'.
src/lib/services/errors.ts(313,3): error TS4114: This member must have an 'override' modifier because it overrides a member in the base class 'ServiceError'.
src/lib/services/errors.ts(337,3): error TS4114: This member must have an 'override' modifier because it overrides a member in the base class 'BusinessLogicError'.
src/lib/services/errors.ts(360,3): error TS4114: This member must have an 'override' modifier because it overrides a member in the base class 'BusinessLogicError'.
src/lib/services/errors.ts(387,3): error TS4114: This member must have an 'override' modifier because it overrides a member in the base class 'ServiceError'.
src/lib/services/errors.ts(409,3): error TS4114: This member must have an 'override' modifier because it overrides a member in the base class 'SystemError'.
src/lib/services/errors.ts(431,3): error TS4114: This member must have an 'override' modifier because it overrides a member in the base class 'SystemError'.
src/lib/services/errors.ts(534,5): error TS6133: 'errorContext' is declared but its value is never read.
src/lib/services/factory.ts(14,10): error TS6133: 'ServiceError' is declared but its value is never read.
src/lib/services/factory.ts(534,36): error TS18046: 'target' is of type 'unknown'.
src/lib/services/factory.ts(535,11): error TS6133: 'registration' is declared but its value is never read.
src/lib/services/factory.ts(537,53): error TS18046: 'target' is of type 'unknown'.
src/lib/services/factory.ts(562,11): error TS6133: 'originalDescriptor' is declared but its value is never read.
src/lib/services/index.ts(37,8): error TS2307: Cannot find module '@client/infrastructure/observability/analytics/data-retention-service' or its corresponding type declarations.
src/lib/services/interfaces.ts(13,10): error TS6133: 'ServiceError' is declared but its value is never read.
src/lib/services/interfaces.ts(192,44): error TS2304: Cannot find name 'UserProfile'.
src/lib/services/interfaces.ts(194,34): error TS2304: Cannot find name 'UserProfile'.
src/lib/services/interfaces.ts(194,57): error TS2304: Cannot find name 'UserProfile'.
src/lib/services/interfaces.ts(225,12): error TS2304: Cannot find name 'UserProfile'.
src/lib/services/privacyAnalyticsService.ts(19,11): error TS6133: 'config' is declared but its value is never read.
src/lib/services/services-monitoring.ts(13,3): error TS6133: 'ClientSystem' is declared but its value is never read.
src/lib/services/services-monitoring.ts(19,3): error TS6133: 'ErrorDomain' is declared but its value is never read.
src/lib/services/services-monitoring.ts(52,40): error TS2749: 'ErrorAggregationService' refers to a value, but is being used as a type here. Did you mean 'typeof ErrorAggregationService'?
src/lib/services/services-monitoring.ts(53,38): error TS2749: 'CrossSystemErrorAnalytics' refers to a value, but is being used as a type here. Did you mean 'typeof CrossSystemErrorAnalytics'?
src/lib/services/services-monitoring.ts(57,11): error TS6133: 'enabledOperations' is declared but its value is never read.
src/lib/services/services-monitoring.ts(84,38): error TS2693: 'ClientSystem' only refers to a type, but is being used as a value here.
src/lib/services/services-monitoring.ts(92,7): error TS2693: 'ClientSystem' only refers to a type, but is being used as a value here.
src/lib/services/services-monitoring.ts(106,66): error TS2693: 'ClientSystem' only refers to a type, but is being used as a value here.
src/lib/services/services-monitoring.ts(114,67): error TS18046: 's' is of type 'unknown'.
src/lib/services/services-monitoring.ts(114,80): error TS2693: 'ClientSystem' only refers to a type, but is being used as a value here.
src/lib/services/services-monitoring.ts(136,60): error TS2693: 'ClientSystem' only refers to a type, but is being used as a value here.
src/lib/services/services-monitoring.ts(174,9): error TS2693: 'ErrorDomain' only refers to a type, but is being used as a value here.
src/lib/services/services-monitoring.ts(175,9): error TS2693: 'ErrorSeverity' only refers to a type, but is being used as a value here.
src/lib/services/services-monitoring.ts(194,15): error TS2693: 'ClientSystem' only refers to a type, but is being used as a value here.
src/lib/services/services-monitoring.ts(207,7): error TS2693: 'ErrorDomain' only refers to a type, but is being used as a value here.
src/lib/services/services-monitoring.ts(208,7): error TS2693: 'ErrorSeverity' only refers to a type, but is being used as a value here.
src/lib/services/services-monitoring.ts(220,15): error TS2693: 'ClientSystem' only refers to a type, but is being used as a value here.
src/lib/services/services-monitoring.ts(226,50): error TS6133: 'error' is declared but its value is never read.
src/lib/services/services-monitoring.ts(231,69): error TS6133: 'success' is declared but its value is never read.
src/lib/services/services-monitoring.ts(324,7): error TS2693: 'ClientSystem' only refers to a type, but is being used as a value here.
src/lib/services/services-monitoring.ts(332,15): error TS2693: 'ClientSystem' only refers to a type, but is being used as a value here.
src/lib/services/services-monitoring.ts(414,7): error TS2693: 'ErrorDomain' only refers to a type, but is being used as a value here.
src/lib/services/services-monitoring.ts(415,7): error TS2693: 'ErrorSeverity' only refers to a type, but is being used as a value here.
src/lib/services/services-monitoring.ts(432,15): error TS2693: 'ClientSystem' only refers to a type, but is being used as a value here.
src/lib/services/services-monitoring.ts(510,7): error TS2693: 'ErrorDomain' only refers to a type, but is being used as a value here.
src/lib/services/services-monitoring.ts(511,7): error TS2693: 'ErrorSeverity' only refers to a type, but is being used as a value here.
src/lib/services/services-monitoring.ts(523,15): error TS2693: 'ClientSystem' only refers to a type, but is being used as a value here.
src/lib/services/services-monitoring.ts(624,12): error TS18046: 'monitoring' is of type 'unknown'.
src/lib/services/services-monitoring.ts(625,10): error TS18046: 'monitoring' is of type 'unknown'.
src/lib/services/userService.ts(173,12): error TS2304: Cannot find name 'UserProfile'.
src/lib/services/userService.ts(215,31): error TS2304: Cannot find name 'UserProfile'.
src/lib/services/userService.ts(385,50): error TS2304: Cannot find name 'UserProfile'.
src/lib/services/userService.ts(387,77): error TS2304: Cannot find name 'UserProfile'.
src/lib/services/userService.ts(399,40): error TS2304: Cannot find name 'UserProfile'.
src/lib/services/userService.ts(399,63): error TS2304: Cannot find name 'UserProfile'.
src/lib/services/userService.ts(401,84): error TS2304: Cannot find name 'UserProfile'.
src/lib/services/userService.ts(740,61): error TS2304: Cannot find name 'UserProfile'.
src/lib/services/userService.ts(740,84): error TS2304: Cannot find name 'UserProfile'.
src/lib/testing/mock-users.ts(200,9): error TS2532: Object is possibly 'undefined'.
src/lib/testing/mock-users.ts(361,5): error TS2322: Type 'T | undefined' is not assignable to type 'T'.
src/lib/testing/mock-users.ts(378,21): error TS2532: Object is possibly 'undefined'.
src/lib/testing/mock-users.ts(380,9): error TS2322: Type '"citizen" | "expert" | "moderator" | "admin" | "official" | undefined' is not assignable to type '"citizen" | "expert" | "moderator" | "admin" | "official"'.
src/lib/types/arguments.ts(6,14): error TS2552: Cannot find name 'Argument'. Did you mean 'IArguments'?
src/lib/types/bill/bill-services.ts(14,3): error TS6196: 'BillVersion' is declared but never used.
src/lib/types/bill/index.ts(168,8): error TS2307: Cannot find module './auth-types' or its corresponding type declarations.
src/lib/types/bill/index.ts(176,8): error TS2307: Cannot find module './auth-types' or its corresponding type declarations.
src/lib/types/community/community-hooks.ts(15,3): error TS6196: 'Vote' is declared but never used.
src/lib/types/community/community-services.ts(11,3): error TS6196: 'CreateCommentRequest' is declared but never used.
src/lib/types/community/community-services.ts(12,3): error TS6196: 'UpdateCommentRequest' is declared but never used.
src/lib/types/community/community-services.ts(15,3): error TS6196: 'UserEvent' is declared but never used.
src/lib/types/community/community-services.ts(16,3): error TS6196: 'CommunityUpdate' is declared but never used.
src/lib/types/community/community-services.ts(17,3): error TS6196: 'CommentQueryOptions' is declared but never used.
src/lib/types/community/community-services.ts(18,3): error TS6196: 'SearchOptions' is declared but never used.
src/lib/types/community/community-services.ts(19,3): error TS6196: 'SearchResult' is declared but never used.
src/lib/types/community/community-services.ts(20,3): error TS6196: 'ExpertInsight' is declared but never used.
src/lib/types/community/community-services.ts(21,3): error TS6196: 'Vote' is declared but never used.
src/lib/types/community/community-services.ts(22,3): error TS6196: 'VoteRequest' is declared but never used.
src/lib/types/components/dashboard.ts(18,3): error TS6196: 'WidgetPosition' is declared but never used.
src/lib/types/components/dashboard.ts(19,3): error TS6196: 'WidgetSize' is declared but never used.
src/lib/types/components/dashboard.ts(22,3): error TS6196: 'DashboardState' is declared but never used.
src/lib/types/components/dashboard.ts(23,3): error TS6196: 'DashboardLayout' is declared but never used.
src/lib/types/components/dashboard.ts(24,3): error TS6196: 'BreakpointConfig' is declared but never used.
src/lib/types/components/dashboard.ts(25,3): error TS6196: 'ResponsiveLayout' is declared but never used.
src/lib/types/context/loading.ts(14,33): error TS6196: 'LoadingState' is declared but never used.
src/lib/types/core.ts(15,1): error TS6192: All imports in import declaration are unused.
src/lib/types/core.ts(31,27): error TS2307: Cannot find module './bill/auth-types' or its corresponding type declarations.
src/lib/types/dashboard/dashboard-components.ts(12,15): error TS2724: '"./dashboard-metrics"' has no exported member named 'AnalyticsMetrics'. Did you mean 'isAnalyticsMetrics'?
src/lib/types/dashboard/dashboard-metrics.ts(314,62): error TS2304: Cannot find name 'AnalyticsMetrics'.
src/lib/types/dashboard/index.ts(76,3): error TS2724: '"./dashboard-metrics"' has no exported member named 'AnalyticsMetrics'. Did you mean 'isAnalyticsMetrics'?
src/lib/types/index.ts(134,73): error TS2307: Cannot find module '../../infrastructure/personalization' or its corresponding type declarations.
src/lib/types/utils/api.ts(6,15): error TS2305: Module '"./common"' has no exported member 'ApiResponse'.
src/lib/types/utils/forms.ts(25,15): error TS2724: '"./common"' has no exported member named 'ValidationResult'. Did you mean 'FieldValidationResult'?
src/lib/types/utils/forms.ts(25,33): error TS6196: 'FieldValidationResult' is declared but never used.
src/lib/types/utils/forms.ts(26,15): error TS2724: '"./common"' has no exported member named 'ValidationResult'. Did you mean 'FieldValidationResult'?
src/lib/types/utils/types.ts(30,35): error TS2370: A rest parameter must be of an array type.
src/lib/types/utils/types.ts(31,35): error TS2370: A rest parameter must be of an array type.
src/lib/types/utils/types.ts(31,74): error TS2370: A rest parameter must be of an array type.
src/lib/ui/civic/LegislativeProcessGuide.tsx(184,38): error TS2532: Object is possibly 'undefined'.
src/lib/ui/civic/LegislativeProcessGuide.tsx(190,20): error TS2532: Object is possibly 'undefined'.
src/lib/ui/civic/LegislativeProcessGuide.tsx(192,52): error TS2532: Object is possibly 'undefined'.
src/lib/ui/dashboard/activity-summary.tsx(4,10): error TS2305: Module '"@client/infrastructure"' has no exported member 'handleError'.
src/lib/ui/dashboard/activity-summary.tsx(57,60): error TS2554: Expected 0-1 arguments, but got 2.
src/lib/ui/dashboard/activity-summary.tsx(74,61): error TS2554: Expected 0-1 arguments, but got 2.
src/lib/ui/dashboard/AdaptiveDashboard.tsx(8,1): error TS6133: 'React' is declared but its value is never read.
src/lib/ui/dashboard/components/DashboardStats.tsx(9,1): error TS6133: 'React' is declared but its value is never read.
src/lib/ui/dashboard/components/TimeFilterSelector.tsx(8,1): error TS6133: 'React' is declared but its value is never read.
src/lib/ui/dashboard/components/WelcomeMessage.tsx(9,1): error TS6133: 'React' is declared but its value is never read.
src/lib/ui/dashboard/components/WelcomeMessage.tsx(76,49): error TS2339: Property 'name' does not exist on type 'User'.
src/lib/ui/dashboard/DashboardFramework.tsx(15,3): error TS6196: 'DashboardState' is declared but never used.
src/lib/ui/dashboard/DashboardFramework.tsx(16,3): error TS6196: 'ResponsiveLayout' is declared but never used.
src/lib/ui/dashboard/DashboardFramework.tsx(83,11): error TS2345: Argument of type 'unknown' is not assignable to parameter of type '{ children: ReactNode; FallbackComponent: ComponentType<{ error: Error; resetErrorBoundary: () => void; }>; onReset?: (() => void) | undefined; }'.
src/lib/ui/dashboard/DashboardFramework.tsx(96,3): error TS4114: This member must have an 'override' modifier because it overrides a member in the base class 'Component<{ children: ReactNode; FallbackComponent: ComponentType<{ error: Error; resetErrorBoundary: () => void; }>; onReset?: (() => void) | undefined; }, { hasError: boolean; error: Error | null; }, any>'.
src/lib/ui/dashboard/DashboardFramework.tsx(229,43): error TS2345: Argument of type 'ExtendedDashboardLayout' is not assignable to parameter of type 'DashboardLayout'.
src/lib/ui/dashboard/DashboardFramework.tsx(415,19): error TS2322: Type 'ExtendedDashboardSection[]' is not assignable to type 'DashboardSectionConfig[]'.
src/lib/ui/dashboard/DashboardFramework.tsx(428,19): error TS2322: Type 'ExtendedDashboardSection[]' is not assignable to type 'DashboardSectionConfig[]'.
src/lib/ui/dashboard/hooks/useDashboard.ts(16,1): error TS6192: All imports in import declaration are unused.
src/lib/ui/dashboard/layout-components/DashboardFooter.tsx(10,1): error TS6133: 'cn' is declared but its value is never read.
src/lib/ui/dashboard/layout-components/DashboardFooter.tsx(59,35): error TS6198: All destructured elements are unused.
src/lib/ui/dashboard/modals/DashboardPreferencesModal.tsx(16,1): error TS6133: 'React' is declared but its value is never read.
src/lib/ui/dashboard/modals/DataExportModal.tsx(16,1): error TS6133: 'React' is declared but its value is never read.
src/lib/ui/dashboard/MonitoringDashboard.tsx(10,1): error TS6133: 'React' is declared but its value is never read.
src/lib/ui/dashboard/MonitoringDashboard.tsx(114,11): error TS6133: 'refreshing' is declared but its value is never read.
src/lib/ui/dashboard/persona-layouts/IntermediateDashboardLayout.tsx(26,1): error TS6133: 'React' is declared but its value is never read.
src/lib/ui/dashboard/persona-layouts/IntermediateDashboardLayout.tsx(56,9): error TS6133: '_' is declared but its value is never read.
src/lib/ui/dashboard/persona-layouts/NoviceDashboardLayout.tsx(14,1): error TS6133: 'React' is declared but its value is never read.
src/lib/ui/dashboard/persona-layouts/NoviceDashboardLayout.tsx(43,9): error TS6133: '_' is declared but its value is never read.
src/lib/ui/dashboard/sections/ActivitySection.tsx(9,1): error TS6133: 'React' is declared but its value is never read.
src/lib/ui/dashboard/sections/BillsSection.tsx(3,1): error TS6133: 'React' is declared but its value is never read.
src/lib/ui/dashboard/sections/CivicMetricsSection.tsx(20,1): error TS6133: 'React' is declared but its value is never read.
src/lib/ui/dashboard/sections/EngagementHistorySection.tsx(19,1): error TS6133: 'React' is declared but its value is never read.
src/lib/ui/dashboard/sections/EngagementHistorySection.tsx(185,20): error TS2532: Object is possibly 'undefined'.
src/lib/ui/dashboard/sections/EngagementHistorySection.tsx(191,18): error TS2532: Object is possibly 'undefined'.
src/lib/ui/dashboard/sections/MigrationDashboard.tsx(12,1): error TS6133: 'React' is declared but its value is never read.
src/lib/ui/dashboard/sections/RecommendationsSection.tsx(7,1): error TS6133: 'React' is declared but its value is never read.
src/lib/ui/dashboard/sections/StatsSection.tsx(2,1): error TS6133: 'React' is declared but its value is never read.
src/lib/ui/dashboard/sections/TrackedBillsSection.tsx(18,1): error TS6133: 'React' is declared but its value is never read.
src/lib/ui/dashboard/SmartDashboard.tsx(28,1): error TS6133: 'React' is declared but its value is never read.
src/lib/ui/dashboard/SmartDashboard.tsx(72,14): error TS2304: Cannot find name 'User'.
src/lib/ui/dashboard/SmartDashboard.tsx(102,10): error TS7053: Element implicitly has an 'any' type because expression of type 'User' can't be used to index type '{ novice: { morning: string; afternoon: string; evening: string; }; intermediate: { morning: string; afternoon: string; evening: string; }; expert: { morning: string; afternoon: string; evening: string; }; }'.
src/lib/ui/dashboard/SmartDashboard.tsx(108,52): error TS2304: Cannot find name 'User'.
src/lib/ui/dashboard/SmartDashboard.tsx(147,24): error TS7053: Element implicitly has an 'any' type because expression of type 'User' can't be used to index type '{ novice: { title: string; description: string; }; intermediate: { title: string; description: string; }; expert: { title: string; description: string; }; }'.
src/lib/ui/dashboard/SmartDashboard.tsx(194,51): error TS2304: Cannot find name 'User'.
src/lib/ui/dashboard/SmartDashboard.tsx(235,26): error TS7053: Element implicitly has an 'any' type because expression of type 'User' can't be used to index type '{ novice: { icon: LucideIcon; label: string; href: string; color: string; }[]; intermediate: { icon: LucideIcon; label: string; href: string; color: string; }[]; expert: { icon: LucideIcon; label: string; href: string; color: string; }[]; }'.
src/lib/ui/dashboard/SmartDashboard.tsx(244,32): error TS7006: Parameter 'action' implicitly has an 'any' type.
src/lib/ui/dashboard/SmartDashboard.tsx(244,40): error TS7006: Parameter 'index' implicitly has an 'any' type.
src/lib/ui/dashboard/SmartDashboard.tsx(270,53): error TS2304: Cannot find name 'User'.
src/lib/ui/dashboard/types.ts(410,17): error TS2304: Cannot find name 'ActionItem'.
src/lib/ui/dashboard/types/core.ts(171,15): error TS2304: Cannot find name 'ActionItem'.
src/lib/ui/dashboard/types/index.ts(18,3): error TS2305: Module '"./core"' has no exported member 'AnalyticsMetrics'.
src/lib/ui/dashboard/types/index.ts(27,3): error TS2305: Module '"./core"' has no exported member 'ActionItem'.
src/lib/ui/dashboard/types/widgets.ts(8,24): error TS6133: 'WidgetType' is declared but its value is never read.
src/lib/ui/dashboard/useDashboardData.ts(10,8): error TS2307: Cannot find module '../../infrastructure/store/slices/userDashboardSlice' or its corresponding type declarations.
src/lib/ui/dashboard/UserDashboard.tsx(353,9): error TS2304: Cannot find name 'UserProfile'.
src/lib/ui/dashboard/utils/dashboard-formatters.ts(8,3): error TS2305: Module '"../types"' has no exported member 'ActionItem'.
src/lib/ui/dashboard/variants/FullPageDashboard.tsx(2,1): error TS6133: 'React' is declared but its value is never read.
src/lib/ui/dashboard/variants/SectionDashboard.tsx(3,1): error TS6133: 'React' is declared but its value is never read.
src/lib/ui/dashboard/variants/SectionDashboard.tsx(44,26): error TS2322: Type 'string | null | undefined' is not assignable to type 'string | undefined'.
src/lib/ui/dashboard/variants/SectionDashboard.tsx(44,58): error TS2339: Property 'name' does not exist on type 'User'.
src/lib/ui/dashboard/variants/SectionDashboard.tsx(46,21): error TS2339: Property 'name' does not exist on type 'User'.
src/lib/ui/dashboard/variants/SectionDashboard.tsx(54,54): error TS2339: Property 'name' does not exist on type 'User'.
src/lib/ui/dashboard/variants/SectionDashboard.tsx(60,21): error TS2339: Property 'verified' does not exist on type 'User'.
src/lib/ui/dashboard/widgets/DashboardCustomizer.tsx(24,1): error TS6133: 'React' is declared but its value is never read.
src/lib/ui/dashboard/widgets/PersonaIndicator.tsx(11,1): error TS6133: 'React' is declared but its value is never read.
src/lib/ui/education/ConstitutionalContext.tsx(13,1): error TS6133: 'React' is declared but its value is never read.
src/lib/ui/education/EducationalFramework.tsx(2,1): error TS6133: 'React' is declared but its value is never read.
src/lib/ui/education/EducationalFramework.tsx(55,14): error TS18048: 'digitalHealthBill' is possibly 'undefined'.
src/lib/ui/education/EducationalFramework.tsx(56,18): error TS18048: 'digitalHealthBill' is possibly 'undefined'.
src/lib/ui/education/EducationalFramework.tsx(59,18): error TS18048: 'digitalHealthBill' is possibly 'undefined'.
src/lib/ui/education/EducationalFramework.tsx(76,14): error TS18048: 'financeBill' is possibly 'undefined'.
src/lib/ui/education/EducationalFramework.tsx(77,18): error TS18048: 'financeBill' is possibly 'undefined'.
src/lib/ui/education/EducationalFramework.tsx(80,18): error TS18048: 'financeBill' is possibly 'undefined'.
src/lib/ui/education/EducationalFramework.tsx(131,12): error TS18048: 'healthCase' is possibly 'undefined'.
src/lib/ui/education/EducationalFramework.tsx(131,31): error TS18048: 'healthCase' is possibly 'undefined'.
src/lib/ui/education/EducationalFramework.tsx(131,56): error TS18048: 'healthCase' is possibly 'undefined'.
src/lib/ui/education/EducationalFramework.tsx(132,12): error TS18048: 'ipCase' is possibly 'undefined'.
src/lib/ui/education/EducationalFramework.tsx(132,27): error TS18048: 'ipCase' is possibly 'undefined'.
src/lib/ui/education/EducationalFramework.tsx(132,48): error TS18048: 'ipCase' is possibly 'undefined'.
src/lib/ui/education/PlainLanguageSummary.tsx(13,1): error TS6133: 'React' is declared but its value is never read.
src/lib/ui/education/ProcessEducation.tsx(11,1): error TS6133: 'React' is declared but its value is never read.
src/lib/ui/error-boundary/index.ts(12,8): error TS2307: Cannot find module './ErrorBoundary' or its corresponding type declarations.
src/lib/ui/examples/SeamlessIntegrationExample.tsx(9,1): error TS6133: 'React' is declared but its value is never read.
src/lib/ui/feedback/FeedbackWidget.tsx(2,56): error TS2614: Module '"lucide-react"' has no exported member 'Bug'. Did you mean to use 'import Bug from "lucide-react"' instead?
src/lib/ui/integration/IntegrationTest.tsx(19,1): error TS6133: 'React' is declared but its value is never read.
src/lib/ui/integration/IntegrationTest.tsx(259,15): error TS18048: 'test' is possibly 'undefined'.
src/lib/ui/integration/IntegrationTest.tsx(270,30): error TS18048: 'test' is possibly 'undefined'.
src/lib/ui/integration/IntegrationTest.tsx(274,17): error TS18048: 'test' is possibly 'undefined'.
src/lib/ui/integration/IntegrationTest.tsx(287,17): error TS18048: 'test' is possibly 'undefined'.
src/lib/ui/layout/Header.tsx(1,10): error TS6133: 'BarChart3' is declared but its value is never read.
src/lib/ui/layout/Header.tsx(59,9): error TS6198: All destructured elements are unused.
src/lib/ui/loading/AssetLoadingIndicator.tsx(3,1): error TS6133: 'React' is declared but its value is never read.
src/lib/ui/loading/AssetLoadingIndicator.tsx(98,15): error TS7030: Not all code paths return a value.
src/lib/ui/loading/core/loadingCore.ts(7,28): error TS6133: 'LoadingConfig' is declared but its value is never read.
src/lib/ui/loading/examples/GlobalLoadingExample.tsx(116,15): error TS2322: Type 'unknown' is not assignable to type 'Store<unknown, UnknownAction, unknown>'.
src/lib/ui/loading/FontFallback.tsx(2,1): error TS6133: 'React' is declared but its value is never read.
src/lib/ui/loading/GlobalLoadingIndicator.tsx(161,15): error TS7030: Not all code paths return a value.
src/lib/ui/loading/GlobalLoadingProvider.tsx(168,37): error TS2345: Argument of type 'AsyncThunkAction<Omit<LoadingOperation, "cancelled" | "startTime" | "retryCount" | "state" | "timeoutWarningShown">, Omit<LoadingOperation, "cancelled" | ... 3 more ... | "timeoutWarningShown">, AsyncThunkConfig>' is not assignable to parameter of type 'UnknownAction'.
src/lib/ui/loading/GlobalLoadingProvider.tsx(180,22): error TS2345: Argument of type 'AsyncThunkAction<{ id: string; success: boolean; error: string | undefined; }, { id: string; success: boolean; error?: string | undefined; }, AsyncThunkConfig>' is not assignable to parameter of type 'UnknownAction'.
src/lib/ui/loading/hooks/useUnifiedLoading.ts(5,28): error TS6133: 'LoadingConfig' is declared but its value is never read.
src/lib/ui/loading/hooks/useUnifiedLoading.ts(5,80): error TS6133: 'LoadingProgress' is declared but its value is never read.
src/lib/ui/loading/LoadingDemo.tsx(246,61): error TS2339: Property 'message' does not exist on type '{}'.
src/lib/ui/loading/LoadingSpinner.tsx(1,1): error TS6133: 'React' is declared but its value is never read.
src/lib/ui/loading/LoadingStates.tsx(3,1): error TS6133: 'React' is declared but its value is never read.
src/lib/ui/loading/recovery.ts(7,10): error TS6133: 'LoadingConfig' is declared but its value is never read.
src/lib/ui/loading/utils/connection-utils.ts(134,5): error TS2722: Cannot invoke an object which is possibly 'undefined'.
src/lib/ui/loading/utils/loadingUtils.ts(26,73): error TS2304: Cannot find name 'ValidationResult'.
src/lib/ui/mobile/BottomSheet.tsx(22,23): error TS6133: 'setCurrentSnap' is declared but its value is never read.
src/lib/ui/mobile/BottomSheet.tsx(38,18): error TS2532: Object is possibly 'undefined'.
src/lib/ui/mobile/feedback/OfflineStatusBanner.tsx(12,1): error TS6133: 'React' is declared but its value is never read.
src/lib/ui/mobile/interaction/MobileBottomSheet.tsx(76,35): error TS2532: Object is possibly 'undefined'.
src/lib/ui/mobile/interaction/MobileBottomSheet.tsx(113,26): error TS2532: Object is possibly 'undefined'.
src/lib/ui/mobile/interaction/MobileBottomSheet.tsx(124,24): error TS2532: Object is possibly 'undefined'.
src/lib/ui/mobile/interaction/PullToRefresh.tsx(73,24): error TS2532: Object is possibly 'undefined'.
src/lib/ui/mobile/interaction/PullToRefresh.tsx(89,24): error TS2532: Object is possibly 'undefined'.
src/lib/ui/mobile/interaction/ScrollToTopButton.tsx(12,1): error TS6133: 'React' is declared but its value is never read.
src/lib/ui/mobile/interaction/SwipeGestures.tsx(94,17): error TS18048: 'touch' is possibly 'undefined'.
src/lib/ui/mobile/interaction/SwipeGestures.tsx(95,17): error TS18048: 'touch' is possibly 'undefined'.
src/lib/ui/mobile/interaction/SwipeGestures.tsx(109,38): error TS18048: 'touch' is possibly 'undefined'.
src/lib/ui/mobile/interaction/SwipeGestures.tsx(109,53): error TS18048: 'touch' is possibly 'undefined'.
src/lib/ui/mobile/layout/AutoHideHeader.tsx(3,1): error TS6133: 'React' is declared but its value is never read.
src/lib/ui/mobile/layout/MobileLayout.tsx(85,27): error TS2322: Type '{ mode: string; items: NavigationItem[] | undefined; onLogout: () => void; }' is not assignable to type 'IntrinsicAttributes'.
src/lib/ui/mobile/PullToRefreshIndicator.tsx(1,1): error TS6133: 'React' is declared but its value is never read.
src/lib/ui/navigation/analytics/NavigationAnalytics.tsx(63,13): error TS7030: Not all code paths return a value.
src/lib/ui/navigation/BreadcrumbNavigation.tsx(43,13): error TS2322: Type 'BreadcrumbItem | undefined' is not assignable to type 'BreadcrumbItem'.
src/lib/ui/navigation/BreadcrumbNavigation.tsx(43,20): error TS2322: Type 'BreadcrumbItem | undefined' is not assignable to type 'BreadcrumbItem'.
src/lib/ui/navigation/BreadcrumbNavigation.tsx(50,11): error TS2322: Type 'BreadcrumbItem | undefined' is not assignable to type 'BreadcrumbItem'.
src/lib/ui/navigation/BreadcrumbNavigation.tsx(50,18): error TS2322: Type 'BreadcrumbItem | undefined' is not assignable to type 'BreadcrumbItem'.
src/lib/ui/navigation/BreadcrumbNavigation.tsx(50,38): error TS2322: Type 'BreadcrumbItem | undefined' is not assignable to type 'BreadcrumbItem'.
src/lib/ui/navigation/constants.ts(53,20): error TS2322: Type '"expert"' is not assignable to type 'UserRole'.
src/lib/ui/navigation/constants.ts(53,30): error TS2322: Type '"admin"' is not assignable to type 'UserRole'.
src/lib/ui/navigation/hooks/useOptimizedNavigation.ts(54,42): error TS2769: No overload matches this call.
src/lib/ui/navigation/hooks/useOptimizedNavigation.ts(138,25): error TS2532: Object is possibly 'undefined'.
src/lib/ui/navigation/hooks/useOptimizedNavigation.ts(138,57): error TS2532: Object is possibly 'undefined'.
src/lib/ui/navigation/hooks/useRelatedPages.ts(7,3): error TS6133: 'validateUserRole' is declared but its value is never read.
src/lib/ui/navigation/hooks/useRelatedPages.ts(10,28): error TS6196: 'UserRole' is declared but never used.
src/lib/ui/navigation/hooks/useRelatedPages.ts(66,76): error TS2304: Cannot find name 'navUserRole'.
src/lib/ui/navigation/hooks/useRelatedPages.ts(78,50): error TS2345: Argument of type 'NavigationValidationError' is not assignable to parameter of type 'NavigationError'.
src/lib/ui/navigation/hooks/useRouteAccess.ts(5,34): error TS6133: 'validateUserRole' is declared but its value is never read.
src/lib/ui/navigation/hooks/useRouteAccess.ts(39,50): error TS2345: Argument of type 'NavigationAccessDeniedError | NavigationValidationError' is not assignable to parameter of type 'NavigationError'.
src/lib/ui/navigation/performance/NavigationPerformanceDashboard.tsx(10,1): error TS6133: 'React' is declared but its value is never read.
src/lib/ui/navigation/performance/NavigationPerformanceDashboard.tsx(106,13): error TS7030: Not all code paths return a value.
src/lib/ui/navigation/ProgressiveDisclosureDemo.tsx(2,1): error TS6133: 'React' is declared but its value is never read.
src/lib/ui/navigation/ProgressiveDisclosureNavigation.tsx(184,29): error TS2345: Argument of type 'string | undefined' is not assignable to parameter of type 'string'.
src/lib/ui/navigation/ProgressiveDisclosureSimple.tsx(14,1): error TS6133: 'React' is declared but its value is never read.
src/lib/ui/navigation/ProgressiveDisclosureSimple.tsx(97,13): error TS7030: Not all code paths return a value.
src/lib/ui/navigation/utils/navigation-utils.ts(14,5): error TS2322: Type 'IconType' is not assignable to type 'string | undefined'.
src/lib/ui/navigation/utils/navigation-utils.ts(14,59): error TS2352: Conversion of type 'undefined' to type 'IconType' may be a mistake because neither type sufficiently overlaps with the other. If this was intentional, convert the expression to 'unknown' first.
src/lib/ui/navigation/utils/navigation-utils.ts(24,5): error TS2322: Type '"public"' is not assignable to type 'UserRole'.
src/lib/ui/navigation/utils/navigation-utils.ts(25,5): error TS2322: Type '"citizen"' is not assignable to type 'UserRole'.
src/lib/ui/navigation/utils/navigation-utils.ts(27,5): error TS2322: Type '"expert"' is not assignable to type 'UserRole'.
src/lib/ui/navigation/utils/navigation-utils.ts(28,5): error TS2322: Type '"admin"' is not assignable to type 'UserRole'.
src/lib/ui/navigation/utils/navigation-utils.ts(29,5): error TS2322: Type '"journalist"' is not assignable to type 'UserRole'.
src/lib/ui/navigation/utils/navigation-utils.ts(32,5): error TS2322: Type '"admin"' is not assignable to type 'UserRole'.
src/lib/ui/navigation/utils/page-relationships.ts(15,5): error TS2322: Type '"public"' is not assignable to type 'UserRole'.
src/lib/ui/navigation/utils/page-relationships.ts(16,5): error TS2322: Type '"citizen"' is not assignable to type 'UserRole'.
src/lib/ui/navigation/utils/page-relationships.ts(18,5): error TS2322: Type '"expert"' is not assignable to type 'UserRole'.
src/lib/ui/navigation/utils/page-relationships.ts(19,5): error TS2322: Type '"admin"' is not assignable to type 'UserRole'.
src/lib/ui/navigation/utils/page-relationships.ts(20,5): error TS2322: Type '"journalist"' is not assignable to type 'UserRole'.
src/lib/ui/navigation/utils/page-relationships.ts(23,5): error TS2322: Type '"admin"' is not assignable to type 'UserRole'.
src/lib/ui/navigation/utils/page-relationships.ts(106,23): error TS18046: 'p' is of type 'unknown'.
src/lib/ui/navigation/utils/route-access.ts(2,10): error TS2305: Module '"@client/infrastructure/validation"' has no exported member 'validateNavigationPath'.
src/lib/ui/navigation/utils/route-access.ts(2,34): error TS2724: '"@client/infrastructure/validation"' has no exported member named 'validateUserRole'. Did you mean 'validateUrl'?
src/lib/ui/navigation/utils/route-access.ts(3,15): error TS6196: 'NavigationItem' is declared but never used.
src/lib/ui/navigation/utils/route-access.ts(35,42): error TS2304: Cannot find name 'User'.
src/lib/ui/navigation/utils/route-access.ts(45,9): error TS2304: Cannot find name 'User'.
src/lib/ui/navigation/utils/route-access.ts(69,50): error TS1361: 'UserRole' cannot be used as a value because it was imported using 'import type'.
src/lib/ui/navigation/utils/route-access.ts(73,24): error TS1361: 'UserRole' cannot be used as a value because it was imported using 'import type'.
src/lib/ui/navigation/utils/route-access.ts(114,9): error TS2304: Cannot find name 'User'.
src/lib/ui/navigation/utils/route-access.ts(120,40): error TS1361: 'UserRole' cannot be used as a value because it was imported using 'import type'.
src/lib/ui/notifications/NotificationCenter.tsx(11,1): error TS6133: 'React' is declared but its value is never read.
src/lib/ui/notifications/NotificationItem.tsx(7,10): error TS2724: '"@client/infrastructure/notifications/model/notification-service"' has no exported member named 'Notification'. Did you mean 'NotificationData'?
src/lib/ui/notifications/NotificationItem.tsx(7,24): error TS2724: '"@client/infrastructure/notifications/model/notification-service"' has no exported member named 'NotificationType'. Did you mean 'NotificationData'?
src/lib/ui/performance/PerformanceDashboard.tsx(12,1): error TS6133: 'React' is declared but its value is never read.
src/lib/ui/privacy/CompactInterface.tsx(8,1): error TS6133: 'React' is declared but its value is never read.
src/lib/ui/privacy/controls/ConsentControls.tsx(8,1): error TS6133: 'React' is declared but its value is never read.
src/lib/ui/privacy/controls/DataUsageControls.tsx(7,1): error TS6133: 'React' is declared but its value is never read.
src/lib/ui/privacy/FullInterface.tsx(275,27): error TS18046: 'category' is of type 'unknown'.
src/lib/ui/privacy/FullInterface.tsx(278,52): error TS18046: 'category' is of type 'unknown'.
src/lib/ui/privacy/FullInterface.tsx(279,24): error TS18046: 'category' is of type 'unknown'.
src/lib/ui/privacy/FullInterface.tsx(283,32): error TS18046: 'category' is of type 'unknown'.
src/lib/ui/privacy/FullInterface.tsx(284,33): error TS18046: 'category' is of type 'unknown'.
src/lib/ui/privacy/FullInterface.tsx(285,38): error TS18046: 'category' is of type 'unknown'.
src/lib/ui/privacy/FullInterface.tsx(289,62): error TS18046: 'category' is of type 'unknown'.
src/lib/ui/privacy/FullInterface.tsx(291,22): error TS18046: 'category' is of type 'unknown'.
src/lib/ui/privacy/FullInterface.tsx(292,30): error TS2322: Type 'unknown' is not assignable to type 'Key | null | undefined'.
src/lib/ui/privacy/FullInterface.tsx(293,25): error TS2322: Type 'unknown' is not assignable to type 'ReactNode'.
src/lib/ui/privacy/ModalInterface.tsx(6,1): error TS6133: 'React' is declared but its value is never read.
src/lib/ui/privacy/PrivacyManager.tsx(6,1): error TS6133: 'React' is declared but its value is never read.
src/lib/ui/realtime/RealTimeDashboard.tsx(18,1): error TS6133: 'React' is declared but its value is never read.
src/lib/ui/realtime/RealTimeNotifications.tsx(4,1): error TS6133: 'React' is declared but its value is never read.
src/lib/ui/realtime/RealTimeNotifications.tsx(35,32): error TS2339: Property 'id' does not exist on type 'Notification'.
src/lib/ui/realtime/RealTimeNotifications.tsx(40,57): error TS2339: Property 'id' does not exist on type 'Notification'.
src/lib/ui/realtime/RealTimeNotifications.tsx(61,52): error TS2339: Property 'read' does not exist on type 'Notification'.
src/lib/ui/realtime/RealTimeNotifications.tsx(134,37): error TS2339: Property 'id' does not exist on type 'Notification'.
src/lib/ui/realtime/RealTimeNotifications.tsx(138,35): error TS2339: Property 'read' does not exist on type 'Notification'.
src/lib/ui/realtime/RealTimeNotifications.tsx(142,55): error TS2339: Property 'type' does not exist on type 'Notification'.
src/lib/ui/realtime/RealTimeNotifications.tsx(152,74): error TS2339: Property 'id' does not exist on type 'Notification'.
src/lib/ui/realtime/RealTimeNotifications.tsx(159,39): error TS2339: Property 'message' does not exist on type 'Notification'.
src/lib/ui/realtime/RealTimeNotifications.tsx(163,41): error TS2339: Property 'timestamp' does not exist on type 'Notification'.
src/lib/ui/realtime/RealTimeNotifications.tsx(165,40): error TS2339: Property 'read' does not exist on type 'Notification'.
src/lib/ui/realtime/RealTimeNotifications.tsx(168,68): error TS2339: Property 'id' does not exist on type 'Notification'.
src/lib/ui/status/connection-status.tsx(9,1): error TS6133: 'React' is declared but its value is never read.
src/lib/ui/status/connection-status.tsx(24,60): error TS6133: 'showDetails' is declared but its value is never read.
src/lib/ui/status/database-status.tsx(9,1): error TS6133: 'React' is declared but its value is never read.
src/lib/ui/types/index.ts(145,18): error TS2304: Cannot find name 'UserRole'.
src/lib/ui/types/index.ts(152,14): error TS2304: Cannot find name 'UserRole'.
src/lib/ui/utils/error-handling-utils.ts(10,15): error TS6196: 'ClientError' is declared but never used.
src/lib/ui/utils/error-handling-utils.ts(183,9): error TS2353: Object literal may only specify known properties, and 'timestamp' does not exist in type 'Partial<ErrorContext>'.
src/lib/ui/utils/error-handling-utils.ts(258,4): error TS2304: Cannot find name 'AppError'.
src/lib/ui/utils/error-handling-utils.ts(266,7): error TS2353: Object literal may only specify known properties, and 'domain' does not exist in type 'Partial<ErrorContext>'.
src/lib/ui/utils/error-handling-utils.ts(282,4): error TS2304: Cannot find name 'AppError'.
src/lib/ui/utils/error-handling-utils.ts(289,5): error TS2322: Type '"STORE_VALIDATION_ERROR" | "STORE_NETWORK_ERROR" | "STORE_UNKNOWN_ERROR" | "STORE_TIMEOUT_ERROR" | "STORE_COMPONENT_ERROR" | "STORE_RENDER_ERROR" | "STORE_INTERACTION_ERROR" | "STORE_PERMISSION_ERROR" | "STORE_NOT_FOUND_ERROR" | "STORE_CONFIGURATION_ERROR"' is not assignable to type 'ErrorCode'.
src/lib/ui/utils/error-handling-utils.ts(291,7): error TS2353: Object literal may only specify known properties, and 'source' does not exist in type 'ErrorContext'.
src/lib/ui/utils/error-handling-utils.ts(312,25): error TS2304: Cannot find name 'AppError'.
src/lib/ui/utils/error-handling-utils.ts(327,28): error TS2345: Argument of type '{ report(error: AppError): Promise<void>; }' is not assignable to parameter of type 'ErrorListener'.
src/lib/ui/utils/error-handling.tsx(138,3): error TS4114: This member must have an 'override' modifier because it overrides a member in the base class 'Component<UIErrorBoundaryProps, UIErrorBoundaryState, any>'.
src/lib/ui/utils/error-handling.tsx(148,7): error TS2322: Type 'UIErrorType' is not assignable to type 'ErrorCode'.
src/lib/ui/utils/error-handling.tsx(151,9): error TS2353: Object literal may only specify known properties, and 'componentStack' does not exist in type 'ErrorContext'.
src/lib/ui/utils/error-handling.tsx(165,3): error TS4114: This member must have an 'override' modifier because it overrides a member in the base class 'Component<UIErrorBoundaryProps, UIErrorBoundaryState, any>'.
src/lib/ui/virtual-list/VirtualList.tsx(175,20): error TS2532: Object is possibly 'undefined'.
src/lib/ui/virtual-list/VirtualList.tsx(189,11): error TS2532: Object is possibly 'undefined'.
src/lib/utils/bundle-analyzer.ts(139,12): error TS18048: 'filename' is possibly 'undefined'.
src/lib/utils/bundle-analyzer.ts(139,38): error TS18048: 'filename' is possibly 'undefined'.
src/lib/utils/emergency-triage.ts(339,30): error TS2345: Argument of type 'string | undefined' is not assignable to parameter of type 'string'.
src/lib/utils/emergency-triage.ts(391,18): error TS18046: 'hook' is of type 'unknown'.
src/lib/utils/emergency-triage.ts(392,34): error TS18046: 'hook' is of type 'unknown'.
src/lib/utils/emergency-triage.ts(393,9): error TS18046: 'hook' is of type 'unknown'.
src/lib/utils/input-validation.ts(86,47): error TS2304: Cannot find name 'ValidationResult'.
src/lib/utils/input-validation.ts(108,53): error TS2304: Cannot find name 'ValidationResult'.
src/lib/utils/input-validation.ts(140,47): error TS2304: Cannot find name 'ValidationResult'.
src/lib/utils/input-validation.ts(162,43): error TS2304: Cannot find name 'ValidationResult'.
src/lib/utils/input-validation.ts(192,4): error TS2304: Cannot find name 'ValidationResult'.
src/lib/utils/input-validation.ts(225,50): error TS2304: Cannot find name 'ValidationResult'.
src/lib/utils/input-validation.ts(249,4): error TS2304: Cannot find name 'ValidationResult'.
src/lib/utils/investor-demo-enhancements.ts(193,47): error TS2698: Spread types may only be created from object types.
src/lib/utils/investor-demo-enhancements.ts(197,26): error TS2345: Argument of type 'unknown' is not assignable to parameter of type '{ query?: string | undefined; status?: string[] | undefined; urgency?: string[] | undefined; policyAreas?: string[] | undefined; controversyLevels?: string[] | undefined; }'.
src/lib/utils/react-helpers.ts(19,9): error TS2698: Spread types may only be created from object types.
src/lib/utils/safe-lazy-loading.tsx(32,48): error TS6133: 'props' is declared but its value is never read.
src/lib/validation/base-validation.ts(246,4): error TS2304: Cannot find name 'ValidationResult'.
src/lib/validation/consolidated.ts(229,4): error TS2304: Cannot find name 'ValidationResult'.
src/main.tsx(57,16): error TS18046: 'globalWindow' is of type 'unknown'.
src/main.tsx(58,7): error TS18046: 'globalWindow' is of type 'unknown'.
src/main.tsx(81,36): error TS7030: Not all code paths return a value.
../shared/types/api/contracts/index.ts(22,10): error TS1205: Re-exporting a type when 'isolatedModules' is enabled requires using 'export type'.
../shared/types/api/contracts/index.ts(22,34): error TS1205: Re-exporting a type when 'isolatedModules' is enabled requires using 'export type'.
../shared/types/api/contracts/index.ts(22,66): error TS1205: Re-exporting a type when 'isolatedModules' is enabled requires using 'export type'.
../shared/types/api/contracts/index.ts(22,86): error TS1205: Re-exporting a type when 'isolatedModules' is enabled requires using 'export type'.
../shared/types/api/contracts/index.ts(22,105): error TS1205: Re-exporting a type when 'isolatedModules' is enabled requires using 'export type'.
../shared/types/api/contracts/index.ts(22,113): error TS1205: Re-exporting a type when 'isolatedModules' is enabled requires using 'export type'.
../shared/types/api/contracts/index.ts(22,120): error TS1205: Re-exporting a type when 'isolatedModules' is enabled requires using 'export type'.
../shared/types/domains/authentication/index.ts(7,1): error TS2308: Module './user' has already exported a member named 'UserPreferences'. Consider explicitly re-exporting to resolve the ambiguity.
../shared/types/index.ts(105,1): error TS2308: Module './core' has already exported a member named 'ValidationResult'. Consider explicitly re-exporting to resolve the ambiguity.
../tests/properties/public-api-completeness.property.test.ts(13,31): error TS6133: 'SyntaxKind' is declared but its value is never read.
../tests/properties/public-api-completeness.property.test.ts(13,43): error TS6133: 'Node' is declared but its value is never read.
../tests/properties/public-api-completeness.property.test.ts(95,39): error TS2339: Property 'withContext' does not exist on type 'Assertion<number>'.
../tests/properties/public-api-completeness.property.test.ts(158,39): error TS2339: Property 'withContext' does not exist on type 'Assertion<number>'.
../tests/properties/public-api-completeness.property.test.ts(198,35): error TS2532: Object is possibly 'undefined'.
../tests/properties/public-api-completeness.property.test.ts(214,35): error TS2532: Object is possibly 'undefined'.
../tests/properties/public-api-completeness.property.test.ts(227,39): error TS2339: Property 'withContext' does not exist on type 'Assertion<number>'.
../tests/properties/public-api-completeness.property.test.ts(286,39): error TS2339: Property 'withContext' does not exist on type 'Assertion<number>'.
../tests/properties/public-api-completeness.property.test.ts(334,35): error TS2532: Object is possibly 'undefined'.
../tests/properties/public-api-completeness.property.test.ts(356,39): error TS2339: Property 'withContext' does not exist on type 'Assertion<number>'.
