demo/real-time-tracking-demo.ts(11,63): error TS2307: Cannot find module '@server/features/bills/application/bill-status-monitor.service' or its corresponding type declarations.
demo/real-time-tracking-demo.ts(14,10): error TS2724: '"@server/infrastructure/websocket"' has no exported member named 'webSocketService'. Did you mean 'WebSocketService'?
demo/real-time-tracking-demo.ts(145,21): error TS2769: No overload matches this call.
  Overload 1 of 3, '(obj: "", msg?: undefined): void', gave the following error.
    Argument of type '{ component: string; }' is not assignable to parameter of type 'undefined'.
  Overload 2 of 3, '(obj: "", msg?: undefined, ...args: unknown[]): void', gave the following error.
    Argument of type '{ component: string; }' is not assignable to parameter of type 'undefined'.
demo/real-time-tracking-demo.ts(161,13): error TS6133: 'updatedPrefs' is declared but its value is never read.
demo/real-time-tracking-demo.ts(169,57): error TS2339: Property 'shouldNotifyUser' does not exist on type 'UserPreferencesService'.
demo/real-time-tracking-demo.ts(181,21): error TS2769: No overload matches this call.
  Overload 1 of 3, '(obj: "", msg?: undefined): void', gave the following error.
    Argument of type '{ component: string; }' is not assignable to parameter of type 'undefined'.
  Overload 2 of 3, '(obj: "", msg?: undefined, ...args: unknown[]): void', gave the following error.
    Argument of type '{ component: string; }' is not assignable to parameter of type 'undefined'.
demo/real-time-tracking-demo.ts(215,21): error TS2769: No overload matches this call.
  Overload 1 of 3, '(obj: "", msg?: undefined): void', gave the following error.
    Argument of type '{ component: string; }' is not assignable to parameter of type 'undefined'.
  Overload 2 of 3, '(obj: "", msg?: undefined, ...args: unknown[]): void', gave the following error.
    Argument of type '{ component: string; }' is not assignable to parameter of type 'undefined'.
demo/real-time-tracking-demo.ts(226,21): error TS2769: No overload matches this call.
  Overload 1 of 3, '(obj: "", msg?: undefined): void', gave the following error.
    Argument of type '{ component: string; }' is not assignable to parameter of type 'undefined'.
  Overload 2 of 3, '(obj: "", msg?: undefined, ...args: unknown[]): void', gave the following error.
    Argument of type '{ component: string; }' is not assignable to parameter of type 'undefined'.
demo/real-time-tracking-demo.ts(229,21): error TS2769: No overload matches this call.
  Overload 1 of 3, '(obj: "", msg?: undefined): void', gave the following error.
    Argument of type '{ component: string; }' is not assignable to parameter of type 'undefined'.
  Overload 2 of 3, '(obj: "", msg?: undefined, ...args: unknown[]): void', gave the following error.
    Argument of type '{ component: string; }' is not assignable to parameter of type 'undefined'.
demo/real-time-tracking-demo.ts(238,21): error TS2769: No overload matches this call.
  Overload 1 of 3, '(obj: "", msg?: undefined): void', gave the following error.
    Argument of type '{ component: string; }' is not assignable to parameter of type 'undefined'.
  Overload 2 of 3, '(obj: "", msg?: undefined, ...args: unknown[]): void', gave the following error.
    Argument of type '{ component: string; }' is not assignable to parameter of type 'undefined'.
dev.ts(12,7): error TS6133: 'unregister' is declared but its value is never read.
domain/interfaces/bill-repository.interface.ts(9,21): error TS2614: Module '"@server/infrastructure/schema"' has no exported member 'NewBill'. Did you mean to use 'import NewBill from "@server/infrastructure/schema"' instead?
domain/interfaces/sponsor-repository.interface.ts(9,15): error TS2724: '"@server/infrastructure/schema"' has no exported member named 'NewSponsor'. Did you mean 'Sponsor'?
domain/interfaces/user-repository.interface.ts(9,15): error TS2614: Module '"@server/infrastructure/schema"' has no exported member 'NewUser'. Did you mean to use 'import NewUser from "@server/infrastructure/schema"' instead?
domain/interfaces/user-repository.interface.ts(9,24): error TS2724: '"@server/infrastructure/schema"' has no exported member named 'NewUserProfile'. Did you mean 'user_profiles'?
domain/interfaces/user-repository.interface.ts(9,45): error TS2724: '"@server/infrastructure/schema"' has no exported member named 'UserProfile'. Did you mean 'user_profiles'?
examples/cached-routes-example.ts(20,46): error TS2339: Property 'getAllBillsCached' does not exist on type 'CachedBillService'.
examples/cached-routes-example.ts(39,3): error TS7030: Not all code paths return a value.
examples/cached-routes-example.ts(41,27): error TS2339: Property 'user' does not exist on type 'Request<ParamsDictionary, any, any, ParsedQs, Record<string, any>>'.
examples/cached-routes-example.ts(47,46): error TS2339: Property 'getAllBillsCached' does not exist on type 'CachedBillService'.
examples/cached-routes-example.ts(69,3): error TS7030: Not all code paths return a value.
examples/cached-routes-example.ts(79,46): error TS2339: Property 'searchBillsCached' does not exist on type 'CachedBillService'.
examples/cached-routes-example.ts(98,10): error TS6133: 'req' is declared but its value is never read.
examples/cached-routes-example.ts(100,46): error TS2551: Property 'getBillStatsCached' does not exist on type 'CachedBillService'. Did you mean 'getBillStats'?
examples/cached-routes-example.ts(124,46): error TS2339: Property 'getAllBillsCached' does not exist on type 'CachedBillService'.
examples/cached-routes-example.ts(148,31): error TS2554: Expected 1 arguments, but got 0.
features/admin/application/services/moderation-service.ts(57,10): error TS6133: 'getErrorMessage' is declared but its value is never read.
features/admin/application/services/moderation-service.ts(149,73): error TS2353: Object literal may only specify known properties, and 'context' does not exist in type 'Partial<ErrorContext>'.
features/admin/application/services/moderation-service.ts(187,70): error TS2353: Object literal may only specify known properties, and 'queueItemId' does not exist in type 'Partial<ErrorContext>'.
features/admin/application/services/moderation-service.ts(212,75): error TS2353: Object literal may only specify known properties, and 'limit' does not exist in type 'Partial<ErrorContext>'.
features/admin/application/services/moderation-service.ts(233,71): error TS2353: Object literal may only specify known properties, and 'moderatorId' does not exist in type 'Partial<ErrorContext>'.
features/admin/application/services/moderation-service.ts(307,69): error TS2353: Object literal may only specify known properties, and 'decision' does not exist in type 'Partial<ErrorContext>'.
features/admin/application/services/moderation-service.ts(323,66): error TS2353: Object literal may only specify known properties, and 'decisionId' does not exist in type 'Partial<ErrorContext>'.
features/admin/application/services/moderation-service.ts(393,65): error TS2353: Object literal may only specify known properties, and 'appeal' does not exist in type 'Partial<ErrorContext>'.
features/admin/application/services/moderation-service.ts(410,72): error TS2353: Object literal may only specify known properties, and 'limit' does not exist in type 'Partial<ErrorContext>'.
features/admin/application/services/moderation-service.ts(503,84): error TS2353: Object literal may only specify known properties, and 'moderatorId' does not exist in type 'Partial<ErrorContext>'.
features/admin/domain/moderation-service.ts(1,42): error TS2307: Cannot find module '@server/features/admin/application/content-moderation.routes' or its corresponding type declarations.
features/admin/domain/moderation-service.ts(44,25): error TS2769: No overload matches this call.
  Overload 1 of 3, '(obj: string, msg?: undefined): void', gave the following error.
    Argument of type '{ component: string; error: string; }' is not assignable to parameter of type 'undefined'.
  Overload 2 of 3, '(obj: string, msg?: undefined, ...args: unknown[]): void', gave the following error.
    Argument of type '{ component: string; error: string; }' is not assignable to parameter of type 'undefined'.
features/admin/domain/moderation-service.ts(48,35): error TS2345: Argument of type 'Response<any, Record<string, any>>' is not assignable to parameter of type 'string'.
features/admin/domain/moderation-service.ts(67,14): error TS2348: Value of type 'typeof ApiValidationError' is not callable. Did you mean to include 'new'?
features/admin/domain/moderation-service.ts(93,29): error TS2345: Argument of type 'string | undefined' is not assignable to parameter of type 'string'.
  Type 'undefined' is not assignable to type 'string'.
features/admin/domain/moderation-service.ts(99,39): error TS2345: Argument of type 'Response<any, Record<string, any>>' is not assignable to parameter of type 'string'.
features/admin/domain/moderation-service.ts(105,39): error TS2345: Argument of type 'Response<any, Record<string, any>>' is not assignable to parameter of type 'string'.
features/admin/domain/moderation-service.ts(112,14): error TS2348: Value of type 'typeof ApiValidationError' is not callable. Did you mean to include 'new'?
features/admin/domain/moderation-service.ts(144,39): error TS2345: Argument of type 'Response<any, Record<string, any>>' is not assignable to parameter of type 'string'.
features/admin/domain/moderation-service.ts(153,9): error TS2304: Cannot find name 'startDate'.
features/admin/domain/moderation-service.ts(156,9): error TS2304: Cannot find name 'startDate'.
features/admin/domain/moderation-service.ts(159,9): error TS2304: Cannot find name 'startDate'.
features/admin/domain/moderation-service.ts(184,39): error TS2345: Argument of type 'Response<any, Record<string, any>>' is not assignable to parameter of type 'string'.
features/admin/domain/moderation-service.ts(190,39): error TS2345: Argument of type 'Response<any, Record<string, any>>' is not assignable to parameter of type 'string'.
features/admin/index.ts(9,10): error TS2305: Module '"./presentation/http/content-moderation.routes"' has no exported member 'router'.
features/admin/moderation/content-analysis.service.ts(25,5): error TS6133: 'content_type' is declared but its value is never read.
features/admin/moderation/content-analysis.service.ts(27,5): error TS6133: 'additionalContext' is declared but its value is never read.
features/admin/moderation/content-analysis.service.ts(146,39): error TS6133: 'lowerContent' is declared but its value is never read.
features/admin/moderation/content-analysis.service.ts(263,14): error TS18046: 'score' is of type 'unknown'.
features/admin/moderation/content-analysis.service.ts(263,23): error TS18046: 'issue' is of type 'unknown'.
features/admin/moderation/content-analysis.service.ts(263,42): error TS7053: Element implicitly has an 'any' type because expression of type 'any' can't be used to index type '{ info: number; low: number; medium: number; high: number; critical: number; }'.
features/admin/moderation/content-analysis.service.ts(263,58): error TS18046: 'issue' is of type 'unknown'.
features/admin/moderation/content-analysis.service.ts(266,56): error TS18046: 'i' is of type 'unknown'.
features/admin/moderation/content-analysis.service.ts(267,45): error TS18046: 'overallScore' is of type 'unknown'.
features/admin/moderation/content-analysis.service.ts(271,30): error TS18046: 'overallScore' is of type 'unknown'.
features/admin/moderation/content-analysis.service.ts(273,16): error TS18046: 'overallScore' is of type 'unknown'.
features/admin/moderation/content-analysis.service.ts(275,16): error TS18046: 'overallScore' is of type 'unknown'.
features/admin/moderation/content-analysis.service.ts(277,16): error TS18046: 'overallScore' is of type 'unknown'.
features/admin/moderation/content-analysis.service.ts(289,7): error TS2322: Type 'unknown[]' is not assignable to type '{ type: string; description: string; confidence: number; severity: "info" | "low" | "high" | "medium" | "critical"; }[]'.
  Type 'unknown' is not assignable to type '{ type: string; description: string; confidence: number; severity: "info" | "low" | "high" | "medium" | "critical"; }'.
features/admin/moderation/content-analysis.service.ts(290,32): error TS18046: 'overallScore' is of type 'unknown'.
features/admin/moderation/content-analysis.service.ts(298,34): error TS18046: 'i' is of type 'unknown'.
features/admin/moderation/content-analysis.service.ts(302,34): error TS18046: 'i' is of type 'unknown'.
features/admin/moderation/content-analysis.service.ts(306,34): error TS18046: 'i' is of type 'unknown'.
features/admin/moderation/content-analysis.service.ts(310,34): error TS18046: 'i' is of type 'unknown'.
features/admin/moderation/moderation-analytics.service.ts(9,24): error TS6133: 'writeDatabase' is declared but its value is never read.
features/admin/moderation/moderation-analytics.service.ts(9,39): error TS6133: 'withTransaction' is declared but its value is never read.
features/admin/moderation/moderation-analytics.service.ts(10,10): error TS2724: '"@server/infrastructure/schema"' has no exported member named 'bill'. Did you mean 'Bill'?
features/admin/moderation/moderation-analytics.service.ts(12,3): error TS2614: Module '"@server/infrastructure/schema"' has no exported member 'content_report'. Did you mean to use 'import content_report from "@server/infrastructure/schema"' instead?
features/admin/moderation/moderation-analytics.service.ts(13,3): error TS2614: Module '"@server/infrastructure/schema"' has no exported member 'moderation_action'. Did you mean to use 'import moderation_action from "@server/infrastructure/schema"' instead?
features/admin/moderation/moderation-analytics.service.ts(14,3): error TS2300: Duplicate identifier 'users'.
features/admin/moderation/moderation-analytics.service.ts(16,10): error TS2300: Duplicate identifier 'users'.
features/admin/moderation/moderation-analytics.service.ts(288,15): error TS2304: Cannot find name 'user'.
features/admin/moderation/moderation-analytics.service.ts(405,15): error TS2304: Cannot find name 'user'.
features/admin/moderation/moderation-decision.service.ts(1,1): error TS6133: 'User' is declared but its value is never read.
features/admin/moderation/moderation-decision.service.ts(10,10): error TS6133: 'readDatabase' is declared but its value is never read.
features/admin/moderation/moderation-decision.service.ts(10,39): error TS6133: 'withTransaction' is declared but its value is never read.
features/admin/moderation/moderation-decision.service.ts(12,3): error TS2614: Module '"@server/infrastructure/schema"' has no exported member 'content_report'. Did you mean to use 'import content_report from "@server/infrastructure/schema"' instead?
features/admin/moderation/moderation-decision.service.ts(13,3): error TS2614: Module '"@server/infrastructure/schema"' has no exported member 'moderation_action'. Did you mean to use 'import moderation_action from "@server/infrastructure/schema"' instead?
features/admin/moderation/moderation-decision.service.ts(14,3): error TS2300: Duplicate identifier 'users'.
features/admin/moderation/moderation-decision.service.ts(17,10): error TS2300: Duplicate identifier 'users'.
features/admin/moderation/moderation-decision.service.ts(18,32): error TS6133: 'gte' is declared but its value is never read.
features/admin/moderation/moderation-decision.service.ts(18,37): error TS6133: 'inArray' is declared but its value is never read.
features/admin/moderation/moderation-decision.service.ts(18,45): error TS6133: 'sql' is declared but its value is never read.
features/admin/moderation/moderation-decision.service.ts(246,20): error TS2304: Cannot find name 'user'.
features/admin/moderation/moderation-orchestrator.service.ts(305,11): error TS2345: Argument of type '{}' is not assignable to parameter of type '"other" | "inappropriate" | "spam" | "harassment" | "misinformation" | "copyright"'.
features/admin/moderation/moderation-queue.service.ts(10,1): error TS6192: All imports in import declaration are unused.
features/admin/moderation/moderation-queue.service.ts(11,10): error TS2724: '"@server/infrastructure/schema"' has no exported member named 'bill'. Did you mean 'Bill'?
features/admin/moderation/moderation-queue.service.ts(13,3): error TS2614: Module '"@server/infrastructure/schema"' has no exported member 'content_report'. Did you mean to use 'import content_report from "@server/infrastructure/schema"' instead?
features/admin/moderation/moderation-queue.service.ts(14,3): error TS2724: '"@server/infrastructure/schema"' has no exported member named 'sponsor'. Did you mean 'Sponsor'?
features/admin/moderation/moderation-queue.service.ts(15,3): error TS2300: Duplicate identifier 'users'.
features/admin/moderation/moderation-queue.service.ts(18,10): error TS2300: Duplicate identifier 'users'.
features/admin/moderation/moderation-queue.service.ts(180,22): error TS18048: 'newReport' is possibly 'undefined'.
features/admin/moderation/moderation-queue.service.ts(338,22): error TS2304: Cannot find name 'user'.
features/admin/moderation/types.ts(9,3): error TS2305: Module '"@shared/types"' has no exported member 'ContentModerationFilters'.
features/admin/moderation/types.ts(10,3): error TS2724: '"@shared/types"' has no exported member named 'ModerationItem'. Did you mean 'ModerationId'?
features/admin/presentation/http/admin.routes.ts(1,1): error TS6133: 'User' is declared but its value is never read.
features/admin/presentation/http/admin.routes.ts(2,1): error TS6192: All imports in import declaration are unused.
features/admin/presentation/http/admin.routes.ts(4,24): error TS6133: 'writeDatabase' is declared but its value is never read.
features/admin/presentation/http/admin.routes.ts(4,39): error TS6133: 'withTransaction' is declared but its value is never read.
features/admin/presentation/http/admin.routes.ts(5,15): error TS6133: 'count' is declared but its value is never read.
features/admin/presentation/http/admin.routes.ts(7,20): error TS2724: '"@server/infrastructure/schema"' has no exported member named 'bill'. Did you mean 'Bill'?
features/admin/presentation/http/admin.routes.ts(7,36): error TS2724: '"@server/infrastructure/schema"' has no exported member named 'notification'. Did you mean 'notifications'?
features/admin/presentation/http/admin.routes.ts(7,36): error TS6133: 'notification' is declared but its value is never read.
features/admin/presentation/http/admin.routes.ts(48,93): error TS2304: Cannot find name 'user'.
features/admin/presentation/http/admin.routes.ts(49,94): error TS2304: Cannot find name 'user'.
features/admin/presentation/http/admin.routes.ts(50,91): error TS2304: Cannot find name 'user'.
features/admin/presentation/http/admin.routes.ts(57,15): error TS2304: Cannot find name 'user'.
features/admin/presentation/http/admin.routes.ts(79,16): error TS2304: Cannot find name 'user'.
features/admin/presentation/http/admin.routes.ts(105,51): error TS2345: Argument of type '{ component: string; }' is not assignable to parameter of type 'undefined'.
features/admin/presentation/http/admin.routes.ts(112,95): error TS2304: Cannot find name 'user'.
features/admin/presentation/http/admin.routes.ts(113,96): error TS2304: Cannot find name 'user'.
features/admin/presentation/http/admin.routes.ts(114,93): error TS2304: Cannot find name 'user'.
features/admin/presentation/http/admin.routes.ts(142,62): error TS2345: Argument of type '{ component: string; }' is not assignable to parameter of type 'undefined'.
features/admin/presentation/http/admin.routes.ts(181,15): error TS2304: Cannot find name 'user'.
features/admin/presentation/http/admin.routes.ts(185,9): error TS2740: Type 'Omit<PgSelectBase<any, { id: any; email: any; name: any; role: any; verification_status: any; is_active: any; last_login_at: any; created_at: any; }, "partial", any, false, "where", any[], { id: any; email: any; ... 5 more ...; created_at: any; }>, "where">' is missing the following properties from type 'PgSelectBase<any, { id: any; email: any; name: any; role: any; verification_status: any; is_active: any; last_login_at: any; created_at: any; }, "partial", any, false, never, any[], { id: any; email: any; name: any; ... 4 more ...; created_at: any; }>': config, joinsNotNullableMap, tableName, isPartialSelect, and 5 more.
features/admin/presentation/http/admin.routes.ts(185,41): error TS2345: Argument of type 'unknown' is not assignable to parameter of type 'SQLWrapper | undefined'.
features/admin/presentation/http/admin.routes.ts(194,83): error TS2304: Cannot find name 'user'.
features/admin/presentation/http/admin.routes.ts(196,43): error TS2345: Argument of type 'unknown' is not assignable to parameter of type 'SQLWrapper | undefined'.
features/admin/presentation/http/admin.routes.ts(210,60): error TS2345: Argument of type '{ component: string; }' is not assignable to parameter of type 'undefined'.
features/admin/presentation/http/admin.routes.ts(217,17): error TS2304: Cannot find name 'user'.
features/admin/presentation/http/admin.routes.ts(223,51): error TS2345: Argument of type '{ component: string; }' is not assignable to parameter of type 'undefined'.
features/admin/presentation/http/admin.routes.ts(228,45): error TS6133: 'level' is declared but its value is never read.
features/admin/presentation/http/admin.routes.ts(259,51): error TS2345: Argument of type '{ component: string; }' is not assignable to parameter of type 'undefined'.
features/admin/presentation/http/admin.routes.ts(278,20): error TS2304: Cannot find name 'user'.
features/admin/presentation/http/admin.routes.ts(293,63): error TS2345: Argument of type '{ component: string; }' is not assignable to parameter of type 'undefined'.
features/admin/presentation/http/admin.routes.ts(304,49): error TS2345: Argument of type '{ component: string; }' is not assignable to parameter of type 'undefined'.
features/admin/presentation/http/content-moderation.routes.ts(11,1): error TS6133: 'logger' is declared but its value is never read.
features/admin/presentation/http/external-api-dashboard.routes.ts(370,84): error TS2345: Argument of type 'string | undefined' is not assignable to parameter of type 'string'.
  Type 'undefined' is not assignable to type 'string'.
features/admin/presentation/http/external-api-dashboard.routes.ts(388,70): error TS2339: Property 'getCostOptimizationRecommendations' does not exist on type 'APICostMonitoringService'.
features/admin/presentation/http/external-api-dashboard.routes.ts(404,65): error TS2345: Argument of type 'string | undefined' is not assignable to parameter of type 'string'.
  Type 'undefined' is not assignable to type 'string'.
features/admin/presentation/http/routes.ts(1,1): error TS6133: 'User' is declared but its value is never read.
features/admin/presentation/http/routes.ts(28,1): error TS6133: 'db' is declared but its value is never read.
features/admin/presentation/http/system.routes.ts(5,24): error TS6133: 'writeDatabase' is declared but its value is never read.
features/admin/presentation/http/system.routes.ts(9,1): error TS6133: 'users' is declared but its value is never read.
features/admin/presentation/http/system.routes.ts(51,52): error TS2345: Argument of type 'SQL<unknown>' is not assignable to parameter of type 'string'.
features/admin/presentation/http/system.routes.ts(63,7): error TS18046: 'tableInfo' is of type 'unknown'.
features/admin/presentation/http/system.routes.ts(122,53): error TS2345: Argument of type 'SQL<unknown>' is not assignable to parameter of type 'string'.
features/admin/presentation/http/system.routes.ts(136,17): error TS18046: 'tableStats' is of type 'unknown'.
features/admin/presentation/http/system.routes.ts(138,24): error TS18046: 'tableStats' is of type 'unknown'.
features/admin/presentation/http/system.routes.ts(188,49): error TS2345: Argument of type 'SQL<unknown>' is not assignable to parameter of type 'string'.
features/admin/presentation/http/system.routes.ts(195,26): error TS18046: 'tables' is of type 'unknown'.
features/admin/presentation/http/system.routes.ts(216,55): error TS2345: Argument of type 'SQL<unknown>' is not assignable to parameter of type 'string'.
features/admin/presentation/http/system.routes.ts(223,13): error TS18046: 'userIdType' is of type 'unknown'.
features/admin/presentation/http/system.routes.ts(223,43): error TS18046: 'userIdType' is of type 'unknown'.
features/admin/presentation/http/system.routes.ts(224,27): error TS18046: 'userIdType' is of type 'unknown'.
features/admin/presentation/http/system.routes.ts(263,34): error TS2345: Argument of type 'SQL<unknown>' is not assignable to parameter of type 'string'.
features/advocacy/advocacy-factory.ts(33,34): error TS2304: Cannot find name 'CampaignRepositoryImpl'.
features/advocacy/advocacy-factory.ts(33,57): error TS2304: Cannot find name 'database'.
features/advocacy/advocacy-factory.ts(34,32): error TS2304: Cannot find name 'ActionRepositoryImpl'.
features/advocacy/advocacy-factory.ts(34,53): error TS2304: Cannot find name 'database'.
features/advocacy/application/action-coordinator.ts(6,10): error TS2305: Module '"@server/types/index"' has no exported member 'ActionFilters'.
features/advocacy/application/action-coordinator.ts(6,25): error TS2305: Module '"@server/types/index"' has no exported member 'ActionTemplate'.
features/advocacy/application/action-coordinator.ts(6,40): error TS2305: Module '"@server/types/index"' has no exported member 'PaginationOptions'.
features/advocacy/application/action-coordinator.ts(13,31): error TS2304: Cannot find name 'IActionRepository'.
features/advocacy/application/action-coordinator.ts(14,33): error TS2304: Cannot find name 'ICampaignRepository'.
features/advocacy/application/action-coordinator.ts(17,28): error TS2304: Cannot find name 'NewActionItem'.
features/advocacy/application/action-coordinator.ts(17,71): error TS2304: Cannot find name 'ActionItem'.
features/advocacy/application/action-coordinator.ts(54,63): error TS2304: Cannot find name 'ActionItem'.
features/advocacy/application/action-coordinator.ts(66,42): error TS2304: Cannot find name 'userId'.
features/advocacy/application/action-coordinator.ts(67,47): error TS2304: Cannot find name 'userId'.
features/advocacy/application/action-coordinator.ts(80,5): error TS6133: 'pagination' is declared but its value is never read.
features/advocacy/application/action-coordinator.ts(81,14): error TS2304: Cannot find name 'ActionItem'.
features/advocacy/application/action-coordinator.ts(93,14): error TS2304: Cannot find name 'ActionItem'.
features/advocacy/application/action-coordinator.ts(100,48): error TS2304: Cannot find name 'userId'.
features/advocacy/application/action-coordinator.ts(110,65): error TS2304: Cannot find name 'ActionItem'.
features/advocacy/application/action-coordinator.ts(117,26): error TS2304: Cannot find name 'ActionItemEntity'.
features/advocacy/application/action-coordinator.ts(147,15): error TS2304: Cannot find name 'ActionItem'.
features/advocacy/application/action-coordinator.ts(149,14): error TS2304: Cannot find name 'ActionItem'.
features/advocacy/application/action-coordinator.ts(156,26): error TS2304: Cannot find name 'ActionItemEntity'.
features/advocacy/application/action-coordinator.ts(190,14): error TS2304: Cannot find name 'ActionItem'.
features/advocacy/application/action-coordinator.ts(197,26): error TS2304: Cannot find name 'ActionItemEntity'.
features/advocacy/application/action-coordinator.ts(231,24): error TS2304: Cannot find name 'ActionItem'.
features/advocacy/application/action-coordinator.ts(232,14): error TS2304: Cannot find name 'ActionItem'.
features/advocacy/application/action-coordinator.ts(254,15): error TS2304: Cannot find name 'ActionItem'.
features/advocacy/application/action-coordinator.ts(255,14): error TS2304: Cannot find name 'ActionItem'.
features/advocacy/application/action-coordinator.ts(290,41): error TS2304: Cannot find name 'ActionItem'.
features/advocacy/application/action-coordinator.ts(317,22): error TS2304: Cannot find name 'NewActionItem'.
features/advocacy/application/action-coordinator.ts(319,14): error TS2304: Cannot find name 'ActionItem'.
features/advocacy/application/action-coordinator.ts(331,28): error TS2304: Cannot find name 'NewActionItem'.
features/advocacy/application/action-coordinator.ts(348,77): error TS2304: Cannot find name 'ActionItem'.
features/advocacy/application/action-coordinator.ts(352,81): error TS2304: Cannot find name 'ActionItem'.
features/advocacy/application/action-coordinator.ts(359,48): error TS2304: Cannot find name 'userId'.
features/advocacy/application/action-coordinator.ts(380,48): error TS2304: Cannot find name 'userId'.
features/advocacy/application/action-coordinator.ts(390,47): error TS2304: Cannot find name 'ActionItem'.
features/advocacy/application/campaign-service.ts(5,10): error TS2305: Module '"@server/types/index"' has no exported member 'CampaignFilters'.
features/advocacy/application/campaign-service.ts(5,27): error TS2305: Module '"@server/types/index"' has no exported member 'CampaignMetrics'.
features/advocacy/application/campaign-service.ts(5,43): error TS2305: Module '"@server/types/index"' has no exported member 'PaginationOptions'.
features/advocacy/application/campaign-service.ts(14,33): error TS2304: Cannot find name 'ICampaignRepository'.
features/advocacy/application/campaign-service.ts(15,36): error TS2304: Cannot find name 'CampaignDomainService'.
features/advocacy/application/campaign-service.ts(18,30): error TS2304: Cannot find name 'NewCampaign'.
features/advocacy/application/campaign-service.ts(18,71): error TS2304: Cannot find name 'Campaign'.
features/advocacy/application/campaign-service.ts(22,49): error TS2345: Argument of type 'unknown' is not assignable to parameter of type 'undefined'.
features/advocacy/application/campaign-service.ts(32,69): error TS2304: Cannot find name 'Campaign'.
features/advocacy/application/campaign-service.ts(53,14): error TS2304: Cannot find name 'Campaign'.
features/advocacy/application/campaign-service.ts(67,22): error TS2304: Cannot find name 'Campaign'.
features/advocacy/application/campaign-service.ts(69,14): error TS2304: Cannot find name 'Campaign'.
features/advocacy/application/campaign-service.ts(134,81): error TS2304: Cannot find name 'Campaign'.
features/advocacy/application/campaign-service.ts(139,16): error TS2304: Cannot find name 'Campaign'.
features/advocacy/application/campaign-service.ts(140,20): error TS2304: Cannot find name 'Campaign'.
features/advocacy/application/campaign-service.ts(151,11): error TS6133: 'campaign' is declared but its value is never read.
features/advocacy/application/campaign-service.ts(168,5): error TS6133: 'pagination' is declared but its value is never read.
features/advocacy/application/campaign-service.ts(169,14): error TS2304: Cannot find name 'Campaign'.
features/advocacy/application/campaign-service.ts(173,59): error TS2304: Cannot find name 'Campaign'.
features/advocacy/application/campaign-service.ts(177,79): error TS2304: Cannot find name 'Campaign'.
features/advocacy/application/campaign-service.ts(224,51): error TS2304: Cannot find name 'Campaign'.
features/advocacy/application/coalition-builder.ts(6,10): error TS2305: Module '"@server/types/index"' has no exported member 'CoalitionOpportunity'.
features/advocacy/application/coalition-builder.ts(37,33): error TS2304: Cannot find name 'ICampaignRepository'.
features/advocacy/application/coalition-builder.ts(38,13): error TS6138: Property 'actionRepository' is declared but its value is never read.
features/advocacy/application/coalition-builder.ts(38,31): error TS2304: Cannot find name 'IActionRepository'.
features/advocacy/application/coalition-builder.ts(39,29): error TS2304: Cannot find name 'AdvocacyEventPublisher'.
features/advocacy/application/coalition-builder.ts(82,49): error TS2304: Cannot find name 'CoalitionOpportunityIdentifiedEvent'.
features/advocacy/application/coalition-builder.ts(102,66): error TS2345: Argument of type 'unknown' is not assignable to parameter of type 'undefined'.
features/advocacy/application/coalition-builder.ts(154,34): error TS2339: Property 'IncompatibleCampaignsError' does not exist on type '{ campaignNotFound: (id: string) => CampaignNotFoundError; campaignAccessDenied: (campaign_id: string, user_id: string) => CampaignAccessDeniedError; ... 20 more ...; rateLimit: (action: string, limit: string) => RateLimitError; }'.
features/advocacy/application/coalition-builder.ts(184,51): error TS2345: Argument of type 'unknown' is not assignable to parameter of type 'undefined'.
features/advocacy/application/coalition-builder.ts(200,5): error TS6133: 'acceptingUserId' is declared but its value is never read.
features/advocacy/application/coalition-builder.ts(219,45): error TS2304: Cannot find name 'CoalitionFormedEvent'.
features/advocacy/application/coalition-builder.ts(233,48): error TS2345: Argument of type 'unknown' is not assignable to parameter of type 'undefined'.
features/advocacy/application/coalition-builder.ts(250,57): error TS2345: Argument of type 'unknown' is not assignable to parameter of type 'undefined'.
features/advocacy/application/coalition-builder.ts(264,5): error TS6133: 'actionDetails' is declared but its value is never read.
features/advocacy/application/coalition-builder.ts(265,5): error TS6133: 'coordinatorId' is declared but its value is never read.
features/advocacy/application/coalition-builder.ts(284,62): error TS2345: Argument of type 'unknown' is not assignable to parameter of type 'undefined'.
features/advocacy/application/coalition-builder.ts(308,9): error TS18046: 'campaign1' is of type 'unknown'.
features/advocacy/application/coalition-builder.ts(308,31): error TS18046: 'campaign2' is of type 'unknown'.
features/advocacy/application/coalition-builder.ts(315,9): error TS18046: 'campaign1' is of type 'unknown'.
features/advocacy/application/coalition-builder.ts(315,32): error TS18046: 'campaign2' is of type 'unknown'.
features/advocacy/application/coalition-builder.ts(317,44): error TS18046: 'campaign1' is of type 'unknown'.
features/advocacy/application/coalition-builder.ts(321,24): error TS18046: 'campaign1' is of type 'unknown'.
features/advocacy/application/coalition-builder.ts(321,63): error TS18046: 'campaign2' is of type 'unknown'.
features/advocacy/application/coalition-builder.ts(328,28): error TS18046: 'campaign1' is of type 'unknown'.
features/advocacy/application/coalition-builder.ts(329,7): error TS18046: 'campaign2' is of type 'unknown'.
features/advocacy/application/coalition-builder.ts(338,56): error TS18046: 'campaign1' is of type 'unknown'.
features/advocacy/application/coalition-builder.ts(338,78): error TS18046: 'campaign2' is of type 'unknown'.
features/advocacy/application/coalition-builder.ts(346,9): error TS18046: 'campaign1' is of type 'unknown'.
features/advocacy/application/coalition-builder.ts(346,39): error TS18046: 'campaign2' is of type 'unknown'.
features/advocacy/application/coalition-builder.ts(347,9): error TS18046: 'campaign1' is of type 'unknown'.
features/advocacy/application/coalition-builder.ts(347,40): error TS18046: 'campaign2' is of type 'unknown'.
features/advocacy/application/coalition-builder.ts(353,37): error TS18046: 'campaign1' is of type 'unknown'.
features/advocacy/application/coalition-builder.ts(353,66): error TS18046: 'campaign2' is of type 'unknown'.
features/advocacy/application/coalition-builder.ts(373,31): error TS18046: 'campaign1' is of type 'unknown'.
features/advocacy/application/coalition-builder.ts(373,60): error TS18046: 'campaign2' is of type 'unknown'.
features/advocacy/application/coalition-builder.ts(377,15): error TS18046: 'compatibility' is of type 'unknown'.
features/advocacy/application/coalition-builder.ts(380,9): error TS18046: 'compatibility' is of type 'unknown'.
features/advocacy/application/coalition-builder.ts(381,17): error TS18046: 'compatibility' is of type 'unknown'.
features/advocacy/application/coalition-builder.ts(385,15): error TS18046: 'compatibility' is of type 'unknown'.
features/advocacy/application/coalition-builder.ts(388,9): error TS18046: 'campaign1' is of type 'unknown'.
features/advocacy/application/coalition-builder.ts(388,31): error TS18046: 'campaign2' is of type 'unknown'.
features/advocacy/application/coalition-builder.ts(432,35): error TS18046: 'c' is of type 'unknown'.
features/advocacy/application/coalition-builder.ts(432,49): error TS18046: 'initiatingCampaign' is of type 'unknown'.
features/advocacy/application/coalition-builder.ts(440,10): error TS18046: 'initiatingCampaign' is of type 'unknown'.
features/advocacy/application/coalition-builder.ts(441,50): error TS18046: 'c' is of type 'unknown'.
features/advocacy/application/impact-tracker.ts(6,10): error TS2305: Module '"@server/types/index"' has no exported member 'ImpactAssessment'.
features/advocacy/application/impact-tracker.ts(61,33): error TS2304: Cannot find name 'ICampaignRepository'.
features/advocacy/application/impact-tracker.ts(62,31): error TS2304: Cannot find name 'IActionRepository'.
features/advocacy/application/impact-tracker.ts(63,29): error TS2304: Cannot find name 'AdvocacyEventPublisher'.
features/advocacy/application/impact-tracker.ts(75,5): error TS6133: 'recordedBy' is declared but its value is never read.
features/advocacy/application/impact-tracker.ts(88,9): error TS2561: Object literal may only specify known properties, but 'campaignId' does not exist in type 'ImpactMetric'. Did you mean to write 'campaign_id'?
features/advocacy/application/impact-tracker.ts(88,9): error TS18004: No value exists in scope for the shorthand property 'campaignId'. Either declare one or provide an initializer.
features/advocacy/application/impact-tracker.ts(110,45): error TS2304: Cannot find name 'ImpactAchievedEvent'.
features/advocacy/application/impact-tracker.ts(122,47): error TS2345: Argument of type 'unknown' is not assignable to parameter of type 'undefined'.
features/advocacy/application/impact-tracker.ts(166,52): error TS2345: Argument of type 'unknown' is not assignable to parameter of type 'undefined'.
features/advocacy/application/impact-tracker.ts(186,14): error TS6133: 'metrics' is declared but its value is never read.
features/advocacy/application/impact-tracker.ts(186,23): error TS6133: 'actionSummary' is declared but its value is never read.
features/advocacy/application/impact-tracker.ts(217,60): error TS2345: Argument of type 'unknown' is not assignable to parameter of type 'undefined'.
features/advocacy/application/impact-tracker.ts(234,61): error TS2345: Argument of type 'unknown' is not assignable to parameter of type 'undefined'.
features/advocacy/application/impact-tracker.ts(274,55): error TS2345: Argument of type 'unknown' is not assignable to parameter of type 'undefined'.
features/advocacy/application/impact-tracker.ts(288,5): error TS6133: 'verificationNotes' is declared but its value is never read.
features/advocacy/application/impact-tracker.ts(300,47): error TS2345: Argument of type 'unknown' is not assignable to parameter of type 'undefined'.
features/advocacy/application/impact-tracker.ts(327,58): error TS2345: Argument of type 'unknown' is not assignable to parameter of type 'undefined'.
features/advocacy/application/impact-tracker.ts(363,45): error TS18046: 'count' is of type 'unknown'.
features/advocacy/application/impact-tracker.ts(382,61): error TS2345: Argument of type 'unknown' is not assignable to parameter of type 'undefined'.
features/advocacy/application/impact-tracker.ts(397,5): error TS6133: 'outcomeData' is declared but its value is never read.
features/advocacy/application/impact-tracker.ts(446,63): error TS2345: Argument of type 'unknown' is not assignable to parameter of type 'undefined'.
features/advocacy/application/impact-tracker.ts(458,41): error TS6133: 'campaign_id' is declared but its value is never read.
features/advocacy/application/impact-tracker.ts(482,45): error TS6133: 'campaign_id' is declared but its value is never read.
features/advocacy/application/impact-tracker.ts(502,40): error TS6133: 'campaign_id' is declared but its value is never read.
features/advocacy/application/impact-tracker.ts(538,62): error TS2345: Argument of type 'unknown' is not assignable to parameter of type 'undefined'.
features/advocacy/config/advocacy-config.ts(304,3): error TS2322: Type 'JurisdictionAdvocacyConfig | undefined' is not assignable to type 'JurisdictionAdvocacyConfig'.
  Type 'undefined' is not assignable to type 'JurisdictionAdvocacyConfig'.
features/advocacy/domain/entities/action-item.ts(5,10): error TS2305: Module '"@server/types/index"' has no exported member 'ActionTemplate'.
features/advocacy/domain/entities/campaign.ts(1,1): error TS6133: 'User' is declared but its value is never read.
features/advocacy/domain/entities/campaign.ts(6,10): error TS2305: Module '"@server/types/index"' has no exported member 'CampaignMetrics'.
features/advocacy/domain/entities/campaign.ts(6,26): error TS2305: Module '"@server/types/index"' has no exported member 'CampaignStrategy'.
features/advocacy/domain/entities/campaign.ts(109,19): error TS6133: 'user_id' is declared but its value is never read.
features/advocacy/domain/entities/campaign.ts(110,42): error TS2304: Cannot find name 'userId'.
features/advocacy/domain/entities/campaign.ts(197,7): error TS2322: Type '{ documents?: string[] | undefined; links?: string[] | undefined; templates?: string[] | undefined; }' is not assignable to type '{ documents: string[]; links: string[]; templates: string[]; }'.
  Types of property 'documents' are incompatible.
    Type 'string[] | undefined' is not assignable to type 'string[]'.
      Type 'undefined' is not assignable to type 'string[]'.
features/advocacy/domain/errors/advocacy-errors.ts(1,1): error TS6133: 'User' is declared but its value is never read.
features/advocacy/domain/services/campaign-domain-service.ts(1,1): error TS6133: 'User' is declared but its value is never read.
features/advocacy/domain/services/campaign-domain-service.ts(7,10): error TS2305: Module '"@server/types/index"' has no exported member 'CampaignMetrics'.
features/advocacy/domain/services/campaign-domain-service.ts(7,27): error TS2305: Module '"@server/types/index"' has no exported member 'CoalitionOpportunity'.
features/advocacy/domain/services/campaign-domain-service.ts(13,33): error TS2304: Cannot find name 'ICampaignRepository'.
features/advocacy/domain/services/campaign-domain-service.ts(14,31): error TS2304: Cannot find name 'IActionRepository'.
features/advocacy/domain/services/campaign-domain-service.ts(17,30): error TS2304: Cannot find name 'NewCampaign'.
features/advocacy/domain/services/campaign-domain-service.ts(17,71): error TS2304: Cannot find name 'Campaign'.
features/advocacy/domain/services/campaign-domain-service.ts(45,54): error TS7006: Parameter 'c' implicitly has an 'any' type.
features/advocacy/domain/services/campaign-domain-service.ts(65,16): error TS2304: Cannot find name 'Campaign'.
features/advocacy/domain/services/campaign-domain-service.ts(67,14): error TS2304: Cannot find name 'Campaign'.
features/advocacy/domain/services/campaign-domain-service.ts(73,28): error TS2304: Cannot find name 'CampaignEntity'.
features/advocacy/domain/services/campaign-domain-service.ts(106,28): error TS2304: Cannot find name 'CampaignEntity'.
features/advocacy/domain/services/campaign-domain-service.ts(155,47): error TS7006: Parameter 'a' implicitly has an 'any' type.
features/advocacy/domain/services/campaign-domain-service.ts(159,54): error TS7006: Parameter 'p' implicitly has an 'any' type.
features/advocacy/domain/services/campaign-domain-service.ts(165,56): error TS7006: Parameter 'p' implicitly has an 'any' type.
features/advocacy/domain/services/campaign-domain-service.ts(166,62): error TS7006: Parameter 'p' implicitly has an 'any' type.
features/advocacy/domain/services/campaign-domain-service.ts(198,59): error TS2345: Argument of type 'unknown' is not assignable to parameter of type 'undefined'.
features/advocacy/domain/services/campaign-domain-service.ts(217,55): error TS7006: Parameter 'c' implicitly has an 'any' type.
features/advocacy/domain/services/campaign-domain-service.ts(221,61): error TS7006: Parameter 'obj' implicitly has an 'any' type.
features/advocacy/domain/services/campaign-domain-service.ts(222,41): error TS7006: Parameter 'otherObj' implicitly has an 'any' type.
features/advocacy/domain/services/campaign-domain-service.ts(277,66): error TS2345: Argument of type 'unknown' is not assignable to parameter of type 'undefined'.
features/advocacy/domain/services/campaign-domain-service.ts(321,74): error TS6133: 'county' is declared but its value is never read.
features/advocacy/domain/services/campaign-domain-service.ts(321,74): error TS7006: Parameter 'county' implicitly has an 'any' type.
features/advocacy/domain/services/campaign-domain-service.ts(344,60): error TS2345: Argument of type 'unknown' is not assignable to parameter of type 'undefined'.
features/advocacy/domain/services/campaign-domain-service.ts(375,28): error TS7006: Parameter 'p' implicitly has an 'any' type.
features/advocacy/domain/services/campaign-domain-service.ts(381,58): error TS7006: Parameter 'p' implicitly has an 'any' type.
features/advocacy/domain/services/campaign-domain-service.ts(384,40): error TS7006: Parameter 'skill' implicitly has an 'any' type.
features/advocacy/domain/services/campaign-domain-service.ts(401,20): error TS7006: Parameter 'a' implicitly has an 'any' type.
features/advocacy/domain/services/campaign-domain-service.ts(401,23): error TS7006: Parameter 'b' implicitly has an 'any' type.
features/advocacy/domain/services/campaign-domain-service.ts(406,41): error TS7006: Parameter 'p' implicitly has an 'any' type.
features/advocacy/domain/services/campaign-domain-service.ts(411,31): error TS7006: Parameter 'p' implicitly has an 'any' type.
features/advocacy/domain/services/campaign-domain-service.ts(434,63): error TS2345: Argument of type 'unknown' is not assignable to parameter of type 'undefined'.
features/advocacy/domain/services/campaign-domain-service.ts(445,29): error TS2339: Property 'completionRate' does not exist on type '{}'.
features/advocacy/domain/services/campaign-domain-service.ts(448,39): error TS2339: Property 'engagementMetrics' does not exist on type '{}'.
features/advocacy/domain/services/campaign-domain-service.ts(452,36): error TS2339: Property 'geographicDistribution' does not exist on type '{}'.
features/advocacy/domain/services/campaign-domain-service.ts(457,39): error TS2339: Property 'totalActions' does not exist on type '{}'.
features/advocacy/infrastructure/services/notification-service.ts(5,10): error TS2305: Module '"@server/types/index"' has no exported member 'NotificationPreferences'.
features/advocacy/infrastructure/services/notification-service.ts(65,74): error TS2345: Argument of type 'unknown' is not assignable to parameter of type 'undefined'.
features/advocacy/infrastructure/services/notification-service.ts(83,51): error TS2345: Argument of type 'unknown' is not assignable to parameter of type 'undefined'.
features/advocacy/infrastructure/services/representative-contact-service.ts(9,10): error TS2305: Module '"@server/types/index"' has no exported member 'RepresentativeContact'.
features/advocacy/infrastructure/services/representative-contact-service.ts(11,1): error TS6133: 'bills' is declared but its value is never read.
features/advocacy/infrastructure/services/representative-contact-service.ts(12,1): error TS6133: 'users' is declared but its value is never read.
features/advocacy/infrastructure/services/representative-contact-service.ts(123,60): error TS2345: Argument of type 'unknown' is not assignable to parameter of type 'undefined'.
features/advocacy/infrastructure/services/representative-contact-service.ts(159,66): error TS2345: Argument of type 'unknown' is not assignable to parameter of type 'undefined'.
features/advocacy/infrastructure/services/representative-contact-service.ts(192,67): error TS2345: Argument of type 'unknown' is not assignable to parameter of type 'undefined'.
features/advocacy/infrastructure/services/representative-contact-service.ts(257,56): error TS2345: Argument of type 'unknown' is not assignable to parameter of type 'undefined'.
features/advocacy/infrastructure/services/representative-contact-service.ts(297,64): error TS2345: Argument of type 'unknown' is not assignable to parameter of type 'undefined'.
features/advocacy/infrastructure/services/representative-contact-service.ts(482,53): error TS2345: Argument of type 'unknown' is not assignable to parameter of type 'undefined'.
features/advocacy/infrastructure/services/representative-contact-service.ts(519,57): error TS2345: Argument of type 'unknown' is not assignable to parameter of type 'undefined'.
features/advocacy/infrastructure/services/representative-contact-service.ts(679,39): error TS6133: 'criteria' is declared but its value is never read.
features/advocacy/infrastructure/services/representative-contact-service.ts(757,46): error TS2345: Argument of type 'unknown' is not assignable to parameter of type 'undefined'.
features/advocacy/infrastructure/services/representative-contact-service.ts(768,5): error TS6133: 'message' is declared but its value is never read.
features/advocacy/infrastructure/services/representative-contact-service.ts(784,5): error TS6133: 'message' is declared but its value is never read.
features/advocacy/infrastructure/services/representative-contact-service.ts(800,5): error TS6133: 'message' is declared but its value is never read.
features/advocacy/infrastructure/services/representative-contact-service.ts(816,5): error TS6133: 'message' is declared but its value is never read.
features/advocacy/presentation/advocacy-router.ts(18,26): error TS2554: Expected 3 arguments, but got 2.
features/advocacy/presentation/advocacy-router.ts(27,24): error TS2339: Property 'user' does not exist on type 'Request<{}, any, any, ParsedQs, Record<string, any>>'.
features/advocacy/presentation/advocacy-router.ts(43,24): error TS2339: Property 'user' does not exist on type 'Request<{}, any, any, ParsedQs, Record<string, any>>'.
features/advocacy/presentation/advocacy-router.ts(71,24): error TS2339: Property 'user' does not exist on type 'Request<{ id: string; }, any, any, ParsedQs, Record<string, any>>'.
features/advocacy/presentation/advocacy-router.ts(87,24): error TS2339: Property 'user' does not exist on type 'Request<{ id: string; }, any, any, ParsedQs, Record<string, any>>'.
features/advocacy/presentation/advocacy-router.ts(103,24): error TS2339: Property 'user' does not exist on type 'Request<{ id: string; }, any, any, ParsedQs, Record<string, any>>'.
features/advocacy/presentation/advocacy-router.ts(119,24): error TS2339: Property 'user' does not exist on type 'Request<{ id: string; }, any, any, ParsedQs, Record<string, any>>'.
features/advocacy/presentation/advocacy-router.ts(135,24): error TS2339: Property 'user' does not exist on type 'Request<{ id: string; }, any, any, ParsedQs, Record<string, any>>'.
features/advocacy/presentation/advocacy-router.ts(151,24): error TS2339: Property 'user' does not exist on type 'Request<{ id: string; }, any, any, ParsedQs, Record<string, any>>'.
features/advocacy/presentation/advocacy-router.ts(167,24): error TS2339: Property 'user' does not exist on type 'Request<{ id: string; }, any, any, ParsedQs, Record<string, any>>'.
features/advocacy/presentation/advocacy-router.ts(249,24): error TS2339: Property 'user' does not exist on type 'Request<{}, any, any, ParsedQs, Record<string, any>>'.
features/advocacy/presentation/advocacy-router.ts(300,24): error TS2339: Property 'user' does not exist on type 'Request<{ id: string; }, any, any, ParsedQs, Record<string, any>>'.
features/advocacy/presentation/advocacy-router.ts(316,24): error TS2339: Property 'user' does not exist on type 'Request<{ id: string; }, any, any, ParsedQs, Record<string, any>>'.
features/advocacy/presentation/advocacy-router.ts(332,24): error TS2339: Property 'user' does not exist on type 'Request<{ id: string; }, any, any, ParsedQs, Record<string, any>>'.
features/advocacy/presentation/advocacy-router.ts(353,24): error TS2339: Property 'user' does not exist on type 'Request<{ id: string; }, any, any, ParsedQs, Record<string, any>>'.
features/advocacy/presentation/advocacy-router.ts(369,24): error TS2339: Property 'user' does not exist on type 'Request<{ id: string; }, any, any, ParsedQs, Record<string, any>>'.
features/advocacy/presentation/advocacy-router.ts(421,24): error TS2339: Property 'user' does not exist on type 'Request<{ id: string; }, any, any, ParsedQs, Record<string, any>>'.
features/advocacy/presentation/advocacy-router.ts(498,50): error TS2551: Property 'findCoalitionOpportunities' does not exist on type 'CoalitionBuilder'. Did you mean 'identifyCoalitionOpportunities'?
features/advocacy/presentation/advocacy-router.ts(513,52): error TS2339: Property 'getCoalitionRecommendations' does not exist on type 'CoalitionBuilder'.
features/advocacy/presentation/advocacy-router.ts(530,44): error TS6133: 'req' is declared but its value is never read.
features/advocacy/types/index.ts(9,3): error TS2305: Module '"@shared/types"' has no exported member 'CampaignFilters'.
features/advocacy/types/index.ts(10,3): error TS2305: Module '"@shared/types"' has no exported member 'ActionFilters'.
features/advocacy/types/index.ts(11,3): error TS2305: Module '"@shared/types"' has no exported member 'CampaignMetrics'.
features/advocacy/types/index.ts(12,3): error TS2305: Module '"@shared/types"' has no exported member 'ActionTemplate'.
features/analysis/application/analysis-service-direct.ts(5,1): error TS6133: 'bills' is declared but its value is never read.
features/analysis/application/analysis-service-direct.ts(6,1): error TS6133: 'sponsors' is declared but its value is never read.
features/analysis/application/AnalysisApplicationService.ts(361,37): error TS2322: Type '"stakeholder" | "transparency" | "comprehensive" | "constitutional" | undefined' is not assignable to type '"stakeholder" | "transparency" | "comprehensive" | "constitutional"'.
  Type 'undefined' is not assignable to type '"stakeholder" | "transparency" | "comprehensive" | "constitutional"'.
features/analysis/application/constitutional-analysis.service.ts(4,1): error TS6133: 'db' is declared but its value is never read.
features/analysis/application/constitutional-analysis.service.ts(5,1): error TS6133: 'bills' is declared but its value is never read.
features/analysis/application/constitutional-analysis.service.ts(6,14): error TS6133: 'SQL' is declared but its value is never read.
features/analysis/application/public-interest-analysis.service.ts(5,1): error TS6133: 'bills' is declared but its value is never read.
features/analysis/application/public-interest-analysis.service.ts(55,71): error TS2345: Argument of type '{ component: string; }' is not assignable to parameter of type 'undefined'.
features/analysis/application/stakeholder-analysis.service.ts(8,1): error TS6133: 'bills' is declared but its value is never read.
features/analysis/application/transparency-analysis.service.ts(4,1): error TS6133: 'db' is declared but its value is never read.
features/analysis/application/transparency-analysis.service.ts(6,1): error TS6133: 'sponsors' is declared but its value is never read.
features/analysis/application/transparency-analysis.service.ts(44,55): error TS2345: Argument of type 'string' is not assignable to parameter of type 'number'.
features/analysis/application/transparency-analysis.service.ts(69,103): error TS2345: Argument of type '{ component: string; }' is not assignable to parameter of type 'undefined'.
features/analysis/application/transparency-analysis.service.ts(91,42): error TS2339: Property 'readDatabase' does not exist on type 'TransparencyAnalysisService'.
features/analysis/application/transparency-analysis.service.ts(104,110): error TS2345: Argument of type '{ component: string; }' is not assignable to parameter of type 'undefined'.
features/analysis/application/transparency-analysis.service.ts(110,47): error TS6133: 'bill' is declared but its value is never read.
features/analysis/application/transparency-analysis.service.ts(139,47): error TS6133: 'bill' is declared but its value is never read.
features/analysis/domain/entities/analysis-result.ts(1,1): error TS6133: 'bills' is declared but its value is never read.
features/analysis/infrastructure/adapters/ml-service-adapter.ts(5,10): error TS2305: Module '"../../application/bill-comprehensive-analysis.service"' has no exported member 'MLBeneficiaryResult'.
features/analysis/infrastructure/adapters/ml-service-adapter.ts(5,30): error TS2305: Module '"../../application/bill-comprehensive-analysis.service"' has no exported member 'MLStakeholderResult'.
features/analysis/infrastructure/repositories/analysis.repository.ts(10,1): error TS6192: All imports in import declaration are unused.
features/analysis/infrastructure/repositories/analysis.repository.ts(13,1): error TS6133: 'db' is declared but its value is never read.
features/analysis/infrastructure/repositories/analysis.repository.ts(14,1): error TS6133: 'bills' is declared but its value is never read.
features/analysis/infrastructure/repositories/analysis.repository.ts(15,20): error TS6133: 'and' is declared but its value is never read.
features/analysis/infrastructure/repositories/analysis.repository.ts(239,28): error TS2304: Cannot find name 'sql'.
features/analysis/presentation/http/routes.ts(111,7): error TS2322: Type '"normal" | "low" | "high" | "urgent" | undefined' is not assignable to type '"normal" | "low" | "high"'.
  Type 'undefined' is not assignable to type '"normal" | "low" | "high"'.
features/analysis/presentation/http/routes.ts(112,7): error TS2322: Type 'boolean | undefined' is not assignable to type 'boolean'.
  Type 'undefined' is not assignable to type 'boolean'.
features/analysis/presentation/http/routes.ts(160,5): error TS2322: Type 'number | undefined' is not assignable to type 'number'.
  Type 'undefined' is not assignable to type 'number'.
features/analysis/presentation/http/routes.ts(161,5): error TS2322: Type 'number | undefined' is not assignable to type 'number'.
  Type 'undefined' is not assignable to type 'number'.
features/analysis/presentation/http/routes.ts(162,5): error TS2322: Type '"stakeholder" | "transparency" | "comprehensive" | "constitutional" | "all" | undefined' is not assignable to type '"stakeholder" | "transparency" | "comprehensive" | "constitutional" | "all"'.
  Type 'undefined' is not assignable to type '"stakeholder" | "transparency" | "comprehensive" | "constitutional" | "all"'.
features/analytics/application/analytics-service-integrated.ts(15,10): error TS6133: 'eq' is declared but its value is never read.
features/analytics/application/analytics-service-integrated.ts(15,14): error TS6133: 'and' is declared but its value is never read.
features/analytics/application/analytics-service-integrated.ts(15,19): error TS6133: 'gte' is declared but its value is never read.
features/analytics/application/analytics-service-integrated.ts(15,24): error TS6133: 'lte' is declared but its value is never read.
features/analytics/application/analytics-service-integrated.ts(15,29): error TS6133: 'desc' is declared but its value is never read.
features/analytics/application/analytics-service-integrated.ts(24,1): error TS6192: All imports in import declaration are unused.
features/analytics/application/analytics-service-integrated.ts(26,1): error TS6133: 'users' is declared but its value is never read.
features/analytics/application/analytics-service-integrated.ts(76,3): error TS2354: This syntax requires an imported helper but module 'tslib' cannot be found.
features/analytics/application/analytics-service-integrated.ts(85,13): error TS6133: 'totalEventsQuery' is declared but its value is never read.
features/analytics/application/analytics-service-integrated.ts(86,9): error TS2345: Argument of type 'string' is not assignable to parameter of type '(params: Record<string, unknown>) => SQL<unknown>'.
features/analytics/application/analytics-service-integrated.ts(91,13): error TS6133: 'uniqueUsersQuery' is declared but its value is never read.
features/analytics/application/analytics-service-integrated.ts(92,9): error TS2345: Argument of type 'string' is not assignable to parameter of type '(params: Record<string, unknown>) => SQL<unknown>'.
features/analytics/application/analytics-service-integrated.ts(126,45): error TS2345: Argument of type 'ZodObject<{ metric: ZodString; startDate: ZodOptional<ZodString>; endDate: ZodOptional<ZodString>; groupBy: ZodOptional<ZodEnum<["day", "week", "month"]>>; page: ZodDefault<...>; limit: ZodDefault<...>; }, "strip", ZodTypeAny, { ...; }, { ...; }>' is not assignable to parameter of type 'ZodType<{ limit: number; page: number; metric: string; groupBy?: "day" | "week" | "month" | undefined; startDate?: string | undefined; endDate?: string | undefined; }, ZodTypeDef, { ...; }>'.
  The types of '_input.limit' are incompatible between these types.
    Type 'string | undefined' is not assignable to type 'number'.
      Type 'undefined' is not assignable to type 'number'.
features/analytics/application/analytics-service-integrated.ts(126,67): error TS2448: Block-scoped variable 'query' used before its declaration.
features/analytics/application/analytics-service-integrated.ts(126,67): error TS2454: Variable 'query' is used before being assigned.
features/analytics/application/analytics-service-integrated.ts(165,9): error TS2345: Argument of type 'string' is not assignable to parameter of type '(params: Record<string, unknown>) => SQL<unknown>'.
features/analytics/application/analytics-service-integrated.ts(173,51): error TS2554: Expected 1 arguments, but got 2.
features/analytics/application/analytics-service-integrated.ts(226,23): error TS2352: Conversion of type 'Record<string, unknown> | undefined' to type 'MetricRecord' may be a mistake because neither type sufficiently overlaps with the other. If this was intentional, convert the expression to 'unknown' first.
  Type 'Record<string, unknown>' is missing the following properties from type 'MetricRecord': id, metric, value, timestamp
features/analytics/application/analytics-service-integrated.ts(254,9): error TS2345: Argument of type 'string' is not assignable to parameter of type '(params: Record<string, unknown>) => SQL<unknown>'.
features/analytics/application/analytics-service-integrated.ts(259,50): error TS2554: Expected 1 arguments, but got 2.
features/analytics/application/analytics-service-integrated.ts(293,9): error TS2345: Argument of type 'string' is not assignable to parameter of type '(params: Record<string, unknown>) => SQL<unknown>'.
features/analytics/application/analytics-service-integrated.ts(298,35): error TS2554: Expected 1 arguments, but got 2.
features/analytics/application/analytics-service-integrated.ts(329,9): error TS2345: Argument of type 'string' is not assignable to parameter of type '(params: Record<string, unknown>) => SQL<unknown>'.
features/analytics/application/analytics-service-integrated.ts(341,51): error TS2554: Expected 1 arguments, but got 2.
features/analytics/application/analytics.service.ts(23,28): error TS6305: Output file 'C:/Users/Access Granted/Downloads/projects/SimpleTool/shared/dist/types/api/contracts/analytics.contracts.d.ts' has not been built from source file 'C:/Users/Access Granted/Downloads/projects/SimpleTool/shared/types/api/contracts/analytics.contracts.ts'.
features/analytics/application/analytics.service.ts(34,8): error TS6305: Output file 'C:/Users/Access Granted/Downloads/projects/SimpleTool/shared/dist/types/api/contracts/analytics.contracts.d.ts' has not been built from source file 'C:/Users/Access Granted/Downloads/projects/SimpleTool/shared/types/api/contracts/analytics.contracts.ts'.
features/analytics/application/engagement-analytics.service.ts(11,1): error TS6133: 'bills' is declared but its value is never read.
features/analytics/application/engagement-analytics.service.ts(143,5): error TS6133: 'userId' is declared but its value is never read.
features/analytics/application/engagement-analytics.service.ts(196,37): error TS18004: No value exists in scope for the shorthand property 'engagement_score'. Either declare one or provide an initializer.
features/analytics/application/services/engagement.service.ts(1,1): error TS6133: 'User' is declared but its value is never read.
features/analytics/application/services/engagement.service.ts(3,1): error TS6133: 'cacheService' is declared but its value is never read.
features/analytics/application/services/engagement.service.ts(5,17): error TS2614: Module '"@server/infrastructure/schema"' has no exported member 'comment_votes'. Did you mean to use 'import comment_votes from "@server/infrastructure/schema"' instead?
features/analytics/application/services/engagement.service.ts(6,1): error TS6133: 'bill_engagement' is declared but its value is never read.
features/analytics/application/services/engagement.service.ts(8,10): error TS2305: Module '"@server/infrastructure/cache"' has no exported member 'cache'.
features/analytics/application/services/engagement.service.ts(12,1): error TS6192: All imports in import declaration are unused.
features/analytics/application/services/engagement.service.ts(15,3): error TS2305: Module '"@shared/types"' has no exported member 'CommentEngagementTrends'.
features/analytics/application/services/engagement.service.ts(16,3): error TS2305: Module '"@shared/types"' has no exported member 'EngagementLeaderboard'.
features/analytics/application/services/engagement.service.ts(17,3): error TS2724: '"@shared/types"' has no exported member named 'UserEngagementMetrics'. Did you mean 'BillEngagementMetrics'?
features/analytics/application/services/engagement.service.ts(43,39): error TS2339: Property 'USER_PROFILE' does not exist on type 'CacheKeyGenerator'.
features/analytics/application/services/engagement.service.ts(111,42): error TS18048: 'commentStats' is possibly 'undefined'.
features/analytics/application/services/engagement.service.ts(112,39): error TS18048: 'commentStats' is possibly 'undefined'.
features/analytics/application/services/engagement.service.ts(113,37): error TS18048: 'commentStats' is possibly 'undefined'.
features/analytics/application/services/engagement.service.ts(140,40): error TS2769: No overload matches this call.
  Overload 1 of 3, '(obj: "Operation failed", msg?: undefined): void', gave the following error.
    Argument of type '{ error: unknown; component: string; operation: string; }' is not assignable to parameter of type 'undefined'.
  Overload 2 of 3, '(obj: "Operation failed", msg?: undefined, ...args: unknown[]): void', gave the following error.
    Argument of type '{ error: unknown; component: string; operation: string; }' is not assignable to parameter of type 'undefined'.
features/analytics/application/services/engagement.service.ts(164,39): error TS2339: Property 'BILL_DETAILS' does not exist on type 'CacheKeyGenerator'.
features/analytics/application/services/engagement.service.ts(218,42): error TS18048: 'engagementStats' is possibly 'undefined'.
features/analytics/application/services/engagement.service.ts(219,39): error TS18048: 'engagementStats' is possibly 'undefined'.
features/analytics/application/services/engagement.service.ts(220,47): error TS18048: 'engagementStats' is possibly 'undefined'.
features/analytics/application/services/engagement.service.ts(221,43): error TS18048: 'engagementStats' is possibly 'undefined'.
features/analytics/application/services/engagement.service.ts(223,36): error TS18048: 'controversyData' is possibly 'undefined'.
features/analytics/application/services/engagement.service.ts(224,38): error TS18048: 'controversyData' is possibly 'undefined'.
features/analytics/application/services/engagement.service.ts(233,54): error TS2561: Object literal may only specify known properties, but 'bill_id' does not exist in type 'BillEngagementMetrics'. Did you mean to write 'billId'?
features/analytics/application/services/engagement.service.ts(250,40): error TS2769: No overload matches this call.
  Overload 1 of 3, '(obj: "Operation failed", msg?: undefined): void', gave the following error.
    Argument of type '{ error: unknown; component: string; operation: string; }' is not assignable to parameter of type 'undefined'.
  Overload 2 of 3, '(obj: "Operation failed", msg?: undefined, ...args: unknown[]): void', gave the following error.
    Argument of type '{ error: unknown; component: string; operation: string; }' is not assignable to parameter of type 'undefined'.
features/analytics/application/services/engagement.service.ts(255,16): error TS2561: Object literal may only specify known properties, but 'bill_id' does not exist in type 'BillEngagementMetrics'. Did you mean to write 'billId'?
features/analytics/application/services/engagement.service.ts(274,39): error TS2339: Property 'BILL_DETAILS' does not exist on type 'CacheKeyGenerator'.
features/analytics/application/services/engagement.service.ts(323,40): error TS2769: No overload matches this call.
  Overload 1 of 3, '(obj: "Operation failed", msg?: undefined): void', gave the following error.
    Argument of type '{ error: unknown; component: string; operation: string; }' is not assignable to parameter of type 'undefined'.
  Overload 2 of 3, '(obj: "Operation failed", msg?: undefined, ...args: unknown[]): void', gave the following error.
    Argument of type '{ error: unknown; component: string; operation: string; }' is not assignable to parameter of type 'undefined'.
features/analytics/application/services/engagement.service.ts(426,40): error TS2769: No overload matches this call.
  Overload 1 of 3, '(obj: "Operation failed", msg?: undefined): void', gave the following error.
    Argument of type '{ error: unknown; component: string; operation: string; }' is not assignable to parameter of type 'undefined'.
  Overload 2 of 3, '(obj: "Operation failed", msg?: undefined, ...args: unknown[]): void', gave the following error.
    Argument of type '{ error: unknown; component: string; operation: string; }' is not assignable to parameter of type 'undefined'.
features/analytics/application/services/engagement.service.ts(518,38): error TS2304: Cannot find name 'authenticateToken'.
features/analytics/application/services/engagement.service.ts(518,69): error TS2304: Cannot find name 'AuthenticatedRequest'.
features/analytics/application/services/engagement.service.ts(536,7): error TS2345: Argument of type 'unknown' is not assignable to parameter of type 'Request<ParamsDictionary, any, any, ParsedQs, Record<string, any>>'.
features/analytics/application/services/engagement.service.ts(541,61): error TS2345: Argument of type '{ component: string; operation: string; user_id: any; timeframe: any; }' is not assignable to parameter of type 'undefined'.
features/analytics/application/services/engagement.service.ts(547,34): error TS2345: Argument of type 'string' is not assignable to parameter of type '{ code: string; message: string; details?: any; }'.
features/analytics/application/services/engagement.service.ts(553,38): error TS2304: Cannot find name 'authenticateToken'.
features/analytics/application/services/engagement.service.ts(553,69): error TS2304: Cannot find name 'AuthenticatedRequest'.
features/analytics/application/services/engagement.service.ts(571,7): error TS2345: Argument of type 'unknown' is not assignable to parameter of type 'Request<ParamsDictionary, any, any, ParsedQs, Record<string, any>>'.
features/analytics/application/services/engagement.service.ts(576,61): error TS2345: Argument of type '{ component: string; operation: string; bill_id: any; }' is not assignable to parameter of type 'undefined'.
features/analytics/application/services/engagement.service.ts(581,34): error TS2345: Argument of type 'string' is not assignable to parameter of type '{ code: string; message: string; details?: any; }'.
features/analytics/application/services/engagement.service.ts(587,37): error TS2304: Cannot find name 'authenticateToken'.
features/analytics/application/services/engagement.service.ts(587,68): error TS2304: Cannot find name 'AuthenticatedRequest'.
features/analytics/application/services/engagement.service.ts(602,55): error TS2345: Argument of type '{ component: string; operation: string; bill_id: any; period: any; }' is not assignable to parameter of type 'undefined'.
features/analytics/application/services/engagement.service.ts(607,34): error TS2345: Argument of type 'string' is not assignable to parameter of type '{ code: string; message: string; details?: any; }'.
features/analytics/application/services/engagement.service.ts(613,28): error TS2304: Cannot find name 'authenticateToken'.
features/analytics/application/services/engagement.service.ts(613,59): error TS2304: Cannot find name 'AuthenticatedRequest'.
features/analytics/application/services/engagement.service.ts(631,7): error TS2345: Argument of type 'unknown' is not assignable to parameter of type 'Request<ParamsDictionary, any, any, ParsedQs, Record<string, any>>'.
features/analytics/application/services/engagement.service.ts(636,60): error TS2345: Argument of type '{ component: string; operation: string; timeframe: any; limit: any; }' is not assignable to parameter of type 'undefined'.
features/analytics/application/services/engagement.service.ts(643,34): error TS2345: Argument of type 'string' is not assignable to parameter of type '{ code: string; message: string; details?: any; }'.
features/analytics/application/services/financial-disclosure.service.ts(7,3): error TS2305: Module '"../../domain/financial-disclosure/financial-disclosure-orchestrator.service"' has no exported member 'financialDisclosureAnalyticsService'.
features/analytics/application/services/ml-adapter.service.ts(13,8): error TS6305: Output file 'C:/Users/Access Granted/Downloads/projects/SimpleTool/shared/dist/types/ml.d.ts' has not been built from source file 'C:/Users/Access Granted/Downloads/projects/SimpleTool/shared/types/ml.ts'.
features/analytics/application/services/ml.service.ts(2,1): error TS6192: All imports in import declaration are unused.
features/analytics/application/services/ml.service.ts(4,3): error TS2305: Module '"@shared/types"' has no exported member 'AnalysisResult'.
features/analytics/application/services/ml.service.ts(5,3): error TS2305: Module '"@shared/types"' has no exported member 'ComprehensiveAnalysisResult'.
features/analytics/application/services/ml.service.ts(5,3): error TS6196: 'ComprehensiveAnalysisResult' is declared but never used.
features/analytics/application/services/ml.service.ts(6,3): error TS2305: Module '"@shared/types"' has no exported member 'ImplementationWorkaroundDetection'.
features/analytics/application/services/ml.service.ts(7,3): error TS2305: Module '"@shared/types"' has no exported member 'SimilarityAnalysis'.
features/analytics/application/services/ml.service.ts(7,3): error TS6196: 'SimilarityAnalysis' is declared but never used.
features/analytics/application/services/ml.service.ts(8,1): error TS6192: All imports in import declaration are unused.
features/analytics/application/services/ml.service.ts(11,11): error TS6196: 'AnalysisError' is declared but never used.
features/analytics/application/services/ml.service.ts(21,57): error TS2345: Argument of type '{ component: string; operation: string; analysis_type: string; }' is not assignable to parameter of type 'undefined'.
features/analytics/application/services/ml.service.ts(297,69): error TS2345: Argument of type '{ component: string; operation: string; }' is not assignable to parameter of type 'undefined'.
features/analytics/application/services/ml.service.ts(353,79): error TS2345: Argument of type '{ component: string; operation: string; bill_id: string; }' is not assignable to parameter of type 'undefined'.
features/analytics/application/services/ml.service.ts(443,70): error TS2345: Argument of type '{ component: string; operation: string; bill_id: string; }' is not assignable to parameter of type 'undefined'.
features/analytics/application/services/real-ml.service.ts(3,37): error TS6305: Output file 'C:/Users/Access Granted/Downloads/projects/SimpleTool/shared/dist/types/ml.d.ts' has not been built from source file 'C:/Users/Access Granted/Downloads/projects/SimpleTool/shared/types/ml.ts'.
features/analytics/application/services/real-ml.service.ts(859,15): error TS6133: '_hasJobTerms' is declared but its value is never read.
features/analytics/config/ml-feature-flag.config.ts(35,67): error TS2345: Argument of type '{ component: string; operation: string; }' is not assignable to parameter of type 'undefined'.
features/analytics/config/ml-feature-flag.config.ts(55,58): error TS2345: Argument of type '{ component: string; operation: string; percentage: number; }' is not assignable to parameter of type 'undefined'.
features/analytics/config/ml-feature-flag.config.ts(76,52): error TS2345: Argument of type '{ component: string; operation: string; }' is not assignable to parameter of type 'undefined'.
features/analytics/config/ml-feature-flag.config.ts(101,54): error TS2345: Argument of type '{ component: string; operation: string; }' is not assignable to parameter of type 'undefined'.
features/analytics/config/ml-migration.config.ts(175,5): error TS2322: Type 'number | undefined' is not assignable to type 'number'.
  Type 'undefined' is not assignable to type 'number'.
features/analytics/domain/conflict-detection/conflict-resolution-recommendation.service.ts(9,1): error TS6133: 'bills' is declared but its value is never read.
features/analytics/domain/conflict-detection/conflict-resolution-recommendation.service.ts(73,5): error TS6133: 'riskLevel' is declared but its value is never read.
features/analytics/domain/conflict-detection/conflict-severity-analyzer.service.ts(9,1): error TS6133: 'bills' is declared but its value is never read.
features/analytics/domain/conflict-detection/conflict-severity-analyzer.service.ts(12,3): error TS6133: 'ConflictAnalysis' is declared but its value is never read.
features/analytics/domain/conflict-detection/conflict-severity-analyzer.service.ts(20,20): error TS6133: 'config' is declared but its value is never read.
features/analytics/domain/conflict-detection/conflict-severity-analyzer.service.ts(158,51): error TS18046: 'd' is of type 'unknown'.
features/analytics/domain/conflict-detection/conflict-severity-analyzer.service.ts(163,39): error TS18046: 'd' is of type 'unknown'.
features/analytics/domain/conflict-detection/conflict-severity-analyzer.service.ts(171,48): error TS18046: 'd' is of type 'unknown'.
features/analytics/domain/financial-disclosure/financial-disclosure-analytics.service.ts(79,37): error TS2339: Property 'getDisclosureStatistics' does not exist on type 'DisclosureProcessingService'.
features/analytics/domain/financial-disclosure/financial-disclosure-analytics.service.ts(125,24): error TS2532: Object is possibly 'undefined'.
features/analytics/domain/financial-disclosure/financial-disclosure-orchestrator.service.ts(65,58): error TS2345: Argument of type 'number | undefined' is not assignable to parameter of type 'string'.
  Type 'undefined' is not assignable to type 'string'.
features/analytics/domain/financial-disclosure/financial-disclosure-orchestrator.service.ts(107,43): error TS2339: Property 'getSponsorStatistics' does not exist on type 'DisclosureProcessingService'.
features/analytics/domain/financial-disclosure/financial-disclosure-orchestrator.service.ts(108,43): error TS2339: Property 'getDisclosureStatistics' does not exist on type 'DisclosureProcessingService'.
features/analytics/domain/financial-disclosure/services/anomaly-detection.service.ts(139,57): error TS2345: Argument of type 'number' is not assignable to parameter of type 'string'.
features/analytics/domain/financial-disclosure/services/anomaly-detection.service.ts(140,55): error TS2345: Argument of type 'number' is not assignable to parameter of type 'string'.
features/analytics/domain/financial-disclosure/services/disclosure-validation.service.ts(38,59): error TS2345: Argument of type 'number' is not assignable to parameter of type 'string'.
features/analytics/domain/financial-disclosure/services/disclosure-validation.service.ts(39,57): error TS2345: Argument of type 'number' is not assignable to parameter of type 'string'.
features/analytics/domain/financial-disclosure/services/financial-analysis.service.ts(43,61): error TS2345: Argument of type 'number' is not assignable to parameter of type 'string'.
features/analytics/domain/financial-disclosure/services/financial-analysis.service.ts(44,59): error TS2345: Argument of type 'number' is not assignable to parameter of type 'string'.
features/analytics/domain/financial-disclosure/services/financial-analysis.service.ts(45,41): error TS2339: Property 'getAffiliations' does not exist on type 'DisclosureProcessingService'.
features/analytics/domain/financial-disclosure/services/financial-analysis.service.ts(57,22): error TS7006: Parameter 'd' implicitly has an 'any' type.
features/analytics/domain/financial-disclosure/services/financial-analysis.service.ts(60,19): error TS7006: Parameter 'd' implicitly has an 'any' type.
features/analytics/domain/financial-disclosure/services/financial-analysis.service.ts(63,62): error TS7006: Parameter 'a' implicitly has an 'any' type.
features/analytics/index.ts(25,8): error TS6305: Output file 'C:/Users/Access Granted/Downloads/projects/SimpleTool/shared/dist/types/api/contracts/analytics.contracts.d.ts' has not been built from source file 'C:/Users/Access Granted/Downloads/projects/SimpleTool/shared/types/api/contracts/analytics.contracts.ts'.
features/analytics/infrastructure/middleware/analytics-context.ts(1,1): error TS6133: 'User' is declared but its value is never read.
features/analytics/infrastructure/middleware/analytics-context.ts(4,23): error TS6133: 'Request' is declared but its value is never read.
features/analytics/infrastructure/middleware/performance-tracking.ts(4,23): error TS6133: 'Request' is declared but its value is never read.
features/analytics/infrastructure/middleware/performance-tracking.ts(4,32): error TS6133: 'Response' is declared but its value is never read.
features/analytics/infrastructure/middleware/performance-tracking.ts(46,24): error TS2339: Property 'recordMetric' does not exist on type 'PerformanceMonitor'.
features/analytics/infrastructure/middleware/performance-tracking.ts(79,9): error TS6133: 'tags' is declared but its value is never read.
features/analytics/infrastructure/middleware/performance-tracking.ts(86,22): error TS2339: Property 'recordMetric' does not exist on type 'PerformanceMonitor'.
features/analytics/infrastructure/performance-dashboard.ts(1,1): error TS6133: 'errorTracker' is declared but its value is never read.
features/analytics/infrastructure/performance-dashboard.ts(2,10): error TS2305: Module '"@shared/core"' has no exported member 'performanceMonitor'.
features/analytics/infrastructure/performance-dashboard.ts(16,30): error TS6133: 'req' is declared but its value is never read.
features/analytics/infrastructure/performance-dashboard.ts(36,30): error TS6133: 'req' is declared but its value is never read.
features/analytics/infrastructure/performance-dashboard.ts(56,39): error TS6133: 'req' is declared but its value is never read.
features/analytics/infrastructure/performance-dashboard.ts(59,49): error TS7006: Parameter 'm' implicitly has an 'any' type.
features/analytics/infrastructure/performance-dashboard.ts(64,42): error TS7006: Parameter 'acc' implicitly has an 'any' type.
features/analytics/infrastructure/performance-dashboard.ts(64,47): error TS7006: Parameter 'metric' implicitly has an 'any' type.
features/analytics/infrastructure/performance-dashboard.ts(83,13): error TS18046: 'values' is of type 'unknown'.
features/analytics/infrastructure/performance-dashboard.ts(83,26): error TS7006: Parameter 'a' implicitly has an 'any' type.
features/analytics/infrastructure/performance-dashboard.ts(83,29): error TS7006: Parameter 'b' implicitly has an 'any' type.
features/analytics/infrastructure/performance-dashboard.ts(101,38): error TS6133: 'req' is declared but its value is never read.
features/analytics/infrastructure/performance-dashboard.ts(104,49): error TS7006: Parameter 'm' implicitly has an 'any' type.
features/analytics/infrastructure/performance-dashboard.ts(113,43): error TS7006: Parameter 'm' implicitly has an 'any' type.
features/analytics/infrastructure/performance-dashboard.ts(114,48): error TS7006: Parameter 'm' implicitly has an 'any' type.
features/analytics/infrastructure/performance-dashboard.ts(115,48): error TS7006: Parameter 'm' implicitly has an 'any' type.
features/analytics/infrastructure/performance-dashboard.ts(132,34): error TS6133: 'req' is declared but its value is never read.
features/analytics/infrastructure/performance-dashboard.ts(137,50): error TS7006: Parameter 'acc' implicitly has an 'any' type.
features/analytics/infrastructure/performance-dashboard.ts(137,55): error TS7006: Parameter 'violation' implicitly has an 'any' type.
features/analytics/infrastructure/performance-dashboard.ts(197,36): error TS7006: Parameter 'metric' implicitly has an 'any' type.
features/analytics/infrastructure/performance-dashboard.ts(221,31): error TS7030: Not all code paths return a value.
features/analytics/infrastructure/performance-dashboard.ts(256,39): error TS6133: 'req' is declared but its value is never read.
features/analytics/infrastructure/performance-dashboard.ts(281,30): error TS6133: 'req' is declared but its value is never read.
features/analytics/infrastructure/repositories/engagement.repository.ts(1,1): error TS6133: 'User' is declared but its value is never read.
features/analytics/infrastructure/repositories/engagement.repository.ts(11,1): error TS6133: 'Ok' is declared but its value is never read.
features/analytics/infrastructure/repositories/engagement.repository.ts(12,1): error TS6133: 'Maybe' is declared but its value is never read.
features/analytics/infrastructure/repositories/engagement.repository.ts(16,3): error TS2300: Duplicate identifier 'comment_votes'.
features/analytics/infrastructure/repositories/engagement.repository.ts(16,3): error TS2614: Module '"@server/infrastructure/schema"' has no exported member 'comment_votes'. Did you mean to use 'import comment_votes from "@server/infrastructure/schema"' instead?
features/analytics/infrastructure/repositories/engagement.repository.ts(17,3): error TS2300: Duplicate identifier 'users'.
features/analytics/infrastructure/repositories/engagement.repository.ts(18,3): error TS2300: Duplicate identifier 'bills'.
features/analytics/infrastructure/repositories/engagement.repository.ts(20,1): error TS6133: 'db' is declared but its value is never read.
features/analytics/infrastructure/repositories/engagement.repository.ts(21,10): error TS2300: Duplicate identifier 'bills'.
features/analytics/infrastructure/repositories/engagement.repository.ts(22,10): error TS2300: Duplicate identifier 'users'.
features/analytics/infrastructure/repositories/engagement.repository.ts(23,10): error TS2300: Duplicate identifier 'comment_votes'.
features/analytics/infrastructure/repositories/engagement.repository.ts(23,10): error TS2614: Module '"@server/infrastructure/schema"' has no exported member 'comment_votes'. Did you mean to use 'import comment_votes from "@server/infrastructure/schema"' instead?
features/analytics/infrastructure/repositories/engagement.repository.ts(24,35): error TS6133: 'count' is declared but its value is never read.
features/analytics/infrastructure/repositories/engagement.repository.ts(24,42): error TS6133: 'sum' is declared but its value is never read.
features/analytics/infrastructure/repositories/financial-disclosure.repository.ts(10,1): error TS6133: 'Ok' is declared but its value is never read.
features/analytics/infrastructure/repositories/financial-disclosure.repository.ts(12,10): error TS2614: Module '"@server/infrastructure/schema"' has no exported member 'financial_disclosures'. Did you mean to use 'import financial_disclosures from "@server/infrastructure/schema"' instead?
features/analytics/infrastructure/repositories/financial-disclosure.repository.ts(13,1): error TS6133: 'db' is declared but its value is never read.
features/analytics/infrastructure/repositories/financial-disclosure.repository.ts(14,20): error TS6133: 'and' is declared but its value is never read.
features/analytics/infrastructure/repositories/ml-analysis.repository.ts(10,1): error TS6133: 'Ok' is declared but its value is never read.
features/analytics/infrastructure/repositories/ml-analysis.repository.ts(12,10): error TS2614: Module '"@server/infrastructure/schema"' has no exported member 'ml_analysis_results'. Did you mean to use 'import ml_analysis_results from "@server/infrastructure/schema"' instead?
features/analytics/infrastructure/repositories/ml-analysis.repository.ts(13,1): error TS6133: 'db' is declared but its value is never read.
features/analytics/infrastructure/storage/progress.storage.ts(2,24): error TS6133: 'writeDatabase' is declared but its value is never read.
features/analytics/infrastructure/storage/progress.storage.ts(2,39): error TS6133: 'withTransaction' is declared but its value is never read.
features/analytics/infrastructure/storage/progress.storage.ts(4,8): error TS2614: Module '"@server/infrastructure/schema"' has no exported member 'InsertUserProgress'. Did you mean to use 'import InsertUserProgress from "@server/infrastructure/schema"' instead?
features/analytics/infrastructure/storage/progress.storage.ts(5,3): error TS2614: Module '"@server/infrastructure/schema"' has no exported member 'user_progress'. Did you mean to use 'import user_progress from "@server/infrastructure/schema"' instead?
features/analytics/infrastructure/storage/progress.storage.ts(6,8): error TS2614: Module '"@server/infrastructure/schema"' has no exported member 'UserProgress'. Did you mean to use 'import UserProgress from "@server/infrastructure/schema"' instead?
features/analytics/infrastructure/storage/progress.storage.ts(14,7): error TS6133: 'TYPE_CACHE_PREFIX' is declared but its value is never read.
features/analytics/infrastructure/storage/progress.storage.ts(15,7): error TS6133: 'CACHE_TTL' is declared but its value is never read.
features/analytics/infrastructure/storage/progress.storage.ts(28,60): error TS2345: Argument of type '{ component: string; }' is not assignable to parameter of type 'undefined'.
features/analytics/infrastructure/storage/progress.storage.ts(49,17): error TS2339: Property 'withTransaction' does not exist on type 'ProgressStorage'.
features/analytics/infrastructure/storage/progress.storage.ts(49,40): error TS7006: Parameter 'tx' implicitly has an 'any' type.
features/analytics/infrastructure/swagger.ts(1,26): error TS7016: Could not find a declaration file for module 'swagger-jsdoc'. 'C:/Users/Access Granted/Downloads/projects/SimpleTool/node_modules/.pnpm/swagger-jsdoc@6.2.8_openapi-types@12.1.3/node_modules/swagger-jsdoc/index.js' implicitly has an 'any' type.
  Try `npm i --save-dev @types/swagger-jsdoc` if it exists or add a new declaration (.d.ts) file containing `declare module 'swagger-jsdoc';`
features/analytics/infrastructure/swagger.ts(2,23): error TS7016: Could not find a declaration file for module 'swagger-ui-express'. 'C:/Users/Access Granted/Downloads/projects/SimpleTool/node_modules/.pnpm/swagger-ui-express@5.0.1_express@4.21.2/node_modules/swagger-ui-express/index.js' implicitly has an 'any' type.
  Try `npm i --save-dev @types/swagger-ui-express` if it exists or add a new declaration (.d.ts) file containing `declare module 'swagger-ui-express';`
features/analytics/infrastructure/swagger.ts(189,9): error TS18046: 'req' is of type 'unknown'.
features/analytics/presentation/http/controllers/engagement.controller.ts(1,1): error TS6133: 'User' is declared but its value is never read.
features/analytics/presentation/http/controllers/engagement.controller.ts(2,1): error TS6133: 'bills' is declared but its value is never read.
features/analytics/presentation/http/controllers/engagement.controller.ts(125,90): error TS2554: Expected 1 arguments, but got 2.
features/analytics/presentation/http/controllers/engagement.controller.ts(128,31): error TS2339: Property 'topCommenters' does not exist on type 'ServiceResult<{ userId: string; engagementScore: number; }[]>'.
  Property 'topCommenters' does not exist on type 'Ok<{ userId: string; engagementScore: number; }[], StandardizedError>'.
features/analytics/presentation/http/controllers/engagement.controller.ts(128,66): error TS2339: Property 'topVoters' does not exist on type 'ServiceResult<{ userId: string; engagementScore: number; }[]>'.
  Property 'topVoters' does not exist on type 'Ok<{ userId: string; engagementScore: number; }[], StandardizedError>'.
features/analytics/presentation/http/controllers/engagement.controller.ts(129,34): error TS2339: Property 'topCommenters' does not exist on type 'ServiceResult<{ userId: string; engagementScore: number; }[]>'.
  Property 'topCommenters' does not exist on type 'Ok<{ userId: string; engagementScore: number; }[], StandardizedError>'.
features/analytics/presentation/http/controllers/engagement.controller.ts(129,56): error TS7006: Parameter 'sum' implicitly has an 'any' type.
features/analytics/presentation/http/controllers/engagement.controller.ts(129,61): error TS6133: 'user' is declared but its value is never read.
features/analytics/presentation/http/controllers/engagement.controller.ts(129,61): error TS7006: Parameter 'user' implicitly has an 'any' type.
features/analytics/presentation/http/controllers/engagement.controller.ts(130,31): error TS2339: Property 'topCommenters' does not exist on type 'ServiceResult<{ userId: string; engagementScore: number; }[]>'.
  Property 'topCommenters' does not exist on type 'Ok<{ userId: string; engagementScore: number; }[], StandardizedError>'.
features/analytics/presentation/http/controllers/engagement.controller.ts(130,53): error TS7006: Parameter 'sum' implicitly has an 'any' type.
features/analytics/presentation/http/controllers/engagement.controller.ts(130,58): error TS6133: 'user' is declared but its value is never read.
features/analytics/presentation/http/controllers/engagement.controller.ts(130,58): error TS7006: Parameter 'user' implicitly has an 'any' type.
features/analytics/presentation/http/controllers/engagement.controller.ts(198,45): error TS2339: Property 'getEngagementTrends' does not exist on type 'EngagementAnalyticsService'.
features/analytics/presentation/http/controllers/engagement.controller.ts(205,70): error TS2345: Argument of type 'number' is not assignable to parameter of type '{ bill_id: string; }'.
features/analytics/presentation/http/controllers/engagement.controller.ts(214,5): error TS6133: 'req' is declared but its value is never read.
features/analytics/presentation/http/controllers/engagement.controller.ts(216,90): error TS2554: Expected 1 arguments, but got 2.
features/analytics/presentation/http/controllers/engagement.controller.ts(218,34): error TS2339: Property 'topCommenters' does not exist on type 'ServiceResult<{ userId: string; engagementScore: number; }[]>'.
  Property 'topCommenters' does not exist on type 'Ok<{ userId: string; engagementScore: number; }[], StandardizedError>'.
features/analytics/presentation/http/controllers/engagement.controller.ts(218,52): error TS6133: 'user' is declared but its value is never read.
features/analytics/presentation/http/controllers/engagement.controller.ts(218,52): error TS7006: Parameter 'user' implicitly has an 'any' type.
features/analytics/presentation/http/controllers/engagement.controller.ts(300,87): error TS2554: Expected 1 arguments, but got 2.
features/analytics/presentation/http/controllers/engagement.controller.ts(354,90): error TS2554: Expected 1 arguments, but got 2.
features/analytics/presentation/http/controllers/engagement.controller.ts(373,87): error TS2554: Expected 1 arguments, but got 2.
features/analytics/presentation/http/routes/analytics-routes-integrated.ts(61,21): error TS2339: Property 'user' does not exist on type 'Request<ParamsDictionary, any, any, ParsedQs, Record<string, any>>'.
features/analytics/presentation/http/routes/analytics-routes-integrated.ts(66,18): error TS2345: Argument of type 'Response<any, Record<string, any>, number>' is not assignable to parameter of type '{ isOk(): boolean; value: unknown; isErr(): boolean; error: StandardizedError; }'.
  Type 'Response<any, Record<string, any>, number>' is missing the following properties from type '{ isOk(): boolean; value: unknown; isErr(): boolean; error: StandardizedError; }': isOk, value, isErr, error
features/analytics/presentation/http/routes/analytics-routes-integrated.ts(91,17): error TS2345: Argument of type 'ZodObject<{ metric: ZodString; startDate: ZodOptional<ZodString>; endDate: ZodOptional<ZodString>; groupBy: ZodOptional<ZodEnum<["day", "week", "month"]>>; page: ZodDefault<...>; limit: ZodDefault<...>; }, "strip", ZodTypeAny, { ...; }, { ...; }>' is not assignable to parameter of type 'ZodSchema<{ limit: number; page: number; metric: string; groupBy?: "day" | "week" | "month" | undefined; startDate?: string | undefined; endDate?: string | undefined; }>'.
  The types of '_input.limit' are incompatible between these types.
    Type 'string | undefined' is not assignable to type 'number'.
      Type 'undefined' is not assignable to type 'number'.
features/analytics/presentation/http/routes/analytics-routes-integrated.ts(99,21): error TS2339: Property 'user' does not exist on type 'Request<ParamsDictionary, any, any, ParsedQs, Record<string, any>>'.
features/analytics/presentation/http/routes/analytics-routes-integrated.ts(104,18): error TS2345: Argument of type 'Response<any, Record<string, any>, number>' is not assignable to parameter of type '{ isOk(): boolean; value: unknown; isErr(): boolean; error: StandardizedError; }'.
  Type 'Response<any, Record<string, any>, number>' is missing the following properties from type '{ isOk(): boolean; value: unknown; isErr(): boolean; error: StandardizedError; }': isOk, value, isErr, error
features/analytics/presentation/http/routes/analytics-routes-integrated.ts(139,21): error TS2339: Property 'user' does not exist on type 'Request<ParamsDictionary, any, any, ParsedQs, Record<string, any>>'.
features/analytics/presentation/http/routes/analytics-routes-integrated.ts(144,18): error TS2345: Argument of type 'Response<any, Record<string, any>, number>' is not assignable to parameter of type '{ isOk(): boolean; value: unknown; isErr(): boolean; error: StandardizedError; }'.
  Type 'Response<any, Record<string, any>, number>' is missing the following properties from type '{ isOk(): boolean; value: unknown; isErr(): boolean; error: StandardizedError; }': isOk, value, isErr, error
features/analytics/presentation/http/routes/analytics-routes-integrated.ts(173,69): error TS2345: Argument of type 'string | undefined' is not assignable to parameter of type 'string'.
  Type 'undefined' is not assignable to type 'string'.
features/analytics/presentation/http/routes/analytics-routes-integrated.ts(176,21): error TS2339: Property 'user' does not exist on type 'Request<ParamsDictionary, any, any, ParsedQs, Record<string, any>>'.
features/analytics/presentation/http/routes/analytics-routes-integrated.ts(181,18): error TS2345: Argument of type 'Response<any, Record<string, any>, number>' is not assignable to parameter of type '{ isOk(): boolean; value: unknown; isErr(): boolean; error: StandardizedError; }'.
  Type 'Response<any, Record<string, any>, number>' is missing the following properties from type '{ isOk(): boolean; value: unknown; isErr(): boolean; error: StandardizedError; }': isOk, value, isErr, error
features/analytics/presentation/http/routes/analytics-routes-integrated.ts(211,68): error TS2345: Argument of type 'string | undefined' is not assignable to parameter of type 'string'.
  Type 'undefined' is not assignable to type 'string'.
features/analytics/presentation/http/routes/analytics-routes-integrated.ts(214,21): error TS2339: Property 'user' does not exist on type 'Request<ParamsDictionary, any, any, ParsedQs, Record<string, any>>'.
features/analytics/presentation/http/routes/analytics-routes-integrated.ts(219,18): error TS2345: Argument of type 'Response<any, Record<string, any>, number>' is not assignable to parameter of type '{ isOk(): boolean; value: unknown; isErr(): boolean; error: StandardizedError; }'.
  Type 'Response<any, Record<string, any>, number>' is missing the following properties from type '{ isOk(): boolean; value: unknown; isErr(): boolean; error: StandardizedError; }': isOk, value, isErr, error
features/analytics/presentation/http/routes/analytics-routes-integrated.ts(245,17): error TS2345: Argument of type 'ZodObject<{ query: ZodString; page: ZodDefault<ZodPipeline<ZodEffects<ZodString, number, string>, ZodNumber>>; limit: ZodDefault<...>; }, "strip", ZodTypeAny, { ...; }, { ...; }>' is not assignable to parameter of type 'ZodSchema<{ query: string; limit: number; page: number; }>'.
  The types of '_input.limit' are incompatible between these types.
    Type 'string | undefined' is not assignable to type 'number'.
      Type 'undefined' is not assignable to type 'number'.
features/analytics/presentation/http/routes/analytics-routes-integrated.ts(259,21): error TS2339: Property 'user' does not exist on type 'Request<ParamsDictionary, any, any, ParsedQs, Record<string, any>>'.
features/analytics/presentation/http/routes/analytics-routes-integrated.ts(264,18): error TS2345: Argument of type 'Response<any, Record<string, any>, number>' is not assignable to parameter of type '{ isOk(): boolean; value: unknown; isErr(): boolean; error: StandardizedError; }'.
  Type 'Response<any, Record<string, any>, number>' is missing the following properties from type '{ isOk(): boolean; value: unknown; isErr(): boolean; error: StandardizedError; }': isOk, value, isErr, error
features/analytics/presentation/http/routes/analytics-routes-integrated.ts(278,47): error TS6133: 'next' is declared but its value is never read.
features/analytics/presentation/http/routes/analytics.routes.ts(9,29): error TS6133: 'requireAuth' is declared but its value is never read.
features/analytics/presentation/http/routes/analytics.routes.ts(49,7): error TS6133: 'userEngagementSchema' is declared but its value is never read.
features/analytics/presentation/http/routes/analytics.routes.ts(199,9): error TS2345: Argument of type 'string | undefined' is not assignable to parameter of type 'string'.
  Type 'undefined' is not assignable to type 'string'.
features/analytics/presentation/http/routes/analytics.routes.ts(342,9): error TS2345: Argument of type 'string | undefined' is not assignable to parameter of type 'string'.
  Type 'undefined' is not assignable to type 'string'.
features/analytics/presentation/http/routes/analytics.routes.ts(384,37): error TS2554: Expected 1 arguments, but got 2.
features/analytics/presentation/http/routes/analytics.routes.ts(427,10): error TS6133: 'req' is declared but its value is never read.
features/analytics/presentation/http/routes/analytics.routes.ts(470,30): error TS6133: 'req' is declared but its value is never read.
features/analytics/presentation/http/routes/analytics.routes.ts(495,32): error TS6133: 'req' is declared but its value is never read.
features/analytics/presentation/http/routes/dashboard.routes.ts(6,1): error TS6192: All imports in import declaration are unused.
features/analytics/presentation/http/routes/dashboard.routes.ts(7,1): error TS6133: 'bills' is declared but its value is never read.
features/analytics/presentation/http/routes/dashboard.routes.ts(8,1): error TS6133: 'argumentTable' is declared but its value is never read.
features/analytics/presentation/http/routes/dashboard.routes.ts(9,15): error TS2305: Module '"@server/infrastructure/schema/platform_operations"' has no exported member 'DepartmentStat'.
features/analytics/presentation/http/routes/dashboard.routes.ts(9,31): error TS2305: Module '"@server/infrastructure/schema/platform_operations"' has no exported member 'RadarDatum'.
features/analytics/presentation/http/routes/dashboard.routes.ts(10,10): error TS2305: Module '"@server/infrastructure/schema/platform_operations"' has no exported member 'departments'.
features/analytics/presentation/http/routes/dashboard.routes.ts(10,10): error TS6133: 'departments' is declared but its value is never read.
features/analytics/presentation/http/routes/dashboard.routes.ts(10,22): error TS2305: Module '"@server/infrastructure/schema/platform_operations"' has no exported member 'evaluations'.
features/analytics/presentation/http/routes/dashboard.routes.ts(11,38): error TS6133: 'sql' is declared but its value is never read.
features/analytics/presentation/http/routes/dashboard.routes.ts(248,15): error TS2345: Argument of type 'unknown' is not assignable to parameter of type 'SQLWrapper | undefined'.
features/analytics/presentation/http/routes/dashboard.routes.ts(259,11): error TS2304: Cannot find name 'db'.
features/analytics/presentation/http/routes/dashboard.routes.ts(278,11): error TS2304: Cannot find name 'db'.
features/analytics/presentation/http/routes/dashboard.routes.ts(288,50): error TS7006: Parameter 'candidate' implicitly has an 'any' type.
features/analytics/presentation/http/routes/dashboard.routes.ts(360,28): error TS2304: Cannot find name 'db'.
features/analytics/presentation/http/routes/dashboard.routes.ts(381,49): error TS2769: No overload matches this call.
  Overload 1 of 3, '(obj: "Error creating evaluation", msg?: undefined): void', gave the following error.
    Argument of type '{ component: string; data: { candidateName: string; departmentId: number; status?: string; }; error: string; }' is not assignable to parameter of type 'undefined'.
  Overload 2 of 3, '(obj: "Error creating evaluation", msg?: undefined, ...args: unknown[]): void', gave the following error.
    Argument of type '{ component: string; data: { candidateName: string; departmentId: number; status?: string; }; error: string; }' is not assignable to parameter of type 'undefined'.
features/analytics/presentation/http/routes/dashboard.routes.ts(415,36): error TS2304: Cannot find name 'db'.
features/analytics/presentation/http/routes/dashboard.routes.ts(430,28): error TS2304: Cannot find name 'db'.
features/analytics/presentation/http/routes/dashboard.routes.ts(487,24): error TS2304: Cannot find name 'db'.
features/analytics/presentation/http/routes/dashboard.routes.ts(503,50): error TS7006: Parameter 'dept' implicitly has an 'any' type.
features/analytics/presentation/http/routes/dashboard.routes.ts(506,11): error TS7006: Parameter 'h' implicitly has an 'any' type.
features/analytics/presentation/http/routes/dashboard.routes.ts(567,27): error TS2304: Cannot find name 'db'.
features/analytics/presentation/http/routes/dashboard.routes.ts(587,73): error TS7006: Parameter 'assessment' implicitly has an 'any' type.
features/analytics/presentation/http/routes/dashboard.routes.ts(633,35): error TS2345: Argument of type 'string | undefined' is not assignable to parameter of type 'string'.
  Type 'undefined' is not assignable to type 'string'.
features/analytics/presentation/http/routes/engagement-analytics.routes.ts(1,1): error TS6133: 'User' is declared but its value is never read.
features/analytics/presentation/http/routes/engagement-analytics.routes.ts(5,38): error TS6133: 'comments_cp' is declared but its value is never read.
features/analytics/presentation/http/routes/engagement-analytics.routes.ts(12,10): error TS6133: 'database' is declared but its value is never read.
features/analytics/presentation/http/routes/engagement-analytics.routes.ts(14,1): error TS6133: 'db' is declared but its value is never read.
features/analytics/presentation/http/routes/engagement-analytics.routes.ts(33,42): error TS6133: 'res' is declared but its value is never read.
features/analytics/presentation/http/routes/engagement-analytics.routes.ts(35,3): error TS18046: 'req' is of type 'unknown'.
features/analytics/presentation/http/routes/engagement-analytics.routes.ts(36,3): error TS18046: 'next' is of type 'unknown'.
features/analytics/presentation/http/routes/engagement-analytics.routes.ts(79,27): error TS6133: 'res' is declared but its value is never read.
features/analytics/presentation/http/routes/engagement-analytics.routes.ts(121,16): error TS2348: Value of type 'typeof ApiError' is not callable. Did you mean to include 'new'?
features/analytics/presentation/http/routes/engagement-analytics.routes.ts(130,44): error TS2339: Property 'getOrSetCache' does not exist on type 'CacheService'.
features/analytics/presentation/http/routes/engagement-analytics.routes.ts(152,25): error TS2345: Argument of type 'unknown' is not assignable to parameter of type 'Response<any, Record<string, any>>'.
features/analytics/presentation/http/routes/engagement-analytics.routes.ts(155,59): error TS2345: Argument of type '{ component: string; operation: string; }' is not assignable to parameter of type 'undefined'.
features/analytics/presentation/http/routes/engagement-analytics.routes.ts(160,14): error TS2348: Value of type 'typeof ApiError' is not callable. Did you mean to include 'new'?
features/analytics/presentation/http/routes/engagement-analytics.routes.ts(175,32): error TS2345: Argument of type 'string | undefined' is not assignable to parameter of type 'string'.
  Type 'undefined' is not assignable to type 'string'.
features/analytics/presentation/http/routes/engagement-analytics.routes.ts(177,36): error TS2348: Value of type 'typeof ApiValidationError' is not callable. Did you mean to include 'new'?
features/analytics/presentation/http/routes/engagement-analytics.routes.ts(186,43): error TS2339: Property 'getOrSetCache' does not exist on type 'CacheService'.
features/analytics/presentation/http/routes/engagement-analytics.routes.ts(193,25): error TS2345: Argument of type 'unknown' is not assignable to parameter of type 'Response<any, Record<string, any>>'.
features/analytics/presentation/http/routes/engagement-analytics.routes.ts(197,16): error TS2348: Value of type 'typeof ApiError' is not callable. Did you mean to include 'new'?
features/analytics/presentation/http/routes/engagement-analytics.routes.ts(203,63): error TS2345: Argument of type '{ component: string; operation: string; bill_id: string | undefined; }' is not assignable to parameter of type 'undefined'.
features/analytics/presentation/http/routes/engagement-analytics.routes.ts(208,14): error TS2348: Value of type 'typeof ApiError' is not callable. Did you mean to include 'new'?
features/analytics/presentation/http/routes/engagement-analytics.routes.ts(231,16): error TS2348: Value of type 'typeof ApiError' is not callable. Did you mean to include 'new'?
features/analytics/presentation/http/routes/engagement-analytics.routes.ts(242,61): error TS2345: Argument of type 'string | undefined' is not assignable to parameter of type 'string'.
  Type 'undefined' is not assignable to type 'string'.
features/analytics/presentation/http/routes/engagement-analytics.routes.ts(245,43): error TS2339: Property 'getOrSetCache' does not exist on type 'CacheService'.
features/analytics/presentation/http/routes/engagement-analytics.routes.ts(248,70): error TS2345: Argument of type 'string | undefined' is not assignable to parameter of type 'string'.
  Type 'undefined' is not assignable to type 'string'.
features/analytics/presentation/http/routes/engagement-analytics.routes.ts(263,25): error TS2345: Argument of type 'unknown' is not assignable to parameter of type 'Response<any, Record<string, any>>'.
features/analytics/presentation/http/routes/engagement-analytics.routes.ts(267,16): error TS2348: Value of type 'typeof ApiValidationError' is not callable. Did you mean to include 'new'?
features/analytics/presentation/http/routes/engagement-analytics.routes.ts(274,16): error TS2348: Value of type 'typeof ApiError' is not callable. Did you mean to include 'new'?
features/analytics/presentation/http/routes/engagement-analytics.routes.ts(280,63): error TS2345: Argument of type '{ component: string; operation: string; user_id: string | undefined; }' is not assignable to parameter of type 'undefined'.
features/analytics/presentation/http/routes/engagement-analytics.routes.ts(285,14): error TS2348: Value of type 'typeof ApiError' is not callable. Did you mean to include 'new'?
features/analytics/presentation/http/routes/engagement-analytics.routes.ts(308,42): error TS2339: Property 'getOrSetCache' does not exist on type 'CacheService'.
features/analytics/presentation/http/routes/engagement-analytics.routes.ts(316,25): error TS2345: Argument of type 'unknown' is not assignable to parameter of type 'Response<any, Record<string, any>>'.
features/analytics/presentation/http/routes/engagement-analytics.routes.ts(320,16): error TS2348: Value of type 'typeof ApiValidationError' is not callable. Did you mean to include 'new'?
features/analytics/presentation/http/routes/engagement-analytics.routes.ts(326,57): error TS2345: Argument of type '{ component: string; operation: string; period: string | QueryString.ParsedQs | (string | QueryString.ParsedQs)[] | undefined; }' is not assignable to parameter of type 'undefined'.
features/analytics/presentation/http/routes/engagement-analytics.routes.ts(332,14): error TS2348: Value of type 'typeof ApiError' is not callable. Did you mean to include 'new'?
features/analytics/presentation/http/routes/engagement-analytics.routes.ts(355,16): error TS2348: Value of type 'typeof ApiError' is not callable. Did you mean to include 'new'?
features/analytics/presentation/http/routes/engagement-analytics.routes.ts(367,25): error TS2345: Argument of type 'unknown' is not assignable to parameter of type 'Response<any, Record<string, any>>'.
features/analytics/presentation/http/routes/engagement-analytics.routes.ts(371,16): error TS2348: Value of type 'typeof ApiValidationError' is not callable. Did you mean to include 'new'?
features/analytics/presentation/http/routes/engagement-analytics.routes.ts(377,56): error TS2345: Argument of type '{ component: string; operation: string; user_id: string | undefined; }' is not assignable to parameter of type 'undefined'.
features/analytics/presentation/http/routes/engagement-analytics.routes.ts(382,14): error TS2348: Value of type 'typeof ApiError' is not callable. Did you mean to include 'new'?
features/analytics/presentation/http/routes/engagement-analytics.routes.ts(456,44): error TS6133: 'bill' is declared but its value is never read.
features/analytics/presentation/http/routes/engagement-analytics.routes.ts(456,44): error TS7006: Parameter 'bill' implicitly has an 'any' type.
features/analytics/presentation/http/routes/engagement-analytics.routes.ts(461,46): error TS7006: Parameter 'trend' implicitly has an 'any' type.
features/analytics/presentation/http/routes/engagement-analytics.routes.ts(670,40): error TS7006: Parameter 'trend' implicitly has an 'any' type.
features/analytics/presentation/http/routes/engagement-analytics.routes.ts(677,5): error TS2322: Type 'unknown' is not assignable to type '{ hour: number; comments: number; votes: number; }[] | { date: string; comments: number; votes: number; }[] | { week: string; comments: number; votes: number; }[]'.
features/analytics/presentation/http/routes/engagement-analytics.routes.ts(752,65): error TS2769: No overload matches this call.
  Overload 1 of 3, '(obj: "Database error in processEngagementEvent:", msg?: undefined): void', gave the following error.
    Argument of type 'unknown' is not assignable to parameter of type 'undefined'.
  Overload 2 of 3, '(obj: "Database error in processEngagementEvent:", msg?: undefined, ...args: unknown[]): void', gave the following error.
    Argument of type 'unknown' is not assignable to parameter of type 'undefined'.
features/analytics/presentation/http/routes/transparency-dashboard.routes.ts(2,1): error TS6133: 'cacheService' is declared but its value is never read.
features/analytics/presentation/http/routes/transparency-dashboard.routes.ts(7,21): error TS6133: 'desc' is declared but its value is never read.
features/analytics/presentation/http/routes/transparency-dashboard.routes.ts(10,1): error TS6133: 'sponsorAffiliations' is declared but its value is never read.
features/analytics/presentation/http/routes/transparency-dashboard.routes.ts(11,3): error TS2300: Duplicate identifier 'sponsors'.
features/analytics/presentation/http/routes/transparency-dashboard.routes.ts(12,10): error TS2300: Duplicate identifier 'sponsors'.
features/analytics/presentation/http/routes/transparency-dashboard.routes.ts(66,9): error TS2304: Cannot find name 'financialDisclosureAnalyticsService'.
features/analytics/presentation/http/routes/transparency-dashboard.routes.ts(67,9): error TS2304: Cannot find name 'financialDisclosureAnalyticsService'.
features/analytics/presentation/http/routes/transparency-dashboard.routes.ts(68,9): error TS2304: Cannot find name 'financialDisclosureAnalyticsService'.
features/analytics/presentation/http/routes/transparency-dashboard.routes.ts(177,60): error TS2345: Argument of type '{ component: string; }' is not assignable to parameter of type 'undefined'.
features/analytics/presentation/http/routes/transparency-dashboard.routes.ts(203,33): error TS7006: Parameter 'sum' implicitly has an 'any' type.
features/analytics/presentation/http/routes/transparency-dashboard.routes.ts(203,38): error TS7006: Parameter 's' implicitly has an 'any' type.
features/analytics/presentation/http/routes/transparency-dashboard.routes.ts(213,57): error TS7006: Parameter 'd' implicitly has an 'any' type.
features/analytics/presentation/http/routes/transparency-dashboard.routes.ts(219,52): error TS7006: Parameter 'acc' implicitly has an 'any' type.
features/analytics/presentation/http/routes/transparency-dashboard.routes.ts(219,57): error TS6133: 'sponsor' is declared but its value is never read.
features/analytics/presentation/http/routes/transparency-dashboard.routes.ts(219,57): error TS7006: Parameter 'sponsor' implicitly has an 'any' type.
features/analytics/presentation/http/routes/transparency-dashboard.routes.ts(233,17): error TS7006: Parameter 's' implicitly has an 'any' type.
features/analytics/presentation/http/routes/transparency-dashboard.routes.ts(234,16): error TS7006: Parameter 'a' implicitly has an 'any' type.
features/analytics/presentation/http/routes/transparency-dashboard.routes.ts(234,19): error TS7006: Parameter 'b' implicitly has an 'any' type.
features/analytics/presentation/http/routes/transparency-dashboard.routes.ts(236,14): error TS7006: Parameter 's' implicitly has an 'any' type.
features/analytics/presentation/http/routes/transparency-dashboard.routes.ts(303,61): error TS2345: Argument of type '{ component: string; }' is not assignable to parameter of type 'undefined'.
features/analytics/presentation/http/routes/transparency-dashboard.routes.ts(322,51): error TS18046: 'd' is of type 'unknown'.
features/analytics/presentation/http/routes/transparency-dashboard.routes.ts(327,32): error TS18046: 'relationshipMapping' is of type 'unknown'.
features/analytics/presentation/http/routes/transparency-dashboard.routes.ts(330,27): error TS18046: 'relationshipMapping' is of type 'unknown'.
features/analytics/presentation/http/routes/transparency-dashboard.routes.ts(331,23): error TS18046: 'r' is of type 'unknown'.
features/analytics/presentation/http/routes/transparency-dashboard.routes.ts(331,57): error TS18046: 'r' is of type 'unknown'.
features/analytics/presentation/http/routes/transparency-dashboard.routes.ts(342,32): error TS18046: 'd' is of type 'unknown'.
features/analytics/presentation/http/routes/transparency-dashboard.routes.ts(349,45): error TS6133: 'sponsor' is declared but its value is never read.
features/analytics/presentation/http/routes/transparency-dashboard.routes.ts(370,5): error TS6133: 'completenessReport' is declared but its value is never read.
features/analytics/presentation/http/routes/transparency-dashboard.routes.ts(371,5): error TS6133: 'relationshipMapping' is declared but its value is never read.
features/analytics/presentation/http/routes/transparency-dashboard.routes.ts(375,9): error TS18048: 'componentScores.disclosure_completeness' is possibly 'undefined'.
features/analytics/presentation/http/routes/transparency-dashboard.routes.ts(379,9): error TS18048: 'componentScores.verification_status' is possibly 'undefined'.
features/analytics/presentation/http/routes/transparency-dashboard.routes.ts(383,9): error TS18048: 'componentScores.conflict_resolution' is possibly 'undefined'.
features/analytics/presentation/http/routes/transparency-dashboard.routes.ts(468,38): error TS7006: Parameter 'sum' implicitly has an 'any' type.
features/analytics/presentation/http/routes/transparency-dashboard.routes.ts(468,43): error TS7006: Parameter 's' implicitly has an 'any' type.
features/analytics/presentation/http/routes/transparency-dashboard.routes.ts(484,54): error TS7006: Parameter 'd' implicitly has an 'any' type.
features/analytics/presentation/http/routes/transparency-dashboard.routes.ts(495,48): error TS7006: Parameter 'd' implicitly has an 'any' type.
features/analytics/presentation/http/routes/transparency-dashboard.routes.ts(507,62): error TS2345: Argument of type '{ component: string; }' is not assignable to parameter of type 'undefined'.
features/analytics/presentation/http/routes/transparency-dashboard.routes.ts(562,27): error TS18048: 'curr' is possibly 'undefined'.
features/analytics/presentation/http/routes/transparency-dashboard.routes.ts(562,53): error TS18048: 'prev' is possibly 'undefined'.
features/analytics/presentation/http/routes/transparency-dashboard.routes.ts(563,32): error TS18048: 'curr' is possibly 'undefined'.
features/analytics/presentation/http/routes/transparency-dashboard.routes.ts(563,55): error TS18048: 'prev' is possibly 'undefined'.
features/analytics/presentation/http/routes/transparency-dashboard.routes.ts(567,19): error TS18048: 'curr' is possibly 'undefined'.
features/analytics/presentation/http/routes/transparency-dashboard.routes.ts(576,19): error TS18048: 'curr' is possibly 'undefined'.
features/analytics/presentation/http/routes/transparency-dashboard.routes.ts(594,50): error TS2532: Object is possibly 'undefined'.
features/analytics/presentation/http/routes/transparency-dashboard.routes.ts(597,25): error TS2532: Object is possibly 'undefined'.
features/analytics/presentation/http/routes/transparency-dashboard.routes.ts(620,9): error TS18046: 'analysis' is of type 'unknown'.
features/analytics/presentation/http/routes/transparency-dashboard.routes.ts(625,9): error TS18046: 'analysis' is of type 'unknown'.
features/analytics/presentation/http/routes/transparency-dashboard.routes.ts(629,9): error TS18046: 'analysis' is of type 'unknown'.
features/analytics/presentation/http/routes/transparency-dashboard.routes.ts(634,36): error TS2339: Property 'verificationRate' does not exist on type '{}'.
features/analytics/presentation/http/routes/transparency-dashboard.routes.ts(638,36): error TS2339: Property 'conflictCount' does not exist on type '{}'.
features/analytics/scripts/configure-ml-migration.ts(10,1): error TS6133: 'users' is declared but its value is never read.
features/analytics/scripts/configure-ml-migration.ts(52,71): error TS2345: Argument of type '{ component: string; operation: string; }' is not assignable to parameter of type 'undefined'.
features/analytics/scripts/demo-ml-migration.ts(19,31): error TS2304: Cannot find name 'RealMLAnalysisService'.
features/analytics/scripts/demo-ml-migration.ts(59,39): error TS2339: Property 'enableGradualRollout' does not exist on type 'typeof MLMigrationConfigurator'.
features/argument-intelligence/application/argument-intelligence-service.ts(3,24): error TS6133: 'writeDatabase' is declared but its value is never read.
features/argument-intelligence/application/argument-intelligence-service.ts(5,8): error TS2614: Module '"@server/infrastructure/schema"' has no exported member 'Argument'. Did you mean to use 'import Argument from "@server/infrastructure/schema"' instead?
features/argument-intelligence/application/argument-intelligence-service.ts(6,3): error TS2614: Module '"@server/infrastructure/schema"' has no exported member 'argument_relationships'. Did you mean to use 'import argument_relationships from "@server/infrastructure/schema"' instead?
features/argument-intelligence/application/argument-intelligence-service.ts(7,8): error TS2614: Module '"@server/infrastructure/schema"' has no exported member 'ArgumentRelationship'. Did you mean to use 'import ArgumentRelationship from "@server/infrastructure/schema"' instead?
features/argument-intelligence/application/argument-intelligence-service.ts(8,3): error TS2614: Module '"@server/infrastructure/schema"' has no exported member 'argumentTable'. Did you mean to use 'import argumentTable from "@server/infrastructure/schema"' instead?
features/argument-intelligence/application/argument-intelligence-service.ts(9,8): error TS2614: Module '"@server/infrastructure/schema"' has no exported member 'Claim'. Did you mean to use 'import Claim from "@server/infrastructure/schema"' instead?
features/argument-intelligence/application/argument-intelligence-service.ts(10,3): error TS2614: Module '"@server/infrastructure/schema"' has no exported member 'claims'. Did you mean to use 'import claims from "@server/infrastructure/schema"' instead?
features/argument-intelligence/application/argument-intelligence-service.ts(11,8): error TS2614: Module '"@server/infrastructure/schema"' has no exported member 'Evidence'. Did you mean to use 'import Evidence from "@server/infrastructure/schema"' instead?
features/argument-intelligence/application/argument-intelligence-service.ts(12,3): error TS2614: Module '"@server/infrastructure/schema"' has no exported member 'evidence'. Did you mean to use 'import evidence from "@server/infrastructure/schema"' instead?
features/argument-intelligence/application/argument-intelligence-service.ts(13,3): error TS2614: Module '"@server/infrastructure/schema"' has no exported member 'legislative_briefs'. Did you mean to use 'import legislative_briefs from "@server/infrastructure/schema"' instead?
features/argument-intelligence/application/argument-intelligence-service.ts(14,8): error TS2614: Module '"@server/infrastructure/schema"' has no exported member 'LegislativeBrief'. Did you mean to use 'import LegislativeBrief from "@server/infrastructure/schema"' instead?
features/argument-intelligence/application/argument-intelligence-service.ts(15,3): error TS2614: Module '"@server/infrastructure/schema"' has no exported member 'synthesis_jobs'. Did you mean to use 'import synthesis_jobs from "@server/infrastructure/schema"' instead?
features/argument-intelligence/application/argument-intelligence-service.ts(17,1): error TS6133: 'db' is declared but its value is never read.
features/argument-intelligence/application/argument-intelligence-service.ts(99,48): error TS2769: No overload matches this call.
  Overload 1 of 3, '(obj: "Storing processed argument", msg?: undefined): void', gave the following error.
    Argument of type '{ component: string; operation: string; }' is not assignable to parameter of type 'undefined'.
  Overload 2 of 3, '(obj: "Storing processed argument", msg?: undefined, ...args: unknown[]): void', gave the following error.
    Argument of type '{ component: string; operation: string; }' is not assignable to parameter of type 'undefined'.
features/argument-intelligence/application/argument-intelligence-service.ts(107,13): error TS2698: Spread types may only be created from object types.
features/argument-intelligence/application/argument-intelligence-service.ts(135,47): error TS2769: No overload matches this call.
  Overload 1 of 3, '(obj: "Fetching argList for bill", msg?: undefined): void', gave the following error.
    Argument of type '{ component: string; operation: string; bill_id: string; }' is not assignable to parameter of type 'undefined'.
  Overload 2 of 3, '(obj: "Fetching argList for bill", msg?: undefined, ...args: unknown[]): void', gave the following error.
    Argument of type '{ component: string; operation: string; bill_id: string; }' is not assignable to parameter of type 'undefined'.
features/argument-intelligence/application/argument-intelligence-service.ts(138,29): error TS2349: This expression is not callable.
  Type 'DatabaseConnection' has no call signatures.
features/argument-intelligence/application/argument-intelligence-service.ts(138,49): error TS7006: Parameter 'db' implicitly has an 'any' type.
features/argument-intelligence/application/argument-intelligence-service.ts(164,39): error TS2769: No overload matches this call.
  Overload 1 of 3, '(obj: "Searching argList", msg?: undefined): void', gave the following error.
    Argument of type '{ component: string; operation: string; searchText: string; limit: number; }' is not assignable to parameter of type 'undefined'.
  Overload 2 of 3, '(obj: "Searching argList", msg?: undefined, ...args: unknown[]): void', gave the following error.
    Argument of type '{ component: string; operation: string; searchText: string; limit: number; }' is not assignable to parameter of type 'undefined'.
features/argument-intelligence/application/argument-intelligence-service.ts(168,29): error TS2349: This expression is not callable.
  Type 'DatabaseConnection' has no call signatures.
features/argument-intelligence/application/argument-intelligence-service.ts(168,49): error TS7006: Parameter 'db' implicitly has an 'any' type.
features/argument-intelligence/application/argument-intelligence-service.ts(204,46): error TS2769: No overload matches this call.
  Overload 1 of 3, '(obj: "Storing extracted claims", msg?: undefined): void', gave the following error.
    Argument of type '{ component: string; operation: string; count: number; }' is not assignable to parameter of type 'undefined'.
  Overload 2 of 3, '(obj: "Storing extracted claims", msg?: undefined, ...args: unknown[]): void', gave the following error.
    Argument of type '{ component: string; operation: string; count: number; }' is not assignable to parameter of type 'undefined'.
features/argument-intelligence/application/argument-intelligence-service.ts(209,9): error TS2698: Spread types may only be created from object types.
features/argument-intelligence/application/argument-intelligence-service.ts(242,50): error TS2769: No overload matches this call.
  Overload 1 of 3, '(obj: "Fetching claims for argument", msg?: undefined): void', gave the following error.
    Argument of type '{ component: string; operation: string; argumentId: string; }' is not assignable to parameter of type 'undefined'.
  Overload 2 of 3, '(obj: "Fetching claims for argument", msg?: undefined, ...args: unknown[]): void', gave the following error.
    Argument of type '{ component: string; operation: string; argumentId: string; }' is not assignable to parameter of type 'undefined'.
features/argument-intelligence/application/argument-intelligence-service.ts(245,29): error TS2349: This expression is not callable.
  Type 'DatabaseConnection' has no call signatures.
features/argument-intelligence/application/argument-intelligence-service.ts(245,49): error TS7006: Parameter 'db' implicitly has an 'any' type.
features/argument-intelligence/application/argument-intelligence-service.ts(275,46): error TS2769: No overload matches this call.
  Overload 1 of 3, '(obj: "Storing evidence records", msg?: undefined): void', gave the following error.
    Argument of type '{ component: string; operation: string; count: number; }' is not assignable to parameter of type 'undefined'.
  Overload 2 of 3, '(obj: "Storing evidence records", msg?: undefined, ...args: unknown[]): void', gave the following error.
    Argument of type '{ component: string; operation: string; count: number; }' is not assignable to parameter of type 'undefined'.
features/argument-intelligence/application/argument-intelligence-service.ts(280,9): error TS2698: Spread types may only be created from object types.
features/argument-intelligence/application/argument-intelligence-service.ts(313,49): error TS2769: No overload matches this call.
  Overload 1 of 3, '(obj: "Fetching evidence for claim", msg?: undefined): void', gave the following error.
    Argument of type '{ component: string; operation: string; claimId: string; }' is not assignable to parameter of type 'undefined'.
  Overload 2 of 3, '(obj: "Fetching evidence for claim", msg?: undefined, ...args: unknown[]): void', gave the following error.
    Argument of type '{ component: string; operation: string; claimId: string; }' is not assignable to parameter of type 'undefined'.
features/argument-intelligence/application/argument-intelligence-service.ts(316,29): error TS2349: This expression is not callable.
  Type 'DatabaseConnection' has no call signatures.
features/argument-intelligence/application/argument-intelligence-service.ts(316,49): error TS7006: Parameter 'db' implicitly has an 'any' type.
features/argument-intelligence/application/argument-intelligence-service.ts(344,18): error TS18046: 'briefData' is of type 'unknown'.
features/argument-intelligence/application/argument-intelligence-service.ts(346,47): error TS2769: No overload matches this call.
  Overload 1 of 3, '(obj: "Storing legislative brief", msg?: undefined): void', gave the following error.
    Argument of type '{ component: string; operation: string; briefType: any; }' is not assignable to parameter of type 'undefined'.
  Overload 2 of 3, '(obj: "Storing legislative brief", msg?: undefined, ...args: unknown[]): void', gave the following error.
    Argument of type '{ component: string; operation: string; briefType: any; }' is not assignable to parameter of type 'undefined'.
features/argument-intelligence/application/argument-intelligence-service.ts(354,13): error TS2698: Spread types may only be created from object types.
features/argument-intelligence/application/argument-intelligence-service.ts(382,46): error TS2769: No overload matches this call.
  Overload 1 of 3, '(obj: "Fetching briefs for bill", msg?: undefined): void', gave the following error.
    Argument of type '{ component: string; operation: string; bill_id: string; }' is not assignable to parameter of type 'undefined'.
  Overload 2 of 3, '(obj: "Fetching briefs for bill", msg?: undefined, ...args: unknown[]): void', gave the following error.
    Argument of type '{ component: string; operation: string; bill_id: string; }' is not assignable to parameter of type 'undefined'.
features/argument-intelligence/application/argument-intelligence-service.ts(385,29): error TS2349: This expression is not callable.
  Type 'DatabaseConnection' has no call signatures.
features/argument-intelligence/application/argument-intelligence-service.ts(385,49): error TS7006: Parameter 'db' implicitly has an 'any' type.
features/argument-intelligence/application/argument-intelligence-service.ts(410,42): error TS2769: No overload matches this call.
  Overload 1 of 3, '(obj: "Fetching brief by ID", msg?: undefined): void', gave the following error.
    Argument of type '{ component: string; operation: string; briefId: string; }' is not assignable to parameter of type 'undefined'.
  Overload 2 of 3, '(obj: "Fetching brief by ID", msg?: undefined, ...args: unknown[]): void', gave the following error.
    Argument of type '{ component: string; operation: string; briefId: string; }' is not assignable to parameter of type 'undefined'.
features/argument-intelligence/application/argument-intelligence-service.ts(413,29): error TS2349: This expression is not callable.
  Type 'DatabaseConnection' has no call signatures.
features/argument-intelligence/application/argument-intelligence-service.ts(413,49): error TS7006: Parameter 'db' implicitly has an 'any' type.
features/argument-intelligence/application/argument-intelligence-service.ts(422,41): error TS2769: No overload matches this call.
  Overload 1 of 3, '(obj: "Brief not found", msg?: undefined): void', gave the following error.
    Argument of type '{ component: string; operation: string; briefId: string; }' is not assignable to parameter of type 'undefined'.
  Overload 2 of 3, '(obj: "Brief not found", msg?: undefined, ...args: unknown[]): void', gave the following error.
    Argument of type '{ component: string; operation: string; briefId: string; }' is not assignable to parameter of type 'undefined'.
features/argument-intelligence/application/argument-intelligence-service.ts(445,44): error TS2769: No overload matches this call.
  Overload 1 of 3, '(obj: "Storing bill synthesis", msg?: undefined): void', gave the following error.
    Argument of type '{ component: string; operation: string; bill_id: string; }' is not assignable to parameter of type 'undefined'.
  Overload 2 of 3, '(obj: "Storing bill synthesis", msg?: undefined, ...args: unknown[]): void', gave the following error.
    Argument of type '{ component: string; operation: string; bill_id: string; }' is not assignable to parameter of type 'undefined'.
features/argument-intelligence/application/argument-intelligence-service.ts(471,59): error TS2769: No overload matches this call.
  Overload 1 of 3, '(obj: "✅ Bill synthesis stored successfully", msg?: undefined): void', gave the following error.
    Argument of type '{ component: string; operation: string; bill_id: string; }' is not assignable to parameter of type 'undefined'.
  Overload 2 of 3, '(obj: "✅ Bill synthesis stored successfully", msg?: undefined, ...args: unknown[]): void', gave the following error.
    Argument of type '{ component: string; operation: string; bill_id: string; }' is not assignable to parameter of type 'undefined'.
features/argument-intelligence/application/argument-intelligence-service.ts(487,45): error TS2769: No overload matches this call.
  Overload 1 of 3, '(obj: "Fetching bill synthesis", msg?: undefined): void', gave the following error.
    Argument of type '{ component: string; operation: string; bill_id: string; }' is not assignable to parameter of type 'undefined'.
  Overload 2 of 3, '(obj: "Fetching bill synthesis", msg?: undefined, ...args: unknown[]): void', gave the following error.
    Argument of type '{ component: string; operation: string; bill_id: string; }' is not assignable to parameter of type 'undefined'.
features/argument-intelligence/application/argument-intelligence-service.ts(490,33): error TS2349: This expression is not callable.
  Type 'DatabaseConnection' has no call signatures.
features/argument-intelligence/application/argument-intelligence-service.ts(490,53): error TS7006: Parameter 'db' implicitly has an 'any' type.
features/argument-intelligence/application/argument-intelligence-service.ts(506,50): error TS2769: No overload matches this call.
  Overload 1 of 3, '(obj: "Bill synthesis not found", msg?: undefined): void', gave the following error.
    Argument of type '{ component: string; operation: string; bill_id: string; }' is not assignable to parameter of type 'undefined'.
  Overload 2 of 3, '(obj: "Bill synthesis not found", msg?: undefined, ...args: unknown[]): void', gave the following error.
    Argument of type '{ component: string; operation: string; bill_id: string; }' is not assignable to parameter of type 'undefined'.
features/argument-intelligence/application/argument-intelligence-service.ts(514,22): error TS18046: 'inputData' is of type 'unknown'.
features/argument-intelligence/application/argument-intelligence-service.ts(515,23): error TS18046: 'inputData' is of type 'unknown'.
features/argument-intelligence/application/argument-intelligence-service.ts(516,31): error TS18046: 'inputData' is of type 'unknown'.
features/argument-intelligence/application/argument-intelligence-service.ts(517,25): error TS18046: 'inputData' is of type 'unknown'.
features/argument-intelligence/application/argument-intelligence-service.ts(518,30): error TS18046: 'inputData' is of type 'unknown'.
features/argument-intelligence/application/argument-intelligence-service.ts(542,52): error TS2769: No overload matches this call.
  Overload 1 of 3, '(obj: "Storing argument relationships", msg?: undefined): void', gave the following error.
    Argument of type '{ component: string; operation: string; count: number; }' is not assignable to parameter of type 'undefined'.
  Overload 2 of 3, '(obj: "Storing argument relationships", msg?: undefined, ...args: unknown[]): void', gave the following error.
    Argument of type '{ component: string; operation: string; count: number; }' is not assignable to parameter of type 'undefined'.
features/argument-intelligence/application/argument-intelligence-service.ts(547,9): error TS2698: Spread types may only be created from object types.
features/argument-intelligence/application/argument-intelligence-service.ts(581,46): error TS2769: No overload matches this call.
  Overload 1 of 3, '(obj: "Fetching related argList", msg?: undefined): void', gave the following error.
    Argument of type '{ component: string; operation: string; argumentId: string; relationshipType: string | undefined; }' is not assignable to parameter of type 'undefined'.
  Overload 2 of 3, '(obj: "Fetching related argList", msg?: undefined, ...args: unknown[]): void', gave the following error.
    Argument of type '{ component: string; operation: string; argumentId: string; relationshipType: string | undefined; }' is not assignable to parameter of type 'undefined'.
features/argument-intelligence/application/argument-intelligence-service.ts(584,29): error TS2349: This expression is not callable.
  Type 'DatabaseConnection' has no call signatures.
features/argument-intelligence/application/argument-intelligence-service.ts(584,49): error TS7006: Parameter 'db' implicitly has an 'any' type.
features/argument-intelligence/application/argument-intelligence-service.ts(624,53): error TS2769: No overload matches this call.
  Overload 1 of 3, '(obj: "Calculating argument statistics", msg?: undefined): void', gave the following error.
    Argument of type '{ component: string; operation: string; bill_id: string; }' is not assignable to parameter of type 'undefined'.
  Overload 2 of 3, '(obj: "Calculating argument statistics", msg?: undefined, ...args: unknown[]): void', gave the following error.
    Argument of type '{ component: string; operation: string; bill_id: string; }' is not assignable to parameter of type 'undefined'.
features/argument-intelligence/application/argument-intelligence-service.ts(627,56): error TS2349: This expression is not callable.
  Type 'DatabaseConnection' has no call signatures.
features/argument-intelligence/application/argument-intelligence-service.ts(627,76): error TS7006: Parameter 'db' implicitly has an 'any' type.
features/argument-intelligence/application/argument-intelligence-service.ts(738,44): error TS2339: Property 'startOperation' does not exist on type 'PerformanceMonitor'.
features/argument-intelligence/application/argument-intelligence-service.ts(751,69): error TS2769: No overload matches this call.
  Overload 1 of 3, '(obj: "Processing comment through argument intelligence", msg?: undefined): void', gave the following error.
    Argument of type '{ component: string; operation: string; billId: string; userId: string; }' is not assignable to parameter of type 'undefined'.
  Overload 2 of 3, '(obj: "Processing comment through argument intelligence", msg?: undefined, ...args: unknown[]): void', gave the following error.
    Argument of type '{ component: string; operation: string; billId: string; userId: string; }' is not assignable to parameter of type 'undefined'.
features/argument-intelligence/application/argument-intelligence-service.ts(796,26): error TS2339: Property 'endOperation' does not exist on type 'PerformanceMonitor'.
features/argument-intelligence/application/argument-intelligence-service.ts(816,26): error TS2339: Property 'endOperation' does not exist on type 'PerformanceMonitor'.
features/argument-intelligence/application/argument-intelligence-service.ts(991,13): error TS2349: This expression is not callable.
  Type 'DatabaseConnection' has no call signatures.
features/argument-intelligence/application/argument-intelligence-service.ts(991,33): error TS6133: 'db' is declared but its value is never read.
features/argument-intelligence/application/argument-intelligence-service.ts(991,33): error TS7006: Parameter 'db' implicitly has an 'any' type.
features/argument-intelligence/application/argument-processor.ts(215,78): error TS2345: Argument of type '{ id: any; text: any; normalizedText: any; confidence: number; user_id: any; userDemographics: undefined; }[]' is not assignable to parameter of type 'ClusteredArgument[]'.
  Type '{ id: any; text: any; normalizedText: any; confidence: number; user_id: any; userDemographics: undefined; }' is missing the following properties from type 'ClusteredArgument': similarityScore, isRepresentative
features/argument-intelligence/application/argument-processor.ts(251,9): error TS2322: Type 'EvidenceValidationResult[]' is not assignable to type 'EvidenceAssessment[]'.
  Type 'EvidenceValidationResult' is missing the following properties from type 'EvidenceAssessment': evidenceType, source, verificationStatus, citationCount
features/argument-intelligence/application/argument-processor.ts(260,9): error TS2322: Type 'EvidenceValidationResult[]' is not assignable to type 'EvidenceAssessment[]'.
  Type 'EvidenceValidationResult' is missing the following properties from type 'EvidenceAssessment': evidenceType, source, verificationStatus, citationCount
features/argument-intelligence/application/argument-processor.ts(406,35): error TS2339: Property 'arguments' does not exist on type 'ArgumentCluster'.
features/argument-intelligence/application/argument-processor.ts(406,52): error TS7006: Parameter 'a' implicitly has an 'any' type.
features/argument-intelligence/application/argument-processor.ts(407,33): error TS2339: Property 'arguments' does not exist on type 'ArgumentCluster'.
features/argument-intelligence/application/argument-processor.ts(407,50): error TS7006: Parameter 'a' implicitly has an 'any' type.
features/argument-intelligence/application/argument-processor.ts(410,37): error TS2339: Property 'arguments' does not exist on type 'ArgumentCluster'.
features/argument-intelligence/application/argument-processor.ts(410,63): error TS7006: Parameter 'a' implicitly has an 'any' type.
features/argument-intelligence/application/argument-processor.ts(427,7): error TS18046: 'arg' is of type 'unknown'.
features/argument-intelligence/application/argument-processor.ts(440,63): error TS18046: 'a' is of type 'unknown'.
features/argument-intelligence/application/argument-processor.ts(445,39): error TS18046: 'arg' is of type 'unknown'.
features/argument-intelligence/application/argument-processor.ts(457,33): error TS18046: 'arg' is of type 'unknown'.
features/argument-intelligence/application/argument-processor.ts(457,58): error TS18046: 'arg' is of type 'unknown'.
features/argument-intelligence/application/argument-processor.ts(458,30): error TS18046: 'arg' is of type 'unknown'.
features/argument-intelligence/application/argument-processor.ts(458,52): error TS18046: 'arg' is of type 'unknown'.
features/argument-intelligence/application/argument-processor.ts(464,33): error TS18046: 'arg' is of type 'unknown'.
features/argument-intelligence/application/argument-processor.ts(464,60): error TS18046: 'arg' is of type 'unknown'.
features/argument-intelligence/application/argument-processor.ts(465,30): error TS18046: 'arg' is of type 'unknown'.
features/argument-intelligence/application/argument-processor.ts(465,52): error TS18046: 'arg' is of type 'unknown'.
features/argument-intelligence/application/brief-generator.ts(159,9): error TS2322: Type 'Promise<string>' is not assignable to type 'string'.
features/argument-intelligence/application/brief-generator.ts(172,39): error TS2339: Property 'length' does not exist on type 'Promise<string>'.
features/argument-intelligence/application/brief-generator.ts(192,9): error TS2393: Duplicate function implementation.
features/argument-intelligence/application/brief-generator.ts(287,11): error TS2393: Duplicate function implementation.
features/argument-intelligence/application/brief-generator.ts(287,11): error TS6133: 'generateExecutiveSummary' is declared but its value is never read.
features/argument-intelligence/application/clustering-service.ts(80,44): error TS2304: Cannot find name 'SimilarityCalculator'.
features/argument-intelligence/application/clustering-service.ts(184,27): error TS2345: Argument of type 'string | undefined' is not assignable to parameter of type 'string'.
  Type 'undefined' is not assignable to type 'string'.
features/argument-intelligence/application/clustering-service.ts(247,54): error TS2339: Property 'arguments' does not exist on type 'ArgumentCluster'.
features/argument-intelligence/application/clustering-service.ts(247,75): error TS2339: Property 'arguments' does not exist on type 'ArgumentCluster'.
features/argument-intelligence/application/clustering-service.ts(255,19): error TS2339: Property 'arguments' does not exist on type 'ArgumentCluster'.
features/argument-intelligence/application/clustering-service.ts(309,11): error TS2532: Object is possibly 'undefined'.
features/argument-intelligence/application/clustering-service.ts(315,15): error TS2532: Object is possibly 'undefined'.
features/argument-intelligence/application/clustering-service.ts(316,15): error TS2532: Object is possibly 'undefined'.
features/argument-intelligence/application/clustering-service.ts(320,15): error TS2532: Object is possibly 'undefined'.
features/argument-intelligence/application/clustering-service.ts(321,15): error TS2532: Object is possibly 'undefined'.
features/argument-intelligence/application/clustering-service.ts(328,15): error TS2345: Argument of type 'ClusteredArgument | undefined' is not assignable to parameter of type 'ClusteredArgument'.
  Type 'undefined' is not assignable to type 'ClusteredArgument'.
features/argument-intelligence/application/clustering-service.ts(337,15): error TS2532: Object is possibly 'undefined'.
features/argument-intelligence/application/clustering-service.ts(338,15): error TS2532: Object is possibly 'undefined'.
features/argument-intelligence/application/clustering-service.ts(343,11): error TS2532: Object is possibly 'undefined'.
features/argument-intelligence/application/clustering-service.ts(344,11): error TS2532: Object is possibly 'undefined'.
features/argument-intelligence/application/clustering-service.ts(438,13): error TS2345: Argument of type 'Set<number> | undefined' is not assignable to parameter of type 'Set<number>'.
  Type 'undefined' is not assignable to type 'Set<number>'.
features/argument-intelligence/application/clustering-service.ts(455,41): error TS2488: Type 'Set<number> | undefined' must have a '[Symbol.iterator]()' method that returns an iterator.
features/argument-intelligence/application/clustering-service.ts(467,52): error TS2345: Argument of type '(ClusteredArgument | undefined)[]' is not assignable to parameter of type 'ClusteredArgument[]'.
  Type 'ClusteredArgument | undefined' is not assignable to type 'ClusteredArgument'.
    Type 'undefined' is not assignable to type 'ClusteredArgument'.
features/argument-intelligence/application/clustering-service.ts(485,28): error TS2532: Object is possibly 'undefined'.
features/argument-intelligence/application/clustering-service.ts(485,28): error TS2532: Object is possibly 'undefined'.
features/argument-intelligence/application/clustering-service.ts(547,5): error TS2322: Type 'ClusteredArgument | undefined' is not assignable to type 'ClusteredArgument'.
  Type 'undefined' is not assignable to type 'ClusteredArgument'.
features/argument-intelligence/application/clustering-service.ts(659,5): error TS6133: 'config' is declared but its value is never read.
features/argument-intelligence/application/clustering-service.ts(664,15): error TS2339: Property 'arguments' does not exist on type 'ArgumentCluster'.
features/argument-intelligence/application/clustering-service.ts(664,33): error TS7006: Parameter 'arg' implicitly has an 'any' type.
features/argument-intelligence/application/clustering-service.ts(680,5): error TS6133: 'outliers' is declared but its value is never read.
features/argument-intelligence/application/clustering-service.ts(686,55): error TS2339: Property 'arguments' does not exist on type 'ArgumentCluster'.
features/argument-intelligence/application/clustering-service.ts(708,19): error TS2339: Property 'arguments' does not exist on type 'ArgumentCluster'.
features/argument-intelligence/application/clustering-service.ts(721,27): error TS2339: Property 'arguments' does not exist on type 'ArgumentCluster'.
features/argument-intelligence/application/clustering-service.ts(721,48): error TS2339: Property 'arguments' does not exist on type 'ArgumentCluster'.
features/argument-intelligence/application/clustering-service.ts(724,61): error TS2339: Property 'arguments' does not exist on type 'ArgumentCluster'.
features/argument-intelligence/application/clustering-service.ts(725,60): error TS2339: Property 'arguments' does not exist on type 'ArgumentCluster'.
features/argument-intelligence/application/clustering-service.ts(726,33): error TS2339: Property 'arguments' does not exist on type 'ArgumentCluster'.
features/argument-intelligence/application/clustering-service.ts(726,59): error TS2339: Property 'arguments' does not exist on type 'ArgumentCluster'.
features/argument-intelligence/application/coalition-finder.ts(69,44): error TS2304: Cannot find name 'SimilarityCalculator'.
features/argument-intelligence/application/coalition-finder.ts(246,7): error TS18046: 'arg' is of type 'unknown'.
features/argument-intelligence/application/coalition-finder.ts(299,53): error TS18046: 'arg' is of type 'unknown'.
features/argument-intelligence/application/coalition-finder.ts(337,42): error TS18046: 'arg' is of type 'unknown'.
features/argument-intelligence/application/coalition-finder.ts(351,22): error TS18046: 'arg' is of type 'unknown'.
features/argument-intelligence/application/coalition-finder.ts(351,46): error TS18046: 'arg' is of type 'unknown'.
features/argument-intelligence/application/coalition-finder.ts(352,23): error TS18046: 'b' is of type 'unknown'.
features/argument-intelligence/application/coalition-finder.ts(352,38): error TS18046: 'a' is of type 'unknown'.
features/argument-intelligence/application/coalition-finder.ts(354,19): error TS18046: 'arg' is of type 'unknown'.
features/argument-intelligence/application/coalition-finder.ts(363,11): error TS18046: 'arg' is of type 'unknown'.
features/argument-intelligence/application/coalition-finder.ts(364,22): error TS18046: 'arg' is of type 'unknown'.
features/argument-intelligence/application/coalition-finder.ts(391,52): error TS18046: 'arg' is of type 'unknown'.
features/argument-intelligence/application/coalition-finder.ts(398,55): error TS6133: 'group' is declared but its value is never read.
features/argument-intelligence/application/coalition-finder.ts(403,19): error TS18046: 'arg' is of type 'unknown'.
features/argument-intelligence/application/coalition-finder.ts(411,49): error TS18046: 'arg' is of type 'unknown'.
features/argument-intelligence/application/coalition-finder.ts(415,27): error TS2571: Object is of type 'unknown'.
features/argument-intelligence/application/coalition-finder.ts(415,63): error TS18046: 'arg' is of type 'unknown'.
features/argument-intelligence/application/coalition-finder.ts(429,48): error TS18048: 'profile1' is possibly 'undefined'.
features/argument-intelligence/application/coalition-finder.ts(429,74): error TS18048: 'profile2' is possibly 'undefined'.
features/argument-intelligence/application/coalition-finder.ts(431,26): error TS18048: 'profile1' is possibly 'undefined'.
features/argument-intelligence/application/coalition-finder.ts(431,44): error TS18048: 'profile2' is possibly 'undefined'.
features/argument-intelligence/application/coalition-finder.ts(606,13): error TS18048: 'profile1' is possibly 'undefined'.
features/argument-intelligence/application/coalition-finder.ts(606,35): error TS18048: 'profile2' is possibly 'undefined'.
features/argument-intelligence/application/coalition-finder.ts(608,13): error TS18048: 'profile1' is possibly 'undefined'.
features/argument-intelligence/application/coalition-finder.ts(609,13): error TS18048: 'profile2' is possibly 'undefined'.
features/argument-intelligence/application/coalition-finder.ts(614,30): error TS2322: Type 'StakeholderProfile | undefined' is not assignable to type 'StakeholderProfile'.
  Type 'undefined' is not assignable to type 'StakeholderProfile'.
features/argument-intelligence/application/coalition-finder.ts(614,40): error TS2322: Type 'StakeholderProfile | undefined' is not assignable to type 'StakeholderProfile'.
  Type 'undefined' is not assignable to type 'StakeholderProfile'.
features/argument-intelligence/application/coalition-finder.ts(628,26): error TS2532: Object is possibly 'undefined'.
features/argument-intelligence/application/coalition-finder.ts(632,9): error TS2532: Object is possibly 'undefined'.
features/argument-intelligence/application/coalition-finder.ts(718,17): error TS2532: Object is possibly 'undefined'.
features/argument-intelligence/application/coalition-finder.ts(718,44): error TS2532: Object is possibly 'undefined'.
features/argument-intelligence/application/coalition-finder.ts(764,5): error TS6133: 'stakeholders' is declared but its value is never read.
features/argument-intelligence/application/coalition-finder.ts(902,43): error TS2345: Argument of type 'string | undefined' is not assignable to parameter of type 'string'.
  Type 'undefined' is not assignable to type 'string'.
features/argument-intelligence/application/coalition-finder.ts(902,88): error TS2345: Argument of type 'string | undefined' is not assignable to parameter of type 'string'.
  Type 'undefined' is not assignable to type 'string'.
features/argument-intelligence/application/comment-integration.ts(75,35): error TS2339: Property 'id' does not exist on type '{ argumentId: string; claimsExtracted: number; evidenceFound: number; position: string; confidence: number; }'.
features/argument-intelligence/application/comment-integration.ts(76,39): error TS2339: Property 'claims' does not exist on type '{ argumentId: string; claimsExtracted: number; evidenceFound: number; position: string; confidence: number; }'.
features/argument-intelligence/application/comment-integration.ts(77,41): error TS2339: Property 'evidence' does not exist on type '{ argumentId: string; claimsExtracted: number; evidenceFound: number; position: string; confidence: number; }'.
features/argument-intelligence/application/comment-integration.ts(79,41): error TS2339: Property 'strength' does not exist on type '{ argumentId: string; claimsExtracted: number; evidenceFound: number; position: string; confidence: number; }'.
features/argument-intelligence/application/comment-integration.ts(179,28): error TS6133: 'commentId' is declared but its value is never read.
features/argument-intelligence/application/comment-integration.ts(188,32): error TS6133: 'billId' is declared but its value is never read.
features/argument-intelligence/application/evidence-validator.ts(301,7): error TS2322: Type '"unknown"' is not assignable to type '"broken" | "accessible" | "paywall" | "restricted"'.
features/argument-intelligence/application/evidence-validator.ts(531,57): error TS2532: Object is possibly 'undefined'.
features/argument-intelligence/application/evidence-validator.ts(599,23): error TS2532: Object is possibly 'undefined'.
features/argument-intelligence/application/evidence-validator.ts(660,11): error TS18046: 'arg' is of type 'unknown'.
features/argument-intelligence/application/evidence-validator.ts(660,38): error TS18046: 'arg' is of type 'unknown'.
features/argument-intelligence/application/evidence-validator.ts(663,17): error TS18046: 'arg' is of type 'unknown'.
features/argument-intelligence/application/evidence-validator.ts(664,42): error TS18046: 'arg' is of type 'unknown'.
features/argument-intelligence/application/evidence-validator.ts(665,50): error TS18046: 'arg' is of type 'unknown'.
features/argument-intelligence/application/evidence-validator.ts(666,26): error TS18046: 'arg' is of type 'unknown'.
features/argument-intelligence/application/evidence-validator.ts(667,23): error TS18046: 'arg' is of type 'unknown'.
features/argument-intelligence/application/evidence-validator.ts(668,20): error TS18046: 'arg' is of type 'unknown'.
features/argument-intelligence/application/nlp-pipeline-config.ts(108,38): error TS2552: Cannot find name 'SimilarityCalculator'. Did you mean 'similarityCalculator'?
features/argument-intelligence/application/power-balancer.ts(1,1): error TS6133: 'User' is declared but its value is never read.
features/argument-intelligence/application/power-balancer.ts(8,1): error TS6133: 'users' is declared but its value is never read.
features/argument-intelligence/application/power-balancer.ts(108,20): error TS6133: 'coordinationDetectionThreshold' is declared but its value is never read.
features/argument-intelligence/application/power-balancer.ts(347,32): error TS6133: 'windowKey' is declared but its value is never read.
features/argument-intelligence/application/power-balancer.ts(444,24): error TS2532: Object is possibly 'undefined'.
features/argument-intelligence/application/power-balancer.ts(444,63): error TS2532: Object is possibly 'undefined'.
features/argument-intelligence/application/power-balancer.ts(509,57): error TS2532: Object is possibly 'undefined'.
features/argument-intelligence/application/power-balancer.ts(509,71): error TS2532: Object is possibly 'undefined'.
features/argument-intelligence/application/power-balancer.ts(714,5): error TS6133: 'demographicRep' is declared but its value is never read.
features/argument-intelligence/application/structure-extractor.ts(7,1): error TS6133: 'users' is declared but its value is never read.
features/argument-intelligence/application/structure-extractor.ts(51,42): error TS2304: Cannot find name 'SentenceClassifier'.
features/argument-intelligence/application/structure-extractor.ts(52,39): error TS2304: Cannot find name 'EntityExtractor'.
features/argument-intelligence/application/structure-extractor.ts(53,22): error TS6138: Property 'similarityCalculator' is declared but its value is never read.
features/argument-intelligence/application/structure-extractor.ts(53,44): error TS2304: Cannot find name 'SimilarityCalculator'.
features/argument-intelligence/application/structure-extractor.ts(102,49): error TS2345: Argument of type 'unknown' is not assignable to parameter of type 'undefined'.
features/argument-intelligence/application/structure-extractor.ts(113,11): error TS2393: Duplicate function implementation.
features/argument-intelligence/application/structure-extractor.ts(158,17): error TS2393: Duplicate function implementation.
features/argument-intelligence/application/structure-extractor.ts(182,17): error TS2393: Duplicate function implementation.
features/argument-intelligence/application/structure-extractor.ts(190,11): error TS18046: 'sentence' is of type 'unknown'.
features/argument-intelligence/application/structure-extractor.ts(190,40): error TS18046: 'sentence' is of type 'unknown'.
features/argument-intelligence/application/structure-extractor.ts(195,53): error TS18046: 'sentence' is of type 'unknown'.
features/argument-intelligence/application/structure-extractor.ts(198,47): error TS18046: 'sentence' is of type 'unknown'.
features/argument-intelligence/application/structure-extractor.ts(199,57): error TS18046: 'sentence' is of type 'unknown'.
features/argument-intelligence/application/structure-extractor.ts(202,58): error TS18046: 'sentence' is of type 'unknown'.
features/argument-intelligence/application/structure-extractor.ts(202,73): error TS18046: 'sentence' is of type 'unknown'.
features/argument-intelligence/application/structure-extractor.ts(205,57): error TS18046: 'sentence' is of type 'unknown'.
features/argument-intelligence/application/structure-extractor.ts(209,15): error TS18046: 'sentence' is of type 'unknown'.
features/argument-intelligence/application/structure-extractor.ts(211,15): error TS18046: 'sentence' is of type 'unknown'.
features/argument-intelligence/application/structure-extractor.ts(213,21): error TS18046: 'sentence' is of type 'unknown'.
features/argument-intelligence/application/structure-extractor.ts(218,18): error TS18046: 'sentence' is of type 'unknown'.
features/argument-intelligence/application/structure-extractor.ts(219,16): error TS18046: 'sentence' is of type 'unknown'.
features/argument-intelligence/application/structure-extractor.ts(232,11): error TS2393: Duplicate function implementation.
features/argument-intelligence/application/structure-extractor.ts(288,17): error TS2393: Duplicate function implementation.
features/argument-intelligence/application/structure-extractor.ts(315,49): error TS6133: 'bill_id' is declared but its value is never read.
features/argument-intelligence/application/structure-extractor.ts(335,11): error TS2393: Duplicate function implementation.
features/argument-intelligence/application/structure-extractor.ts(339,9): error TS18046: 'entities' is of type 'unknown'.
features/argument-intelligence/application/structure-extractor.ts(340,20): error TS18046: 'entities' is of type 'unknown'.
features/argument-intelligence/application/structure-extractor.ts(368,9): error TS18046: 'entities' is of type 'unknown'.
features/argument-intelligence/application/structure-extractor.ts(369,22): error TS18046: 'entities' is of type 'unknown'.
features/argument-intelligence/application/structure-extractor.ts(395,11): error TS2393: Duplicate function implementation.
features/argument-intelligence/application/structure-extractor.ts(452,47): error TS6133: 'argument' is declared but its value is never read.
features/argument-intelligence/application/structure-extractor.ts(452,76): error TS6133: 'bill_id' is declared but its value is never read.
features/argument-intelligence/application/structure-extractor.ts(496,11): error TS2393: Duplicate function implementation.
features/argument-intelligence/application/structure-extractor.ts(531,17): error TS2393: Duplicate function implementation.
features/argument-intelligence/application/structure-extractor.ts(539,9): error TS2322: Type 'string | undefined' is not assignable to type 'string'.
  Type 'undefined' is not assignable to type 'string'.
features/argument-intelligence/application/structure-extractor.ts(543,39): error TS2345: Argument of type 'string | undefined' is not assignable to parameter of type 'string'.
  Type 'undefined' is not assignable to type 'string'.
features/argument-intelligence/application/structure-extractor.ts(544,54): error TS2345: Argument of type 'string | undefined' is not assignable to parameter of type 'string'.
  Type 'undefined' is not assignable to type 'string'.
features/argument-intelligence/application/structure-extractor.ts(554,17): error TS2393: Duplicate function implementation.
features/argument-intelligence/application/structure-extractor.ts(557,5): error TS6133: 'context' is declared but its value is never read.
features/argument-intelligence/application/structure-extractor.ts(565,11): error TS18048: 'sentence' is possibly 'undefined'.
features/argument-intelligence/application/structure-extractor.ts(569,15): error TS18048: 'sentence' is possibly 'undefined'.
features/argument-intelligence/application/structure-extractor.ts(570,19): error TS18048: 'sentence' is possibly 'undefined'.
features/argument-intelligence/application/structure-extractor.ts(571,15): error TS18048: 'sentence' is possibly 'undefined'.
features/argument-intelligence/application/structure-extractor.ts(572,44): error TS18048: 'sentence' is possibly 'undefined'.
features/argument-intelligence/application/structure-extractor.ts(573,21): error TS18048: 'sentence' is possibly 'undefined'.
features/argument-intelligence/application/structure-extractor.ts(574,42): error TS18048: 'sentence' is possibly 'undefined'.
features/argument-intelligence/application/structure-extractor.ts(575,53): error TS18048: 'sentence' is possibly 'undefined'.
features/argument-intelligence/application/structure-extractor.ts(576,53): error TS2345: Argument of type 'ClassifiedSentence | undefined' is not assignable to parameter of type 'ClassifiedSentence'.
  Type 'undefined' is not assignable to type 'ClassifiedSentence'.
features/argument-intelligence/application/structure-extractor.ts(600,11): error TS2393: Duplicate function implementation.
features/argument-intelligence/application/structure-extractor.ts(657,17): error TS2393: Duplicate function implementation.
features/argument-intelligence/application/structure-extractor.ts(762,11): error TS2393: Duplicate function implementation.
features/argument-intelligence/application/structure-extractor.ts(815,11): error TS2393: Duplicate function implementation.
features/argument-intelligence/application/structure-extractor.ts(847,20): error TS18048: 'sentence' is possibly 'undefined'.
features/argument-intelligence/index.ts(37,3): error TS2300: Duplicate identifier 'BillArgumentSynthesis'.
features/argument-intelligence/index.ts(38,3): error TS2300: Duplicate identifier 'SynthesizedClaim'.
features/argument-intelligence/index.ts(39,3): error TS2300: Duplicate identifier 'EvidenceAssessment'.
features/argument-intelligence/index.ts(40,3): error TS2300: Duplicate identifier 'StakeholderPosition'.
features/argument-intelligence/index.ts(86,3): error TS2300: Duplicate identifier 'BillArgumentSynthesis'.
features/argument-intelligence/index.ts(87,3): error TS2300: Duplicate identifier 'SynthesizedClaim'.
features/argument-intelligence/index.ts(88,3): error TS2300: Duplicate identifier 'EvidenceAssessment'.
features/argument-intelligence/index.ts(89,3): error TS2300: Duplicate identifier 'StakeholderPosition'.
features/argument-intelligence/infrastructure/cache/nlp-cache.ts(309,17): error TS2345: Argument of type 'string | undefined' is not assignable to parameter of type 'string'.
  Type 'undefined' is not assignable to type 'string'.
features/argument-intelligence/infrastructure/cache/nlp-cache.ts(313,29): error TS2345: Argument of type 'string | undefined' is not assignable to parameter of type 'string'.
  Type 'undefined' is not assignable to type 'string'.
features/argument-intelligence/infrastructure/nlp/entity-extractor.ts(569,60): error TS2532: Object is possibly 'undefined'.
features/argument-intelligence/infrastructure/nlp/quality-metrics.ts(517,39): error TS2532: Object is possibly 'undefined'.
features/argument-intelligence/infrastructure/nlp/sentence-classifier.ts(343,5): error TS2322: Type 'ClassificationResult | undefined' is not assignable to type 'ClassificationResult'.
  Type 'undefined' is not assignable to type 'ClassificationResult'.
features/argument-intelligence/infrastructure/nlp/sentiment-analyzer.ts(263,18): error TS2532: Object is possibly 'undefined'.
features/argument-intelligence/infrastructure/nlp/sentiment-analyzer.ts(327,37): error TS2345: Argument of type 'string | undefined' is not assignable to parameter of type 'string'.
  Type 'undefined' is not assignable to type 'string'.
features/argument-intelligence/infrastructure/nlp/sentiment-analyzer.ts(329,31): error TS2345: Argument of type 'string | undefined' is not assignable to parameter of type 'string'.
  Type 'undefined' is not assignable to type 'string'.
features/argument-intelligence/infrastructure/nlp/sentiment-analyzer.ts(338,34): error TS2345: Argument of type 'string | undefined' is not assignable to parameter of type 'string'.
  Type 'undefined' is not assignable to type 'string'.
features/argument-intelligence/infrastructure/nlp/sentiment-analyzer.ts(340,28): error TS2345: Argument of type 'string | undefined' is not assignable to parameter of type 'string'.
  Type 'undefined' is not assignable to type 'string'.
features/argument-intelligence/infrastructure/nlp/sentiment-analyzer.ts(346,34): error TS2345: Argument of type 'string | undefined' is not assignable to parameter of type 'string'.
  Type 'undefined' is not assignable to type 'string'.
features/argument-intelligence/infrastructure/nlp/sentiment-analyzer.ts(348,28): error TS2345: Argument of type 'string | undefined' is not assignable to parameter of type 'string'.
  Type 'undefined' is not assignable to type 'string'.
features/argument-intelligence/infrastructure/nlp/sentiment-analyzer.ts(349,41): error TS2345: Argument of type 'string | undefined' is not assignable to parameter of type 'string'.
  Type 'undefined' is not assignable to type 'string'.
features/argument-intelligence/infrastructure/nlp/sentiment-analyzer.ts(351,28): error TS2345: Argument of type 'string | undefined' is not assignable to parameter of type 'string'.
  Type 'undefined' is not assignable to type 'string'.
features/argument-intelligence/infrastructure/nlp/sentiment-analyzer.ts(485,57): error TS2532: Object is possibly 'undefined'.
features/argument-intelligence/infrastructure/nlp/similarity-calculator.ts(141,68): error TS2345: Argument of type 'string | undefined' is not assignable to parameter of type 'string'.
  Type 'undefined' is not assignable to type 'string'.
features/argument-intelligence/infrastructure/nlp/similarity-calculator.ts(143,9): error TS2322: Type 'string | undefined' is not assignable to type 'string'.
  Type 'undefined' is not assignable to type 'string'.
features/argument-intelligence/infrastructure/nlp/similarity-calculator.ts(198,68): error TS2532: Object is possibly 'undefined'.
features/argument-intelligence/infrastructure/nlp/similarity-calculator.ts(353,7): error TS2532: Object is possibly 'undefined'.
features/argument-intelligence/infrastructure/nlp/similarity-calculator.ts(357,7): error TS2532: Object is possibly 'undefined'.
features/argument-intelligence/infrastructure/nlp/similarity-calculator.ts(363,9): error TS2532: Object is possibly 'undefined'.
features/argument-intelligence/infrastructure/nlp/similarity-calculator.ts(364,11): error TS2532: Object is possibly 'undefined'.
features/argument-intelligence/infrastructure/nlp/similarity-calculator.ts(365,11): error TS2532: Object is possibly 'undefined'.
features/argument-intelligence/infrastructure/nlp/similarity-calculator.ts(366,11): error TS2532: Object is possibly 'undefined'.
features/argument-intelligence/infrastructure/nlp/similarity-calculator.ts(371,12): error TS2532: Object is possibly 'undefined'.
features/argument-intelligence/infrastructure/nlp/similarity-calculator.ts(398,21): error TS6133: 'key' is declared but its value is never read.
features/argument-intelligence/infrastructure/nlp/similarity-calculator.ts(429,56): error TS2345: Argument of type 'string | undefined' is not assignable to parameter of type 'string'.
  Type 'undefined' is not assignable to type 'string'.
features/argument-intelligence/infrastructure/nlp/similarity-calculator.ts(430,56): error TS2345: Argument of type 'string | undefined' is not assignable to parameter of type 'string'.
  Type 'undefined' is not assignable to type 'string'.
features/argument-intelligence/infrastructure/nlp/similarity-calculator.ts(552,10): error TS2532: Object is possibly 'undefined'.
features/argument-intelligence/infrastructure/nlp/similarity-calculator.ts(552,42): error TS2532: Object is possibly 'undefined'.
features/argument-intelligence/infrastructure/nlp/similarity-calculator.ts(566,7): error TS2322: Type 'number | undefined' is not assignable to type 'number'.
  Type 'undefined' is not assignable to type 'number'.
features/argument-intelligence/infrastructure/nlp/similarity-calculator.ts(568,7): error TS2322: Type 'number | undefined' is not assignable to type 'number'.
  Type 'undefined' is not assignable to type 'number'.
features/argument-intelligence/infrastructure/nlp/similarity-calculator.ts(569,7): error TS2322: Type 'number | undefined' is not assignable to type 'number'.
  Type 'undefined' is not assignable to type 'number'.
features/argument-intelligence/presentation/http/argument-intelligence-router.ts(44,3): error TS2554: Expected 7 arguments, but got 8.
features/argument-intelligence/presentation/http/routes.ts(14,25): error TS7030: Not all code paths return a value.
features/argument-intelligence/presentation/http/routes.ts(33,22): error TS2339: Property 'id' does not exist on type '{ argumentId: string; claimsExtracted: number; evidenceFound: number; position: string; confidence: number; }'.
features/argument-intelligence/presentation/http/routes.ts(34,26): error TS2339: Property 'claims' does not exist on type '{ argumentId: string; claimsExtracted: number; evidenceFound: number; position: string; confidence: number; }'.
features/argument-intelligence/presentation/http/routes.ts(35,28): error TS2339: Property 'evidence' does not exist on type '{ argumentId: string; claimsExtracted: number; evidenceFound: number; position: string; confidence: number; }'.
features/argument-intelligence/presentation/http/routes.ts(37,28): error TS2339: Property 'strength' does not exist on type '{ argumentId: string; claimsExtracted: number; evidenceFound: number; position: string; confidence: number; }'.
features/argument-intelligence/presentation/http/routes.ts(47,33): error TS7030: Not all code paths return a value.
features/argument-intelligence/presentation/http/routes.ts(75,31): error TS7030: Not all code paths return a value.
features/argument-intelligence/presentation/http/routes.ts(99,44): error TS7030: Not all code paths return a value.
features/argument-intelligence/presentation/http/routes.ts(142,55): error TS2551: Property 'getArgumentsByBill' does not exist on type 'ArgumentIntelligenceService'. Did you mean 'getArgumentsForBill'?
features/argument-intelligence/presentation/http/routes.ts(161,56): error TS2339: Property 'clusterArguments' does not exist on type 'ArgumentIntelligenceService'.
features/argument-intelligence/presentation/http/routes.ts(169,30): error TS7006: Parameter 'c' implicitly has an 'any' type.
features/argument-intelligence/presentation/http/routes.ts(185,27): error TS7030: Not all code paths return a value.
features/argument-intelligence/presentation/http/routes.ts(206,25): error TS7030: Not all code paths return a value.
features/argument-intelligence/presentation/http/routes.ts(227,30): error TS6133: 'req' is declared but its value is never read.
features/argument-intelligence/presentation/http/routes.ts(259,29): error TS6133: 'req' is declared but its value is never read.
features/argument-intelligence/presentation/http/routes.ts(274,36): error TS6133: 'req' is declared but its value is never read.
features/argument-intelligence/presentation/http/routes.ts(289,36): error TS6133: 'req' is declared but its value is never read.
features/argument-intelligence/presentation/http/routes.ts(304,30): error TS6133: 'req' is declared but its value is never read.
features/bills/__tests__/e2e/bills-api.e2e.test.ts(1,1): error TS6133: 'bills' is declared but its value is never read.
features/bills/__tests__/e2e/bills-api.e2e.test.ts(9,43): error TS6133: 'afterAll' is declared but its value is never read.
features/bills/__tests__/e2e/bills-api.e2e.test.ts(10,1): error TS6133: 'request' is declared but its value is never read.
features/bills/__tests__/e2e/bills-api.e2e.test.ts(52,34): error TS6133: 'req' is declared but its value is never read.
features/bills/__tests__/e2e/bills-api.e2e.test.ts(67,35): error TS6133: 'req' is declared but its value is never read.
features/bills/__tests__/e2e/bills-api.e2e.test.ts(143,9): error TS2322: Type 'string | undefined' is not assignable to type 'string'.
  Type 'undefined' is not assignable to type 'string'.
features/bills/__tests__/e2e/bills-api.e2e.test.ts(171,14): error TS18047: 'response.body' is possibly 'null'.
features/bills/__tests__/e2e/bills-api.e2e.test.ts(172,14): error TS18047: 'response.body' is possibly 'null'.
features/bills/__tests__/e2e/bills-api.e2e.test.ts(172,28): error TS2339: Property 'data' does not exist on type '{ success: boolean; error: string; }'.
features/bills/__tests__/e2e/bills-api.e2e.test.ts(173,14): error TS18047: 'response.body' is possibly 'null'.
features/bills/__tests__/e2e/bills-api.e2e.test.ts(173,28): error TS2339: Property 'data' does not exist on type '{ success: boolean; error: string; }'.
features/bills/__tests__/e2e/bills-api.e2e.test.ts(176,20): error TS18047: 'response.body' is possibly 'null'.
features/bills/__tests__/e2e/bills-api.e2e.test.ts(176,34): error TS2339: Property 'data' does not exist on type '{ success: boolean; error: string; }'.
features/bills/__tests__/e2e/bills-api.e2e.test.ts(191,14): error TS18047: 'response.body' is possibly 'null'.
features/bills/__tests__/e2e/bills-api.e2e.test.ts(192,14): error TS18047: 'response.body' is possibly 'null'.
features/bills/__tests__/e2e/bills-api.e2e.test.ts(192,28): error TS2339: Property 'data' does not exist on type '{ success: boolean; error: string; }'.
features/bills/__tests__/e2e/bills-api.e2e.test.ts(193,14): error TS18047: 'response.body' is possibly 'null'.
features/bills/__tests__/e2e/bills-api.e2e.test.ts(193,28): error TS2339: Property 'data' does not exist on type '{ success: boolean; error: string; }'.
features/bills/__tests__/e2e/bills-api.e2e.test.ts(200,14): error TS18047: 'response.body' is possibly 'null'.
features/bills/__tests__/e2e/bills-api.e2e.test.ts(201,14): error TS18047: 'response.body' is possibly 'null'.
features/bills/__tests__/e2e/bills-api.e2e.test.ts(201,28): error TS2339: Property 'data' does not exist on type '{ success: boolean; error: string; }'.
features/bills/__tests__/e2e/bills-api.e2e.test.ts(202,14): error TS18047: 'response.body' is possibly 'null'.
features/bills/__tests__/e2e/bills-api.e2e.test.ts(202,28): error TS2339: Property 'data' does not exist on type '{ success: boolean; error: string; }'.
features/bills/__tests__/e2e/bills-api.e2e.test.ts(209,14): error TS18047: 'response.body' is possibly 'null'.
features/bills/__tests__/e2e/bills-api.e2e.test.ts(210,14): error TS18047: 'response.body' is possibly 'null'.
features/bills/__tests__/e2e/bills-api.e2e.test.ts(210,28): error TS2339: Property 'data' does not exist on type '{ success: boolean; error: string; }'.
features/bills/__tests__/e2e/bills-api.e2e.test.ts(220,14): error TS18047: 'response.body' is possibly 'null'.
features/bills/__tests__/e2e/bills-api.e2e.test.ts(221,14): error TS18047: 'response.body' is possibly 'null'.
features/bills/__tests__/e2e/bills-api.e2e.test.ts(221,28): error TS2339: Property 'data' does not exist on type '{ success: boolean; error: string; }'.
features/bills/__tests__/e2e/bills-api.e2e.test.ts(222,14): error TS18047: 'response.body' is possibly 'null'.
features/bills/__tests__/e2e/bills-api.e2e.test.ts(222,28): error TS2339: Property 'data' does not exist on type '{ success: boolean; error: string; }'.
features/bills/__tests__/e2e/bills-api.e2e.test.ts(229,14): error TS18047: 'response.body' is possibly 'null'.
features/bills/__tests__/e2e/bills-api.e2e.test.ts(230,14): error TS18047: 'response.body' is possibly 'null'.
features/bills/__tests__/e2e/bills-api.e2e.test.ts(239,14): error TS18047: 'response.body' is possibly 'null'.
features/bills/__tests__/e2e/bills-api.e2e.test.ts(240,14): error TS18047: 'response.body' is possibly 'null'.
features/bills/__tests__/e2e/bills-api.e2e.test.ts(240,28): error TS2339: Property 'data' does not exist on type '{ success: boolean; error: string; }'.
features/bills/__tests__/e2e/bills-api.e2e.test.ts(241,14): error TS18047: 'response.body' is possibly 'null'.
features/bills/__tests__/e2e/bills-api.e2e.test.ts(241,28): error TS2339: Property 'data' does not exist on type '{ success: boolean; error: string; }'.
features/bills/__tests__/e2e/bills-api.e2e.test.ts(251,14): error TS18047: 'response.body' is possibly 'null'.
features/bills/__tests__/e2e/bills-api.e2e.test.ts(252,14): error TS18047: 'response.body' is possibly 'null'.
features/bills/__tests__/e2e/bills-api.e2e.test.ts(252,28): error TS2339: Property 'data' does not exist on type '{ success: boolean; error: string; }'.
features/bills/__tests__/e2e/bills-api.e2e.test.ts(253,14): error TS18047: 'response.body' is possibly 'null'.
features/bills/__tests__/e2e/bills-api.e2e.test.ts(253,28): error TS2339: Property 'data' does not exist on type '{ success: boolean; error: string; }'.
features/bills/__tests__/e2e/bills-api.e2e.test.ts(260,14): error TS18047: 'response.body' is possibly 'null'.
features/bills/__tests__/e2e/bills-api.e2e.test.ts(261,14): error TS18047: 'response.body' is possibly 'null'.
features/bills/__tests__/e2e/bills-api.e2e.test.ts(261,28): error TS2339: Property 'data' does not exist on type '{ success: boolean; error: string; }'.
features/bills/__tests__/e2e/bills-api.e2e.test.ts(270,14): error TS18047: 'response.body' is possibly 'null'.
features/bills/__tests__/e2e/bills-api.e2e.test.ts(271,14): error TS18047: 'response.body' is possibly 'null'.
features/bills/__tests__/e2e/bills-api.e2e.test.ts(271,28): error TS2339: Property 'data' does not exist on type '{ success: boolean; error: string; }'.
features/bills/__tests__/e2e/bills-api.e2e.test.ts(272,14): error TS18047: 'response.body' is possibly 'null'.
features/bills/__tests__/e2e/bills-api.e2e.test.ts(272,28): error TS2339: Property 'data' does not exist on type '{ success: boolean; error: string; }'.
features/bills/__tests__/e2e/bills-api.e2e.test.ts(273,14): error TS18047: 'response.body' is possibly 'null'.
features/bills/__tests__/e2e/bills-api.e2e.test.ts(273,28): error TS2339: Property 'data' does not exist on type '{ success: boolean; error: string; }'.
features/bills/__tests__/e2e/bills-api.e2e.test.ts(275,14): error TS18047: 'response.body' is possibly 'null'.
features/bills/__tests__/e2e/bills-api.e2e.test.ts(275,28): error TS2339: Property 'data' does not exist on type '{ success: boolean; error: string; }'.
features/bills/__tests__/e2e/bills-api.e2e.test.ts(276,14): error TS18047: 'response.body' is possibly 'null'.
features/bills/__tests__/e2e/bills-api.e2e.test.ts(276,28): error TS2339: Property 'data' does not exist on type '{ success: boolean; error: string; }'.
features/bills/__tests__/e2e/bills-api.e2e.test.ts(281,14): error TS18047: 'response.body' is possibly 'null'.
features/bills/__tests__/e2e/bills-api.e2e.test.ts(281,28): error TS2339: Property 'data' does not exist on type '{ success: boolean; error: string; }'.
features/bills/__tests__/e2e/bills-api.e2e.test.ts(294,14): error TS18047: 'response.body' is possibly 'null'.
features/bills/__tests__/e2e/bills-api.e2e.test.ts(295,14): error TS18047: 'response.body' is possibly 'null'.
features/bills/__tests__/e2e/bills-api.e2e.test.ts(295,28): error TS2339: Property 'data' does not exist on type '{ success: boolean; error: string; }'.
features/bills/__tests__/e2e/bills-api.e2e.test.ts(296,14): error TS18047: 'response.body' is possibly 'null'.
features/bills/__tests__/e2e/bills-api.e2e.test.ts(296,28): error TS2339: Property 'data' does not exist on type '{ success: boolean; error: string; }'.
features/bills/__tests__/e2e/bills-api.e2e.test.ts(297,14): error TS18047: 'response.body' is possibly 'null'.
features/bills/__tests__/e2e/bills-api.e2e.test.ts(297,28): error TS2339: Property 'data' does not exist on type '{ success: boolean; error: string; }'.
features/bills/__tests__/e2e/bills-api.e2e.test.ts(298,14): error TS18047: 'response.body' is possibly 'null'.
features/bills/__tests__/e2e/bills-api.e2e.test.ts(298,28): error TS2339: Property 'data' does not exist on type '{ success: boolean; error: string; }'.
features/bills/__tests__/e2e/bills-api.e2e.test.ts(299,14): error TS18047: 'response.body' is possibly 'null'.
features/bills/__tests__/e2e/bills-api.e2e.test.ts(299,28): error TS2339: Property 'data' does not exist on type '{ success: boolean; error: string; }'.
features/bills/__tests__/e2e/bills-api.e2e.test.ts(301,14): error TS18047: 'response.body' is possibly 'null'.
features/bills/__tests__/e2e/bills-api.e2e.test.ts(301,28): error TS2339: Property 'data' does not exist on type '{ success: boolean; error: string; }'.
features/bills/__tests__/e2e/bills-api.e2e.test.ts(302,62): error TS18047: 'response.body' is possibly 'null'.
features/bills/__tests__/e2e/bills-api.e2e.test.ts(302,76): error TS2339: Property 'data' does not exist on type '{ success: boolean; error: string; }'.
features/bills/__tests__/e2e/bills-api.e2e.test.ts(303,14): error TS18047: 'response.body' is possibly 'null'.
features/bills/__tests__/e2e/bills-api.e2e.test.ts(303,28): error TS2339: Property 'data' does not exist on type '{ success: boolean; error: string; }'.
features/bills/__tests__/e2e/bills-api.e2e.test.ts(316,14): error TS18047: 'response.body' is possibly 'null'.
features/bills/__tests__/e2e/bills-api.e2e.test.ts(317,14): error TS18047: 'response.body' is possibly 'null'.
features/bills/__tests__/e2e/bills-api.e2e.test.ts(324,14): error TS18047: 'response.body' is possibly 'null'.
features/bills/__tests__/e2e/bills-api.e2e.test.ts(325,14): error TS18047: 'response.body' is possibly 'null'.
features/bills/__tests__/e2e/bills-api.e2e.test.ts(376,24): error TS18047: 'allBillsResponse.body' is possibly 'null'.
features/bills/__tests__/e2e/bills-api.e2e.test.ts(376,46): error TS2339: Property 'data' does not exist on type '{ success: boolean; error: string; }'.
features/bills/__tests__/e2e/bills-api.e2e.test.ts(380,21): error TS18047: 'statsResponse.body' is possibly 'null'.
features/bills/__tests__/e2e/bills-api.e2e.test.ts(380,40): error TS2339: Property 'data' does not exist on type '{ success: boolean; error: string; }'.
features/bills/__tests__/e2e/bills-api.e2e.test.ts(389,16): error TS18047: 'billResponse.body' is possibly 'null'.
features/bills/__tests__/e2e/bills-api.e2e.test.ts(389,34): error TS2339: Property 'data' does not exist on type '{ success: boolean; error: string; }'.
features/bills/__tests__/e2e/bills-api.e2e.test.ts(396,32): error TS18047: 'allSearchResponse.body' is possibly 'null'.
features/bills/__tests__/e2e/bills-api.e2e.test.ts(396,55): error TS2339: Property 'data' does not exist on type '{ success: boolean; error: string; }'.
features/bills/__tests__/e2e/bills-api.e2e.test.ts(400,24): error TS18047: 'allBillsResponse.body' is possibly 'null'.
features/bills/__tests__/e2e/bills-api.e2e.test.ts(400,46): error TS2339: Property 'data' does not exist on type '{ success: boolean; error: string; }'.
features/bills/__tests__/integration/bills-data-source-integration.test.ts(1,1): error TS6133: 'bills' is declared but its value is never read.
features/bills/__tests__/integration/bills-data-source-integration.test.ts(11,1): error TS6133: 'MockBillDataSource' is declared but its value is never read.
features/bills/__tests__/integration/bills-data-source-integration.test.ts(13,1): error TS6133: 'BillFilters' is declared but its value is never read.
features/bills/__tests__/integration/bills-data-source-integration.test.ts(40,51): error TS18048: 'firstBill' is possibly 'undefined'.
features/bills/__tests__/manual-test.ts(15,10): error TS2440: Import declaration conflicts with local declaration of 'db'.
features/bills/__tests__/manual-test.ts(16,1): error TS6133: 'sponsors' is declared but its value is never read.
features/bills/__tests__/quick-test.ts(1,1): error TS6133: 'sponsors' is declared but its value is never read.
features/bills/__tests__/quick-test.ts(121,28): error TS6133: 'index' is declared but its value is never read.
features/bills/__tests__/test-runner.ts(8,1): error TS6192: All imports in import declaration are unused.
features/bills/__tests__/test-runner.ts(17,8): error TS6307: File 'C:/Users/Access Granted/Downloads/projects/SimpleTool/server/features/bills/__tests__/integration/bills-data-source-integration.test.ts' is not listed within the file list of project 'C:/Users/Access Granted/Downloads/projects/SimpleTool/server/tsconfig.json'. Projects must list all files or use an 'include' pattern.
features/bills/__tests__/test-runner.ts(18,8): error TS6307: File 'C:/Users/Access Granted/Downloads/projects/SimpleTool/server/features/bills/__tests__/e2e/bills-api.e2e.test.ts' is not listed within the file list of project 'C:/Users/Access Granted/Downloads/projects/SimpleTool/server/tsconfig.json'. Projects must list all files or use an 'include' pattern.
features/bills/__tests__/test-setup.ts(7,1): error TS6192: All imports in import declaration are unused.
features/bills/__tests__/verify-implementation.ts(1,1): error TS6133: 'bills' is declared but its value is never read.
features/bills/__tests__/vitest.config.ts(76,5): error TS2769: No overload matches this call.
  The last overload gave the following error.
    Object literal may only specify known properties, but 'reporter' does not exist in type 'InlineConfig'. Did you mean to write 'reporters'?
features/bills/application/bill-health.service.ts(12,1): error TS6133: 'bills' is declared but its value is never read.
features/bills/application/bill-health.service.ts(138,28): error TS2339: Property 'delete' does not exist on type 'CacheService'.
features/bills/application/bill-integration-orchestrator.ts(25,1): error TS6133: 'bills' is declared but its value is never read.
features/bills/application/bill-integration-orchestrator.ts(26,1): error TS6133: 'users' is declared but its value is never read.
features/bills/application/bill-lifecycle-hooks.ts(17,1): error TS6133: 'bills' is declared but its value is never read.
features/bills/application/bill-lifecycle-hooks.ts(18,1): error TS6133: 'users' is declared but its value is never read.
features/bills/application/bill-service-adapter.ts(20,1): error TS6133: 'bills' is declared but its value is never read.
features/bills/application/bill-service.ts(13,10): error TS2440: Import declaration conflicts with local declaration of 'db'.
features/bills/application/bill-status-tracker.service.ts(1,1): error TS6133: 'User' is declared but its value is never read.
features/bills/application/bill-status-tracker.service.ts(4,10): error TS2724: '"@server/infrastructure/websocket"' has no exported member named 'webSocketService'. Did you mean 'WebSocketService'?
features/bills/application/bill-status-tracker.service.ts(9,1): error TS6133: 'db' is declared but its value is never read.
features/bills/application/bill-status-tracker.service.ts(10,1): error TS6133: 'bills' is declared but its value is never read.
features/bills/application/bill-status-tracker.service.ts(11,1): error TS6133: 'users' is declared but its value is never read.
features/bills/application/bill-status-tracker.service.ts(89,53): error TS2769: No overload matches this call.
  Overload 1 of 3, '(obj: "📊 Processing bill status change", msg?: undefined): void', gave the following error.
    Argument of type '{ component: string; bill_id: string; oldStatus: string; newStatus: string; }' is not assignable to parameter of type 'undefined'.
  Overload 2 of 3, '(obj: "📊 Processing bill status change", msg?: undefined, ...args: unknown[]): void', gave the following error.
    Argument of type '{ component: string; bill_id: string; oldStatus: string; newStatus: string; }' is not assignable to parameter of type 'undefined'.
features/bills/application/bill-status-tracker.service.ts(95,91): error TS2769: No overload matches this call.
  Overload 1 of 3, '(obj: string, msg?: undefined): void', gave the following error.
    Argument of type '{ component: string; bill_id: string; oldStatus: string; newStatus: string; }' is not assignable to parameter of type 'undefined'.
  Overload 2 of 3, '(obj: string, msg?: undefined, ...args: unknown[]): void', gave the following error.
    Argument of type '{ component: string; bill_id: string; oldStatus: string; newStatus: string; }' is not assignable to parameter of type 'undefined'.
features/bills/application/bill-status-tracker.service.ts(121,98): error TS2769: No overload matches this call.
  Overload 1 of 3, '(obj: string, msg?: undefined): void', gave the following error.
    Argument of type '{ component: string; bill_id: string; oldStatus: string; newStatus: string; }' is not assignable to parameter of type 'undefined'.
  Overload 2 of 3, '(obj: string, msg?: undefined, ...args: unknown[]): void', gave the following error.
    Argument of type '{ component: string; bill_id: string; oldStatus: string; newStatus: string; }' is not assignable to parameter of type 'undefined'.
features/bills/application/bill-status-tracker.service.ts(151,84): error TS2769: No overload matches this call.
  Overload 1 of 3, '(obj: "📢 No users actively tracking status changes for this bill.", msg?: undefined): void', gave the following error.
    Argument of type '{ component: string; bill_id: string; oldStatus: string; newStatus: string; }' is not assignable to parameter of type 'undefined'.
  Overload 2 of 3, '(obj: "📢 No users actively tracking status changes for this bill.", msg?: undefined, ...args: unknown[]): void', gave the following error.
    Argument of type '{ component: string; bill_id: string; oldStatus: string; newStatus: string; }' is not assignable to parameter of type 'undefined'.
features/bills/application/bill-status-tracker.service.ts(154,61): error TS2769: No overload matches this call.
  Overload 1 of 3, '(obj: "✅ Successfully processed status change", msg?: undefined): void', gave the following error.
    Argument of type '{ component: string; bill_id: string; oldStatus: string; newStatus: string; }' is not assignable to parameter of type 'undefined'.
  Overload 2 of 3, '(obj: "✅ Successfully processed status change", msg?: undefined, ...args: unknown[]): void', gave the following error.
    Argument of type '{ component: string; bill_id: string; oldStatus: string; newStatus: string; }' is not assignable to parameter of type 'undefined'.
features/bills/application/bill-status-tracker.service.ts(157,58): error TS2345: Argument of type '{ component: string; bill_id: string; oldStatus: string; newStatus: string; }' is not assignable to parameter of type 'undefined'.
features/bills/application/bill-status-tracker.service.ts(173,52): error TS2769: No overload matches this call.
  Overload 1 of 3, '(obj: "📈 Processing engagement update", msg?: undefined): void', gave the following error.
    Argument of type '{ component: string; bill_id: string; type: "view" | "comment" | "share"; user_id: string; }' is not assignable to parameter of type 'undefined'.
  Overload 2 of 3, '(obj: "📈 Processing engagement update", msg?: undefined, ...args: unknown[]): void', gave the following error.
    Argument of type '{ component: string; bill_id: string; type: "view" | "comment" | "share"; user_id: string; }' is not assignable to parameter of type 'undefined'.
features/bills/application/bill-status-tracker.service.ts(179,95): error TS2769: No overload matches this call.
  Overload 1 of 3, '(obj: string, msg?: undefined): void', gave the following error.
    Argument of type '{ component: string; bill_id: string; type: "view" | "comment" | "share"; user_id: string; }' is not assignable to parameter of type 'undefined'.
  Overload 2 of 3, '(obj: string, msg?: undefined, ...args: unknown[]): void', gave the following error.
    Argument of type '{ component: string; bill_id: string; type: "view" | "comment" | "share"; user_id: string; }' is not assignable to parameter of type 'undefined'.
features/bills/application/bill-status-tracker.service.ts(207,114): error TS2769: No overload matches this call.
  Overload 1 of 3, '(obj: string, msg?: undefined): void', gave the following error.
    Argument of type '{ component: string; bill_id: string; type: "view" | "comment" | "share"; user_id: string; }' is not assignable to parameter of type 'undefined'.
  Overload 2 of 3, '(obj: string, msg?: undefined, ...args: unknown[]): void', gave the following error.
    Argument of type '{ component: string; bill_id: string; type: "view" | "comment" | "share"; user_id: string; }' is not assignable to parameter of type 'undefined'.
features/bills/application/bill-status-tracker.service.ts(212,40): error TS2339: Property 'readDatabase' does not exist on type 'BillStatusMonitorService'.
features/bills/application/bill-status-tracker.service.ts(250,103): error TS2769: No overload matches this call.
  Overload 1 of 3, '(obj: "📢 No users actively tracking new comments for this bill (excluding author).", msg?: undefined): void', gave the following error.
    Argument of type '{ component: string; bill_id: string; type: "view" | "comment" | "share"; user_id: string; }' is not assignable to parameter of type 'undefined'.
  Overload 2 of 3, '(obj: "📢 No users actively tracking new comments for this bill (excluding author).", msg?: undefined, ...args: unknown[]): void', gave the following error.
    Argument of type '{ component: string; bill_id: string; type: "view" | "comment" | "share"; user_id: string; }' is not assignable to parameter of type 'undefined'.
features/bills/application/bill-status-tracker.service.ts(254,65): error TS2769: No overload matches this call.
  Overload 1 of 3, '(obj: "✅ Successfully processed engagement update", msg?: undefined): void', gave the following error.
    Argument of type '{ component: string; bill_id: string; type: "view" | "comment" | "share"; user_id: string; }' is not assignable to parameter of type 'undefined'.
  Overload 2 of 3, '(obj: "✅ Successfully processed engagement update", msg?: undefined, ...args: unknown[]): void', gave the following error.
    Argument of type '{ component: string; bill_id: string; type: "view" | "comment" | "share"; user_id: string; }' is not assignable to parameter of type 'undefined'.
features/bills/application/bill-status-tracker.service.ts(257,62): error TS2345: Argument of type '{ component: string; bill_id: string; type: "view" | "comment" | "share"; user_id: string; }' is not assignable to parameter of type 'undefined'.
features/bills/application/bill-status-tracker.service.ts(300,78): error TS2345: Argument of type '{ component: string; user_id: string; }' is not assignable to parameter of type 'undefined'.
features/bills/application/bill-status-tracker.service.ts(345,35): error TS2339: Property 'bill_tracking_preferences' does not exist on type 'typeof import("@server/infrastructure/schema")'.
features/bills/application/bill-status-tracker.service.ts(346,22): error TS2339: Property 'bill_tracking_preferences' does not exist on type 'typeof import("@server/infrastructure/schema")'.
features/bills/application/bill-status-tracker.service.ts(348,21): error TS2339: Property 'bill_tracking_preferences' does not exist on type 'typeof import("@server/infrastructure/schema")'.
features/bills/application/bill-status-tracker.service.ts(359,98): error TS2345: Argument of type '{ component: string; }' is not assignable to parameter of type 'undefined'.
features/bills/application/bill-status-tracker.service.ts(393,71): error TS2345: Argument of type '{ component: string; }' is not assignable to parameter of type 'undefined'.
features/bills/application/bill-status-tracker.service.ts(417,52): error TS2345: Argument of type '{ component: string; bill_id: string; }' is not assignable to parameter of type 'undefined'.
features/bills/application/bill-status-tracker.service.ts(436,73): error TS2345: Argument of type '{ component: string; }' is not assignable to parameter of type 'undefined'.
features/bills/application/bill-tracking.service.ts(10,1): error TS6133: 'db' is declared but its value is never read.
features/bills/application/bill-tracking.service.ts(11,1): error TS6133: 'bills' is declared but its value is never read.
features/bills/application/impact-calculator.service.ts(68,26): error TS6133: 'billId' is declared but its value is never read.
features/bills/application/impact-calculator.service.ts(101,35): error TS6133: 'userId' is declared but its value is never read.
features/bills/application/index.ts(5,10): error TS2305: Module '"./bill-service"' has no exported member 'BillService'.
features/bills/application/index.ts(5,23): error TS2305: Module '"./bill-service"' has no exported member 'billService'.
features/bills/application/sponsorship-analysis.service.ts(4,1): error TS6133: 'sponsors' is declared but its value is never read.
features/bills/application/translation.service.ts(206,14): error TS2532: Object is possibly 'undefined'.
features/bills/application/voting-pattern-analysis.service.ts(7,1): error TS6133: 'sponsors' is declared but its value is never read.
features/bills/application/voting-pattern-analysis.service.ts(59,55): error TS2345: Argument of type '{ sponsor_id: number | undefined; }' is not assignable to parameter of type 'undefined'.
features/bills/application/voting-pattern-analysis.service.ts(106,59): error TS2345: Argument of type '{ target_sponsor_id: number; comparisonSponsorIds: number[] | undefined; }' is not assignable to parameter of type 'undefined'.
features/bills/application/voting-pattern-analysis.service.ts(134,55): error TS2345: Argument of type '{}' is not assignable to parameter of type 'undefined'.
features/bills/BILLS_MIGRATION_ADAPTER.ts(14,10): error TS6133: 'Request' is declared but its value is never read.
features/bills/BILLS_MIGRATION_ADAPTER.ts(14,29): error TS6133: 'Router' is declared but its value is never read.
features/bills/BILLS_MIGRATION_ADAPTER.ts(15,10): error TS2305: Module '"@shared/types/core/errors"' has no exported member 'BaseError'.
features/bills/BILLS_MIGRATION_ADAPTER.ts(17,1): error TS6133: 'createErrorContext' is declared but its value is never read.
features/bills/BILLS_MIGRATION_ADAPTER.ts(17,10): error TS2724: '"@server/infrastructure/error-handling"' has no exported member named 'createErrorContext'. Did you mean 'ErrorContext'?
features/bills/BILLS_MIGRATION_ADAPTER.ts(18,1): error TS6133: 'bills' is declared but its value is never read.
features/bills/BILLS_MIGRATION_ADAPTER.ts(19,1): error TS6133: 'asyncHandler' is declared but its value is never read.
features/bills/BILLS_MIGRATION_ADAPTER.ts(39,19): error TS6133: 'res' is declared but its value is never read.
features/bills/BILLS_MIGRATION_ADAPTER.ts(52,26): error TS6133: 'res' is declared but its value is never read.
features/bills/BILLS_MIGRATION_ADAPTER.ts(53,11): error TS2554: Expected 3 arguments, but got 2.
features/bills/BILLS_MIGRATION_ADAPTER.ts(62,24): error TS6133: 'res' is declared but its value is never read.
features/bills/BILLS_MIGRATION_ADAPTER.ts(75,23): error TS6133: 'res' is declared but its value is never read.
features/bills/BILLS_MIGRATION_ADAPTER.ts(88,20): error TS6133: 'res' is declared but its value is never read.
features/bills/domain/coverage/coverage-analyzer.service.ts(95,11): error TS2322: Type 'string | undefined' is not assignable to type 'string'.
  Type 'undefined' is not assignable to type 'string'.
features/bills/domain/coverage/coverage-analyzer.service.ts(175,55): error TS2769: No overload matches this call.
  Overload 1 of 2, '(o: ArrayLike<any> | { [s: string]: any; }): [string, any][]', gave the following error.
    Argument of type 'unknown' is not assignable to parameter of type 'ArrayLike<any> | { [s: string]: any; }'.
  Overload 2 of 2, '(o: {}): [string, any][]', gave the following error.
    Argument of type 'unknown' is not assignable to parameter of type '{}'.
features/bills/domain/coverage/coverage-analyzer.service.ts(317,9): error TS18046: 'overallCoverage' is of type 'unknown'.
features/bills/domain/coverage/coverage-analyzer.service.ts(321,9): error TS18046: 'overallCoverage' is of type 'unknown'.
features/bills/domain/coverage/coverage-analyzer.ts(6,10): error TS2305: Module '"@shared/core"' has no exported member 'logger'.
features/bills/domain/coverage/coverage-analyzer.ts(158,52): error TS6133: 'type' is declared but its value is never read.
features/bills/domain/coverage/coverage-analyzer.ts(160,21): error TS18046: 'coverageData' is of type 'unknown'.
features/bills/domain/coverage/coverage-analyzer.ts(160,49): error TS18046: 'coverageData' is of type 'unknown'.
features/bills/domain/coverage/coverage-analyzer.ts(203,9): error TS18046: 'coverageData' is of type 'unknown'.
features/bills/domain/coverage/coverage-analyzer.ts(204,19): error TS18046: 'coverageData' is of type 'unknown'.
features/bills/domain/coverage/coverage-analyzer.ts(205,30): error TS18046: 'coverageData' is of type 'unknown'.
features/bills/domain/coverage/coverage-analyzer.ts(216,9): error TS18046: 'coverageData' is of type 'unknown'.
features/bills/domain/coverage/coverage-analyzer.ts(217,19): error TS18046: 'coverageData' is of type 'unknown'.
features/bills/domain/coverage/coverage-analyzer.ts(218,30): error TS18046: 'coverageData' is of type 'unknown'.
features/bills/domain/coverage/coverage-analyzer.ts(233,9): error TS18046: 'coverageData' is of type 'unknown'.
features/bills/domain/coverage/coverage-analyzer.ts(234,19): error TS18046: 'coverageData' is of type 'unknown'.
features/bills/domain/coverage/coverage-analyzer.ts(235,30): error TS18046: 'coverageData' is of type 'unknown'.
features/bills/domain/coverage/coverage-analyzer.ts(325,9): error TS18046: 'overallCoverage' is of type 'unknown'.
features/bills/domain/coverage/coverage-analyzer.ts(326,59): error TS18046: 'overallCoverage' is of type 'unknown'.
features/bills/domain/coverage/coverage-analyzer.ts(329,9): error TS18046: 'overallCoverage' is of type 'unknown'.
features/bills/domain/coverage/coverage-analyzer.ts(330,63): error TS18046: 'overallCoverage' is of type 'unknown'.
features/bills/domain/entities/bill.ts(1,10): error TS2614: Module '"@server/infrastructure/schema"' has no exported member 'BillStatus'. Did you mean to use 'import BillStatus from "@server/infrastructure/schema"' instead?
features/bills/domain/entities/bill.ts(1,22): error TS2614: Module '"@server/infrastructure/schema"' has no exported member 'BillVoteType'. Did you mean to use 'import BillVoteType from "@server/infrastructure/schema"' instead?
features/bills/domain/entities/bill.ts(1,36): error TS2614: Module '"@server/infrastructure/schema"' has no exported member 'EngagementType'. Did you mean to use 'import EngagementType from "@server/infrastructure/schema"' instead?
features/bills/domain/entities/bill.ts(2,1): error TS6133: 'bills' is declared but its value is never read.
features/bills/domain/entities/bill.ts(228,11): error TS6133: 'sponsorId' is declared but its value is never read.
features/bills/domain/entities/bill.ts(229,11): error TS6133: 'introducedDate' is declared but its value is never read.
features/bills/domain/entities/bill.ts(254,5): error TS6133: 'sponsor_id' is declared but its value is never read.
features/bills/domain/entities/bill.ts(255,5): error TS6133: 'introduced_date' is declared but its value is never read.
features/bills/domain/entities/bill.ts(277,10): error TS2551: Property 'sponsor_id' does not exist on type 'Bill'. Did you mean 'sponsorId'?
features/bills/domain/entities/bill.ts(277,23): error TS2663: Cannot find name 'sponsorId'. Did you mean the instance member 'this.sponsorId'?
features/bills/domain/entities/bill.ts(278,10): error TS2551: Property 'introduced_date' does not exist on type 'Bill'. Did you mean 'introducedDate'?
features/bills/domain/entities/bill.ts(278,28): error TS2663: Cannot find name 'introducedDate'. Did you mean the instance member 'this.introducedDate'?
features/bills/domain/entities/bill.ts(299,44): error TS2551: Property 'introduced_date' does not exist on type 'Bill'. Did you mean 'introducedDate'?
features/bills/domain/entities/bill.ts(304,14): error TS2551: Property 'introduced_date' does not exist on type 'Bill'. Did you mean 'introducedDate'?
features/bills/domain/entities/bill.ts(304,83): error TS2551: Property 'introduced_date' does not exist on type 'Bill'. Did you mean 'introducedDate'?
features/bills/domain/entities/bill.ts(351,10): error TS2551: Property 'introduced_date' does not exist on type 'Bill'. Did you mean 'introducedDate'?
features/bills/domain/entities/bill.ts(562,52): error TS2551: Property 'sponsor_id' does not exist on type 'Bill'. Did you mean 'sponsorId'?
features/bills/domain/entities/bill.ts(563,55): error TS2551: Property 'introduced_date' does not exist on type 'Bill'. Did you mean 'introducedDate'?
features/bills/domain/entities/bill.ts(598,24): error TS2551: Property 'sponsor_id' does not exist on type 'Bill'. Did you mean 'sponsorId'?
features/bills/domain/entities/bill.ts(599,29): error TS2551: Property 'introduced_date' does not exist on type 'Bill'. Did you mean 'introducedDate'?
features/bills/domain/errors/bill-errors.ts(1,1): error TS6133: 'User' is declared but its value is never read.
features/bills/domain/errors/bill-errors.ts(2,10): error TS2305: Module '"@shared/core"' has no exported member 'BaseError'.
features/bills/domain/errors/bill-errors.ts(14,14): error TS2339: Property 'name' does not exist on type 'BillServiceError'.
features/bills/domain/events/bill-events.ts(1,10): error TS2614: Module '"@server/infrastructure/schema"' has no exported member 'BillStatus'. Did you mean to use 'import BillStatus from "@server/infrastructure/schema"' instead?
features/bills/domain/events/bill-events.ts(1,22): error TS2614: Module '"@server/infrastructure/schema"' has no exported member 'BillVoteType'. Did you mean to use 'import BillVoteType from "@server/infrastructure/schema"' instead?
features/bills/domain/events/bill-events.ts(1,35): error TS2614: Module '"@server/infrastructure/schema"' has no exported member 'EngagementType'. Did you mean to use 'import EngagementType from "@server/infrastructure/schema"' instead?
features/bills/domain/events/bill-events.ts(13,15): error TS6133: 'bill_id' is declared but its value is never read.
features/bills/domain/events/bill-events.ts(16,20): error TS2304: Cannot find name 'billId'.
features/bills/domain/events/bill-events.ts(26,5): error TS4115: This parameter property must have an 'override' modifier because it overrides a member in base class 'BillDomainEvent'.
features/bills/domain/events/bill-events.ts(40,5): error TS4115: This parameter property must have an 'override' modifier because it overrides a member in base class 'BillDomainEvent'.
features/bills/domain/events/bill-events.ts(54,5): error TS4115: This parameter property must have an 'override' modifier because it overrides a member in base class 'BillDomainEvent'.
features/bills/domain/events/bill-events.ts(68,5): error TS4115: This parameter property must have an 'override' modifier because it overrides a member in base class 'BillDomainEvent'.
features/bills/domain/events/bill-events.ts(82,5): error TS4115: This parameter property must have an 'override' modifier because it overrides a member in base class 'BillDomainEvent'.
features/bills/domain/events/bill-events.ts(98,5): error TS4115: This parameter property must have an 'override' modifier because it overrides a member in base class 'BillDomainEvent'.
features/bills/domain/events/bill-events.ts(112,5): error TS4115: This parameter property must have an 'override' modifier because it overrides a member in base class 'BillDomainEvent'.
features/bills/domain/events/bill-events.ts(130,5): error TS4115: This parameter property must have an 'override' modifier because it overrides a member in base class 'BillDomainEvent'.
features/bills/domain/events/bill-events.ts(144,5): error TS4115: This parameter property must have an 'override' modifier because it overrides a member in base class 'BillDomainEvent'.
features/bills/domain/LegislativeStorageTypes.ts(1,1): error TS6133: 'logger' is declared but its value is never read.
features/bills/domain/LegislativeStorageTypes.ts(2,10): error TS2724: '"@server/infrastructure/schema"' has no exported member named 'Analysis'. Did you mean 'analysis'?
features/bills/domain/LegislativeStorageTypes.ts(2,26): error TS2614: Module '"@server/infrastructure/schema"' has no exported member 'BillComment'. Did you mean to use 'import BillComment from "@server/infrastructure/schema"' instead?
features/bills/domain/LegislativeStorageTypes.ts(2,39): error TS2724: '"@server/infrastructure/schema"' has no exported member named 'BillEngagement'. Did you mean 'bill_engagement'?
features/bills/domain/LegislativeStorageTypes.ts(2,55): error TS2614: Module '"@server/infrastructure/schema"' has no exported member 'BillSectionConflict'. Did you mean to use 'import BillSectionConflict from "@server/infrastructure/schema"' instead?
features/bills/domain/LegislativeStorageTypes.ts(2,75): error TS2724: '"@server/infrastructure/schema"' has no exported member named 'BillSponsorship'. Did you mean 'bill_sponsorships'?
features/bills/domain/LegislativeStorageTypes.ts(2,75): error TS6133: 'BillSponsorship' is declared but its value is never read.
features/bills/domain/LegislativeStorageTypes.ts(2,92): error TS2614: Module '"@server/infrastructure/schema"' has no exported member 'InsertAnalysis'. Did you mean to use 'import InsertAnalysis from "@server/infrastructure/schema"' instead?
features/bills/domain/LegislativeStorageTypes.ts(2,108): error TS2614: Module '"@server/infrastructure/schema"' has no exported member 'InsertBill'. Did you mean to use 'import InsertBill from "@server/infrastructure/schema"' instead?
features/bills/domain/LegislativeStorageTypes.ts(2,120): error TS2614: Module '"@server/infrastructure/schema"' has no exported member 'InsertBillComment'. Did you mean to use 'import InsertBillComment from "@server/infrastructure/schema"' instead?
features/bills/domain/LegislativeStorageTypes.ts(2,139): error TS2614: Module '"@server/infrastructure/schema"' has no exported member 'InsertSponsor'. Did you mean to use 'import InsertSponsor from "@server/infrastructure/schema"' instead?
features/bills/domain/LegislativeStorageTypes.ts(2,154): error TS2614: Module '"@server/infrastructure/schema"' has no exported member 'InsertUser'. Did you mean to use 'import InsertUser from "@server/infrastructure/schema"' instead?
features/bills/domain/LegislativeStorageTypes.ts(2,166): error TS2614: Module '"@server/infrastructure/schema"' has no exported member 'InsertUserProfile'. Did you mean to use 'import InsertUserProfile from "@server/infrastructure/schema"' instead?
features/bills/domain/LegislativeStorageTypes.ts(2,185): error TS2724: '"@server/infrastructure/schema"' has no exported member named 'Notification'. Did you mean 'notifications'?
features/bills/domain/LegislativeStorageTypes.ts(2,208): error TS2724: '"@server/infrastructure/schema"' has no exported member named 'SponsorAffiliation'. Did you mean 'sponsorAffiliations'?
features/bills/domain/LegislativeStorageTypes.ts(2,228): error TS2724: '"@server/infrastructure/schema"' has no exported member named 'SponsorTransparency'. Did you mean 'sponsorTransparency'?
features/bills/domain/LegislativeStorageTypes.ts(2,255): error TS2724: '"@server/infrastructure/schema"' has no exported member named 'UserProfile'. Did you mean 'user_profiles'?
features/bills/domain/repositories/bill.repository.ts(12,1): error TS6133: 'db' is declared but its value is never read.
features/bills/domain/repositories/sponsorship-repository.ts(11,3): error TS2614: Module '"@server/infrastructure/schema"' has no exported member 'billSectionConflicts'. Did you mean to use 'import billSectionConflicts from "@server/infrastructure/schema"' instead?
features/bills/domain/repositories/sponsorship-repository.ts(13,3): error TS2300: Duplicate identifier 'sponsors'.
features/bills/domain/repositories/sponsorship-repository.ts(15,10): error TS2300: Duplicate identifier 'sponsors'.
features/bills/domain/repositories/sponsorship-repository.ts(163,62): error TS6133: 'type' is declared but its value is never read.
features/bills/domain/repositories/sponsorship-repository.ts(188,34): error TS7006: Parameter 'row' implicitly has an 'any' type.
features/bills/domain/repositories/sponsorship-repository.ts(191,59): error TS7006: Parameter 'r' implicitly has an 'any' type.
features/bills/domain/repositories/sponsorship-repository.ts(222,56): error TS7006: Parameter 'r' implicitly has an 'any' type.
features/bills/domain/repositories/sponsorship-repository.ts(266,20): error TS7006: Parameter 'a' implicitly has an 'any' type.
features/bills/domain/repositories/sponsorship-repository.ts(280,20): error TS7006: Parameter 'r' implicitly has an 'any' type.
features/bills/domain/services/bill-event-handler.ts(2,52): error TS2724: '"@server/features/bills/domain/events/bill-events"' has no exported member named 'BillUpdatedEvent'. Did you mean 'BillCreatedEvent'?
features/bills/domain/services/bill-notification-service.ts(4,1): error TS6133: 'bills' is declared but its value is never read.
features/bills/domain/services/bill-notification-service.ts(6,52): error TS2724: '"@server/features/bills/domain/events/bill-events"' has no exported member named 'BillUpdatedEvent'. Did you mean 'BillCreatedEvent'?
features/bills/domain/services/bill-notification-service.ts(15,22): error TS6138: Property 'userService' is declared but its value is never read.
features/bills/domain/services/bill-notification-service.ts(15,35): error TS2304: Cannot find name 'UserService'.
features/bills/domain/services/bill-notification-service.ts(59,59): error TS2345: Argument of type '{ component: string; bill_id: string; }' is not assignable to parameter of type 'undefined'.
features/bills/domain/services/bill-notification-service.ts(74,26): error TS2339: Property 'oldStatus' does not exist on type 'BillStatusChangedEvent'.
features/bills/domain/services/bill-notification-service.ts(82,59): error TS2339: Property 'oldStatus' does not exist on type 'BillStatusChangedEvent'.
features/bills/domain/services/bill-notification-service.ts(91,83): error TS2339: Property 'oldStatus' does not exist on type 'BillStatusChangedEvent'.
features/bills/domain/services/bill-notification-service.ts(98,30): error TS2339: Property 'oldStatus' does not exist on type 'BillStatusChangedEvent'.
features/bills/domain/services/bill-notification-service.ts(113,66): error TS2345: Argument of type '{ component: string; bill_id: string; }' is not assignable to parameter of type 'undefined'.
features/bills/domain/services/bill-notification-service.ts(148,64): error TS2345: Argument of type 'string | undefined' is not assignable to parameter of type 'string'.
  Type 'undefined' is not assignable to type 'string'.
features/bills/domain/services/bill-notification-service.ts(169,59): error TS2345: Argument of type '{ component: string; bill_id: any; }' is not assignable to parameter of type 'undefined'.
features/bills/domain/services/bill-notification-service.ts(198,55): error TS2345: Argument of type '{ component: string; bill_id: string; }' is not assignable to parameter of type 'undefined'.
features/bills/domain/services/bill-notification-service.ts(209,35): error TS6133: 'oldStatus' is declared but its value is never read.
features/bills/domain/services/bill-notification-service.ts(303,63): error TS2345: Argument of type '{ component: string; bill_id: string; }' is not assignable to parameter of type 'undefined'.
features/bills/domain/services/bill-notification-service.ts(358,63): error TS2345: Argument of type '{ component: string; user_id: string; }' is not assignable to parameter of type 'undefined'.
features/bills/domain/services/bill.domain.service.ts(1,1): error TS6133: 'bills' is declared but its value is never read.
features/bills/domain/services/bill.domain.service.ts(2,1): error TS6133: 'sponsors' is declared but its value is never read.
features/bills/domain/services/bill.domain.service.ts(98,16): error TS2348: Value of type 'typeof Err' is not callable. Did you mean to include 'new'?
features/bills/domain/services/bill.domain.service.ts(103,16): error TS2348: Value of type 'typeof Err' is not callable. Did you mean to include 'new'?
features/bills/domain/services/bill.domain.service.ts(108,16): error TS2348: Value of type 'typeof Err' is not callable. Did you mean to include 'new'?
features/bills/domain/services/bill.domain.service.ts(114,16): error TS2348: Value of type 'typeof Err' is not callable. Did you mean to include 'new'?
features/bills/domain/services/bill.domain.service.ts(117,16): error TS2348: Value of type 'typeof Err' is not callable. Did you mean to include 'new'?
features/bills/domain/services/bill.domain.service.ts(123,16): error TS2348: Value of type 'typeof Err' is not callable. Did you mean to include 'new'?
features/bills/domain/services/bill.domain.service.ts(126,16): error TS2348: Value of type 'typeof Err' is not callable. Did you mean to include 'new'?
features/bills/domain/services/bill.domain.service.ts(129,16): error TS2348: Value of type 'typeof Err' is not callable. Did you mean to include 'new'?
features/bills/domain/services/bill.domain.service.ts(147,14): error TS2348: Value of type 'typeof Err' is not callable. Did you mean to include 'new'?
features/bills/domain/services/bill.domain.service.ts(171,16): error TS2348: Value of type 'typeof Err' is not callable. Did you mean to include 'new'?
features/bills/domain/services/bill.domain.service.ts(177,16): error TS2348: Value of type 'typeof Err' is not callable. Did you mean to include 'new'?
features/bills/domain/services/bill.domain.service.ts(180,16): error TS2348: Value of type 'typeof Err' is not callable. Did you mean to include 'new'?
features/bills/domain/services/bill.domain.service.ts(194,16): error TS2348: Value of type 'typeof Err' is not callable. Did you mean to include 'new'?
features/bills/domain/services/bill.domain.service.ts(204,14): error TS2348: Value of type 'typeof Ok' is not callable. Did you mean to include 'new'?
features/bills/domain/services/bill.domain.service.ts(206,14): error TS2348: Value of type 'typeof Err' is not callable. Did you mean to include 'new'?
features/bills/domain/services/bill.domain.service.ts(260,16): error TS2348: Value of type 'typeof Err' is not callable. Did you mean to include 'new'?
features/bills/domain/services/bill.domain.service.ts(263,16): error TS2348: Value of type 'typeof Err' is not callable. Did you mean to include 'new'?
features/bills/domain/services/bill.domain.service.ts(271,16): error TS2348: Value of type 'typeof Err' is not callable. Did you mean to include 'new'?
features/bills/domain/services/bill.domain.service.ts(274,14): error TS2348: Value of type 'typeof Ok' is not callable. Did you mean to include 'new'?
features/bills/domain/services/bill.domain.service.ts(279,14): error TS2348: Value of type 'typeof Err' is not callable. Did you mean to include 'new'?
features/bills/domain/services/bill.domain.service.ts(298,16): error TS2348: Value of type 'typeof Err' is not callable. Did you mean to include 'new'?
features/bills/domain/services/bill.domain.service.ts(312,14): error TS2348: Value of type 'typeof Ok' is not callable. Did you mean to include 'new'?
features/bills/domain/services/bill.domain.service.ts(314,14): error TS2348: Value of type 'typeof Err' is not callable. Did you mean to include 'new'?
features/bills/domain/services/bill.domain.service.ts(338,16): error TS2348: Value of type 'typeof Err' is not callable. Did you mean to include 'new'?
features/bills/domain/services/bill.domain.service.ts(341,16): error TS2348: Value of type 'typeof Err' is not callable. Did you mean to include 'new'?
features/bills/domain/services/bill.domain.service.ts(358,16): error TS2348: Value of type 'typeof Err' is not callable. Did you mean to include 'new'?
features/bills/domain/services/bill.domain.service.ts(369,14): error TS2348: Value of type 'typeof Err' is not callable. Did you mean to include 'new'?
features/bills/domain/services/bill.domain.service.ts(406,16): error TS2348: Value of type 'typeof Err' is not callable. Did you mean to include 'new'?
features/bills/domain/services/bill.domain.service.ts(416,18): error TS2348: Value of type 'typeof Err' is not callable. Did you mean to include 'new'?
features/bills/domain/services/bill.domain.service.ts(421,14): error TS2348: Value of type 'typeof Ok' is not callable. Did you mean to include 'new'?
features/bills/domain/services/bill.domain.service.ts(426,14): error TS2348: Value of type 'typeof Err' is not callable. Did you mean to include 'new'?
features/bills/index.ts(1,1): error TS6133: 'bills' is declared but its value is never read.
features/bills/index.ts(20,10): error TS2305: Module '"./application/bill-service"' has no exported member 'BillService'.
features/bills/index.ts(20,23): error TS2305: Module '"./application/bill-service"' has no exported member 'billService'.
features/bills/infrastructure/bill-storage.ts(8,1): error TS6133: 'db' is declared but its value is never read.
features/bills/infrastructure/data-sources/bill-data-source.interface.ts(1,1): error TS6133: 'bills' is declared but its value is never read.
features/bills/infrastructure/data-sources/database-bill-data-source.ts(11,1): error TS6133: 'db' is declared but its value is never read.
features/bills/infrastructure/data-sources/database-bill-data-source.ts(133,30): error TS7006: Parameter 'bill' implicitly has an 'any' type.
features/bills/infrastructure/data-sources/database-bill-data-source.ts(208,19): error TS2347: Untyped function calls may not accept type arguments.
features/bills/infrastructure/data-sources/database-bill-data-source.ts(209,12): error TS7006: Parameter 'acc' implicitly has an 'any' type.
features/bills/infrastructure/data-sources/database-bill-data-source.ts(209,17): error TS7006: Parameter 'row' implicitly has an 'any' type.
features/bills/infrastructure/data-sources/database-bill-data-source.ts(215,21): error TS2347: Untyped function calls may not accept type arguments.
features/bills/infrastructure/data-sources/database-bill-data-source.ts(216,12): error TS7006: Parameter 'acc' implicitly has an 'any' type.
features/bills/infrastructure/data-sources/database-bill-data-source.ts(216,17): error TS7006: Parameter 'row' implicitly has an 'any' type.
features/bills/infrastructure/data-sources/database-bill-data-source.ts(253,7): error TS2322: Type 'Date | null' is not assignable to type 'Date | undefined'.
  Type 'null' is not assignable to type 'Date | undefined'.
features/bills/infrastructure/data-sources/database-bill-data-source.ts(254,7): error TS2322: Type 'string | null' is not assignable to type 'string | undefined'.
  Type 'null' is not assignable to type 'string | undefined'.
features/bills/infrastructure/data-sources/mock-bill-data-source.ts(9,1): error TS6133: 'bills' is declared but its value is never read.
features/bills/infrastructure/legislative-storage.ts(1,10): error TS2440: Import declaration conflicts with local declaration of 'UserProfile'.
features/bills/infrastructure/legislative-storage.ts(4,14): error TS2300: Duplicate identifier 'bills'.
features/bills/infrastructure/legislative-storage.ts(5,17): error TS2300: Duplicate identifier 'sponsors'.
features/bills/infrastructure/legislative-storage.ts(6,14): error TS2300: Duplicate identifier 'users'.
features/bills/infrastructure/legislative-storage.ts(16,10): error TS2440: Import declaration conflicts with local declaration of 'db'.
features/bills/infrastructure/legislative-storage.ts(17,10): error TS2300: Duplicate identifier 'bills'.
features/bills/infrastructure/legislative-storage.ts(18,10): error TS2300: Duplicate identifier 'users'.
features/bills/infrastructure/legislative-storage.ts(19,10): error TS2300: Duplicate identifier 'sponsors'.
features/bills/infrastructure/mocks/bill-mock-data.ts(9,1): error TS6133: 'bills' is declared but its value is never read.
features/bills/infrastructure/mocks/impact-mock-data.ts(95,10): error TS18048: 'baseImpact' is possibly 'undefined'.
features/bills/infrastructure/mocks/impact-mock-data.ts(96,41): error TS18048: 'baseImpact' is possibly 'undefined'.
features/bills/infrastructure/mocks/impact-mock-data.ts(97,40): error TS18048: 'baseImpact' is possibly 'undefined'.
features/bills/infrastructure/mocks/impact-mock-data.ts(98,18): error TS18048: 'baseImpact' is possibly 'undefined'.
features/bills/infrastructure/mocks/impact-mock-data.ts(107,5): error TS18048: 'adjustedImpact.financialImpact' is possibly 'undefined'.
features/bills/infrastructure/mocks/impact-mock-data.ts(107,48): error TS18048: 'adjustedImpact.financialImpact' is possibly 'undefined'.
features/bills/infrastructure/mocks/impact-mock-data.ts(110,5): error TS18048: 'adjustedImpact.financialImpact' is possibly 'undefined'.
features/bills/infrastructure/mocks/impact-mock-data.ts(111,5): error TS18048: 'adjustedImpact.financialImpact' is possibly 'undefined'.
features/bills/infrastructure/mocks/impact-mock-data.ts(116,5): error TS18048: 'adjustedImpact.financialImpact' is possibly 'undefined'.
features/bills/infrastructure/mocks/impact-mock-data.ts(116,48): error TS18048: 'adjustedImpact.financialImpact' is possibly 'undefined'.
features/bills/infrastructure/mocks/impact-mock-data.ts(119,5): error TS18048: 'adjustedImpact.financialImpact' is possibly 'undefined'.
features/bills/infrastructure/mocks/impact-mock-data.ts(120,5): error TS18048: 'adjustedImpact.financialImpact' is possibly 'undefined'.
features/bills/infrastructure/mocks/impact-mock-data.ts(126,5): error TS18048: 'adjustedImpact.financialImpact' is possibly 'undefined'.
features/bills/infrastructure/mocks/impact-mock-data.ts(127,7): error TS18048: 'adjustedImpact.financialImpact' is possibly 'undefined'.
features/bills/infrastructure/mocks/impact-mock-data.ts(129,5): error TS18048: 'adjustedImpact.financialImpact' is possibly 'undefined'.
features/bills/infrastructure/mocks/impact-mock-data.ts(130,7): error TS18048: 'adjustedImpact.financialImpact' is possibly 'undefined'.
features/bills/infrastructure/mocks/impact-mock-data.ts(134,3): error TS2322: Type '{ billId?: string | undefined; overallImpact?: "neutral" | "positive" | "negative" | "mixed" | undefined; impactScore?: number | undefined; financialImpact?: { estimatedCostPerMonth: number; estimatedCostPerYear: number; breakdown: Array<{ category: string; amount: number; explanation: string; }>; } | undefined; tim...' is not assignable to type 'PersonalImpact'.
  Types of property 'billId' are incompatible.
    Type 'string | undefined' is not assignable to type 'string'.
      Type 'undefined' is not assignable to type 'string'.
features/bills/infrastructure/mocks/translation-mock-data.ts(56,19): error TS18048: 'translations' is possibly 'undefined'.
features/bills/infrastructure/mocks/translation-mock-data.ts(60,3): error TS2322: Type 'ClauseTranslation[] | undefined' is not assignable to type 'ClauseTranslation[]'.
  Type 'undefined' is not assignable to type 'ClauseTranslation[]'.
features/bills/infrastructure/mocks/translation-mock-data.ts(65,10): error TS18048: 'translations' is possibly 'undefined'.
features/bills/presentation/http/bill-tracking.routes.ts(3,10): error TS2724: '"@server/features/bills/application/bill-tracking.service"' has no exported member named 'billTrackingService'. Did you mean 'BillTrackingService'?
features/bills/presentation/http/bill-tracking.routes.ts(5,1): error TS6133: 'bills' is declared but its value is never read.
features/bills/presentation/http/bill-tracking.routes.ts(8,23): error TS6133: 'Request' is declared but its value is never read.
features/bills/presentation/http/bill-tracking.routes.ts(65,14): error TS2348: Value of type 'typeof ApiValidationError' is not callable. Did you mean to include 'new'?
features/bills/presentation/http/bill-tracking.routes.ts(78,53): error TS7030: Not all code paths return a value.
features/bills/presentation/http/bill-tracking.routes.ts(88,43): error TS7030: Not all code paths return a value.
features/bills/presentation/http/bill-tracking.routes.ts(115,14): error TS2348: Value of type 'typeof ApiValidationError' is not callable. Did you mean to include 'new'?
features/bills/presentation/http/bill-tracking.routes.ts(127,56): error TS7030: Not all code paths return a value.
features/bills/presentation/http/bill-tracking.routes.ts(141,14): error TS2348: Value of type 'typeof ApiValidationError' is not callable. Did you mean to include 'new'?
features/bills/presentation/http/bill-tracking.routes.ts(146,16): error TS2348: Value of type 'typeof ApiValidationError' is not callable. Did you mean to include 'new'?
features/bills/presentation/http/bill-tracking.routes.ts(158,45): error TS7030: Not all code paths return a value.
features/bills/presentation/http/bill-tracking.routes.ts(168,47): error TS7030: Not all code paths return a value.
features/bills/presentation/http/bill-tracking.routes.ts(179,67): error TS6133: 'next' is declared but its value is never read.
features/bills/presentation/http/bill-tracking.routes.ts(180,84): error TS2345: Argument of type '{ component: string; user_id: string | undefined; }' is not assignable to parameter of type 'undefined'.
features/bills/presentation/http/bill-tracking.routes.ts(184,16): error TS2348: Value of type 'typeof ApiError' is not callable. Did you mean to include 'new'?
features/bills/presentation/http/bill-tracking.routes.ts(187,17): error TS2348: Value of type 'typeof ApiValidationError' is not callable. Did you mean to include 'new'?
features/bills/presentation/http/bill-tracking.routes.ts(191,17): error TS2348: Value of type 'typeof ApiValidationError' is not callable. Did you mean to include 'new'?
features/bills/presentation/http/bill-tracking.routes.ts(196,12): error TS2348: Value of type 'typeof ApiError' is not callable. Did you mean to include 'new'?
features/bills/presentation/http/bill-validation.middleware.ts(11,1): error TS6133: 'bills' is declared but its value is never read.
features/bills/presentation/http/bill-validation.middleware.ts(26,3): error TS6133: 'res' is declared but its value is never read.
features/bills/presentation/http/bill-validation.middleware.ts(33,17): error TS2554: Expected 3 arguments, but got 2.
features/bills/presentation/http/bill-validation.middleware.ts(45,3): error TS6133: 'res' is declared but its value is never read.
features/bills/presentation/http/bill-validation.middleware.ts(52,17): error TS2554: Expected 3 arguments, but got 2.
features/bills/presentation/http/bill-validation.middleware.ts(64,3): error TS6133: 'res' is declared but its value is never read.
features/bills/presentation/http/bill-validation.middleware.ts(81,17): error TS2554: Expected 3 arguments, but got 2.
features/bills/presentation/http/bill-validation.middleware.ts(93,3): error TS6133: 'res' is declared but its value is never read.
features/bills/presentation/http/bill-validation.middleware.ts(111,41): error TS2345: Argument of type 'ZodObject<{ filters: ZodOptional<ZodObject<{ status: ZodOptional<ZodEnum<["draft", "introduced", "committee_stage", "second_reading", "third_reading", "passed", "rejected", "withdrawn", "enacted"]>>; category: ZodOptional<...>; sponsor_id: ZodOptional<...>; search: ZodOptional<...>; }, "strip", ZodTypeAny, { ...; },...' is not assignable to parameter of type 'ZodType<{ filters?: { search?: string | undefined; sponsor_id?: string | undefined; status?: "draft" | "introduced" | "second_reading" | "committee_stage" | "third_reading" | "passed" | "enacted" | "rejected" | "withdrawn" | undefined; category?: "other" | ... 16 more ... | undefined; } | undefined; pagination?: { ....'.
  The types of '_input.pagination' are incompatible between these types.
    Type '{ limit?: string | undefined; sortBy?: "created_at" | "updated_at" | "title" | "status" | "introduced_date" | undefined; sortOrder?: "asc" | "desc" | undefined; page?: string | undefined; } | undefined' is not assignable to type '{ limit: number; page: number; sortBy?: "created_at" | "updated_at" | "title" | "status" | "introduced_date" | undefined; sortOrder?: "asc" | "desc" | undefined; } | undefined'.
      Type '{ limit?: string | undefined; sortBy?: "created_at" | "updated_at" | "title" | "status" | "introduced_date" | undefined; sortOrder?: "asc" | "desc" | undefined; page?: string | undefined; }' is not assignable to type '{ limit: number; page: number; sortBy?: "created_at" | "updated_at" | "title" | "status" | "introduced_date" | undefined; sortOrder?: "asc" | "desc" | undefined; }'.
        Types of property 'limit' are incompatible.
          Type 'string | undefined' is not assignable to type 'number'.
            Type 'undefined' is not assignable to type 'number'.
features/bills/presentation/http/bill-validation.middleware.ts(115,17): error TS2554: Expected 3 arguments, but got 2.
features/bills/presentation/http/bill-validation.middleware.ts(127,3): error TS6133: 'res' is declared but its value is never read.
features/bills/presentation/http/bill-validation.middleware.ts(134,17): error TS2554: Expected 3 arguments, but got 2.
features/bills/presentation/http/bill-validation.middleware.ts(137,3): error TS2322: Type 'string | undefined' is not assignable to type 'string'.
  Type 'undefined' is not assignable to type 'string'.
features/bills/presentation/http/bill-validation.middleware.ts(146,3): error TS6133: 'res' is declared but its value is never read.
features/bills/presentation/http/bill-validation.middleware.ts(159,17): error TS2554: Expected 3 arguments, but got 2.
features/bills/presentation/http/bills.routes.ts(23,10): error TS2305: Module '"@shared/types/core/errors"' has no exported member 'BaseError'.
features/bills/presentation/http/bills.routes.ts(23,21): error TS2305: Module '"@shared/types/core/errors"' has no exported member 'ErrorDomain'.
features/bills/presentation/http/bills.routes.ts(26,1): error TS6133: 'db' is declared but its value is never read.
features/bills/presentation/http/bills.routes.ts(27,1): error TS6133: 'bills' is declared but its value is never read.
features/bills/presentation/http/bills.routes.ts(28,1): error TS6133: 'sponsors' is declared but its value is never read.
features/bills/presentation/http/bills.routes.ts(42,11): error TS2554: Expected 3 arguments, but got 2.
features/bills/presentation/http/bills.routes.ts(68,9): error TS6133: 'context' is declared but its value is never read.
features/bills/presentation/http/bills.routes.ts(77,11): error TS2554: Expected 3 arguments, but got 2.
features/bills/presentation/http/bills.routes.ts(87,11): error TS2554: Expected 3 arguments, but got 2.
features/bills/presentation/http/bills.routes.ts(104,15): error TS2554: Expected 3 arguments, but got 2.
features/bills/presentation/http/bills.routes.ts(160,32): error TS2345: Argument of type 'string | undefined' is not assignable to parameter of type 'string'.
  Type 'undefined' is not assignable to type 'string'.
features/bills/presentation/http/bills.routes.ts(184,53): error TS2345: Argument of type '{ bill_id: number; component: string; }' is not assignable to parameter of type 'undefined'.
features/bills/presentation/http/bills.routes.ts(233,32): error TS2345: Argument of type 'string | undefined' is not assignable to parameter of type 'string'.
  Type 'undefined' is not assignable to type 'string'.
features/bills/presentation/http/bills.routes.ts(259,32): error TS2345: Argument of type 'string | undefined' is not assignable to parameter of type 'string'.
  Type 'undefined' is not assignable to type 'string'.
features/bills/presentation/http/bills.routes.ts(282,32): error TS2345: Argument of type 'string | undefined' is not assignable to parameter of type 'string'.
  Type 'undefined' is not assignable to type 'string'.
features/bills/presentation/http/bills.routes.ts(304,32): error TS2345: Argument of type 'string | undefined' is not assignable to parameter of type 'string'.
  Type 'undefined' is not assignable to type 'string'.
features/bills/presentation/http/bills.routes.ts(320,32): error TS2345: Argument of type 'string | undefined' is not assignable to parameter of type 'string'.
  Type 'undefined' is not assignable to type 'string'.
features/bills/presentation/http/bills.routes.ts(336,32): error TS2345: Argument of type 'string | undefined' is not assignable to parameter of type 'string'.
  Type 'undefined' is not assignable to type 'string'.
features/bills/presentation/http/bills.routes.ts(341,11): error TS2554: Expected 3 arguments, but got 2.
features/bills/presentation/http/bills.routes.ts(378,35): error TS2345: Argument of type 'string | undefined' is not assignable to parameter of type 'string'.
  Type 'undefined' is not assignable to type 'string'.
features/bills/presentation/http/bills.routes.ts(428,52): error TS6133: 'req' is declared but its value is never read.
features/bills/presentation/http/bills.routes.ts(459,50): error TS6133: 'req' is declared but its value is never read.
features/bills/presentation/http/bills.routes.ts(487,32): error TS2345: Argument of type 'string | undefined' is not assignable to parameter of type 'string'.
  Type 'undefined' is not assignable to type 'string'.
features/bills/presentation/http/bills.routes.ts(492,11): error TS2554: Expected 3 arguments, but got 2.
features/bills/presentation/http/bills.routes.ts(502,11): error TS2554: Expected 3 arguments, but got 2.
features/bills/presentation/http/bills.routes.ts(514,13): error TS2554: Expected 3 arguments, but got 2.
features/bills/presentation/http/bills.routes.ts(528,13): error TS2554: Expected 3 arguments, but got 2.
features/bills/presentation/http/bills.routes.ts(591,32): error TS2345: Argument of type 'string | undefined' is not assignable to parameter of type 'string'.
  Type 'undefined' is not assignable to type 'string'.
features/bills/presentation/http/bills.routes.ts(628,32): error TS2345: Argument of type 'string | undefined' is not assignable to parameter of type 'string'.
  Type 'undefined' is not assignable to type 'string'.
features/bills/presentation/http/bills.routes.ts(633,11): error TS2554: Expected 3 arguments, but got 2.
features/bills/presentation/http/bills.routes.ts(677,32): error TS2345: Argument of type 'string | undefined' is not assignable to parameter of type 'string'.
  Type 'undefined' is not assignable to type 'string'.
features/bills/presentation/http/bills.routes.ts(710,35): error TS2345: Argument of type 'string | undefined' is not assignable to parameter of type 'string'.
  Type 'undefined' is not assignable to type 'string'.
features/bills/presentation/http/bills.routes.ts(712,44): error TS2339: Property 'getCommentReplies' does not exist on type 'DatabaseLegislativeStorage'.
features/bills/presentation/http/bills.routes.ts(726,35): error TS2345: Argument of type 'string | undefined' is not assignable to parameter of type 'string'.
  Type 'undefined' is not assignable to type 'string'.
features/bills/presentation/http/bills.routes.ts(730,11): error TS2554: Expected 3 arguments, but got 2.
features/bills/presentation/http/bills.routes.ts(740,53): error TS2339: Property 'db' does not exist on type 'DatabaseLegislativeStorage'.
features/bills/presentation/http/bills.routes.ts(742,30): error TS2339: Property 'schema' does not exist on type 'DatabaseLegislativeStorage'.
features/bills/presentation/http/bills.routes.ts(743,31): error TS2339: Property 'eq' does not exist on type 'DatabaseLegislativeStorage'.
features/bills/presentation/http/bills.routes.ts(743,53): error TS2339: Property 'schema' does not exist on type 'DatabaseLegislativeStorage'.
features/bills/presentation/http/bills.routes.ts(785,35): error TS2345: Argument of type 'string | undefined' is not assignable to parameter of type 'string'.
  Type 'undefined' is not assignable to type 'string'.
features/bills/presentation/http/bills.routes.ts(790,11): error TS2554: Expected 3 arguments, but got 2.
features/bills/presentation/http/bills.routes.ts(816,35): error TS2345: Argument of type 'string | undefined' is not assignable to parameter of type 'string'.
  Type 'undefined' is not assignable to type 'string'.
features/bills/presentation/http/bills.routes.ts(850,35): error TS2345: Argument of type 'string | undefined' is not assignable to parameter of type 'string'.
  Type 'undefined' is not assignable to type 'string'.
features/bills/presentation/http/coverage-routes.ts(14,55): error TS2307: Cannot find module './application/coverage-analyzer.service' or its corresponding type declarations.
features/bills/presentation/http/coverage-routes.ts(57,55): error TS2307: Cannot find module './application/coverage-analyzer.service' or its corresponding type declarations.
features/bills/presentation/http/coverage-routes.ts(99,55): error TS2307: Cannot find module './application/coverage-analyzer.service' or its corresponding type declarations.
features/bills/presentation/http/coverage-routes.ts(140,55): error TS2307: Cannot find module './application/coverage-analyzer.service' or its corresponding type declarations.
features/bills/presentation/http/coverage-routes.ts(181,55): error TS2307: Cannot find module './application/coverage-analyzer.service' or its corresponding type declarations.
features/bills/presentation/http/coverage-routes.ts(220,33): error TS7006: Parameter 'g' implicitly has an 'any' type.
features/bills/presentation/http/coverage-routes.ts(221,29): error TS7006: Parameter 'g' implicitly has an 'any' type.
features/bills/presentation/http/coverage-routes.ts(222,31): error TS7006: Parameter 'g' implicitly has an 'any' type.
features/bills/presentation/http/coverage-routes.ts(223,28): error TS7006: Parameter 'g' implicitly has an 'any' type.
features/bills/presentation/http/coverage-routes.ts(247,57): error TS2307: Cannot find module './application/coverage-analyzer.service' or its corresponding type declarations.
features/bills/presentation/http/real-time-tracking.routes.ts(1,1): error TS6133: 'bills' is declared but its value is never read.
features/bills/presentation/http/sponsorship.routes.ts(2,1): error TS6133: 'sponsors' is declared but its value is never read.
features/bills/presentation/http/voting-pattern-analysis.routes.ts(6,1): error TS6133: 'sponsors' is declared but its value is never read.
features/bills/types/analysis.ts(1,1): error TS6133: 'bills' is declared but its value is never read.
features/community/application/comment.ts(1,1): error TS6133: 'User' is declared but its value is never read.
features/community/application/comment.ts(3,1): error TS6133: 'CACHE_TTL_SHORT' is declared but its value is never read.
features/community/application/comment.ts(5,1): error TS6192: All imports in import declaration are unused.
features/community/application/comment.ts(6,10): error TS6133: 'bills' is declared but its value is never read.
features/community/application/comment.ts(149,70): error TS2345: Argument of type 'CommentFilters' is not assignable to parameter of type 'Record<string, unknown>'.
  Index signature for type 'string' is missing in type 'CommentFilters'.
features/community/application/comment.ts(181,51): error TS2769: No overload matches this call.
  Overload 1 of 3, '(obj: "Failed to get bill comments", msg?: undefined): void', gave the following error.
    Argument of type '{ error: unknown; component: string; operation: string; context: { bill_id: number; }; }' is not assignable to parameter of type 'undefined'.
  Overload 2 of 3, '(obj: "Failed to get bill comments", msg?: undefined, ...args: unknown[]): void', gave the following error.
    Argument of type '{ error: unknown; component: string; operation: string; context: { bill_id: number; }; }' is not assignable to parameter of type 'undefined'.
features/community/application/comment.ts(216,46): error TS18047: 'r.comment' is possibly 'null'.
features/community/application/comment.ts(219,7): error TS2322: Type '{ user: { id: any; name: any; role: any; verification_status: any; } | null; user_profiles: { organization: any; reputation_score: any; expertise: any; } | null; replies: never[]; replyCount: number; ... 11 more ...; downvotes?: any; }[]' is not assignable to type 'CommentWithUser[]'.
  Type '{ user: { id: any; name: any; role: any; verification_status: any; } | null; user_profiles: { organization: any; reputation_score: any; expertise: any; } | null; replies: never[]; replyCount: number; ... 11 more ...; downvotes?: any; }' is not assignable to type 'CommentWithUser'.
    Property 'id' is optional in type '{ user: { id: any; name: any; role: any; verification_status: any; } | null; user_profiles: { organization: any; reputation_score: any; expertise: any; } | null; replies: never[]; replyCount: number; ... 11 more ...; downvotes?: any; }' but required in type 'CommentWithUser'.
features/community/application/comment.ts(224,37): error TS18047: 'row.comment' is possibly 'null'.
features/community/application/comment.ts(225,19): error TS18047: 'row.comment' is possibly 'null'.
features/community/application/comment.ts(225,41): error TS18047: 'row.comment' is possibly 'null'.
features/community/application/comment.ts(228,53): error TS2769: No overload matches this call.
  Overload 1 of 3, '(obj: "Failed to get comment replies", msg?: undefined): void', gave the following error.
    Argument of type '{ error: unknown; component: string; operation: string; context: { parent_id: number; }; }' is not assignable to parameter of type 'undefined'.
  Overload 2 of 3, '(obj: "Failed to get comment replies", msg?: undefined, ...args: unknown[]): void', gave the following error.
    Argument of type '{ error: unknown; component: string; operation: string; context: { parent_id: number; }; }' is not assignable to parameter of type 'undefined'.
features/community/application/comment.ts(257,9): error TS2322: Type '{ id: any; name: any; role: any; verification_status: any; } | null' is not assignable to type '{ id: string; name: string; role: string; verification_status: string; }'.
  Type 'null' is not assignable to type '{ id: string; name: string; role: string; verification_status: string; }'.
features/community/application/comment.ts(261,19): error TS18047: 'row.comment' is possibly 'null'.
features/community/application/comment.ts(261,41): error TS18047: 'row.comment' is possibly 'null'.
features/community/application/comment.ts(264,52): error TS2769: No overload matches this call.
  Overload 1 of 3, '(obj: "Failed to find comment by ID", msg?: undefined): void', gave the following error.
    Argument of type '{ error: unknown; component: string; operation: string; context: { id: number; }; }' is not assignable to parameter of type 'undefined'.
  Overload 2 of 3, '(obj: "Failed to find comment by ID", msg?: undefined, ...args: unknown[]): void', gave the following error.
    Argument of type '{ error: unknown; component: string; operation: string; context: { id: number; }; }' is not assignable to parameter of type 'undefined'.
features/community/application/comment.ts(321,36): error TS18048: 'totalRow' is possibly 'undefined'.
features/community/application/comment.ts(331,32): error TS18048: 'expertRow' is possibly 'undefined'.
features/community/application/comment.ts(332,34): error TS18048: 'verifiedRow' is possibly 'undefined'.
features/community/application/comment.ts(340,51): error TS2769: No overload matches this call.
  Overload 1 of 3, '(obj: "Failed to get comment stats", msg?: undefined): void', gave the following error.
    Argument of type '{ error: unknown; component: string; operation: string; context: { bill_id: number; }; }' is not assignable to parameter of type 'undefined'.
  Overload 2 of 3, '(obj: "Failed to get comment stats", msg?: undefined, ...args: unknown[]): void', gave the following error.
    Argument of type '{ error: unknown; component: string; operation: string; context: { bill_id: number; }; }' is not assignable to parameter of type 'undefined'.
features/community/application/comment.ts(382,13): error TS2488: Type 'any[] | QueryResult<never>' must have a '[Symbol.iterator]()' method that returns an iterator.
features/community/application/comment.ts(400,9): error TS2561: Object literal may only specify known properties, but 'eventType' does not exist in type 'SecurityEvent'. Did you mean to write 'event_type'?
features/community/application/comment.ts(416,60): error TS2769: No overload matches this call.
  Overload 1 of 3, '(obj: "Error processing comment arguments", msg?: undefined): void', gave the following error.
    Argument of type '{ error: any; context: { comment_id: any; bill_id: number; }; }' is not assignable to parameter of type 'undefined'.
  Overload 2 of 3, '(obj: "Error processing comment arguments", msg?: undefined, ...args: unknown[]): void', gave the following error.
    Argument of type '{ error: any; context: { comment_id: any; bill_id: number; }; }' is not assignable to parameter of type 'undefined'.
features/community/application/comment.ts(423,68): error TS2769: No overload matches this call.
  Overload 1 of 3, '(obj: "Error clearing comment caches after create", msg?: undefined): void', gave the following error.
    Argument of type '{ error: any; context: { bill_id: number; }; }' is not assignable to parameter of type 'undefined'.
  Overload 2 of 3, '(obj: "Error clearing comment caches after create", msg?: undefined, ...args: unknown[]): void', gave the following error.
    Argument of type '{ error: any; context: { bill_id: number; }; }' is not assignable to parameter of type 'undefined'.
features/community/application/comment.ts(438,48): error TS2769: No overload matches this call.
  Overload 1 of 3, '(obj: "Failed to create comment", msg?: undefined): void', gave the following error.
    Argument of type '{ error: unknown; component: string; operation: string; context: { bill_id: number; }; }' is not assignable to parameter of type 'undefined'.
  Overload 2 of 3, '(obj: "Failed to create comment", msg?: undefined, ...args: unknown[]): void', gave the following error.
    Argument of type '{ error: unknown; component: string; operation: string; context: { bill_id: number; }; }' is not assignable to parameter of type 'undefined'.
features/community/application/comment.ts(487,70): error TS2769: No overload matches this call.
  Overload 1 of 3, '(obj: "Comment processed through argument intelligence", msg?: undefined): void', gave the following error.
    Argument of type '{ component: string; context: { comment_id: any; bill_id: any; processingTime: number; claimsExtracted: number; evidenceFound: number; position: string; }; }' is not assignable to parameter of type 'undefined'.
  Overload 2 of 3, '(obj: "Comment processed through argument intelligence", msg?: undefined, ...args: unknown[]): void', gave the following error.
    Argument of type '{ component: string; context: { comment_id: any; bill_id: any; processingTime: number; claimsExtracted: number; evidenceFound: number; position: string; }; }' is not assignable to parameter of type 'undefined'.
features/community/application/comment.ts(502,59): error TS2769: No overload matches this call.
  Overload 1 of 3, '(obj: "Failed to process comment arguments", msg?: undefined): void', gave the following error.
    Argument of type '{ error: unknown; component: string; context: { comment_id: any; processingTime: number; }; }' is not assignable to parameter of type 'undefined'.
  Overload 2 of 3, '(obj: "Failed to process comment arguments", msg?: undefined, ...args: unknown[]): void', gave the following error.
    Argument of type '{ error: unknown; component: string; context: { comment_id: any; processingTime: number; }; }' is not assignable to parameter of type 'undefined'.
features/community/application/comment.ts(558,9): error TS2561: Object literal may only specify known properties, but 'eventType' does not exist in type 'SecurityEvent'. Did you mean to write 'event_type'?
features/community/application/comment.ts(578,9): error TS2322: Type '{ id: any; name: any; role: any; verification_status: any; } | null' is not assignable to type '{ id: string; name: string; role: string; verification_status: string; }'.
  Type 'null' is not assignable to type '{ id: string; name: string; role: string; verification_status: string; }'.
features/community/application/comment.ts(585,48): error TS2769: No overload matches this call.
  Overload 1 of 3, '(obj: "Failed to update comment", msg?: undefined): void', gave the following error.
    Argument of type '{ error: unknown; component: string; operation: string; context: { comment_id: number; }; }' is not assignable to parameter of type 'undefined'.
  Overload 2 of 3, '(obj: "Failed to update comment", msg?: undefined, ...args: unknown[]): void', gave the following error.
    Argument of type '{ error: unknown; component: string; operation: string; context: { comment_id: number; }; }' is not assignable to parameter of type 'undefined'.
features/community/application/comment.ts(621,11): error TS2561: Object literal may only specify known properties, but 'eventType' does not exist in type 'SecurityEvent'. Did you mean to write 'event_type'?
features/community/application/comment.ts(641,48): error TS2769: No overload matches this call.
  Overload 1 of 3, '(obj: "Failed to delete comment", msg?: undefined): void', gave the following error.
    Argument of type '{ error: unknown; component: string; operation: string; context: { comment_id: number; }; }' is not assignable to parameter of type 'undefined'.
  Overload 2 of 3, '(obj: "Failed to delete comment", msg?: undefined, ...args: unknown[]): void', gave the following error.
    Argument of type '{ error: unknown; component: string; operation: string; context: { comment_id: number; }; }' is not assignable to parameter of type 'undefined'.
features/community/application/comment.ts(714,16): error TS2339: Property 'count' does not exist on type '{ count: number; } | { count: number; } | { count: number; } | { count: number; } | undefined'.
features/community/application/comment.ts(736,35): error TS7006: Parameter 'r' implicitly has an 'any' type.
features/community/application/comment.ts(739,54): error TS7006: Parameter 'row' implicitly has an 'any' type.
features/community/application/comment.ts(787,63): error TS2769: No overload matches this call.
  Overload 1 of 3, '(obj: "Error loading replies for comment", msg?: undefined): void', gave the following error.
    Argument of type '{ error: any; context: { comment_id: string; }; }' is not assignable to parameter of type 'undefined'.
  Overload 2 of 3, '(obj: "Error loading replies for comment", msg?: undefined, ...args: unknown[]): void', gave the following error.
    Argument of type '{ error: any; context: { comment_id: string; }; }' is not assignable to parameter of type 'undefined'.
features/community/application/comment.ts(799,16): error TS2339: Property 'count' does not exist on type '{ count: number; } | { count: number; } | undefined'.
features/community/application/comment.ts(805,49): error TS2769: No overload matches this call.
  Overload 1 of 3, '(obj: "Error getting reply count", msg?: undefined): void', gave the following error.
    Argument of type '{ error: unknown; context: { comment_id: number; }; }' is not assignable to parameter of type 'undefined'.
  Overload 2 of 3, '(obj: "Error getting reply count", msg?: undefined, ...args: unknown[]): void', gave the following error.
    Argument of type '{ error: unknown; context: { comment_id: number; }; }' is not assignable to parameter of type 'undefined'.
features/community/application/comment.ts(882,40): error TS2769: No overload matches this call.
  Overload 1 of 3, '(obj: "Cache set failed", msg?: undefined): void', gave the following error.
    Argument of type '{ error: unknown; context: { key: string; }; }' is not assignable to parameter of type 'undefined'.
  Overload 2 of 3, '(obj: "Cache set failed", msg?: undefined, ...args: unknown[]): void', gave the following error.
    Argument of type '{ error: unknown; context: { key: string; }; }' is not assignable to parameter of type 'undefined'.
features/community/application/comment.ts(890,22): error TS2339: Property 'deletePattern' does not exist on type 'CacheService'.
features/community/application/comment.ts(891,22): error TS2339: Property 'delete' does not exist on type 'CacheService'.
features/community/application/comment.ts(930,11): error TS6133: 'getSampleComments' is declared but its value is never read.
features/community/application/community-service.ts(13,10): error TS6133: 'readDatabase' is declared but its value is never read.
features/community/application/community-service.ts(13,24): error TS6133: 'writeDatabase' is declared but its value is never read.
features/community/application/community-service.ts(14,10): error TS6133: 'eq' is declared but its value is never read.
features/community/application/community-service.ts(14,14): error TS6133: 'and' is declared but its value is never read.
features/community/application/community-service.ts(14,19): error TS6133: 'desc' is declared but its value is never read.
features/community/application/community-service.ts(14,30): error TS6133: 'or' is declared but its value is never read.
features/community/application/community-service.ts(25,3): error TS2724: '"./community-validation.schemas"' has no exported member named 'LikeCommentSchema'. Did you mean 'GetCommentSchema'?
features/community/application/community-service.ts(27,3): error TS2724: '"./community-validation.schemas"' has no exported member named 'ModerateCommentSchema'. Did you mean 'CreateCommentSchema'?
features/community/application/community-service.ts(31,8): error TS2724: '"./community-validation.schemas"' has no exported member named 'LikeCommentInput'. Did you mean 'GetCommentInput'?
features/community/application/community-service.ts(33,8): error TS2724: '"./community-validation.schemas"' has no exported member named 'ModerateCommentInput'. Did you mean 'CreateCommentInput'?
features/community/application/community-service.ts(44,11): error TS6133: 'cacheInvalidation' is declared but its value is never read.
features/community/application/community-service.ts(52,20): error TS2339: Property 'delete' does not exist on type 'CacheService'.
features/community/application/community-service.ts(57,22): error TS2339: Property 'delete' does not exist on type 'CacheService'.
features/community/application/community-service.ts(58,22): error TS2339: Property 'delete' does not exist on type 'CacheService'.
features/community/application/community-service.ts(91,12): error TS2339: Property 'insert' does not exist on type 'SecureQueryBuilderService'.
features/community/application/community-service.ts(97,41): error TS2339: Property 'comment_type' does not exist on type '{ bill_id: string; content: string; parent_id?: string | undefined; analyze_argument?: boolean | undefined; }'.
features/community/application/community-service.ts(98,41): error TS2339: Property 'is_anonymous' does not exist on type '{ bill_id: string; content: string; parent_id?: string | undefined; analyze_argument?: boolean | undefined; }'.
features/community/application/community-service.ts(107,12): error TS2339: Property 'update' does not exist on type 'SecureQueryBuilderService'.
features/community/application/community-service.ts(115,11): error TS2353: Object literal may only specify known properties, and 'id' does not exist in type '{ billId: string; userId: string; content: string; parentCommentId?: string | null | undefined; }'.
features/community/application/community-service.ts(135,39): error TS2339: Property 'comment_type' does not exist on type '{ bill_id: string; content: string; parent_id?: string | undefined; analyze_argument?: boolean | undefined; }'.
features/community/application/community-service.ts(175,10): error TS2339: Property 'select' does not exist on type 'SecureQueryBuilderService'.
features/community/application/community-service.ts(184,9): error TS2353: Object literal may only specify known properties, and 'id' does not exist in type '{ billId: string; userId: string; content: string; parentCommentId?: string | null | undefined; }'.
features/community/application/community-service.ts(192,59): error TS2339: Property 'COMMUNITY' does not exist on type '{ readonly SHORT: 60; readonly MEDIUM: 300; readonly LONG: 900; readonly HOUR: 3600; readonly DAY: 86400; readonly RECOMMENDATIONS: 1800; readonly QUERIES: 300; readonly ANALYTICS: 900; }'.
features/community/application/community-service.ts(210,66): error TS2345: Argument of type 'unknown' is not assignable to parameter of type 'string'.
features/community/application/community-service.ts(228,55): error TS2345: Argument of type '{}' is not assignable to parameter of type 'string'.
features/community/application/community-service.ts(240,53): error TS2345: Argument of type '{}' is not assignable to parameter of type 'string'.
features/community/application/community-service.ts(267,45): error TS2339: Property 'select' does not exist on type 'SecureQueryBuilderService'.
features/community/application/community-service.ts(285,36): error TS7006: Parameter 'row' implicitly has an 'any' type.
features/community/application/community-service.ts(287,11): error TS2353: Object literal may only specify known properties, and 'id' does not exist in type '{ billId: string; userId: string; content: string; parentCommentId?: string | null | undefined; }'.
features/community/application/community-service.ts(296,60): error TS2339: Property 'COMMUNITY' does not exist on type '{ readonly SHORT: 60; readonly MEDIUM: 300; readonly LONG: 900; readonly HOUR: 3600; readonly DAY: 86400; readonly RECOMMENDATIONS: 1800; readonly QUERIES: 300; readonly ANALYTICS: 900; }'.
features/community/application/community-service.ts(322,10): error TS2339: Property 'update' does not exist on type 'SecureQueryBuilderService'.
features/community/application/community-service.ts(337,9): error TS2353: Object literal may only specify known properties, and 'id' does not exist in type '{ billId: string; userId: string; content: string; parentCommentId?: string | null | undefined; }'.
features/community/application/community-service.ts(375,12): error TS2339: Property 'select' does not exist on type 'SecureQueryBuilderService'.
features/community/application/community-service.ts(391,12): error TS2339: Property 'update' does not exist on type 'SecureQueryBuilderService'.
features/community/application/community-service.ts(401,12): error TS2339: Property 'update' does not exist on type 'SecureQueryBuilderService'.
features/community/application/community-service.ts(449,83): error TS2339: Property 'comment_id' does not exist on type '{}'.
features/community/application/community-service.ts(456,12): error TS2339: Property 'select' does not exist on type 'SecureQueryBuilderService'.
features/community/application/community-service.ts(467,14): error TS2339: Property 'delete' does not exist on type 'SecureQueryBuilderService'.
features/community/application/community-service.ts(472,14): error TS2339: Property 'update' does not exist on type 'SecureQueryBuilderService'.
features/community/application/community-service.ts(480,14): error TS2339: Property 'insert' does not exist on type 'SecureQueryBuilderService'.
features/community/application/community-service.ts(488,14): error TS2339: Property 'update' does not exist on type 'SecureQueryBuilderService'.
features/community/application/community-service.ts(511,26): error TS2339: Property 'delete' does not exist on type 'CacheService'.
features/community/application/community-service.ts(531,46): error TS2339: Property 'details' does not exist on type '{ comment_id: string; reason: "other" | "inappropriate" | "spam" | "harassment" | "misinformation" | "off_topic"; description?: string | undefined; }'.
features/community/application/community-service.ts(532,60): error TS2339: Property 'details' does not exist on type '{ comment_id: string; reason: "other" | "inappropriate" | "spam" | "harassment" | "misinformation" | "off_topic"; description?: string | undefined; }'.
features/community/application/community-service.ts(539,12): error TS2339: Property 'insert' does not exist on type 'SecureQueryBuilderService'.
features/community/application/community-service.ts(550,12): error TS2339: Property 'update' does not exist on type 'SecureQueryBuilderService'.
features/community/application/community-service.ts(576,26): error TS2339: Property 'delete' does not exist on type 'CacheService'.
features/community/application/community-service.ts(598,83): error TS2339: Property 'comment_id' does not exist on type '{}'.
features/community/application/community-service.ts(600,44): error TS2339: Property 'moderator_notes' does not exist on type '{}'.
features/community/application/community-service.ts(601,60): error TS2339: Property 'moderator_notes' does not exist on type '{}'.
features/community/application/community-service.ts(606,10): error TS2339: Property 'update' does not exist on type 'SecureQueryBuilderService'.
features/community/application/community-service.ts(608,44): error TS2339: Property 'status' does not exist on type '{}'.
features/community/application/community-service.ts(627,33): error TS2339: Property 'status' does not exist on type '{}'.
features/community/application/community-service.ts(633,26): error TS2339: Property 'delete' does not exist on type 'CacheService'.
features/community/application/community-validation.schemas.ts(45,38): error TS2769: No overload matches this call.
  Overload 1 of 2, '(def: string): ZodDefault<ZodDefault<ZodPipeline<ZodEffects<ZodString, number, string>, ZodNumber>>>', gave the following error.
    Argument of type 'number' is not assignable to parameter of type 'string'.
  Overload 2 of 2, '(def: () => string): ZodDefault<ZodDefault<ZodPipeline<ZodEffects<ZodString, number, string>, ZodNumber>>>', gave the following error.
    Argument of type 'number' is not assignable to parameter of type '() => string'.
features/community/application/community-validation.schemas.ts(46,25): error TS2339: Property 'offset' does not exist on type '{ id: ZodString; email: ZodString; phone: ZodString; url: ZodString; searchQuery: ZodString; numericId: ZodNumber; ... 11 more ...; idArray: ZodArray<...>; }'.
features/community/application/community-validation.schemas.ts(140,38): error TS2769: No overload matches this call.
  Overload 1 of 2, '(def: string): ZodDefault<ZodDefault<ZodPipeline<ZodEffects<ZodString, number, string>, ZodNumber>>>', gave the following error.
    Argument of type 'number' is not assignable to parameter of type 'string'.
  Overload 2 of 2, '(def: () => string): ZodDefault<ZodDefault<ZodPipeline<ZodEffects<ZodString, number, string>, ZodNumber>>>', gave the following error.
    Argument of type 'number' is not assignable to parameter of type '() => string'.
features/community/application/community-validation.schemas.ts(145,38): error TS2769: No overload matches this call.
  Overload 1 of 2, '(def: string): ZodDefault<ZodDefault<ZodPipeline<ZodEffects<ZodString, number, string>, ZodNumber>>>', gave the following error.
    Argument of type 'number' is not assignable to parameter of type 'string'.
  Overload 2 of 2, '(def: () => string): ZodDefault<ZodDefault<ZodPipeline<ZodEffects<ZodString, number, string>, ZodNumber>>>', gave the following error.
    Argument of type 'number' is not assignable to parameter of type '() => string'.
features/community/application/community-validation.schemas.ts(202,25): error TS2339: Property 'offset' does not exist on type '{ id: ZodString; email: ZodString; phone: ZodString; url: ZodString; searchQuery: ZodString; numericId: ZodNumber; ... 11 more ...; idArray: ZodArray<...>; }'.
features/community/application/community-validation.schemas.ts(226,25): error TS2339: Property 'offset' does not exist on type '{ id: ZodString; email: ZodString; phone: ZodString; url: ZodString; searchQuery: ZodString; numericId: ZodNumber; ... 11 more ...; idArray: ZodArray<...>; }'.
features/community/application/community.service.ts(8,24): error TS6133: 'writeDatabase' is declared but its value is never read.
features/community/application/community.service.ts(9,20): error TS2614: Module '"@server/infrastructure/schema"' has no exported member 'votes'. Did you mean to use 'import votes from "@server/infrastructure/schema"' instead?
features/community/application/community.service.ts(9,27): error TS2614: Module '"@server/infrastructure/schema"' has no exported member 'reports'. Did you mean to use 'import reports from "@server/infrastructure/schema"' instead?
features/community/application/community.service.ts(9,36): error TS6133: 'users' is declared but its value is never read.
features/community/application/community.service.ts(10,35): error TS6133: 'count' is declared but its value is never read.
features/community/application/community.service.ts(10,42): error TS6133: 'isNull' is declared but its value is never read.
features/community/application/community.service.ts(10,50): error TS6133: 'inArray' is declared but its value is never read.
features/community/application/community.service.ts(14,3): error TS6133: 'Report' is declared but its value is never read.
features/community/application/community.service.ts(18,3): error TS6133: 'CreateReportRequest' is declared but its value is never read.
features/community/application/community.service.ts(19,3): error TS6133: 'UpdateReportRequest' is declared but its value is never read.
features/community/application/community.service.ts(21,3): error TS6133: 'VoteQueryParams' is declared but its value is never read.
features/community/application/community.service.ts(22,3): error TS6133: 'ReportQueryParams' is declared but its value is never read.
features/community/application/community.service.ts(24,3): error TS6133: 'VoteType' is declared but its value is never read.
features/community/application/community.service.ts(25,3): error TS6133: 'ReportStatus' is declared but its value is never read.
features/community/application/community.service.ts(26,8): error TS6305: Output file 'C:/Users/Access Granted/Downloads/projects/SimpleTool/shared/dist/types/api/contracts/community.contracts.d.ts' has not been built from source file 'C:/Users/Access Granted/Downloads/projects/SimpleTool/shared/types/api/contracts/community.contracts.ts'.
features/community/application/community.service.ts(40,16): error TS2348: Value of type 'typeof Ok' is not callable. Did you mean to include 'new'?
features/community/application/community.service.ts(104,61): error TS7006: Parameter 'row' implicitly has an 'any' type.
features/community/application/community.service.ts(132,14): error TS2348: Value of type 'typeof Ok' is not callable. Did you mean to include 'new'?
features/community/application/community.service.ts(136,14): error TS2348: Value of type 'typeof Err' is not callable. Did you mean to include 'new'?
features/community/application/community.service.ts(145,16): error TS2348: Value of type 'typeof Ok' is not callable. Did you mean to include 'new'?
features/community/application/community.service.ts(176,16): error TS2348: Value of type 'typeof Err' is not callable. Did you mean to include 'new'?
features/community/application/community.service.ts(208,14): error TS2348: Value of type 'typeof Ok' is not callable. Did you mean to include 'new'?
features/community/application/community.service.ts(212,14): error TS2348: Value of type 'typeof Err' is not callable. Did you mean to include 'new'?
features/community/application/community.service.ts(227,18): error TS2348: Value of type 'typeof Err' is not callable. Did you mean to include 'new'?
features/community/application/community.service.ts(239,20): error TS2348: Value of type 'typeof Err' is not callable. Did you mean to include 'new'?
features/community/application/community.service.ts(297,16): error TS2348: Value of type 'typeof Ok' is not callable. Did you mean to include 'new'?
features/community/application/community.service.ts(302,14): error TS2348: Value of type 'typeof Err' is not callable. Did you mean to include 'new'?
features/community/application/community.service.ts(317,18): error TS2348: Value of type 'typeof Err' is not callable. Did you mean to include 'new'?
features/community/application/community.service.ts(359,14): error TS2348: Value of type 'typeof Err' is not callable. Did you mean to include 'new'?
features/community/application/community.service.ts(374,18): error TS2348: Value of type 'typeof Err' is not callable. Did you mean to include 'new'?
features/community/application/community.service.ts(397,16): error TS2348: Value of type 'typeof Ok' is not callable. Did you mean to include 'new'?
features/community/application/community.service.ts(402,14): error TS2348: Value of type 'typeof Err' is not callable. Did you mean to include 'new'?
features/community/application/community.service.ts(438,18): error TS2348: Value of type 'typeof Ok' is not callable. Did you mean to include 'new'?
features/community/application/community.service.ts(463,18): error TS2348: Value of type 'typeof Ok' is not callable. Did you mean to include 'new'?
features/community/application/community.service.ts(469,14): error TS2348: Value of type 'typeof Err' is not callable. Did you mean to include 'new'?
features/community/application/community.service.ts(484,60): error TS2339: Property 'deletePattern' does not exist on type 'CacheService'.
features/community/application/community.service.ts(493,60): error TS2339: Property 'deletePattern' does not exist on type 'CacheService'.
features/community/application/community.ts(11,3): error TS6133: 'createNotFoundError' is declared but its value is never read.
features/community/application/community.ts(15,1): error TS6133: 'ERROR_CODES' is declared but its value is never read.
features/community/application/community.ts(48,7): error TS6133: 'flagContentSchema' is declared but its value is never read.
features/community/application/community.ts(53,7): error TS6133: 'createPollSchema' is declared but its value is never read.
features/community/application/community.ts(60,7): error TS6133: 'pollVoteSchema' is declared but its value is never read.
features/community/application/community.ts(73,30): error TS2345: Argument of type 'string | undefined' is not assignable to parameter of type 'string'.
  Type 'undefined' is not assignable to type 'string'.
features/community/application/community.ts(84,11): error TS2353: Object literal may only specify known properties, and 'component' does not exist in type 'Partial<ErrorContext>'.
features/community/application/community.ts(99,46): error TS2345: Argument of type '{ component: string; billId: string | undefined; }' is not assignable to parameter of type 'undefined'.
features/community/application/community.ts(100,47): error TS2353: Object literal may only specify known properties, and 'component' does not exist in type 'Partial<ErrorContext>'.
features/community/application/community.ts(114,58): error TS2353: Object literal may only specify known properties, and 'component' does not exist in type 'Partial<ErrorContext>'.
features/community/application/community.ts(125,11): error TS2353: Object literal may only specify known properties, and 'component' does not exist in type 'Partial<ErrorContext>'.
features/community/application/community.ts(140,46): error TS2345: Argument of type '{ component: string; userId: string | undefined; }' is not assignable to parameter of type 'undefined'.
features/community/application/community.ts(150,32): error TS2345: Argument of type 'string | undefined' is not assignable to parameter of type 'string'.
  Type 'undefined' is not assignable to type 'string'.
features/community/application/community.ts(158,11): error TS2353: Object literal may only specify known properties, and 'component' does not exist in type 'Partial<ErrorContext>'.
features/community/application/community.ts(170,45): error TS2345: Argument of type '{ component: string; commentId: string | undefined; }' is not assignable to parameter of type 'undefined'.
features/community/application/community.ts(171,47): error TS2353: Object literal may only specify known properties, and 'component' does not exist in type 'Partial<ErrorContext>'.
features/community/application/community.ts(180,33): error TS2345: Argument of type 'string | undefined' is not assignable to parameter of type 'string'.
  Type 'undefined' is not assignable to type 'string'.
features/community/application/community.ts(185,58): error TS2353: Object literal may only specify known properties, and 'component' does not exist in type 'Partial<ErrorContext>'.
features/community/application/community.ts(191,11): error TS2353: Object literal may only specify known properties, and 'component' does not exist in type 'Partial<ErrorContext>'.
features/community/application/community.ts(203,11): error TS2353: Object literal may only specify known properties, and 'component' does not exist in type 'Partial<ErrorContext>'.
features/community/application/community.ts(212,46): error TS2345: Argument of type '{ component: string; commentId: string | undefined; }' is not assignable to parameter of type 'undefined'.
features/community/application/community.ts(222,33): error TS2345: Argument of type 'string | undefined' is not assignable to parameter of type 'string'.
  Type 'undefined' is not assignable to type 'string'.
features/community/application/community.ts(226,58): error TS2353: Object literal may only specify known properties, and 'component' does not exist in type 'Partial<ErrorContext>'.
features/community/application/community.ts(232,11): error TS2353: Object literal may only specify known properties, and 'component' does not exist in type 'Partial<ErrorContext>'.
features/community/application/community.ts(240,46): error TS2345: Argument of type '{ component: string; commentId: string | undefined; }' is not assignable to parameter of type 'undefined'.
features/community/application/community.ts(250,30): error TS2345: Argument of type 'string | undefined' is not assignable to parameter of type 'string'.
  Type 'undefined' is not assignable to type 'string'.
features/community/application/community.ts(255,11): error TS2353: Object literal may only specify known properties, and 'component' does not exist in type 'Partial<ErrorContext>'.
features/community/application/community.ts(263,56): error TS2345: Argument of type '{ component: string; billId: string | undefined; }' is not assignable to parameter of type 'undefined'.
features/community/application/community.ts(264,47): error TS2353: Object literal may only specify known properties, and 'component' does not exist in type 'Partial<ErrorContext>'.
features/community/application/community.ts(273,30): error TS2345: Argument of type 'string | undefined' is not assignable to parameter of type 'string'.
  Type 'undefined' is not assignable to type 'string'.
features/community/application/community.ts(280,11): error TS2353: Object literal may only specify known properties, and 'component' does not exist in type 'Partial<ErrorContext>'.
features/community/application/community.ts(284,77): error TS2345: Argument of type 'number' is not assignable to parameter of type 'string'.
features/community/application/community.ts(288,55): error TS2345: Argument of type '{ component: string; billId: string | undefined; }' is not assignable to parameter of type 'undefined'.
features/community/application/community.ts(289,47): error TS2353: Object literal may only specify known properties, and 'component' does not exist in type 'Partial<ErrorContext>'.
features/community/application/community.ts(302,33): error TS2345: Argument of type 'string | undefined' is not assignable to parameter of type 'string'.
  Type 'undefined' is not assignable to type 'string'.
features/community/application/community.ts(307,58): error TS2353: Object literal may only specify known properties, and 'component' does not exist in type 'Partial<ErrorContext>'.
features/community/application/community.ts(313,11): error TS2353: Object literal may only specify known properties, and 'component' does not exist in type 'Partial<ErrorContext>'.
features/community/application/community.ts(325,11): error TS2353: Object literal may only specify known properties, and 'component' does not exist in type 'Partial<ErrorContext>'.
features/community/application/community.ts(330,65): error TS2345: Argument of type 'number' is not assignable to parameter of type 'string'.
features/community/application/community.ts(334,36): error TS2345: Argument of type '{ component: string; commentId: string | undefined; }' is not assignable to parameter of type 'undefined'.
features/community/application/community.ts(353,78): error TS2345: Argument of type 'number' is not assignable to parameter of type 'string'.
features/community/application/community.ts(379,57): error TS2345: Argument of type '{ component: string; }' is not assignable to parameter of type 'undefined'.
features/community/application/community.ts(380,47): error TS2353: Object literal may only specify known properties, and 'component' does not exist in type 'Partial<ErrorContext>'.
features/community/application/community.ts(387,54): error TS6133: 'req' is declared but its value is never read.
features/community/application/community.ts(411,53): error TS2345: Argument of type '{ component: string; }' is not assignable to parameter of type 'undefined'.
features/community/application/community.ts(412,47): error TS2353: Object literal may only specify known properties, and 'component' does not exist in type 'Partial<ErrorContext>'.
features/community/application/CommunityApplicationService.ts(89,33): error TS2339: Property 'bill_id' does not exist on type 'ValidationResult<{ bill_id: string; content: string; parent_id?: string | undefined; analyze_argument?: boolean | undefined; }>'.
features/community/application/CommunityApplicationService.ts(90,38): error TS2339: Property 'parent_id' does not exist on type 'ValidationResult<{ bill_id: string; content: string; parent_id?: string | undefined; analyze_argument?: boolean | undefined; }>'.
features/community/application/CommunityApplicationService.ts(95,33): error TS2339: Property 'bill_id' does not exist on type 'ValidationResult<{ bill_id: string; content: string; parent_id?: string | undefined; analyze_argument?: boolean | undefined; }>'.
features/community/application/CommunityApplicationService.ts(97,33): error TS2339: Property 'content' does not exist on type 'ValidationResult<{ bill_id: string; content: string; parent_id?: string | undefined; analyze_argument?: boolean | undefined; }>'.
features/community/application/CommunityApplicationService.ts(98,35): error TS2339: Property 'parent_id' does not exist on type 'ValidationResult<{ bill_id: string; content: string; parent_id?: string | undefined; analyze_argument?: boolean | undefined; }>'.
features/community/application/CommunityApplicationService.ts(101,26): error TS2339: Property 'success' does not exist on type 'ServiceResult<Comment>'.
  Property 'success' does not exist on type 'Ok<Comment, StandardizedError>'.
features/community/application/CommunityApplicationService.ts(102,39): error TS2339: Property 'error' does not exist on type 'ServiceResult<Comment>'.
  Property 'error' does not exist on type 'Ok<Comment, StandardizedError>'.
features/community/application/CommunityApplicationService.ts(105,37): error TS2339: Property 'data' does not exist on type 'ServiceResult<Comment>'.
  Property 'data' does not exist on type 'Ok<Comment, StandardizedError>'.
features/community/application/CommunityApplicationService.ts(109,26): error TS2339: Property 'analyze_argument' does not exist on type 'ValidationResult<{ bill_id: string; content: string; parent_id?: string | undefined; analyze_argument?: boolean | undefined; }>'.
features/community/application/CommunityApplicationService.ts(111,28): error TS2339: Property 'success' does not exist on type 'ServiceResult<{ comment_id: string; suggested_improvements: string[]; analyzed_at: Date; quality_metrics: { evidence_strength: number; logical_validity: number; clarity: number; relevance: number; overall_score: number; fallacy_penalty: number; }; structure: { ...; }; related_arguments: string[]; counter_arguments: ...'.
  Property 'success' does not exist on type 'Ok<{ comment_id: string; suggested_improvements: string[]; analyzed_at: Date; quality_metrics: { evidence_strength: number; logical_validity: number; clarity: number; relevance: number; overall_score: number; fallacy_penalty: number; }; structure: { ...; }; related_arguments: string[]; counter_arguments: string[]; }...'.
features/community/application/CommunityApplicationService.ts(112,37): error TS2339: Property 'data' does not exist on type 'ServiceResult<{ comment_id: string; suggested_improvements: string[]; analyzed_at: Date; quality_metrics: { evidence_strength: number; logical_validity: number; clarity: number; relevance: number; overall_score: number; fallacy_penalty: number; }; structure: { ...; }; related_arguments: string[]; counter_arguments: ...'.
  Property 'data' does not exist on type 'Ok<{ comment_id: string; suggested_improvements: string[]; analyzed_at: Date; quality_metrics: { evidence_strength: number; logical_validity: number; clarity: number; relevance: number; overall_score: number; fallacy_penalty: number; }; structure: { ...; }; related_arguments: string[]; counter_arguments: string[]; }...'.
features/community/application/CommunityApplicationService.ts(118,22): error TS2339: Property 'delete' does not exist on type 'CacheService'.
features/community/application/CommunityApplicationService.ts(118,82): error TS2339: Property 'bill_id' does not exist on type 'ValidationResult<{ bill_id: string; content: string; parent_id?: string | undefined; analyze_argument?: boolean | undefined; }>'.
features/community/application/CommunityApplicationService.ts(119,22): error TS2339: Property 'delete' does not exist on type 'CacheService'.
features/community/application/CommunityApplicationService.ts(119,89): error TS2339: Property 'bill_id' does not exist on type 'ValidationResult<{ bill_id: string; content: string; parent_id?: string | undefined; analyze_argument?: boolean | undefined; }>'.
features/community/application/CommunityApplicationService.ts(140,67): error TS2339: Property 'comment_id' does not exist on type 'ValidationResult<{ comment_id: string; include_analysis?: boolean | undefined; include_related?: boolean | undefined; include_counter_arguments?: boolean | undefined; }>'.
features/community/application/CommunityApplicationService.ts(145,76): error TS2339: Property 'comment_id' does not exist on type 'ValidationResult<{ comment_id: string; include_analysis?: boolean | undefined; include_related?: boolean | undefined; include_counter_arguments?: boolean | undefined; }>'.
features/community/application/CommunityApplicationService.ts(146,26): error TS2339: Property 'success' does not exist on type 'ServiceResult<Comment | null>'.
  Property 'success' does not exist on type 'Ok<Comment | null, StandardizedError>'.
features/community/application/CommunityApplicationService.ts(146,52): error TS2339: Property 'data' does not exist on type 'ServiceResult<Comment | null>'.
  Property 'data' does not exist on type 'Ok<Comment | null, StandardizedError>'.
features/community/application/CommunityApplicationService.ts(148,37): error TS2339: Property 'data' does not exist on type 'ServiceResult<Comment | null>'.
  Property 'data' does not exist on type 'Ok<Comment | null, StandardizedError>'.
features/community/application/CommunityApplicationService.ts(152,26): error TS2339: Property 'include_analysis' does not exist on type 'ValidationResult<{ comment_id: string; include_analysis?: boolean | undefined; include_related?: boolean | undefined; include_counter_arguments?: boolean | undefined; }>'.
features/community/application/CommunityApplicationService.ts(154,28): error TS2339: Property 'success' does not exist on type 'ServiceResult<{ comment_id: string; suggested_improvements: string[]; analyzed_at: Date; quality_metrics: { evidence_strength: number; logical_validity: number; clarity: number; relevance: number; overall_score: number; fallacy_penalty: number; }; structure: { ...; }; related_arguments: string[]; counter_arguments: ...'.
  Property 'success' does not exist on type 'Ok<{ comment_id: string; suggested_improvements: string[]; analyzed_at: Date; quality_metrics: { evidence_strength: number; logical_validity: number; clarity: number; relevance: number; overall_score: number; fallacy_penalty: number; }; structure: { ...; }; related_arguments: string[]; counter_arguments: string[]; }...'.
features/community/application/CommunityApplicationService.ts(154,54): error TS2339: Property 'data' does not exist on type 'ServiceResult<{ comment_id: string; suggested_improvements: string[]; analyzed_at: Date; quality_metrics: { evidence_strength: number; logical_validity: number; clarity: number; relevance: number; overall_score: number; fallacy_penalty: number; }; structure: { ...; }; related_arguments: string[]; counter_arguments: ...'.
  Property 'data' does not exist on type 'Ok<{ comment_id: string; suggested_improvements: string[]; analyzed_at: Date; quality_metrics: { evidence_strength: number; logical_validity: number; clarity: number; relevance: number; overall_score: number; fallacy_penalty: number; }; structure: { ...; }; related_arguments: string[]; counter_arguments: string[]; }...'.
features/community/application/CommunityApplicationService.ts(155,55): error TS2339: Property 'data' does not exist on type 'ServiceResult<{ comment_id: string; suggested_improvements: string[]; analyzed_at: Date; quality_metrics: { evidence_strength: number; logical_validity: number; clarity: number; relevance: number; overall_score: number; fallacy_penalty: number; }; structure: { ...; }; related_arguments: string[]; counter_arguments: ...'.
  Property 'data' does not exist on type 'Ok<{ comment_id: string; suggested_improvements: string[]; analyzed_at: Date; quality_metrics: { evidence_strength: number; logical_validity: number; clarity: number; relevance: number; overall_score: number; fallacy_penalty: number; }; structure: { ...; }; related_arguments: string[]; counter_arguments: string[]; }...'.
features/community/application/CommunityApplicationService.ts(160,26): error TS2339: Property 'include_related' does not exist on type 'ValidationResult<{ comment_id: string; include_analysis?: boolean | undefined; include_related?: boolean | undefined; include_counter_arguments?: boolean | undefined; }>'.
features/community/application/CommunityApplicationService.ts(162,27): error TS2339: Property 'success' does not exist on type 'ServiceResult<string[]>'.
  Property 'success' does not exist on type 'Ok<string[], StandardizedError>'.
features/community/application/CommunityApplicationService.ts(163,44): error TS2339: Property 'data' does not exist on type 'ServiceResult<string[]>'.
  Property 'data' does not exist on type 'Ok<string[], StandardizedError>'.
features/community/application/CommunityApplicationService.ts(165,28): error TS7006: Parameter 'id' implicitly has an 'any' type.
features/community/application/CommunityApplicationService.ts(168,21): error TS7006: Parameter 'r' implicitly has an 'any' type.
features/community/application/CommunityApplicationService.ts(169,18): error TS7006: Parameter 'r' implicitly has an 'any' type.
features/community/application/CommunityApplicationService.ts(173,26): error TS2339: Property 'include_counter_arguments' does not exist on type 'ValidationResult<{ comment_id: string; include_analysis?: boolean | undefined; include_related?: boolean | undefined; include_counter_arguments?: boolean | undefined; }>'.
features/community/application/CommunityApplicationService.ts(175,27): error TS2339: Property 'success' does not exist on type 'ServiceResult<string[]>'.
  Property 'success' does not exist on type 'Ok<string[], StandardizedError>'.
features/community/application/CommunityApplicationService.ts(176,44): error TS2339: Property 'data' does not exist on type 'ServiceResult<string[]>'.
  Property 'data' does not exist on type 'Ok<string[], StandardizedError>'.
features/community/application/CommunityApplicationService.ts(178,28): error TS7006: Parameter 'id' implicitly has an 'any' type.
features/community/application/CommunityApplicationService.ts(181,21): error TS7006: Parameter 'r' implicitly has an 'any' type.
features/community/application/CommunityApplicationService.ts(182,18): error TS7006: Parameter 'r' implicitly has an 'any' type.
features/community/application/CommunityApplicationService.ts(199,33): error TS2339: Property 'bill_id' does not exist on type 'ValidationResult<{ [x: string]: any; bill_id?: unknown; parent_id?: unknown; sort_by?: unknown; limit?: unknown; offset?: unknown; min_quality_score?: unknown; }>'.
features/community/application/CommunityApplicationService.ts(200,35): error TS2339: Property 'parent_id' does not exist on type 'ValidationResult<{ [x: string]: any; bill_id?: unknown; parent_id?: unknown; sort_by?: unknown; limit?: unknown; offset?: unknown; min_quality_score?: unknown; }>'.
features/community/application/CommunityApplicationService.ts(201,30): error TS2339: Property 'sort_by' does not exist on type 'ValidationResult<{ [x: string]: any; bill_id?: unknown; parent_id?: unknown; sort_by?: unknown; limit?: unknown; offset?: unknown; min_quality_score?: unknown; }>'.
features/community/application/CommunityApplicationService.ts(207,35): error TS2339: Property 'sort_by' does not exist on type 'ValidationResult<{ [x: string]: any; bill_id?: unknown; parent_id?: unknown; sort_by?: unknown; limit?: unknown; offset?: unknown; min_quality_score?: unknown; }>'.
features/community/application/CommunityApplicationService.ts(209,26): error TS2339: Property 'sort_by' does not exist on type 'ValidationResult<{ [x: string]: any; bill_id?: unknown; parent_id?: unknown; sort_by?: unknown; limit?: unknown; offset?: unknown; min_quality_score?: unknown; }>'.
features/community/application/CommunityApplicationService.ts(215,35): error TS2339: Property 'bill_id' does not exist on type 'ValidationResult<{ [x: string]: any; bill_id?: unknown; parent_id?: unknown; sort_by?: unknown; limit?: unknown; offset?: unknown; min_quality_score?: unknown; }>'.
features/community/application/CommunityApplicationService.ts(216,37): error TS2339: Property 'parent_id' does not exist on type 'ValidationResult<{ [x: string]: any; bill_id?: unknown; parent_id?: unknown; sort_by?: unknown; limit?: unknown; offset?: unknown; min_quality_score?: unknown; }>'.
features/community/application/CommunityApplicationService.ts(219,24): error TS2339: Property 'limit' does not exist on type 'ValidationResult<{ [x: string]: any; bill_id?: unknown; parent_id?: unknown; sort_by?: unknown; limit?: unknown; offset?: unknown; min_quality_score?: unknown; }>'.
features/community/application/CommunityApplicationService.ts(220,24): error TS2339: Property 'offset' does not exist on type 'ValidationResult<{ [x: string]: any; bill_id?: unknown; parent_id?: unknown; sort_by?: unknown; limit?: unknown; offset?: unknown; min_quality_score?: unknown; }>'.
features/community/application/CommunityApplicationService.ts(223,27): error TS2339: Property 'success' does not exist on type 'ServiceResult<Comment[]>'.
  Property 'success' does not exist on type 'Ok<Comment[], StandardizedError>'.
features/community/application/CommunityApplicationService.ts(224,40): error TS2339: Property 'error' does not exist on type 'ServiceResult<Comment[]>'.
  Property 'error' does not exist on type 'Ok<Comment[], StandardizedError>'.
features/community/application/CommunityApplicationService.ts(227,37): error TS2339: Property 'data' does not exist on type 'ServiceResult<Comment[]>'.
  Property 'data' does not exist on type 'Ok<Comment[], StandardizedError>'.
features/community/application/CommunityApplicationService.ts(230,26): error TS2339: Property 'min_quality_score' does not exist on type 'ValidationResult<{ [x: string]: any; bill_id?: unknown; parent_id?: unknown; sort_by?: unknown; limit?: unknown; offset?: unknown; min_quality_score?: unknown; }>'.
features/community/application/CommunityApplicationService.ts(232,47): error TS7006: Parameter 'c' implicitly has an 'any' type.
features/community/application/CommunityApplicationService.ts(235,37): error TS6133: 'c' is declared but its value is never read.
features/community/application/CommunityApplicationService.ts(235,37): error TS7006: Parameter 'c' implicitly has an 'any' type.
features/community/application/CommunityApplicationService.ts(235,40): error TS7006: Parameter 'i' implicitly has an 'any' type.
features/community/application/CommunityApplicationService.ts(238,80): error TS2339: Property 'min_quality_score' does not exist on type 'ValidationResult<{ [x: string]: any; bill_id?: unknown; parent_id?: unknown; sort_by?: unknown; limit?: unknown; offset?: unknown; min_quality_score?: unknown; }>'.
features/community/application/CommunityApplicationService.ts(254,74): error TS2339: Property 'comment_id' does not exist on type 'ValidationResult<{ content: string; comment_id: string; reanalyze?: boolean | undefined; }>'.
features/community/application/CommunityApplicationService.ts(255,33): error TS2339: Property 'content' does not exist on type 'ValidationResult<{ content: string; comment_id: string; reanalyze?: boolean | undefined; }>'.
features/community/application/CommunityApplicationService.ts(258,26): error TS2339: Property 'success' does not exist on type 'ServiceResult<Comment | null>'.
  Property 'success' does not exist on type 'Ok<Comment | null, StandardizedError>'.
features/community/application/CommunityApplicationService.ts(258,52): error TS2339: Property 'data' does not exist on type 'ServiceResult<Comment | null>'.
  Property 'data' does not exist on type 'Ok<Comment | null, StandardizedError>'.
features/community/application/CommunityApplicationService.ts(260,37): error TS2339: Property 'data' does not exist on type 'ServiceResult<Comment | null>'.
  Property 'data' does not exist on type 'Ok<Comment | null, StandardizedError>'.
features/community/application/CommunityApplicationService.ts(264,26): error TS2339: Property 'reanalyze' does not exist on type 'ValidationResult<{ content: string; comment_id: string; reanalyze?: boolean | undefined; }>'.
features/community/application/CommunityApplicationService.ts(265,101): error TS2339: Property 'content' does not exist on type 'ValidationResult<{ content: string; comment_id: string; reanalyze?: boolean | undefined; }>'.
features/community/application/CommunityApplicationService.ts(266,28): error TS2339: Property 'success' does not exist on type 'ServiceResult<{ comment_id: string; suggested_improvements: string[]; analyzed_at: Date; quality_metrics: { evidence_strength: number; logical_validity: number; clarity: number; relevance: number; overall_score: number; fallacy_penalty: number; }; structure: { ...; }; related_arguments: string[]; counter_arguments: ...'.
  Property 'success' does not exist on type 'Ok<{ comment_id: string; suggested_improvements: string[]; analyzed_at: Date; quality_metrics: { evidence_strength: number; logical_validity: number; clarity: number; relevance: number; overall_score: number; fallacy_penalty: number; }; structure: { ...; }; related_arguments: string[]; counter_arguments: string[]; }...'.
features/community/application/CommunityApplicationService.ts(267,37): error TS2339: Property 'data' does not exist on type 'ServiceResult<{ comment_id: string; suggested_improvements: string[]; analyzed_at: Date; quality_metrics: { evidence_strength: number; logical_validity: number; clarity: number; relevance: number; overall_score: number; fallacy_penalty: number; }; structure: { ...; }; related_arguments: string[]; counter_arguments: ...'.
  Property 'data' does not exist on type 'Ok<{ comment_id: string; suggested_improvements: string[]; analyzed_at: Date; quality_metrics: { evidence_strength: number; logical_validity: number; clarity: number; relevance: number; overall_score: number; fallacy_penalty: number; }; structure: { ...; }; related_arguments: string[]; counter_arguments: string[]; }...'.
features/community/application/CommunityApplicationService.ts(273,22): error TS2339: Property 'delete' does not exist on type 'CacheService'.
features/community/application/CommunityApplicationService.ts(273,72): error TS2339: Property 'comment_id' does not exist on type 'ValidationResult<{ content: string; comment_id: string; reanalyze?: boolean | undefined; }>'.
features/community/application/CommunityApplicationService.ts(274,22): error TS2339: Property 'delete' does not exist on type 'CacheService'.
features/community/application/CommunityApplicationService.ts(289,73): error TS2339: Property 'comment_id' does not exist on type 'ValidationResult<{ comment_id: string; reason?: string | undefined; }>'.
features/community/application/CommunityApplicationService.ts(291,25): error TS2339: Property 'success' does not exist on type 'ServiceResult<boolean>'.
  Property 'success' does not exist on type 'Ok<boolean, StandardizedError>'.
features/community/application/CommunityApplicationService.ts(292,38): error TS2339: Property 'error' does not exist on type 'ServiceResult<boolean>'.
  Property 'error' does not exist on type 'Ok<boolean, StandardizedError>'.
features/community/application/CommunityApplicationService.ts(295,36): error TS2339: Property 'data' does not exist on type 'ServiceResult<boolean>'.
  Property 'data' does not exist on type 'Ok<boolean, StandardizedError>'.
features/community/application/CommunityApplicationService.ts(299,28): error TS2339: Property 'delete' does not exist on type 'CacheService'.
features/community/application/CommunityApplicationService.ts(299,78): error TS2339: Property 'comment_id' does not exist on type 'ValidationResult<{ comment_id: string; reason?: string | undefined; }>'.
features/community/application/CommunityApplicationService.ts(315,36): error TS2339: Property 'comment_id' does not exist on type 'ValidationResult<{ comment_id: string; vote: "remove" | "up" | "down"; reason?: string | undefined; }>'.
features/community/application/CommunityApplicationService.ts(316,30): error TS2339: Property 'vote' does not exist on type 'ValidationResult<{ comment_id: string; vote: "remove" | "up" | "down"; reason?: string | undefined; }>'.
features/community/application/CommunityApplicationService.ts(317,38): error TS2339: Property 'reason' does not exist on type 'ValidationResult<{ comment_id: string; vote: "remove" | "up" | "down"; reason?: string | undefined; }>'.
features/community/application/CommunityApplicationService.ts(321,69): error TS2339: Property 'comment_id' does not exist on type 'ValidationResult<{ comment_id: string; vote: "remove" | "up" | "down"; reason?: string | undefined; }>'.
features/community/application/CommunityApplicationService.ts(321,96): error TS2339: Property 'vote' does not exist on type 'ValidationResult<{ comment_id: string; vote: "remove" | "up" | "down"; reason?: string | undefined; }>'.
features/community/application/CommunityApplicationService.ts(323,23): error TS2339: Property 'success' does not exist on type 'ServiceResult<{ upvotes: number; downvotes: number; }>'.
  Property 'success' does not exist on type 'Ok<{ upvotes: number; downvotes: number; }, StandardizedError>'.
features/community/application/CommunityApplicationService.ts(324,36): error TS2339: Property 'error' does not exist on type 'ServiceResult<{ upvotes: number; downvotes: number; }>'.
  Property 'error' does not exist on type 'Ok<{ upvotes: number; downvotes: number; }, StandardizedError>'.
features/community/application/CommunityApplicationService.ts(331,22): error TS2339: Property 'delete' does not exist on type 'CacheService'.
features/community/application/CommunityApplicationService.ts(331,72): error TS2339: Property 'comment_id' does not exist on type 'ValidationResult<{ comment_id: string; vote: "remove" | "up" | "down"; reason?: string | undefined; }>'.
features/community/application/CommunityApplicationService.ts(332,22): error TS2339: Property 'delete' does not exist on type 'CacheService'.
features/community/application/CommunityApplicationService.ts(335,25): error TS2339: Property 'data' does not exist on type 'ServiceResult<{ upvotes: number; downvotes: number; }>'.
  Property 'data' does not exist on type 'Ok<{ upvotes: number; downvotes: number; }, StandardizedError>'.
features/community/application/CommunityApplicationService.ts(348,27): error TS2339: Property 'force_reanalysis' does not exist on type 'ValidationResult<{ comment_id: string; force_reanalysis?: boolean | undefined; }>'.
features/community/application/CommunityApplicationService.ts(349,88): error TS2339: Property 'comment_id' does not exist on type 'ValidationResult<{ comment_id: string; force_reanalysis?: boolean | undefined; }>'.
features/community/application/CommunityApplicationService.ts(350,30): error TS2339: Property 'success' does not exist on type 'ServiceResult<{ comment_id: string; suggested_improvements: string[]; analyzed_at: Date; quality_metrics: { evidence_strength: number; logical_validity: number; clarity: number; relevance: number; overall_score: number; fallacy_penalty: number; }; structure: { ...; }; related_arguments: string[]; counter_arguments: ...'.
  Property 'success' does not exist on type 'Ok<{ comment_id: string; suggested_improvements: string[]; analyzed_at: Date; quality_metrics: { evidence_strength: number; logical_validity: number; clarity: number; relevance: number; overall_score: number; fallacy_penalty: number; }; structure: { ...; }; related_arguments: string[]; counter_arguments: string[]; }...'.
features/community/application/CommunityApplicationService.ts(350,58): error TS2339: Property 'data' does not exist on type 'ServiceResult<{ comment_id: string; suggested_improvements: string[]; analyzed_at: Date; quality_metrics: { evidence_strength: number; logical_validity: number; clarity: number; relevance: number; overall_score: number; fallacy_penalty: number; }; structure: { ...; }; related_arguments: string[]; counter_arguments: ...'.
  Property 'data' does not exist on type 'Ok<{ comment_id: string; suggested_improvements: string[]; analyzed_at: Date; quality_metrics: { evidence_strength: number; logical_validity: number; clarity: number; relevance: number; overall_score: number; fallacy_penalty: number; }; structure: { ...; }; related_arguments: string[]; counter_arguments: string[]; }...'.
features/community/application/CommunityApplicationService.ts(351,35): error TS2339: Property 'data' does not exist on type 'ServiceResult<{ comment_id: string; suggested_improvements: string[]; analyzed_at: Date; quality_metrics: { evidence_strength: number; logical_validity: number; clarity: number; relevance: number; overall_score: number; fallacy_penalty: number; }; structure: { ...; }; related_arguments: string[]; counter_arguments: ...'.
  Property 'data' does not exist on type 'Ok<{ comment_id: string; suggested_improvements: string[]; analyzed_at: Date; quality_metrics: { evidence_strength: number; logical_validity: number; clarity: number; relevance: number; overall_score: number; fallacy_penalty: number; }; structure: { ...; }; related_arguments: string[]; counter_arguments: string[]; }...'.
features/community/application/CommunityApplicationService.ts(356,76): error TS2339: Property 'comment_id' does not exist on type 'ValidationResult<{ comment_id: string; force_reanalysis?: boolean | undefined; }>'.
features/community/application/CommunityApplicationService.ts(357,26): error TS2339: Property 'success' does not exist on type 'ServiceResult<Comment | null>'.
  Property 'success' does not exist on type 'Ok<Comment | null, StandardizedError>'.
features/community/application/CommunityApplicationService.ts(357,52): error TS2339: Property 'data' does not exist on type 'ServiceResult<Comment | null>'.
  Property 'data' does not exist on type 'Ok<Comment | null, StandardizedError>'.
features/community/application/CommunityApplicationService.ts(361,37): error TS2339: Property 'data' does not exist on type 'ServiceResult<Comment | null>'.
  Property 'data' does not exist on type 'Ok<Comment | null, StandardizedError>'.
features/community/application/CommunityApplicationService.ts(364,87): error TS2339: Property 'comment_id' does not exist on type 'ValidationResult<{ comment_id: string; force_reanalysis?: boolean | undefined; }>'.
features/community/application/CommunityApplicationService.ts(366,27): error TS2339: Property 'success' does not exist on type 'ServiceResult<{ comment_id: string; suggested_improvements: string[]; analyzed_at: Date; quality_metrics: { evidence_strength: number; logical_validity: number; clarity: number; relevance: number; overall_score: number; fallacy_penalty: number; }; structure: { ...; }; related_arguments: string[]; counter_arguments: ...'.
  Property 'success' does not exist on type 'Ok<{ comment_id: string; suggested_improvements: string[]; analyzed_at: Date; quality_metrics: { evidence_strength: number; logical_validity: number; clarity: number; relevance: number; overall_score: number; fallacy_penalty: number; }; structure: { ...; }; related_arguments: string[]; counter_arguments: string[]; }...'.
features/community/application/CommunityApplicationService.ts(367,40): error TS2339: Property 'error' does not exist on type 'ServiceResult<{ comment_id: string; suggested_improvements: string[]; analyzed_at: Date; quality_metrics: { evidence_strength: number; logical_validity: number; clarity: number; relevance: number; overall_score: number; fallacy_penalty: number; }; structure: { ...; }; related_arguments: string[]; counter_arguments: ...'.
  Property 'error' does not exist on type 'Ok<{ comment_id: string; suggested_improvements: string[]; analyzed_at: Date; quality_metrics: { evidence_strength: number; logical_validity: number; clarity: number; relevance: number; overall_score: number; fallacy_penalty: number; }; structure: { ...; }; related_arguments: string[]; counter_arguments: string[]; }...'.
features/community/application/CommunityApplicationService.ts(370,29): error TS2339: Property 'data' does not exist on type 'ServiceResult<{ comment_id: string; suggested_improvements: string[]; analyzed_at: Date; quality_metrics: { evidence_strength: number; logical_validity: number; clarity: number; relevance: number; overall_score: number; fallacy_penalty: number; }; structure: { ...; }; related_arguments: string[]; counter_arguments: ...'.
  Property 'data' does not exist on type 'Ok<{ comment_id: string; suggested_improvements: string[]; analyzed_at: Date; quality_metrics: { evidence_strength: number; logical_validity: number; clarity: number; relevance: number; overall_score: number; fallacy_penalty: number; }; structure: { ...; }; related_arguments: string[]; counter_arguments: string[]; }...'.
features/community/application/CommunityApplicationService.ts(376,49): error TS2345: Argument of type 'ZodObject<{ comment_id: ZodString; similarity_threshold: ZodDefault<ZodNumber>; limit: ZodDefault<ZodDefault<ZodPipeline<ZodEffects<ZodString, number, string>, ZodNumber>>>; }, "strip", ZodTypeAny, { ...; }, { ...; }>' is not assignable to parameter of type 'ZodType<{ comment_id: string; limit: number; similarity_threshold: number; }, ZodTypeDef, { comment_id: string; limit: number; similarity_threshold: number; }>'.
  The types of '_input.limit' are incompatible between these types.
    Type 'string | undefined' is not assignable to type 'number'.
      Type 'undefined' is not assignable to type 'number'.
features/community/application/CommunityApplicationService.ts(380,36): error TS2339: Property 'comment_id' does not exist on type 'ValidationResult<{ comment_id: string; limit: number; similarity_threshold: number; }>'.
features/community/application/CommunityApplicationService.ts(381,35): error TS2339: Property 'similarity_threshold' does not exist on type 'ValidationResult<{ comment_id: string; limit: number; similarity_threshold: number; }>'.
features/community/application/CommunityApplicationService.ts(388,24): error TS2339: Property 'comment_id' does not exist on type 'ValidationResult<{ comment_id: string; limit: number; similarity_threshold: number; }>'.
features/community/application/CommunityApplicationService.ts(389,24): error TS2339: Property 'similarity_threshold' does not exist on type 'ValidationResult<{ comment_id: string; limit: number; similarity_threshold: number; }>'.
features/community/application/CommunityApplicationService.ts(390,24): error TS2339: Property 'limit' does not exist on type 'ValidationResult<{ comment_id: string; limit: number; similarity_threshold: number; }>'.
features/community/application/CommunityApplicationService.ts(393,29): error TS2339: Property 'success' does not exist on type 'ServiceResult<string[]>'.
  Property 'success' does not exist on type 'Ok<string[], StandardizedError>'.
features/community/application/CommunityApplicationService.ts(394,42): error TS2339: Property 'error' does not exist on type 'ServiceResult<string[]>'.
  Property 'error' does not exist on type 'Ok<string[], StandardizedError>'.
features/community/application/CommunityApplicationService.ts(398,48): error TS2339: Property 'data' does not exist on type 'ServiceResult<string[]>'.
  Property 'data' does not exist on type 'Ok<string[], StandardizedError>'.
features/community/application/CommunityApplicationService.ts(398,57): error TS7006: Parameter 'id' implicitly has an 'any' type.
features/community/application/CommunityApplicationService.ts(402,17): error TS7006: Parameter 'r' implicitly has an 'any' type.
features/community/application/CommunityApplicationService.ts(403,14): error TS7006: Parameter 'r' implicitly has an 'any' type.
features/community/application/CommunityApplicationService.ts(417,87): error TS2339: Property 'bill_id' does not exist on type 'ValidationResult<{ bill_id: string; min_cluster_size?: number | undefined; max_clusters?: number | undefined; }>'.
features/community/application/CommunityApplicationService.ts(422,13): error TS7034: Variable 'clusters' implicitly has type 'any[]' in some locations where its type cannot be determined.
features/community/application/CommunityApplicationService.ts(425,40): error TS7005: Variable 'clusters' implicitly has an 'any[]' type.
features/community/application/CommunityApplicationService.ts(427,14): error TS7005: Variable 'clusters' implicitly has an 'any[]' type.
features/community/application/CommunityApplicationService.ts(437,33): error TS2339: Property 'bill_id' does not exist on type 'ValidationResult<{ bill_id: string; time_period?: "day" | "week" | "all" | "month" | undefined; }>'.
features/community/application/CommunityApplicationService.ts(438,32): error TS2339: Property 'time_period' does not exist on type 'ValidationResult<{ bill_id: string; time_period?: "day" | "week" | "all" | "month" | undefined; }>'.
features/community/application/CommunityApplicationService.ts(444,84): error TS2339: Property 'bill_id' does not exist on type 'ValidationResult<{ bill_id: string; time_period?: "day" | "week" | "all" | "month" | undefined; }>'.
features/community/application/CommunityApplicationService.ts(445,27): error TS2339: Property 'success' does not exist on type 'ServiceResult<Comment[]>'.
  Property 'success' does not exist on type 'Ok<Comment[], StandardizedError>'.
features/community/application/CommunityApplicationService.ts(446,40): error TS2339: Property 'error' does not exist on type 'ServiceResult<Comment[]>'.
  Property 'error' does not exist on type 'Ok<Comment[], StandardizedError>'.
features/community/application/CommunityApplicationService.ts(449,39): error TS2339: Property 'data' does not exist on type 'ServiceResult<Comment[]>'.
  Property 'data' does not exist on type 'Ok<Comment[], StandardizedError>'.
features/community/application/CommunityApplicationService.ts(453,45): error TS7006: Parameter 'c' implicitly has an 'any' type.
features/community/application/CommunityApplicationService.ts(457,17): error TS7006: Parameter 'r' implicitly has an 'any' type.
features/community/application/CommunityApplicationService.ts(458,14): error TS7006: Parameter 'r' implicitly has an 'any' type.
features/community/application/CommunityApplicationService.ts(462,28): error TS7006: Parameter 'sum' implicitly has an 'any' type.
features/community/application/CommunityApplicationService.ts(462,33): error TS7006: Parameter 'a' implicitly has an 'any' type.
features/community/application/CommunityApplicationService.ts(466,27): error TS7006: Parameter 'a' implicitly has an 'any' type.
features/community/application/CommunityApplicationService.ts(470,27): error TS7006: Parameter 'a' implicitly has an 'any' type.
features/community/application/CommunityApplicationService.ts(474,27): error TS7006: Parameter 'c' implicitly has an 'any' type.
features/community/application/CommunityApplicationService.ts(478,36): error TS7006: Parameter 'a' implicitly has an 'any' type.
features/community/application/CommunityApplicationService.ts(479,38): error TS7006: Parameter 'a' implicitly has an 'any' type.
features/community/application/CommunityApplicationService.ts(480,35): error TS7006: Parameter 'a' implicitly has an 'any' type.
features/community/application/CommunityApplicationService.ts(484,24): error TS7006: Parameter 'a' implicitly has an 'any' type.
features/community/application/CommunityApplicationService.ts(485,39): error TS7006: Parameter 'f' implicitly has an 'any' type.
features/community/application/CommunityApplicationService.ts(496,33): error TS2339: Property 'bill_id' does not exist on type 'ValidationResult<{ bill_id: string; time_period?: "day" | "week" | "all" | "month" | undefined; }>'.
features/community/application/index.ts(8,32): error TS1205: Re-exporting a type when 'isolatedModules' is enabled requires using 'export type'.
features/community/application/index.ts(8,54): error TS1205: Re-exporting a type when 'isolatedModules' is enabled requires using 'export type'.
features/community/application/index.ts(9,32): error TS1205: Re-exporting a type when 'isolatedModules' is enabled requires using 'export type'.
features/community/application/index.ts(9,54): error TS1205: Re-exporting a type when 'isolatedModules' is enabled requires using 'export type'.
features/community/application/social-integration.ts(1,10): error TS6133: 'readDatabase' is declared but its value is never read.
features/community/application/social-integration.ts(1,39): error TS6133: 'withTransaction' is declared but its value is never read.
features/community/application/social-integration.ts(5,1): error TS6133: 'users' is declared but its value is never read.
features/community/application/social-integration.ts(292,52): error TS2307: Cannot find module '../../middleware/circuit-breaker-middleware' or its corresponding type declarations.
features/community/application/social-integration.ts(322,34): error TS2304: Cannot find name 'userSocialProfile'.
features/community/application/social-integration.ts(352,52): error TS2307: Cannot find module '../../middleware/circuit-breaker-middleware' or its corresponding type declarations.
features/community/application/social-integration.ts(406,17): error TS6133: 'executeShareAction' is declared but its value is never read.
features/community/application/social-integration.ts(410,43): error TS6133: 'user' is declared but its value is never read.
features/community/application/social-integration.ts(418,81): error TS18046: 'profile' is of type 'unknown'.
features/community/application/social-integration.ts(420,15): error TS18046: 'profile' is of type 'unknown'.
features/community/application/social-integration.ts(421,15): error TS18046: 'profile' is of type 'unknown'.
features/community/application/social-integration.ts(426,30): error TS2339: Property 'id' does not exist on type 'any[]'.
features/community/application/social-integration.ts(427,25): error TS18046: 'profile' is of type 'unknown'.
features/community/application/social-integration.ts(431,30): error TS2339: Property 'id' does not exist on type 'any[]'.
features/community/application/social-integration.ts(432,25): error TS18046: 'profile' is of type 'unknown'.
features/community/application/social-integration.ts(483,52): error TS2307: Cannot find module '../../middleware/circuit-breaker-middleware' or its corresponding type declarations.
features/community/application/social-integration.ts(526,13): error TS2339: Property 'text' does not exist on type 'unknown'.
features/community/application/social-integration.ts(526,19): error TS2339: Property 'author' does not exist on type 'unknown'.
features/community/application/social-integration.ts(526,27): error TS2339: Property 'url' does not exist on type 'unknown'.
features/community/application/social-integration.ts(526,32): error TS2339: Property 'sentiment' does not exist on type 'unknown'.
features/community/application/social-integration.ts(552,7): error TS18046: 'mention' is of type 'unknown'.
features/community/application/social-integration.ts(556,7): error TS18046: 'mention' is of type 'unknown'.
features/community/application/social-integration.ts(557,7): error TS18046: 'mention' is of type 'unknown'.
features/community/application/social-integration.ts(559,7): error TS18046: 'mention' is of type 'unknown'.
features/community/application/social-integration.ts(560,7): error TS18046: 'mention' is of type 'unknown'.
features/community/application/social-integration.ts(574,24): error TS18046: 'mention' is of type 'unknown'.
features/community/application/social-integration.ts(574,50): error TS18046: 'mention' is of type 'unknown'.
features/community/application/social-integration.ts(574,71): error TS18046: 'mention' is of type 'unknown'.
features/community/application/social-integration.ts(575,13): error TS18046: 'mention' is of type 'unknown'.
features/community/application/social-integration.ts(577,19): error TS18046: 'mention' is of type 'unknown'.
features/community/application/social-integration.ts(578,19): error TS18046: 'mention' is of type 'unknown'.
features/community/application/social-integration.ts(579,20): error TS18046: 'mention' is of type 'unknown'.
features/community/application/use-cases/create-comment.use-case.ts(103,38): error TS6133: 'userId' is declared but its value is never read.
features/community/application/use-cases/vote-on-comment.use-case.ts(59,15): error TS6133: 'vote' is declared but its value is never read.
features/community/application/use-cases/vote-on-comment.use-case.ts(108,34): error TS6133: 'commentId' is declared but its value is never read.
features/community/application/use-cases/vote-on-comment.use-case.ts(108,53): error TS6133: 'userId' is declared but its value is never read.
features/community/application/use-cases/vote-on-comment.use-case.ts(114,5): error TS6133: 'commentId' is declared but its value is never read.
features/community/application/use-cases/vote-on-comment.use-case.ts(115,5): error TS6133: 'upvoteChange' is declared but its value is never read.
features/community/application/use-cases/vote-on-comment.use-case.ts(116,5): error TS6133: 'downvoteChange' is declared but its value is never read.
features/community/domain/entities/comment.entity.ts(34,11): error TS2739: Type '{ id: string; billId: string; userId: string; parentCommentId: string | null; content: string; contentHtml: null; upvotes: number; downvotes: number; replyCount: number; moderationStatus: "pending"; ... 8 more ...; deletedAt: null; }' is missing the following properties from type 'Comment': createdBy, updatedBy
features/community/domain/index.ts(8,19): error TS1205: Re-exporting a type when 'isolatedModules' is enabled requires using 'export type'.
features/community/domain/index.ts(8,34): error TS1205: Re-exporting a type when 'isolatedModules' is enabled requires using 'export type'.
features/community/domain/index.ts(8,54): error TS1205: Re-exporting a type when 'isolatedModules' is enabled requires using 'export type'.
features/community/domain/index.ts(9,23): error TS1205: Re-exporting a type when 'isolatedModules' is enabled requires using 'export type'.
features/community/domain/index.ts(9,42): error TS1205: Re-exporting a type when 'isolatedModules' is enabled requires using 'export type'.
features/community/domain/index.ts(9,59): error TS1205: Re-exporting a type when 'isolatedModules' is enabled requires using 'export type'.
features/community/domain/index.ts(13,25): error TS1205: Re-exporting a type when 'isolatedModules' is enabled requires using 'export type'.
features/community/domain/index.ts(16,36): error TS1205: Re-exporting a type when 'isolatedModules' is enabled requires using 'export type'.
features/community/domain/index.ts(16,55): error TS1205: Re-exporting a type when 'isolatedModules' is enabled requires using 'export type'.
features/community/domain/index.ts(17,33): error TS1205: Re-exporting a type when 'isolatedModules' is enabled requires using 'export type'.
features/community/domain/index.ts(17,50): error TS1205: Re-exporting a type when 'isolatedModules' is enabled requires using 'export type'.
features/community/domain/index.ts(17,68): error TS1205: Re-exporting a type when 'isolatedModules' is enabled requires using 'export type'.
features/community/domain/services/comment-moderation.service.ts(1,1): error TS6133: 'users' is declared but its value is never read.
features/community/domain/services/comment-moderation.service.ts(40,19): error TS6133: 'comment' is declared but its value is never read.
features/community/infrastructure/mock/MockArgumentAnalysisService.ts(8,24): error TS6133: 'writeDatabase' is declared but its value is never read.
features/community/infrastructure/mock/MockArgumentAnalysisService.ts(10,1): error TS6133: 'db' is declared but its value is never read.
features/community/infrastructure/mock/MockArgumentAnalysisService.ts(26,13): error TS6133: 'result' is declared but its value is never read.
features/community/infrastructure/mock/MockArgumentAnalysisService.ts(89,5): error TS6133: 'threshold' is declared but its value is never read.
features/community/infrastructure/mock/MockArgumentAnalysisService.ts(94,24): error TS2349: This expression is not callable.
  Type 'DatabaseConnection' has no call signatures.
features/community/infrastructure/mock/MockArgumentAnalysisService.ts(124,24): error TS2349: This expression is not callable.
  Type 'DatabaseConnection' has no call signatures.
features/community/infrastructure/mock/MockArgumentAnalysisService.ts(139,24): error TS2349: This expression is not callable.
  Type 'DatabaseConnection' has no call signatures.
features/community/infrastructure/mock/MockArgumentAnalysisService.ts(325,9): error TS2322: Type '{ text: string; type: string; confidence: number; }[]' is not assignable to type '{ confidence: number; type: "value" | "policy" | "factual"; text: string; }[]'.
  Type '{ text: string; type: string; confidence: number; }' is not assignable to type '{ confidence: number; type: "value" | "policy" | "factual"; text: string; }'.
    Types of property 'type' are incompatible.
      Type 'string' is not assignable to type '"value" | "policy" | "factual"'.
features/community/infrastructure/mock/MockArgumentAnalysisService.ts(326,9): error TS2322: Type '{ text: string; source_type: string; strength: number; }[]' is not assignable to type '{ strength: number; verified: boolean; source_type: "data" | "expert" | "citation" | "none" | "anecdote"; text: string; source?: string | undefined; }[]'.
  Property 'verified' is missing in type '{ text: string; source_type: string; strength: number; }' but required in type '{ strength: number; verified: boolean; source_type: "data" | "expert" | "citation" | "none" | "anecdote"; text: string; source?: string | undefined; }'.
features/community/infrastructure/mock/MockArgumentAnalysisService.ts(327,9): error TS2322: Type '{ type: string; severity: string; confidence: number; }[]' is not assignable to type '{ description: string; severity: "low" | "high" | "medium"; type: "none" | "ad_hominem" | "straw_man" | "false_dichotomy" | "slippery_slope" | "appeal_to_authority" | "appeal_to_emotion" | "hasty_generalization" | "circular_reasoning" | "red_herring" | "false_cause"; location: string; }[]'.
  Type '{ type: string; severity: string; confidence: number; }' is missing the following properties from type '{ description: string; severity: "low" | "high" | "medium"; type: "none" | "ad_hominem" | "straw_man" | "false_dichotomy" | "slippery_slope" | "appeal_to_authority" | "appeal_to_emotion" | "hasty_generalization" | "circular_reasoning" | "red_herring" | "false_cause"; location: string; }': description, location
features/community/infrastructure/mock/MockCommentRepository.ts(8,24): error TS6133: 'writeDatabase' is declared but its value is never read.
features/community/infrastructure/mock/MockCommentRepository.ts(10,1): error TS6133: 'db' is declared but its value is never read.
features/community/infrastructure/mock/MockCommentRepository.ts(42,24): error TS2349: This expression is not callable.
  Type 'DatabaseConnection' has no call signatures.
features/community/infrastructure/mock/MockCommentRepository.ts(60,24): error TS2349: This expression is not callable.
  Type 'DatabaseConnection' has no call signatures.
features/community/infrastructure/mock/MockCommentRepository.ts(200,24): error TS2349: This expression is not callable.
  Type 'DatabaseConnection' has no call signatures.
features/community/infrastructure/social-share-storage.ts(4,24): error TS6133: 'writeDatabase' is declared but its value is never read.
features/community/infrastructure/social-share-storage.ts(4,39): error TS6133: 'withTransaction' is declared but its value is never read.
features/community/infrastructure/social-share-storage.ts(6,3): error TS2300: Duplicate identifier 'bills'.
features/community/infrastructure/social-share-storage.ts(7,8): error TS2614: Module '"@server/infrastructure/schema"' has no exported member 'InsertSocialShare'. Did you mean to use 'import InsertSocialShare from "@server/infrastructure/schema"' instead?
features/community/infrastructure/social-share-storage.ts(8,3): error TS2614: Module '"@server/infrastructure/schema"' has no exported member 'social_shares'. Did you mean to use 'import social_shares from "@server/infrastructure/schema"' instead?
features/community/infrastructure/social-share-storage.ts(9,8): error TS2614: Module '"@server/infrastructure/schema"' has no exported member 'SocialShare'. Did you mean to use 'import SocialShare from "@server/infrastructure/schema"' instead?
features/community/infrastructure/social-share-storage.ts(11,10): error TS2300: Duplicate identifier 'bills'.
features/community/infrastructure/social-share-storage.ts(14,7): error TS6133: 'CACHE_TTL' is declared but its value is never read.
features/community/infrastructure/social-share-storage.ts(27,63): error TS2345: Argument of type '{ component: string; }' is not assignable to parameter of type 'undefined'.
features/community/infrastructure/social-share-storage.ts(33,17): error TS2339: Property 'withTransaction' does not exist on type 'SocialShareStorage'.
features/community/infrastructure/social-share-storage.ts(33,40): error TS7006: Parameter 'tx' implicitly has an 'any' type.
features/community/presentation/community.routes.ts(1,1): error TS6133: 'User' is declared but its value is never read.
features/community/presentation/http/community-routes.ts(24,16): error TS2339: Property 'success' does not exist on type 'ServiceResult<CommentWithAnalysis>'.
  Property 'success' does not exist on type 'Ok<CommentWithAnalysis, StandardizedError>'.
features/community/presentation/http/community-routes.ts(27,22): error TS2339: Property 'data' does not exist on type 'ServiceResult<CommentWithAnalysis>'.
  Property 'data' does not exist on type 'Ok<CommentWithAnalysis, StandardizedError>'.
features/community/presentation/http/community-routes.ts(32,23): error TS2339: Property 'error' does not exist on type 'ServiceResult<CommentWithAnalysis>'.
  Property 'error' does not exist on type 'Ok<CommentWithAnalysis, StandardizedError>'.
features/community/presentation/http/community-routes.ts(57,16): error TS2339: Property 'success' does not exist on type 'ServiceResult<CommentWithAnalysis | null>'.
  Property 'success' does not exist on type 'Ok<CommentWithAnalysis | null, StandardizedError>'.
features/community/presentation/http/community-routes.ts(58,18): error TS2339: Property 'data' does not exist on type 'ServiceResult<CommentWithAnalysis | null>'.
  Property 'data' does not exist on type 'Ok<CommentWithAnalysis | null, StandardizedError>'.
features/community/presentation/http/community-routes.ts(61,24): error TS2339: Property 'data' does not exist on type 'ServiceResult<CommentWithAnalysis | null>'.
  Property 'data' does not exist on type 'Ok<CommentWithAnalysis | null, StandardizedError>'.
features/community/presentation/http/community-routes.ts(72,23): error TS2339: Property 'error' does not exist on type 'ServiceResult<CommentWithAnalysis | null>'.
  Property 'error' does not exist on type 'Ok<CommentWithAnalysis | null, StandardizedError>'.
features/community/presentation/http/community-routes.ts(101,16): error TS2339: Property 'success' does not exist on type 'ServiceResult<Comment[]>'.
  Property 'success' does not exist on type 'Ok<Comment[], StandardizedError>'.
features/community/presentation/http/community-routes.ts(104,22): error TS2339: Property 'data' does not exist on type 'ServiceResult<Comment[]>'.
  Property 'data' does not exist on type 'Ok<Comment[], StandardizedError>'.
features/community/presentation/http/community-routes.ts(105,23): error TS2339: Property 'data' does not exist on type 'ServiceResult<Comment[]>'.
  Property 'data' does not exist on type 'Ok<Comment[], StandardizedError>'.
features/community/presentation/http/community-routes.ts(110,23): error TS2339: Property 'error' does not exist on type 'ServiceResult<Comment[]>'.
  Property 'error' does not exist on type 'Ok<Comment[], StandardizedError>'.
features/community/presentation/http/community-routes.ts(134,16): error TS2339: Property 'success' does not exist on type 'ServiceResult<CommentWithAnalysis | null>'.
  Property 'success' does not exist on type 'Ok<CommentWithAnalysis | null, StandardizedError>'.
features/community/presentation/http/community-routes.ts(135,18): error TS2339: Property 'data' does not exist on type 'ServiceResult<CommentWithAnalysis | null>'.
  Property 'data' does not exist on type 'Ok<CommentWithAnalysis | null, StandardizedError>'.
features/community/presentation/http/community-routes.ts(138,24): error TS2339: Property 'data' does not exist on type 'ServiceResult<CommentWithAnalysis | null>'.
  Property 'data' does not exist on type 'Ok<CommentWithAnalysis | null, StandardizedError>'.
features/community/presentation/http/community-routes.ts(149,23): error TS2339: Property 'error' does not exist on type 'ServiceResult<CommentWithAnalysis | null>'.
  Property 'error' does not exist on type 'Ok<CommentWithAnalysis | null, StandardizedError>'.
features/community/presentation/http/community-routes.ts(171,16): error TS2339: Property 'success' does not exist on type 'ServiceResult<boolean>'.
  Property 'success' does not exist on type 'Ok<boolean, StandardizedError>'.
features/community/presentation/http/community-routes.ts(174,25): error TS2339: Property 'data' does not exist on type 'ServiceResult<boolean>'.
  Property 'data' does not exist on type 'Ok<boolean, StandardizedError>'.
features/community/presentation/http/community-routes.ts(179,23): error TS2339: Property 'error' does not exist on type 'ServiceResult<boolean>'.
  Property 'error' does not exist on type 'Ok<boolean, StandardizedError>'.
features/community/presentation/http/community-routes.ts(207,16): error TS2339: Property 'success' does not exist on type 'ServiceResult<{ upvotes: number; downvotes: number; }>'.
  Property 'success' does not exist on type 'Ok<{ upvotes: number; downvotes: number; }, StandardizedError>'.
features/community/presentation/http/community-routes.ts(210,22): error TS2339: Property 'data' does not exist on type 'ServiceResult<{ upvotes: number; downvotes: number; }>'.
  Property 'data' does not exist on type 'Ok<{ upvotes: number; downvotes: number; }, StandardizedError>'.
features/community/presentation/http/community-routes.ts(215,23): error TS2339: Property 'error' does not exist on type 'ServiceResult<{ upvotes: number; downvotes: number; }>'.
  Property 'error' does not exist on type 'Ok<{ upvotes: number; downvotes: number; }, StandardizedError>'.
features/community/presentation/http/community-routes.ts(242,16): error TS2339: Property 'success' does not exist on type 'ServiceResult<{ comment_id: string; suggested_improvements: string[]; analyzed_at: Date; quality_metrics: { evidence_strength: number; logical_validity: number; clarity: number; relevance: number; overall_score: number; fallacy_penalty: number; }; structure: { ...; }; related_arguments: string[]; counter_arguments: ...'.
  Property 'success' does not exist on type 'Ok<{ comment_id: string; suggested_improvements: string[]; analyzed_at: Date; quality_metrics: { evidence_strength: number; logical_validity: number; clarity: number; relevance: number; overall_score: number; fallacy_penalty: number; }; structure: { ...; }; related_arguments: string[]; counter_arguments: string[]; }...'.
features/community/presentation/http/community-routes.ts(245,22): error TS2339: Property 'data' does not exist on type 'ServiceResult<{ comment_id: string; suggested_improvements: string[]; analyzed_at: Date; quality_metrics: { evidence_strength: number; logical_validity: number; clarity: number; relevance: number; overall_score: number; fallacy_penalty: number; }; structure: { ...; }; related_arguments: string[]; counter_arguments: ...'.
  Property 'data' does not exist on type 'Ok<{ comment_id: string; suggested_improvements: string[]; analyzed_at: Date; quality_metrics: { evidence_strength: number; logical_validity: number; clarity: number; relevance: number; overall_score: number; fallacy_penalty: number; }; structure: { ...; }; related_arguments: string[]; counter_arguments: string[]; }...'.
features/community/presentation/http/community-routes.ts(250,23): error TS2339: Property 'error' does not exist on type 'ServiceResult<{ comment_id: string; suggested_improvements: string[]; analyzed_at: Date; quality_metrics: { evidence_strength: number; logical_validity: number; clarity: number; relevance: number; overall_score: number; fallacy_penalty: number; }; structure: { ...; }; related_arguments: string[]; counter_arguments: ...'.
  Property 'error' does not exist on type 'Ok<{ comment_id: string; suggested_improvements: string[]; analyzed_at: Date; quality_metrics: { evidence_strength: number; logical_validity: number; clarity: number; relevance: number; overall_score: number; fallacy_penalty: number; }; structure: { ...; }; related_arguments: string[]; counter_arguments: string[]; }...'.
features/community/presentation/http/community-routes.ts(276,16): error TS2339: Property 'success' does not exist on type 'ServiceResult<Comment[]>'.
  Property 'success' does not exist on type 'Ok<Comment[], StandardizedError>'.
features/community/presentation/http/community-routes.ts(279,22): error TS2339: Property 'data' does not exist on type 'ServiceResult<Comment[]>'.
  Property 'data' does not exist on type 'Ok<Comment[], StandardizedError>'.
features/community/presentation/http/community-routes.ts(284,23): error TS2339: Property 'error' does not exist on type 'ServiceResult<Comment[]>'.
  Property 'error' does not exist on type 'Ok<Comment[], StandardizedError>'.
features/community/presentation/http/community-routes.ts(302,74): error TS2345: Argument of type '{ bill_id: string; min_cluster_size: number; }' is not assignable to parameter of type '{ bill_id: string; min_cluster_size: number; max_clusters: number; }'.
  Property 'max_clusters' is missing in type '{ bill_id: string; min_cluster_size: number; }' but required in type '{ bill_id: string; min_cluster_size: number; max_clusters: number; }'.
features/community/presentation/http/community-routes.ts(309,16): error TS2339: Property 'success' does not exist on type 'ServiceResult<any>'.
  Property 'success' does not exist on type 'Ok<any, StandardizedError>'.
features/community/presentation/http/community-routes.ts(312,22): error TS2339: Property 'data' does not exist on type 'ServiceResult<any>'.
  Property 'data' does not exist on type 'Ok<any, StandardizedError>'.
features/community/presentation/http/community-routes.ts(317,23): error TS2339: Property 'error' does not exist on type 'ServiceResult<any>'.
  Property 'error' does not exist on type 'Ok<any, StandardizedError>'.
features/community/presentation/http/community-routes.ts(340,16): error TS2339: Property 'success' does not exist on type 'ServiceResult<{ bill_id: string; engagement_rate: number; calculated_at: Date; total_comments: number; average_quality_score: number; evidence_rate: number; fallacy_rate: number; quality_distribution: { ...; }; top_fallacies: { ...; }[]; }>'.
  Property 'success' does not exist on type 'Ok<{ bill_id: string; engagement_rate: number; calculated_at: Date; total_comments: number; average_quality_score: number; evidence_rate: number; fallacy_rate: number; quality_distribution: { ...; }; top_fallacies: { ...; }[]; }, StandardizedError>'.
features/community/presentation/http/community-routes.ts(343,22): error TS2339: Property 'data' does not exist on type 'ServiceResult<{ bill_id: string; engagement_rate: number; calculated_at: Date; total_comments: number; average_quality_score: number; evidence_rate: number; fallacy_rate: number; quality_distribution: { ...; }; top_fallacies: { ...; }[]; }>'.
  Property 'data' does not exist on type 'Ok<{ bill_id: string; engagement_rate: number; calculated_at: Date; total_comments: number; average_quality_score: number; evidence_rate: number; fallacy_rate: number; quality_distribution: { ...; }; top_fallacies: { ...; }[]; }, StandardizedError>'.
features/community/presentation/http/community-routes.ts(348,23): error TS2339: Property 'error' does not exist on type 'ServiceResult<{ bill_id: string; engagement_rate: number; calculated_at: Date; total_comments: number; average_quality_score: number; evidence_rate: number; fallacy_rate: number; quality_distribution: { ...; }; top_fallacies: { ...; }[]; }>'.
  Property 'error' does not exist on type 'Ok<{ bill_id: string; engagement_rate: number; calculated_at: Date; total_comments: number; average_quality_score: number; evidence_rate: number; fallacy_rate: number; quality_distribution: { ...; }; top_fallacies: { ...; }[]; }, StandardizedError>'.
features/community/presentation/http/community-validation.middleware.ts(15,3): error TS2305: Module '"../../application/community-validation.schemas"' has no exported member 'GetRepliesSchema'.
features/community/presentation/http/community-validation.middleware.ts(16,3): error TS2724: '"../../application/community-validation.schemas"' has no exported member named 'SearchCommentsSchema'. Did you mean 'GetCommentsSchema'?
features/community/presentation/http/community-validation.middleware.ts(17,3): error TS2724: '"../../application/community-validation.schemas"' has no exported member named 'LikeCommentSchema'. Did you mean 'GetCommentSchema'?
features/community/presentation/http/community-validation.middleware.ts(18,3): error TS2724: '"../../application/community-validation.schemas"' has no exported member named 'EndorseCommentSchema'. Did you mean 'VoteCommentSchema'?
features/community/presentation/http/community-validation.middleware.ts(20,3): error TS2724: '"../../application/community-validation.schemas"' has no exported member named 'ModerateCommentSchema'. Did you mean 'CreateCommentSchema'?
features/community/presentation/http/community-validation.middleware.ts(21,3): error TS2724: '"../../application/community-validation.schemas"' has no exported member named 'HighlightCommentSchema'. Did you mean 'GetCommentSchema'?
features/community/presentation/http/community-validation.middleware.ts(22,3): error TS2305: Module '"../../application/community-validation.schemas"' has no exported member 'CreateDiscussionSchema'.
features/community/presentation/http/community-validation.middleware.ts(23,3): error TS2305: Module '"../../application/community-validation.schemas"' has no exported member 'UpdateDiscussionSchema'.
features/community/presentation/http/community-validation.middleware.ts(24,3): error TS2724: '"../../application/community-validation.schemas"' has no exported member named 'GetCommentStatsSchema'. Did you mean 'GetCommentsSchema'?
features/community/presentation/http/community-validation.middleware.ts(25,3): error TS2305: Module '"../../application/community-validation.schemas"' has no exported member 'GetTrendingDiscussionsSchema'.
features/community/presentation/http/community-validation.middleware.ts(35,59): error TS6133: 'res' is declared but its value is never read.
features/community/presentation/http/community-validation.middleware.ts(40,41): error TS2345: Argument of type 'string' is not assignable to parameter of type '{ field: string; message: string; value?: unknown; }[]'.
features/community/presentation/http/community-validation.middleware.ts(53,59): error TS6133: 'res' is declared but its value is never read.
features/community/presentation/http/community-validation.middleware.ts(58,41): error TS2345: Argument of type 'string' is not assignable to parameter of type '{ field: string; message: string; value?: unknown; }[]'.
features/community/presentation/http/community-validation.middleware.ts(75,57): error TS6133: 'res' is declared but its value is never read.
features/community/presentation/http/community-validation.middleware.ts(83,41): error TS2345: Argument of type 'string' is not assignable to parameter of type '{ field: string; message: string; value?: unknown; }[]'.
features/community/presentation/http/community-validation.middleware.ts(96,56): error TS6133: 'res' is declared but its value is never read.
features/community/presentation/http/community-validation.middleware.ts(104,41): error TS2345: Argument of type 'string' is not assignable to parameter of type '{ field: string; message: string; value?: unknown; }[]'.
features/community/presentation/http/community-validation.middleware.ts(117,60): error TS6133: 'res' is declared but its value is never read.
features/community/presentation/http/community-validation.middleware.ts(122,41): error TS2345: Argument of type 'string' is not assignable to parameter of type '{ field: string; message: string; value?: unknown; }[]'.
features/community/presentation/http/community-validation.middleware.ts(139,57): error TS6133: 'res' is declared but its value is never read.
features/community/presentation/http/community-validation.middleware.ts(146,41): error TS2345: Argument of type 'string' is not assignable to parameter of type '{ field: string; message: string; value?: unknown; }[]'.
features/community/presentation/http/community-validation.middleware.ts(159,60): error TS6133: 'res' is declared but its value is never read.
features/community/presentation/http/community-validation.middleware.ts(167,41): error TS2345: Argument of type 'string' is not assignable to parameter of type '{ field: string; message: string; value?: unknown; }[]'.
features/community/presentation/http/community-validation.middleware.ts(180,57): error TS6133: 'res' is declared but its value is never read.
features/community/presentation/http/community-validation.middleware.ts(188,41): error TS2345: Argument of type 'string' is not assignable to parameter of type '{ field: string; message: string; value?: unknown; }[]'.
features/community/presentation/http/community-validation.middleware.ts(205,61): error TS6133: 'res' is declared but its value is never read.
features/community/presentation/http/community-validation.middleware.ts(213,41): error TS2345: Argument of type 'string' is not assignable to parameter of type '{ field: string; message: string; value?: unknown; }[]'.
features/community/presentation/http/community-validation.middleware.ts(226,62): error TS6133: 'res' is declared but its value is never read.
features/community/presentation/http/community-validation.middleware.ts(234,41): error TS2345: Argument of type 'string' is not assignable to parameter of type '{ field: string; message: string; value?: unknown; }[]'.
features/community/presentation/http/community-validation.middleware.ts(251,62): error TS6133: 'res' is declared but its value is never read.
features/community/presentation/http/community-validation.middleware.ts(256,41): error TS2345: Argument of type 'string' is not assignable to parameter of type '{ field: string; message: string; value?: unknown; }[]'.
features/community/presentation/http/community-validation.middleware.ts(269,62): error TS6133: 'res' is declared but its value is never read.
features/community/presentation/http/community-validation.middleware.ts(274,41): error TS2345: Argument of type 'string' is not assignable to parameter of type '{ field: string; message: string; value?: unknown; }[]'.
features/community/presentation/http/community-validation.middleware.ts(291,61): error TS6133: 'res' is declared but its value is never read.
features/community/presentation/http/community-validation.middleware.ts(296,41): error TS2345: Argument of type 'string' is not assignable to parameter of type '{ field: string; message: string; value?: unknown; }[]'.
features/community/presentation/http/community-validation.middleware.ts(309,68): error TS6133: 'res' is declared but its value is never read.
features/community/presentation/http/community-validation.middleware.ts(314,41): error TS2345: Argument of type 'string' is not assignable to parameter of type '{ field: string; message: string; value?: unknown; }[]'.
features/constitutional-analysis/application/constitutional-analysis-service.ts(2,14): error TS6133: 'readDatabase' is declared but its value is never read.
features/constitutional-analysis/application/constitutional-analysis-service.ts(2,28): error TS6133: 'writeDatabase' is declared but its value is never read.
features/constitutional-analysis/application/constitutional-analysis-service.ts(6,3): error TS2614: Module '"@server/infrastructure/schema"' has no exported member 'analysis_audit_trail'. Did you mean to use 'import analysis_audit_trail from "@server/infrastructure/schema"' instead?
features/constitutional-analysis/application/constitutional-analysis-service.ts(7,3): error TS2614: Module '"@server/infrastructure/schema"' has no exported member 'constitutional_analyses'. Did you mean to use 'import constitutional_analyses from "@server/infrastructure/schema"' instead?
features/constitutional-analysis/application/constitutional-analysis-service.ts(8,3): error TS2614: Module '"@server/infrastructure/schema"' has no exported member 'constitutional_provisions'. Did you mean to use 'import constitutional_provisions from "@server/infrastructure/schema"' instead?
features/constitutional-analysis/application/constitutional-analysis-service.ts(9,3): error TS2614: Module '"@server/infrastructure/schema"' has no exported member 'expert_review_queue'. Did you mean to use 'import expert_review_queue from "@server/infrastructure/schema"' instead?
features/constitutional-analysis/application/constitutional-analysis-service.ts(10,3): error TS2614: Module '"@server/infrastructure/schema"' has no exported member 'legal_precedents'. Did you mean to use 'import legal_precedents from "@server/infrastructure/schema"' instead?
features/constitutional-analysis/application/constitutional-analysis-service.ts(18,6): error TS6196: 'ConstitutionalProvision' is declared but never used.
features/constitutional-analysis/application/constitutional-analysis-service.ts(19,6): error TS6196: 'LegalPrecedent' is declared but never used.
features/constitutional-analysis/application/constitutional-analysis-service.ts(73,92): error TS2353: Object literal may only specify known properties, and 'id' does not exist in type 'Partial<ErrorContext>'.
features/constitutional-analysis/application/constitutional-analysis-service.ts(120,91): error TS2353: Object literal may only specify known properties, and 'options' does not exist in type 'Partial<ErrorContext>'.
features/constitutional-analysis/application/constitutional-analysis-service.ts(144,98): error TS2353: Object literal may only specify known properties, and 'article' does not exist in type 'Partial<ErrorContext>'.
features/constitutional-analysis/application/constitutional-analysis-service.ts(162,92): error TS2353: Object literal may only specify known properties, and 'id' does not exist in type 'Partial<ErrorContext>'.
features/constitutional-analysis/application/constitutional-analysis-service.ts(231,91): error TS2353: Object literal may only specify known properties, and 'options' does not exist in type 'Partial<ErrorContext>'.
features/constitutional-analysis/application/constitutional-analysis-service.ts(287,87): error TS2353: Object literal may only specify known properties, and 'bill_id' does not exist in type 'Partial<ErrorContext>'.
features/constitutional-analysis/application/constitutional-analysis-service.ts(309,95): error TS2353: Object literal may only specify known properties, and 'bill_id' does not exist in type 'Partial<ErrorContext>'.
features/constitutional-analysis/application/constitutional-analysis-service.ts(323,91): error TS2353: Object literal may only specify known properties, and 'id' does not exist in type 'Partial<ErrorContext>'.
features/constitutional-analysis/application/constitutional-analysis-service.ts(373,95): error TS2561: Object literal may only specify known properties, but 'request' does not exist in type 'Partial<ErrorContext>'. Did you mean to write 'requestId'?
features/constitutional-analysis/application/constitutional-analyzer.ts(10,15): error TS2724: '"@server/infrastructure/schema/index"' has no exported member named 'ConstitutionalProvision'. Did you mean 'constitutional_provisions'?
features/constitutional-analysis/application/constitutional-analyzer.ts(11,1): error TS6133: 'bills' is declared but its value is never read.
features/constitutional-analysis/application/constitutional-analyzer.ts(83,30): error TS2339: Property 'length' does not exist on type 'ServiceResult<{ id: string; created_at: Date; updated_at: Date; title: string; summary: string | null; full_text: string; chapter_number: number; article_number: number | null; section_number: number | null; ... 5 more ...; keywords: string[] | null; }[]>'.
  Property 'length' does not exist on type 'Ok<{ id: string; created_at: Date; updated_at: Date; title: string; summary: string | null; full_text: string; chapter_number: number; article_number: number | null; section_number: number | null; ... 5 more ...; keywords: string[] | null; }[], StandardizedError>'.
features/constitutional-analysis/infrastructure/external/legal-database-client.ts(31,20): error TS6133: 'apiKey' is declared but its value is never read.
features/constitutional-analysis/infrastructure/external/legal-database-client.ts(32,20): error TS6133: 'timeout' is declared but its value is never read.
features/constitutional-analysis/types/index.ts(6,33): error TS2724: '"@server/infrastructure/schema/index"' has no exported member named 'ConstitutionalProvision'. Did you mean 'constitutional_provisions'?
features/constitutional-intelligence/application/constitutional-intelligence-service.ts(29,22): error TS2339: Property 'constitutional_analyses' does not exist on type 'typeof import("@server/infrastructure/schema")'.
features/constitutional-intelligence/application/constitutional-intelligence-service.ts(30,26): error TS2339: Property 'constitutional_analyses' does not exist on type 'typeof import("@server/infrastructure/schema")'.
features/constitutional-intelligence/application/constitutional-service.ts(11,1): error TS6133: 'bills' is declared but its value is never read.
features/constitutional-intelligence/application/constitutional-service.ts(64,9): error TS2353: Object literal may only specify known properties, and 'billText' does not exist in type 'ConstitutionalAnalysisInput'.
features/constitutional-intelligence/application/constitutional-service.ts(78,9): error TS2353: Object literal may only specify known properties, and 'billId' does not exist in type 'ConstitutionalAnalysisResult'.
features/constitutional-intelligence/application/constitutional-service.ts(89,18): error TS2339: Property 'alignmentScore' does not exist on type 'TierResult<ConstitutionalAnalysisResult>'.
features/constitutional-intelligence/application/constitutional-service.ts(90,18): error TS2339: Property 'violations' does not exist on type 'TierResult<ConstitutionalAnalysisResult>'.
features/constitutional-intelligence/application/constitutional-service.ts(98,34): error TS2339: Property 'alignmentScore' does not exist on type 'TierResult<ConstitutionalAnalysisResult>'.
features/constitutional-intelligence/application/constitutional-service.ts(99,30): error TS2339: Property 'violations' does not exist on type 'TierResult<ConstitutionalAnalysisResult>'.
features/constitutional-intelligence/domain/index.ts(10,3): error TS1205: Re-exporting a type when 'isolatedModules' is enabled requires using 'export type'.
features/constitutional-intelligence/domain/index.ts(11,3): error TS1205: Re-exporting a type when 'isolatedModules' is enabled requires using 'export type'.
features/constitutional-intelligence/domain/index.ts(12,3): error TS1205: Re-exporting a type when 'isolatedModules' is enabled requires using 'export type'.
features/constitutional-intelligence/domain/index.ts(17,3): error TS1205: Re-exporting a type when 'isolatedModules' is enabled requires using 'export type'.
features/constitutional-intelligence/domain/index.ts(18,3): error TS1205: Re-exporting a type when 'isolatedModules' is enabled requires using 'export type'.
features/constitutional-intelligence/domain/index.ts(19,3): error TS1205: Re-exporting a type when 'isolatedModules' is enabled requires using 'export type'.
features/constitutional-intelligence/domain/index.ts(20,3): error TS1205: Re-exporting a type when 'isolatedModules' is enabled requires using 'export type'.
features/constitutional-intelligence/domain/index.ts(21,3): error TS1205: Re-exporting a type when 'isolatedModules' is enabled requires using 'export type'.
features/constitutional-intelligence/domain/index.ts(25,36): error TS1205: Re-exporting a type when 'isolatedModules' is enabled requires using 'export type'.
features/constitutional-intelligence/domain/index.ts(26,35): error TS1205: Re-exporting a type when 'isolatedModules' is enabled requires using 'export type'.
features/constitutional-intelligence/domain/services/provision-matcher.service.ts(103,46): error TS18048: 'firstMatch' is possibly 'undefined'.
features/constitutional-intelligence/domain/services/provision-matcher.service.ts(109,47): error TS18048: 'firstMatch' is possibly 'undefined'.
features/constitutional-intelligence/domain/services/violation-detector.service.ts(150,51): error TS2345: Argument of type 'string | undefined' is not assignable to parameter of type 'string'.
  Type 'undefined' is not assignable to type 'string'.
features/constitutional-intelligence/index.ts(1,1): error TS6133: 'bills' is declared but its value is never read.
features/constitutional-intelligence/presentation/http/routes.ts(11,25): error TS7030: Not all code paths return a value.
features/constitutional-intelligence/presentation/http/routes.ts(41,29): error TS7030: Not all code paths return a value.
features/constitutional-intelligence/presentation/http/routes.ts(64,34): error TS6133: 'req' is declared but its value is never read.
features/constitutional-intelligence/presentation/http/routes.ts(96,32): error TS7030: Not all code paths return a value.
features/constitutional-intelligence/presentation/http/routes.ts(118,31): error TS7030: Not all code paths return a value.
features/constitutional-intelligence/presentation/http/routes.ts(185,41): error TS6133: 'req' is declared but its value is never read.
features/constitutional-intelligence/presentation/http/routes.ts(200,42): error TS6133: 'req' is declared but its value is never read.
features/constitutional-intelligence/presentation/http/routes.ts(214,41): error TS6133: 'req' is declared but its value is never read.
features/electoral-accountability/domain/electoral-accountability.service.ts(8,25): error TS6133: 'sql' is declared but its value is never read.
features/electoral-accountability/domain/electoral-accountability.service.ts(34,3): error TS6133: 'NoSentimentDataError' is declared but its value is never read.
features/electoral-accountability/domain/electoral-accountability.service.ts(79,7): error TS2345: Argument of type 'string | null' is not assignable to parameter of type 'number'.
  Type 'null' is not assignable to type 'number'.
features/electoral-accountability/domain/electoral-accountability.service.ts(95,7): error TS2345: Argument of type 'string | null' is not assignable to parameter of type 'number'.
  Type 'null' is not assignable to type 'number'.
features/electoral-accountability/domain/electoral-accountability.service.ts(108,57): error TS2345: Argument of type 'string | null' is not assignable to parameter of type 'number'.
  Type 'null' is not assignable to type 'number'.
features/electoral-accountability/domain/electoral-accountability.service.ts(121,5): error TS2322: Type '{ id: string; constituency: string; metadata: unknown; created_at: Date; updated_at: Date; sponsor_id: string; bill_id: string; analysis_date: Date; voting_record_id: string; sentiment_id: string; ... 6 more ...; is_misaligned: boolean; } | undefined' is not assignable to type '{ id: string; constituency: string; metadata: unknown; created_at: Date; updated_at: Date; sponsor_id: string; bill_id: string; analysis_date: Date; voting_record_id: string; sentiment_id: string; ... 6 more ...; is_misaligned: boolean; }'.
  Type 'undefined' is not assignable to type '{ id: string; constituency: string; metadata: unknown; created_at: Date; updated_at: Date; sponsor_id: string; bill_id: string; analysis_date: Date; voting_record_id: string; sentiment_id: string; ... 6 more ...; is_misaligned: boolean; }'.
features/electoral-accountability/domain/electoral-accountability.service.ts(251,68): error TS2769: No overload matches this call.
  Overload 1 of 2, '(value: { description: string | SQL<unknown> | Placeholder<string, any>; campaign_name: string | SQL<unknown> | Placeholder<string, any>; campaign_slug: string | ... 1 more ... | Placeholder<...>; ... 21 more ...; organizer_ids?: SQL<...> | ... 3 more ... | undefined; }): PgInsertBase<...>', gave the following error.
    Type 'string' is not assignable to type 'SQL<unknown> | "baringo" | "bomet" | "bungoma" | "busia" | "elgeyo_marakwet" | "embu" | "garissa" | "homa_bay" | "isiolo" | "kajiado" | "kakamega" | "kericho" | "kiambu" | "kilifi" | ... 33 more ... | Placeholder<...>'.
  Overload 2 of 2, '(values: { description: string | SQL<unknown> | Placeholder<string, any>; campaign_name: string | SQL<unknown> | Placeholder<string, any>; campaign_slug: string | ... 1 more ... | Placeholder<...>; ... 21 more ...; organizer_ids?: SQL<...> | ... 3 more ... | undefined; }[]): PgInsertBase<...>', gave the following error.
    Object literal may only specify known properties, and 'campaign_name' does not exist in type '{ description: string | SQL<unknown> | Placeholder<string, any>; campaign_name: string | SQL<unknown> | Placeholder<string, any>; campaign_slug: string | SQL<...> | Placeholder<...>; ... 21 more ...; organizer_ids?: SQL<...> | ... 3 more ... | undefined; }[]'.
features/electoral-accountability/domain/electoral-accountability.service.ts(264,19): error TS2532: Object is possibly 'undefined'.
features/electoral-accountability/domain/electoral-accountability.service.ts(269,5): error TS2322: Type '{ id: string; metadata: unknown; created_at: Date; updated_at: Date; start_date: Date; end_date: Date | null; description: string; status: string; participant_count: number; ... 15 more ...; organizer_ids: string[] | null; } | undefined' is not assignable to type '{ id: string; metadata: unknown; created_at: Date; updated_at: Date; start_date: Date; end_date: Date | null; description: string; status: string; participant_count: number; ... 15 more ...; organizer_ids: string[] | null; }'.
  Type 'undefined' is not assignable to type '{ id: string; metadata: unknown; created_at: Date; updated_at: Date; start_date: Date; end_date: Date | null; description: string; status: string; participant_count: number; ... 15 more ...; organizer_ids: string[] | null; }'.
features/electoral-accountability/index.ts(11,10): error TS2305: Module '"./presentation/http/routes"' has no exported member 'default'.
features/electoral-accountability/infrastructure/electoral-accountability-cache.service.ts(7,10): error TS2305: Module '"@server/infrastructure/cache/cache-factory"' has no exported member 'cacheFactory'.
features/electoral-accountability/infrastructure/electoral-accountability-cache.service.ts(122,33): error TS2345: Argument of type '`constituency:${string}`' is not assignable to parameter of type '"electoral-accountability" | "gap-analysis"'.
features/electoral-accountability/infrastructure/electoral-accountability-cache.service.ts(123,30): error TS2345: Argument of type '`sponsor:${string}`' is not assignable to parameter of type '"electoral-accountability" | "gap-analysis"'.
features/feature-flags/application/feature-flag-validation.schemas.ts(8,1): error TS6133: 'CommonSchemas' is declared but its value is never read.
features/feature-flags/application/FeatureFlagApplicationService.ts(8,1): error TS6133: 'logger' is declared but its value is never read.
features/feature-flags/application/FeatureFlagApplicationService.ts(45,26): error TS2339: Property 'delete' does not exist on type 'CacheService'.
features/feature-flags/application/FeatureFlagApplicationService.ts(56,72): error TS2339: Property 'flagName' does not exist on type 'ValidationResult<{ flagName: string; }>'.
features/feature-flags/application/FeatureFlagApplicationService.ts(60,68): error TS2339: Property 'flagName' does not exist on type 'ValidationResult<{ flagName: string; }>'.
features/feature-flags/application/FeatureFlagApplicationService.ts(99,24): error TS2339: Property 'delete' does not exist on type 'CacheService'.
features/feature-flags/application/FeatureFlagApplicationService.ts(100,24): error TS2339: Property 'delete' does not exist on type 'CacheService'.
features/feature-flags/application/FeatureFlagApplicationService.ts(112,74): error TS2339: Property 'flagName' does not exist on type 'ValidationResult<{ flagName: string; }>'.
features/feature-flags/application/FeatureFlagApplicationService.ts(117,24): error TS2339: Property 'delete' does not exist on type 'CacheService'.
features/feature-flags/application/FeatureFlagApplicationService.ts(117,79): error TS2339: Property 'flagName' does not exist on type 'ValidationResult<{ flagName: string; }>'.
features/feature-flags/application/FeatureFlagApplicationService.ts(118,24): error TS2339: Property 'delete' does not exist on type 'CacheService'.
features/feature-flags/application/FeatureFlagApplicationService.ts(131,24): error TS2339: Property 'flagName' does not exist on type 'ValidationResult<{ enabled: boolean; flagName: string; }>'.
features/feature-flags/application/FeatureFlagApplicationService.ts(132,24): error TS2339: Property 'enabled' does not exist on type 'ValidationResult<{ enabled: boolean; flagName: string; }>'.
features/feature-flags/application/FeatureFlagApplicationService.ts(138,24): error TS2339: Property 'delete' does not exist on type 'CacheService'.
features/feature-flags/application/FeatureFlagApplicationService.ts(138,79): error TS2339: Property 'flagName' does not exist on type 'ValidationResult<{ enabled: boolean; flagName: string; }>'.
features/feature-flags/application/FeatureFlagApplicationService.ts(139,24): error TS2339: Property 'delete' does not exist on type 'CacheService'.
features/feature-flags/application/FeatureFlagApplicationService.ts(154,24): error TS2339: Property 'flagName' does not exist on type 'ValidationResult<{ flagName: string; percentage: number; }>'.
features/feature-flags/application/FeatureFlagApplicationService.ts(155,24): error TS2339: Property 'percentage' does not exist on type 'ValidationResult<{ flagName: string; percentage: number; }>'.
features/feature-flags/application/FeatureFlagApplicationService.ts(161,24): error TS2339: Property 'delete' does not exist on type 'CacheService'.
features/feature-flags/application/FeatureFlagApplicationService.ts(161,79): error TS2339: Property 'flagName' does not exist on type 'ValidationResult<{ flagName: string; percentage: number; }>'.
features/feature-flags/application/FeatureFlagApplicationService.ts(162,24): error TS2339: Property 'delete' does not exist on type 'CacheService'.
features/feature-flags/application/FeatureFlagApplicationService.ts(180,24): error TS2339: Property 'flagName' does not exist on type 'ValidationResult<{ flagName: string; context?: { timestamp?: Date | undefined; userId?: string | undefined; environment?: "production" | "development" | "staging" | undefined; userAttributes?: Record<...> | undefined; } | undefined; }>'.
features/feature-flags/application/FeatureFlagApplicationService.ts(181,24): error TS2339: Property 'context' does not exist on type 'ValidationResult<{ flagName: string; context?: { timestamp?: Date | undefined; userId?: string | undefined; environment?: "production" | "development" | "staging" | undefined; userAttributes?: Record<...> | undefined; } | undefined; }>'.
features/feature-flags/application/FeatureFlagApplicationService.ts(198,30): error TS2339: Property 'flagName' does not exist on type 'ValidationResult<{ flagName: string; startDate?: Date | undefined; endDate?: Date | undefined; }>'.
features/feature-flags/application/FeatureFlagApplicationService.ts(199,31): error TS2339: Property 'startDate' does not exist on type 'ValidationResult<{ flagName: string; startDate?: Date | undefined; endDate?: Date | undefined; }>'.
features/feature-flags/application/FeatureFlagApplicationService.ts(200,29): error TS2339: Property 'endDate' does not exist on type 'ValidationResult<{ flagName: string; startDate?: Date | undefined; endDate?: Date | undefined; }>'.
features/feature-flags/application/FeatureFlagApplicationService.ts(206,24): error TS2339: Property 'flagName' does not exist on type 'ValidationResult<{ flagName: string; startDate?: Date | undefined; endDate?: Date | undefined; }>'.
features/feature-flags/application/FeatureFlagApplicationService.ts(207,24): error TS2339: Property 'startDate' does not exist on type 'ValidationResult<{ flagName: string; startDate?: Date | undefined; endDate?: Date | undefined; }>'.
features/feature-flags/application/FeatureFlagApplicationService.ts(208,24): error TS2339: Property 'endDate' does not exist on type 'ValidationResult<{ flagName: string; startDate?: Date | undefined; endDate?: Date | undefined; }>'.
features/feature-flags/application/middleware.ts(19,21): error TS2339: Property 'user' does not exist on type 'Request<ParamsDictionary, any, any, ParsedQs, Record<string, any>>'.
features/feature-flags/application/middleware.ts(20,29): error TS2339: Property 'user' does not exist on type 'Request<ParamsDictionary, any, any, ParsedQs, Record<string, any>>'.
features/feature-flags/application/middleware.ts(64,31): error TS6133: 'res' is declared but its value is never read.
features/feature-flags/application/middleware.ts(67,21): error TS2339: Property 'user' does not exist on type 'Request<ParamsDictionary, any, any, ParsedQs, Record<string, any>>'.
features/feature-flags/application/middleware.ts(68,29): error TS2339: Property 'user' does not exist on type 'Request<ParamsDictionary, any, any, ParsedQs, Record<string, any>>'.
features/feature-flags/application/middleware.ts(91,31): error TS6133: 'res' is declared but its value is never read.
features/feature-flags/application/middleware.ts(94,21): error TS2339: Property 'user' does not exist on type 'Request<ParamsDictionary, any, any, ParsedQs, Record<string, any>>'.
features/feature-flags/application/middleware.ts(95,29): error TS2339: Property 'user' does not exist on type 'Request<ParamsDictionary, any, any, ParsedQs, Record<string, any>>'.
features/feature-flags/domain/service.ts(1,1): error TS6133: 'User' is declared but its value is never read.
features/feature-flags/domain/service.ts(16,1): error TS6133: 'users' is declared but its value is never read.
features/feature-flags/domain/types.ts(3,3): error TS2305: Module '"@shared/types"' has no exported member 'FeatureFlagConfig'.
features/feature-flags/domain/types.ts(4,3): error TS2305: Module '"@shared/types"' has no exported member 'UserTargeting'.
features/feature-flags/domain/types.ts(5,3): error TS2305: Module '"@shared/types"' has no exported member 'ABTestConfig'.
features/feature-flags/domain/types.ts(6,3): error TS2724: '"@shared/types"' has no exported member named 'FlagEvaluationContext'. Did you mean 'ValidationContext'?
features/feature-flags/domain/types.ts(7,3): error TS2724: '"@shared/types"' has no exported member named 'FlagEvaluationResult'. Did you mean 'ValidationResult'?
features/feature-flags/domain/types.ts(8,3): error TS2305: Module '"@shared/types"' has no exported member 'FlagMetrics'.
features/feature-flags/infrastructure/repository.ts(1,1): error TS6133: 'writeDatabase' is declared but its value is never read.
features/feature-flags/infrastructure/repository.ts(2,1): error TS6133: 'readDatabase' is declared but its value is never read.
features/feature-flags/infrastructure/repository.ts(10,3): error TS2614: Module '"@server/infrastructure/schema"' has no exported member 'featureFlags'. Did you mean to use 'import featureFlags from "@server/infrastructure/schema"' instead?
features/feature-flags/infrastructure/repository.ts(11,3): error TS2614: Module '"@server/infrastructure/schema"' has no exported member 'featureFlagEvaluations'. Did you mean to use 'import featureFlagEvaluations from "@server/infrastructure/schema"' instead?
features/feature-flags/infrastructure/repository.ts(12,3): error TS2614: Module '"@server/infrastructure/schema"' has no exported member 'featureFlagMetrics'. Did you mean to use 'import featureFlagMetrics from "@server/infrastructure/schema"' instead?
features/feature-flags/infrastructure/repository.ts(13,8): error TS2614: Module '"@server/infrastructure/schema"' has no exported member 'FeatureFlag'. Did you mean to use 'import FeatureFlag from "@server/infrastructure/schema"' instead?
features/feature-flags/infrastructure/repository.ts(14,8): error TS2614: Module '"@server/infrastructure/schema"' has no exported member 'NewFeatureFlag'. Did you mean to use 'import NewFeatureFlag from "@server/infrastructure/schema"' instead?
features/feature-flags/infrastructure/repository.ts(15,8): error TS2614: Module '"@server/infrastructure/schema"' has no exported member 'FeatureFlagEvaluation'. Did you mean to use 'import FeatureFlagEvaluation from "@server/infrastructure/schema"' instead?
features/feature-flags/infrastructure/repository.ts(16,8): error TS2614: Module '"@server/infrastructure/schema"' has no exported member 'NewFeatureFlagEvaluation'. Did you mean to use 'import NewFeatureFlagEvaluation from "@server/infrastructure/schema"' instead?
features/feature-flags/infrastructure/repository.ts(17,8): error TS2614: Module '"@server/infrastructure/schema"' has no exported member 'FeatureFlagMetric'. Did you mean to use 'import FeatureFlagMetric from "@server/infrastructure/schema"' instead?
features/feature-flags/infrastructure/repository.ts(18,8): error TS2614: Module '"@server/infrastructure/schema"' has no exported member 'NewFeatureFlagMetric'. Did you mean to use 'import NewFeatureFlagMetric from "@server/infrastructure/schema"' instead?
features/feature-flags/infrastructure/repository.ts(20,1): error TS6133: 'db' is declared but its value is never read.
features/feature-flags/infrastructure/repository.ts(30,31): error TS2339: Property 'writeDatabase' does not exist on type 'FeatureFlagRepository'.
features/feature-flags/infrastructure/repository.ts(53,23): error TS2339: Property 'readDatabase' does not exist on type 'FeatureFlagRepository'.
features/feature-flags/presentation/http/controller.ts(33,47): error TS2345: Argument of type 'string | undefined' is not assignable to parameter of type 'string'.
  Type 'undefined' is not assignable to type 'string'.
features/feature-flags/presentation/http/controller.ts(60,50): error TS2345: Argument of type 'string | undefined' is not assignable to parameter of type 'string'.
  Type 'undefined' is not assignable to type 'string'.
features/feature-flags/presentation/http/controller.ts(77,53): error TS2345: Argument of type 'string | undefined' is not assignable to parameter of type 'string'.
  Type 'undefined' is not assignable to type 'string'.
features/feature-flags/presentation/http/controller.ts(101,50): error TS2345: Argument of type 'string | undefined' is not assignable to parameter of type 'string'.
  Type 'undefined' is not assignable to type 'string'.
features/feature-flags/presentation/http/controller.ts(125,63): error TS2345: Argument of type 'string | undefined' is not assignable to parameter of type 'string'.
  Type 'undefined' is not assignable to type 'string'.
features/feature-flags/presentation/http/controller.ts(147,40): error TS2339: Property 'user' does not exist on type 'Request<ParamsDictionary, any, any, ParsedQs, Record<string, any>>'.
features/feature-flags/presentation/http/controller.ts(152,51): error TS2345: Argument of type 'string | undefined' is not assignable to parameter of type 'string'.
  Type 'undefined' is not assignable to type 'string'.
features/feature-flags/presentation/http/controller.ts(172,57): error TS2345: Argument of type 'string | undefined' is not assignable to parameter of type 'string'.
  Type 'undefined' is not assignable to type 'string'.
features/feature-flags/verify-implementation.ts(2,1): error TS6133: 'User' is declared but its value is never read.
features/feature-flags/verify-implementation.ts(9,1): error TS6133: 'FeatureFlagService' is declared but its value is never read.
features/feature-flags/verify-implementation.ts(10,1): error TS6133: 'FeatureFlagController' is declared but its value is never read.
features/feature-flags/verify-implementation.ts(10,39): error TS2307: Cannot find module './application/controller' or its corresponding type declarations.
features/feature-flags/verify-implementation.ts(11,1): error TS6133: 'FeatureFlagRepository' is declared but its value is never read.
features/feature-flags/verify-implementation.ts(12,1): error TS6192: All imports in import declaration are unused.
features/feature-flags/verify-implementation.ts(13,1): error TS6133: 'routes' is declared but its value is never read.
features/feature-flags/verify-implementation.ts(13,20): error TS2307: Cannot find module './application/routes' or its corresponding type declarations.
features/government-data/api/institutional/api-gateway-service.ts(61,70): error TS2339: Property 'apiKey' does not exist on type 'ValidationResult<{ apiKey: string; }>'.
features/government-data/api/institutional/api-gateway-service.ts(88,32): error TS2339: Property 'billId' does not exist on type 'ValidationResult<{ billId: string; clientTier: "basic" | "professional" | "enterprise"; }>'.
features/government-data/api/institutional/api-gateway-service.ts(89,30): error TS2339: Property 'clientTier' does not exist on type 'ValidationResult<{ billId: string; clientTier: "basic" | "professional" | "enterprise"; }>'.
features/government-data/api/institutional/api-gateway-service.ts(96,32): error TS2339: Property 'billId' does not exist on type 'ValidationResult<{ billId: string; clientTier: "basic" | "professional" | "enterprise"; }>'.
features/government-data/api/institutional/api-gateway-service.ts(97,30): error TS2339: Property 'clientTier' does not exist on type 'ValidationResult<{ billId: string; clientTier: "basic" | "professional" | "enterprise"; }>'.
features/government-data/application/sync-service.ts(10,10): error TS2305: Module '"../../../infrastructure/observability/logging-config"' has no exported member 'logger'.
features/government-data/application/sync-service.ts(14,26): error TS6133: 'NormalizedBillData' is declared but its value is never read.
features/government-data/application/sync-service.ts(14,52): error TS2307: Cannot find module '../domain/normalizer' or its corresponding type declarations.
features/government-data/application/sync-service.ts(15,28): error TS6133: 'ConflictResolution' is declared but its value is never read.
features/government-data/application/sync-service.ts(15,54): error TS2307: Cannot find module '../domain/conflict-resolver' or its corresponding type declarations.
features/government-data/application/sync-service.ts(118,28): error TS2339: Property 'success' does not exist on type 'ServiceResult<any[]>'.
  Property 'success' does not exist on type 'Ok<any[], StandardizedError>'.
features/government-data/application/sync-service.ts(119,66): error TS2339: Property 'error' does not exist on type 'ServiceResult<any[]>'.
  Property 'error' does not exist on type 'Ok<any[], StandardizedError>'.
features/government-data/application/sync-service.ts(122,47): error TS2339: Property 'data' does not exist on type 'ServiceResult<any[]>'.
  Property 'data' does not exist on type 'Ok<any[], StandardizedError>'.
features/government-data/application/sync-service.ts(125,45): error TS2339: Property 'data' does not exist on type 'ServiceResult<any[]>'.
  Property 'data' does not exist on type 'Ok<any[], StandardizedError>'.
features/government-data/application/sync-service.ts(129,33): error TS2339: Property 'success' does not exist on type 'ServiceResult<{ action: "updated" | "created" | "skipped"; hadConflict: boolean; }>'.
  Property 'success' does not exist on type 'Ok<{ action: "updated" | "created" | "skipped"; hadConflict: boolean; }, StandardizedError>'.
features/government-data/application/sync-service.ts(132,35): error TS2339: Property 'data' does not exist on type 'ServiceResult<{ action: "updated" | "created" | "skipped"; hadConflict: boolean; }>'.
  Property 'data' does not exist on type 'Ok<{ action: "updated" | "created" | "skipped"; hadConflict: boolean; }, StandardizedError>'.
features/government-data/application/sync-service.ts(134,42): error TS2339: Property 'data' does not exist on type 'ServiceResult<{ action: "updated" | "created" | "skipped"; hadConflict: boolean; }>'.
  Property 'data' does not exist on type 'Ok<{ action: "updated" | "created" | "skipped"; hadConflict: boolean; }, StandardizedError>'.
features/government-data/application/sync-service.ts(136,42): error TS2339: Property 'data' does not exist on type 'ServiceResult<{ action: "updated" | "created" | "skipped"; hadConflict: boolean; }>'.
  Property 'data' does not exist on type 'Ok<{ action: "updated" | "created" | "skipped"; hadConflict: boolean; }, StandardizedError>'.
features/government-data/application/sync-service.ts(140,35): error TS2339: Property 'data' does not exist on type 'ServiceResult<{ action: "updated" | "created" | "skipped"; hadConflict: boolean; }>'.
  Property 'data' does not exist on type 'Ok<{ action: "updated" | "created" | "skipped"; hadConflict: boolean; }, StandardizedError>'.
features/government-data/application/sync-service.ts(145,50): error TS2339: Property 'error' does not exist on type 'ServiceResult<{ action: "updated" | "created" | "skipped"; hadConflict: boolean; }>'.
  Property 'error' does not exist on type 'Ok<{ action: "updated" | "created" | "skipped"; hadConflict: boolean; }, StandardizedError>'.
features/government-data/application/sync-service.ts(183,9): error TS2353: Object literal may only specify known properties, and 'provider' does not exist in type 'Partial<ErrorContext>'.
features/government-data/application/sync-service.ts(208,25): error TS2339: Property 'success' does not exist on type 'ServiceResult<APIResponse<any>>'.
  Property 'success' does not exist on type 'Ok<APIResponse<any>, StandardizedError>'.
features/government-data/application/sync-service.ts(209,61): error TS2339: Property 'error' does not exist on type 'ServiceResult<APIResponse<any>>'.
  Property 'error' does not exist on type 'Ok<APIResponse<any>, StandardizedError>'.
features/government-data/application/sync-service.ts(212,33): error TS2339: Property 'data' does not exist on type 'ServiceResult<APIResponse<any>>'.
  Property 'data' does not exist on type 'Ok<APIResponse<any>, StandardizedError>'.
features/government-data/application/sync-service.ts(229,9): error TS2353: Object literal may only specify known properties, and 'provider' does not exist in type 'Partial<ErrorContext>'.
features/government-data/application/sync-service.ts(253,27): error TS2339: Property 'externalId' does not exist on type 'PgTableWithColumns<{ name: "bills"; schema: undefined; columns: { id: PgColumn<{ name: "id"; tableName: "bills"; dataType: "string"; columnType: "PgUUID"; data: string; driverParam: string; notNull: true; hasDefault: true; ... 6 more ...; generated: undefined; }, {}, {}>; ... 69 more ...; updated_at: PgColumn<...>; ...'.
features/government-data/application/sync-service.ts(297,9): error TS2353: Object literal may only specify known properties, and 'provider' does not exist in type 'Partial<ErrorContext>'.
features/government-data/application/sync-service.ts(305,27): error TS6133: 'provider' is declared but its value is never read.
features/government-data/application/sync-service.ts(327,22): error TS2339: Property 'success' does not exist on type 'ServiceResult<SyncResult>'.
  Property 'success' does not exist on type 'Ok<SyncResult, StandardizedError>'.
features/government-data/application/sync-service.ts(328,33): error TS2339: Property 'data' does not exist on type 'ServiceResult<SyncResult>'.
  Property 'data' does not exist on type 'Ok<SyncResult, StandardizedError>'.
features/government-data/application/sync-service.ts(333,29): error TS2339: Property 'error' does not exist on type 'ServiceResult<SyncResult>'.
  Property 'error' does not exist on type 'Ok<SyncResult, StandardizedError>'.
features/government-data/application/sync-service.ts(349,31): error TS2339: Property 'error' does not exist on type 'ServiceResult<SyncResult>'.
  Property 'error' does not exist on type 'Ok<SyncResult, StandardizedError>'.
features/government-data/application/sync-service.ts(386,9): error TS2353: Object literal may only specify known properties, and 'provider' does not exist in type 'Partial<ErrorContext>'.
features/government-data/domain/repositories/government-data.repository.ts(7,24): error TS6133: 'writeDatabase' is declared but its value is never read.
features/government-data/domain/repositories/government-data.repository.ts(12,3): error TS2614: Module '"@server/infrastructure/schema"' has no exported member 'government_data'. Did you mean to use 'import government_data from "@server/infrastructure/schema"' instead?
features/government-data/domain/repositories/government-data.repository.ts(13,3): error TS2614: Module '"@server/infrastructure/schema"' has no exported member 'government_sync_logs'. Did you mean to use 'import government_sync_logs from "@server/infrastructure/schema"' instead?
features/government-data/domain/repositories/government-data.repository.ts(14,8): error TS2614: Module '"@server/infrastructure/schema"' has no exported member 'GovernmentData'. Did you mean to use 'import GovernmentData from "@server/infrastructure/schema"' instead?
features/government-data/domain/repositories/government-data.repository.ts(15,8): error TS2614: Module '"@server/infrastructure/schema"' has no exported member 'GovernmentSyncLog'. Did you mean to use 'import GovernmentSyncLog from "@server/infrastructure/schema"' instead?
features/government-data/domain/repositories/government-data.repository.ts(17,35): error TS6133: 'like' is declared but its value is never read.
features/government-data/domain/repositories/government-data.repository.ts(17,41): error TS6133: 'inArray' is declared but its value is never read.
features/government-data/domain/repositories/government-data.repository.ts(107,58): error TS2339: Property 'GOVERNMENT_DATA' does not exist on type '{ readonly SHORT: 60; readonly MEDIUM: 300; readonly LONG: 900; readonly HOUR: 3600; readonly DAY: 86400; readonly RECOMMENDATIONS: 1800; readonly QUERIES: 300; readonly ANALYTICS: 900; }'.
features/government-data/domain/repositories/government-data.repository.ts(115,7): error TS2353: Object literal may only specify known properties, and 'context' does not exist in type 'Partial<ErrorContext>'.
features/government-data/domain/repositories/government-data.repository.ts(152,58): error TS2339: Property 'GOVERNMENT_DATA' does not exist on type '{ readonly SHORT: 60; readonly MEDIUM: 300; readonly LONG: 900; readonly HOUR: 3600; readonly DAY: 86400; readonly RECOMMENDATIONS: 1800; readonly QUERIES: 300; readonly ANALYTICS: 900; }'.
features/government-data/domain/repositories/government-data.repository.ts(159,7): error TS2353: Object literal may only specify known properties, and 'context' does not exist in type 'Partial<ErrorContext>'.
features/government-data/domain/repositories/government-data.repository.ts(173,66): error TS2554: Expected 1-2 arguments, but got 3.
features/government-data/domain/repositories/government-data.repository.ts(225,59): error TS2339: Property 'GOVERNMENT_DATA' does not exist on type '{ readonly SHORT: 60; readonly MEDIUM: 300; readonly LONG: 900; readonly HOUR: 3600; readonly DAY: 86400; readonly RECOMMENDATIONS: 1800; readonly QUERIES: 300; readonly ANALYTICS: 900; }'.
features/government-data/domain/repositories/government-data.repository.ts(232,7): error TS2353: Object literal may only specify known properties, and 'context' does not exist in type 'Partial<ErrorContext>'.
features/government-data/domain/repositories/government-data.repository.ts(246,67): error TS2554: Expected 1-2 arguments, but got 3.
features/government-data/domain/repositories/government-data.repository.ts(281,62): error TS2339: Property 'GOVERNMENT_DATA' does not exist on type '{ readonly SHORT: 60; readonly MEDIUM: 300; readonly LONG: 900; readonly HOUR: 3600; readonly DAY: 86400; readonly RECOMMENDATIONS: 1800; readonly QUERIES: 300; readonly ANALYTICS: 900; }'.
features/government-data/domain/repositories/government-data.repository.ts(287,7): error TS2353: Object literal may only specify known properties, and 'context' does not exist in type 'Partial<ErrorContext>'.
features/government-data/domain/repositories/government-data.repository.ts(324,59): error TS2339: Property 'GOVERNMENT_DATA' does not exist on type '{ readonly SHORT: 60; readonly MEDIUM: 300; readonly LONG: 900; readonly HOUR: 3600; readonly DAY: 86400; readonly RECOMMENDATIONS: 1800; readonly QUERIES: 300; readonly ANALYTICS: 900; }'.
features/government-data/domain/repositories/government-data.repository.ts(331,9): error TS2353: Object literal may only specify known properties, and 'resource_type' does not exist in type 'SecurityEvent'.
features/government-data/domain/repositories/government-data.repository.ts(345,7): error TS2353: Object literal may only specify known properties, and 'context' does not exist in type 'Partial<ErrorContext>'.
features/government-data/domain/repositories/government-data.repository.ts(379,63): error TS2339: Property 'GOVERNMENT_DATA' does not exist on type '{ readonly SHORT: 60; readonly MEDIUM: 300; readonly LONG: 900; readonly HOUR: 3600; readonly DAY: 86400; readonly RECOMMENDATIONS: 1800; readonly QUERIES: 300; readonly ANALYTICS: 900; }'.
features/government-data/domain/repositories/government-data.repository.ts(386,9): error TS2353: Object literal may only specify known properties, and 'resource_type' does not exist in type 'SecurityEvent'.
features/government-data/domain/repositories/government-data.repository.ts(396,7): error TS2353: Object literal may only specify known properties, and 'context' does not exist in type 'Partial<ErrorContext>'.
features/government-data/domain/repositories/government-data.repository.ts(411,25): error TS2339: Property 'success' does not exist on type 'ServiceResult<any>'.
  Property 'success' does not exist on type 'Ok<any, StandardizedError>'.
features/government-data/domain/repositories/government-data.repository.ts(411,50): error TS2339: Property 'data' does not exist on type 'ServiceResult<any>'.
  Property 'data' does not exist on type 'Ok<any, StandardizedError>'.
features/government-data/domain/repositories/government-data.repository.ts(415,33): error TS2339: Property 'data' does not exist on type 'ServiceResult<any>'.
  Property 'data' does not exist on type 'Ok<any, StandardizedError>'.
features/government-data/domain/repositories/government-data.repository.ts(435,11): error TS2353: Object literal may only specify known properties, and 'resource_type' does not exist in type 'SecurityEvent'.
features/government-data/domain/repositories/government-data.repository.ts(450,7): error TS2353: Object literal may only specify known properties, and 'context' does not exist in type 'Partial<ErrorContext>'.
features/government-data/domain/repositories/government-data.repository.ts(464,9): error TS1117: An object literal cannot have multiple properties with the same name.
features/government-data/domain/repositories/government-data.repository.ts(486,7): error TS2353: Object literal may only specify known properties, and 'context' does not exist in type 'Partial<ErrorContext>'.
features/government-data/domain/repositories/government-data.repository.ts(501,71): error TS2554: Expected 1-2 arguments, but got 3.
features/government-data/domain/repositories/government-data.repository.ts(527,7): error TS2353: Object literal may only specify known properties, and 'context' does not exist in type 'Partial<ErrorContext>'.
features/government-data/domain/repositories/government-data.repository.ts(543,72): error TS2554: Expected 1-2 arguments, but got 3.
features/government-data/domain/repositories/government-data.repository.ts(550,10): error TS2339: Property 'selectDistinct' does not exist on type 'DatabaseConnection'.
features/government-data/domain/repositories/government-data.repository.ts(554,37): error TS7006: Parameter 'r' implicitly has an 'any' type.
features/government-data/domain/repositories/government-data.repository.ts(574,69): error TS2554: Expected 1-2 arguments, but got 3.
features/government-data/domain/repositories/government-data.repository.ts(581,10): error TS2339: Property 'selectDistinct' does not exist on type 'DatabaseConnection'.
features/government-data/domain/repositories/government-data.repository.ts(584,35): error TS7006: Parameter 'r' implicitly has an 'any' type.
features/government-data/domain/repositories/government-data.repository.ts(609,72): error TS2554: Expected 1-2 arguments, but got 3.
features/government-data/domain/repositories/government-data.repository.ts(630,50): error TS7006: Parameter 'acc' implicitly has an 'any' type.
features/government-data/domain/repositories/government-data.repository.ts(630,55): error TS7006: Parameter 'row' implicitly has an 'any' type.
features/government-data/domain/repositories/government-data.repository.ts(644,46): error TS7006: Parameter 'acc' implicitly has an 'any' type.
features/government-data/domain/repositories/government-data.repository.ts(644,51): error TS7006: Parameter 'row' implicitly has an 'any' type.
features/government-data/domain/repositories/government-data.repository.ts(658,46): error TS7006: Parameter 'acc' implicitly has an 'any' type.
features/government-data/domain/repositories/government-data.repository.ts(658,51): error TS7006: Parameter 'row' implicitly has an 'any' type.
features/government-data/domain/repositories/government-data.repository.ts(685,11): error TS7022: 'cacheKeys' implicitly has type 'any' because it does not have a type annotation and is referenced directly or indirectly in its own initializer.
features/government-data/domain/repositories/government-data.repository.ts(687,7): error TS2448: Block-scoped variable 'cacheKeys' used before its declaration.
features/government-data/domain/repositories/government-data.repository.ts(689,7): error TS2448: Block-scoped variable 'cacheKeys' used before its declaration.
features/government-data/domain/repositories/government-data.repository.ts(691,7): error TS2448: Block-scoped variable 'cacheKeys' used before its declaration.
features/government-data/domain/repositories/government-data.repository.ts(692,7): error TS2448: Block-scoped variable 'cacheKeys' used before its declaration.
features/government-data/domain/repositories/government-data.repository.ts(694,7): error TS2448: Block-scoped variable 'cacheKeys' used before its declaration.
features/government-data/domain/repositories/government-data.repository.ts(695,7): error TS2448: Block-scoped variable 'cacheKeys' used before its declaration.
features/government-data/domain/repositories/government-data.repository.ts(696,7): error TS2448: Block-scoped variable 'cacheKeys' used before its declaration.
features/government-data/domain/repositories/government-data.repository.ts(699,24): error TS2551: Property 'invalidatePattern' does not exist on type 'CacheService'. Did you mean 'invalidateByPattern'?
features/government-data/domain/repositories/government-data.repository.ts(705,49): error TS2554: Expected 1-2 arguments, but got 3.
features/government-data/domain/repositories/government-data.repository.ts(706,50): error TS2554: Expected 1-2 arguments, but got 3.
features/government-data/domain/repositories/government-data.repository.ts(707,55): error TS2554: Expected 1-2 arguments, but got 3.
features/government-data/domain/repositories/government-data.repository.ts(710,24): error TS2551: Property 'invalidatePattern' does not exist on type 'CacheService'. Did you mean 'invalidateByPattern'?
features/government-data/infrastructure/data-sources/external-api-client.ts(186,7): error TS2353: Object literal may only specify known properties, and 'context' does not exist in type 'Partial<ErrorContext>'.
features/government-data/infrastructure/data-sources/external-api-client.ts(279,7): error TS2353: Object literal may only specify known properties, and 'context' does not exist in type 'Partial<ErrorContext>'.
features/government-data/infrastructure/repositories/government-data.repository.impl.ts(7,24): error TS6133: 'writeDatabase' is declared but its value is never read.
features/government-data/infrastructure/repositories/government-data.repository.impl.ts(10,25): error TS2305: Module '"@server/infrastructure/error-handling"' has no exported member 'createOk'.
features/government-data/infrastructure/repositories/government-data.repository.impl.ts(12,3): error TS2614: Module '"@server/infrastructure/schema"' has no exported member 'government_data'. Did you mean to use 'import government_data from "@server/infrastructure/schema"' instead?
features/government-data/infrastructure/repositories/government-data.repository.impl.ts(13,3): error TS2614: Module '"@server/infrastructure/schema"' has no exported member 'government_sync_logs'. Did you mean to use 'import government_sync_logs from "@server/infrastructure/schema"' instead?
features/government-data/infrastructure/repositories/government-data.repository.impl.ts(14,8): error TS2614: Module '"@server/infrastructure/schema"' has no exported member 'GovernmentData'. Did you mean to use 'import GovernmentData from "@server/infrastructure/schema"' instead?
features/government-data/infrastructure/repositories/government-data.repository.impl.ts(15,8): error TS2614: Module '"@server/infrastructure/schema"' has no exported member 'GovernmentSyncLog'. Did you mean to use 'import GovernmentSyncLog from "@server/infrastructure/schema"' instead?
features/government-data/infrastructure/repositories/government-data.repository.impl.ts(63,58): error TS2339: Property 'GOVERNMENT_DATA' does not exist on type '{ readonly SHORT: 60; readonly MEDIUM: 300; readonly LONG: 900; readonly HOUR: 3600; readonly DAY: 86400; readonly RECOMMENDATIONS: 1800; readonly QUERIES: 300; readonly ANALYTICS: 900; }'.
features/government-data/infrastructure/repositories/government-data.repository.impl.ts(71,7): error TS2322: Type 'StandardizedError' is not assignable to type 'ServiceResult<GovernmentDataEntity | null>'.
features/government-data/infrastructure/repositories/government-data.repository.impl.ts(71,46): error TS2345: Argument of type '"Failed to find government data"' is not assignable to parameter of type 'ErrorCategory'.
features/government-data/infrastructure/repositories/government-data.repository.impl.ts(108,58): error TS2339: Property 'GOVERNMENT_DATA' does not exist on type '{ readonly SHORT: 60; readonly MEDIUM: 300; readonly LONG: 900; readonly HOUR: 3600; readonly DAY: 86400; readonly RECOMMENDATIONS: 1800; readonly QUERIES: 300; readonly ANALYTICS: 900; }'.
features/government-data/infrastructure/repositories/government-data.repository.impl.ts(115,7): error TS2322: Type 'StandardizedError' is not assignable to type 'ServiceResult<GovernmentDataEntity | null>'.
features/government-data/infrastructure/repositories/government-data.repository.impl.ts(115,46): error TS2345: Argument of type '"Failed to find government data"' is not assignable to parameter of type 'ErrorCategory'.
features/government-data/infrastructure/repositories/government-data.repository.impl.ts(129,66): error TS2554: Expected 1-2 arguments, but got 3.
features/government-data/infrastructure/repositories/government-data.repository.impl.ts(181,59): error TS2339: Property 'GOVERNMENT_DATA' does not exist on type '{ readonly SHORT: 60; readonly MEDIUM: 300; readonly LONG: 900; readonly HOUR: 3600; readonly DAY: 86400; readonly RECOMMENDATIONS: 1800; readonly QUERIES: 300; readonly ANALYTICS: 900; }'.
features/government-data/infrastructure/repositories/government-data.repository.impl.ts(187,7): error TS2322: Type 'StandardizedError' is not assignable to type 'ServiceResult<GovernmentDataEntity[]>'.
features/government-data/infrastructure/repositories/government-data.repository.impl.ts(187,46): error TS2345: Argument of type '"Failed to find government data"' is not assignable to parameter of type 'ErrorCategory'.
features/government-data/infrastructure/repositories/government-data.repository.impl.ts(201,67): error TS2554: Expected 1-2 arguments, but got 3.
features/government-data/infrastructure/repositories/government-data.repository.impl.ts(236,62): error TS2339: Property 'GOVERNMENT_DATA' does not exist on type '{ readonly SHORT: 60; readonly MEDIUM: 300; readonly LONG: 900; readonly HOUR: 3600; readonly DAY: 86400; readonly RECOMMENDATIONS: 1800; readonly QUERIES: 300; readonly ANALYTICS: 900; }'.
features/government-data/infrastructure/repositories/government-data.repository.impl.ts(241,7): error TS2322: Type 'StandardizedError' is not assignable to type 'ServiceResult<number>'.
features/government-data/infrastructure/repositories/government-data.repository.impl.ts(241,46): error TS2345: Argument of type '"Failed to count government data"' is not assignable to parameter of type 'ErrorCategory'.
features/government-data/infrastructure/repositories/government-data.repository.impl.ts(286,59): error TS2339: Property 'GOVERNMENT_DATA' does not exist on type '{ readonly SHORT: 60; readonly MEDIUM: 300; readonly LONG: 900; readonly HOUR: 3600; readonly DAY: 86400; readonly RECOMMENDATIONS: 1800; readonly QUERIES: 300; readonly ANALYTICS: 900; }'.
features/government-data/infrastructure/repositories/government-data.repository.impl.ts(293,9): error TS2353: Object literal may only specify known properties, and 'resource_type' does not exist in type 'SecurityEvent'.
features/government-data/infrastructure/repositories/government-data.repository.impl.ts(306,7): error TS2322: Type 'StandardizedError' is not assignable to type 'ServiceResult<GovernmentDataEntity>'.
features/government-data/infrastructure/repositories/government-data.repository.impl.ts(306,46): error TS2345: Argument of type '"Failed to create government data"' is not assignable to parameter of type 'ErrorCategory'.
features/government-data/infrastructure/repositories/government-data.repository.impl.ts(337,9): error TS2322: Type 'StandardizedError' is not assignable to type 'ServiceResult<GovernmentDataEntity>'.
features/government-data/infrastructure/repositories/government-data.repository.impl.ts(337,41): error TS2345: Argument of type '`Government data with ID ${number} not found`' is not assignable to parameter of type 'ErrorCategory'.
features/government-data/infrastructure/repositories/government-data.repository.impl.ts(345,63): error TS2339: Property 'GOVERNMENT_DATA' does not exist on type '{ readonly SHORT: 60; readonly MEDIUM: 300; readonly LONG: 900; readonly HOUR: 3600; readonly DAY: 86400; readonly RECOMMENDATIONS: 1800; readonly QUERIES: 300; readonly ANALYTICS: 900; }'.
features/government-data/infrastructure/repositories/government-data.repository.impl.ts(352,9): error TS2353: Object literal may only specify known properties, and 'resource_type' does not exist in type 'SecurityEvent'.
features/government-data/infrastructure/repositories/government-data.repository.impl.ts(361,7): error TS2322: Type 'StandardizedError' is not assignable to type 'ServiceResult<GovernmentDataEntity>'.
features/government-data/infrastructure/repositories/government-data.repository.impl.ts(361,46): error TS2345: Argument of type '"Failed to update government data"' is not assignable to parameter of type 'ErrorCategory'.
features/government-data/infrastructure/repositories/government-data.repository.impl.ts(376,47): error TS2339: Property 'value' does not exist on type 'ServiceResult<GovernmentDataEntity | null>'.
  Property 'value' does not exist on type 'Err<GovernmentDataEntity | null, StandardizedError>'.
features/government-data/infrastructure/repositories/government-data.repository.impl.ts(380,33): error TS2339: Property 'value' does not exist on type 'ServiceResult<GovernmentDataEntity | null>'.
  Property 'value' does not exist on type 'Err<GovernmentDataEntity | null, StandardizedError>'.
features/government-data/infrastructure/repositories/government-data.repository.impl.ts(400,11): error TS2353: Object literal may only specify known properties, and 'resource_type' does not exist in type 'SecurityEvent'.
features/government-data/infrastructure/repositories/government-data.repository.impl.ts(414,7): error TS2322: Type 'StandardizedError' is not assignable to type 'ServiceResult<boolean>'.
features/government-data/infrastructure/repositories/government-data.repository.impl.ts(414,46): error TS2345: Argument of type '"Failed to delete government data"' is not assignable to parameter of type 'ErrorCategory'.
features/government-data/infrastructure/repositories/government-data.repository.impl.ts(428,9): error TS1117: An object literal cannot have multiple properties with the same name.
features/government-data/infrastructure/repositories/government-data.repository.impl.ts(457,7): error TS2322: Type 'StandardizedError' is not assignable to type 'ServiceResult<GovernmentSyncLogEntity>'.
features/government-data/infrastructure/repositories/government-data.repository.impl.ts(457,46): error TS2345: Argument of type '"Failed to create sync log"' is not assignable to parameter of type 'ErrorCategory'.
features/government-data/infrastructure/repositories/government-data.repository.impl.ts(472,71): error TS2554: Expected 1-2 arguments, but got 3.
features/government-data/infrastructure/repositories/government-data.repository.impl.ts(497,7): error TS2322: Type 'StandardizedError' is not assignable to type 'ServiceResult<GovernmentSyncLogEntity[]>'.
features/government-data/infrastructure/repositories/government-data.repository.impl.ts(497,46): error TS2345: Argument of type '"Failed to get sync logs"' is not assignable to parameter of type 'ErrorCategory'.
features/government-data/infrastructure/repositories/government-data.repository.impl.ts(513,72): error TS2554: Expected 1-2 arguments, but got 3.
features/government-data/infrastructure/repositories/government-data.repository.impl.ts(520,10): error TS2339: Property 'selectDistinct' does not exist on type 'DatabaseConnection'.
features/government-data/infrastructure/repositories/government-data.repository.impl.ts(524,37): error TS7006: Parameter 'r' implicitly has an 'any' type.
features/government-data/infrastructure/repositories/government-data.repository.impl.ts(532,7): error TS2322: Type 'StandardizedError' is not assignable to type 'ServiceResult<string[]>'.
features/government-data/infrastructure/repositories/government-data.repository.impl.ts(532,14): error TS2554: Expected 3-4 arguments, but got 2.
features/government-data/infrastructure/repositories/government-data.repository.impl.ts(544,69): error TS2554: Expected 1-2 arguments, but got 3.
features/government-data/infrastructure/repositories/government-data.repository.impl.ts(551,10): error TS2339: Property 'selectDistinct' does not exist on type 'DatabaseConnection'.
features/government-data/infrastructure/repositories/government-data.repository.impl.ts(554,35): error TS7006: Parameter 'r' implicitly has an 'any' type.
features/government-data/infrastructure/repositories/government-data.repository.impl.ts(562,7): error TS2322: Type 'StandardizedError' is not assignable to type 'ServiceResult<string[]>'.
features/government-data/infrastructure/repositories/government-data.repository.impl.ts(562,14): error TS2554: Expected 3-4 arguments, but got 2.
features/government-data/infrastructure/repositories/government-data.repository.impl.ts(579,72): error TS2554: Expected 1-2 arguments, but got 3.
features/government-data/infrastructure/repositories/government-data.repository.impl.ts(600,50): error TS7006: Parameter 'acc' implicitly has an 'any' type.
features/government-data/infrastructure/repositories/government-data.repository.impl.ts(600,55): error TS7006: Parameter 'row' implicitly has an 'any' type.
features/government-data/infrastructure/repositories/government-data.repository.impl.ts(614,46): error TS7006: Parameter 'acc' implicitly has an 'any' type.
features/government-data/infrastructure/repositories/government-data.repository.impl.ts(614,51): error TS7006: Parameter 'row' implicitly has an 'any' type.
features/government-data/infrastructure/repositories/government-data.repository.impl.ts(628,46): error TS7006: Parameter 'acc' implicitly has an 'any' type.
features/government-data/infrastructure/repositories/government-data.repository.impl.ts(628,51): error TS7006: Parameter 'row' implicitly has an 'any' type.
features/government-data/infrastructure/repositories/government-data.repository.impl.ts(646,7): error TS2322: Type 'StandardizedError' is not assignable to type 'ServiceResult<{ total: number; byDataType: Record<string, number>; bySource: Record<string, number>; byStatus: Record<string, number>; }>'.
features/government-data/infrastructure/repositories/government-data.repository.impl.ts(646,14): error TS2554: Expected 3-4 arguments, but got 2.
features/government-data/infrastructure/repositories/government-data.repository.impl.ts(694,49): error TS2554: Expected 1-2 arguments, but got 3.
features/government-data/infrastructure/repositories/government-data.repository.impl.ts(695,50): error TS2554: Expected 1-2 arguments, but got 3.
features/government-data/infrastructure/repositories/government-data.repository.impl.ts(697,55): error TS2554: Expected 1-2 arguments, but got 3.
features/government-data/infrastructure/repositories/government-data.repository.impl.ts(698,52): error TS2554: Expected 1-2 arguments, but got 3.
features/government-data/infrastructure/repositories/government-data.repository.impl.ts(699,55): error TS2554: Expected 1-2 arguments, but got 3.
features/government-data/infrastructure/repositories/government-data.repository.impl.ts(702,24): error TS2551: Property 'invalidatePattern' does not exist on type 'CacheService'. Did you mean 'invalidateByPattern'?
features/government-data/infrastructure/repositories/government-data.repository.impl.ts(708,49): error TS2554: Expected 1-2 arguments, but got 3.
features/government-data/infrastructure/repositories/government-data.repository.impl.ts(709,50): error TS2554: Expected 1-2 arguments, but got 3.
features/government-data/infrastructure/repositories/government-data.repository.impl.ts(710,55): error TS2554: Expected 1-2 arguments, but got 3.
features/government-data/infrastructure/repositories/government-data.repository.impl.ts(713,24): error TS2551: Property 'invalidatePattern' does not exist on type 'CacheService'. Did you mean 'invalidateByPattern'?
features/government-data/infrastructure/transformers/data-transformer.service.ts(104,7): error TS2353: Object literal may only specify known properties, and 'context' does not exist in type 'Partial<ErrorContext>'.
features/government-data/infrastructure/validation/data-validator.service.ts(81,7): error TS2353: Object literal may only specify known properties, and 'context' does not exist in type 'Partial<ErrorContext>'.
features/government-data/infrastructure/validation/data-validator.service.ts(367,21): error TS6133: 'value' is declared but its value is never read.
features/government-data/infrastructure/validation/data-validator.service.ts(398,21): error TS6133: 'value' is declared but its value is never read.
features/government-data/infrastructure/validation/data-validator.service.ts(428,21): error TS6133: 'value' is declared but its value is never read.
features/government-data/presentation/routes.ts(7,34): error TS2307: Cannot find module './government-data.routes' or its corresponding type declarations.
features/government-data/presentation/routes.ts(22,1): error TS6133: 'bills' is declared but its value is never read.
features/government-data/presentation/routes.ts(23,1): error TS6133: 'sponsors' is declared but its value is never read.
features/government-data/services/government-data-integration.service.ts(8,10): error TS2305: Module '"@server/infrastructure/cache"' has no exported member 'cache'.
features/government-data/services/government-data-integration.service.ts(9,27): error TS2724: '"@server/infrastructure/schema"' has no exported member named 'bill_cosponsors'. Did you mean 'bill_sponsorships'?
features/government-data/services/government-data-integration.service.ts(11,1): error TS6133: 'users' is declared but its value is never read.
features/government-data/services/government-data-integration.service.ts(12,25): error TS6133: 'isNull' is declared but its value is never read.
features/government-data/services/government-data-integration.service.ts(12,38): error TS6133: 'or' is declared but its value is never read.
features/government-data/services/government-data-integration.service.ts(24,7): error TS2451: Cannot redeclare block-scoped variable 'GovernmentBillSchema'.
features/government-data/services/government-data-integration.service.ts(48,7): error TS2451: Cannot redeclare block-scoped variable 'GovernmentSponsorSchema'.
features/government-data/services/government-data-integration.service.ts(70,6): error TS2300: Duplicate identifier 'GovernmentBill'.
features/government-data/services/government-data-integration.service.ts(71,6): error TS2300: Duplicate identifier 'GovernmentSponsor'.
features/government-data/services/government-data-integration.service.ts(163,7): error TS2451: Cannot redeclare block-scoped variable 'GovernmentBillSchema'.
features/government-data/services/government-data-integration.service.ts(187,7): error TS2451: Cannot redeclare block-scoped variable 'GovernmentSponsorSchema'.
features/government-data/services/government-data-integration.service.ts(209,6): error TS2300: Duplicate identifier 'GovernmentBill'.
features/government-data/services/government-data-integration.service.ts(210,6): error TS2300: Duplicate identifier 'GovernmentSponsor'.
features/government-data/services/government-data-integration.service.ts(240,44): error TS2345: Argument of type '{ name: string; type: "api"; priority: number; is_active: true; baseUrl: string; timeout: number; retryAttempts: number; rateLimit: { requestsPerMinute: number; requestsPerHour: number; }; reliability: { ...; }; }' is not assignable to parameter of type 'DataSource'.
  Type '{ name: string; type: "api"; priority: number; is_active: true; baseUrl: string; timeout: number; retryAttempts: number; rateLimit: { requestsPerMinute: number; requestsPerHour: number; }; reliability: { ...; }; }' is missing the following properties from type 'DataSource': id, endpoints
features/government-data/services/government-data-integration.service.ts(253,39): error TS2345: Argument of type '{ name: string; type: "scraper"; priority: number; is_active: true; baseUrl: string; timeout: number; retryAttempts: number; rateLimit: { requestsPerMinute: number; requestsPerHour: number; }; reliability: { ...; }; }' is not assignable to parameter of type 'DataSource'.
  Type '{ name: string; type: "scraper"; priority: number; is_active: true; baseUrl: string; timeout: number; retryAttempts: number; rateLimit: { requestsPerMinute: number; requestsPerHour: number; }; reliability: { ...; }; }' is missing the following properties from type 'DataSource': id, endpoints
features/government-data/services/government-data-integration.service.ts(266,45): error TS2345: Argument of type '{ name: string; type: "scraper"; priority: number; is_active: true; baseUrl: string; timeout: number; retryAttempts: number; rateLimit: { requestsPerMinute: number; requestsPerHour: number; }; reliability: { ...; }; }' is not assignable to parameter of type 'DataSource'.
  Type '{ name: string; type: "scraper"; priority: number; is_active: true; baseUrl: string; timeout: number; retryAttempts: number; rateLimit: { requestsPerMinute: number; requestsPerHour: number; }; reliability: { ...; }; }' is missing the following properties from type 'DataSource': id, endpoints
features/government-data/services/government-data-integration.service.ts(279,39): error TS2345: Argument of type '{ name: string; type: "api"; priority: number; is_active: true; baseUrl: string; timeout: number; retryAttempts: number; rateLimit: { requestsPerMinute: number; requestsPerHour: number; }; reliability: { ...; }; }' is not assignable to parameter of type 'DataSource'.
  Type '{ name: string; type: "api"; priority: number; is_active: true; baseUrl: string; timeout: number; retryAttempts: number; rateLimit: { requestsPerMinute: number; requestsPerHour: number; }; reliability: { ...; }; }' is missing the following properties from type 'DataSource': id, endpoints
features/government-data/services/government-data-integration.service.ts(292,47): error TS2345: Argument of type '{ name: string; type: "api"; priority: number; is_active: true; baseUrl: string; timeout: number; retryAttempts: number; rateLimit: { requestsPerMinute: number; requestsPerHour: number; }; reliability: { ...; }; }' is not assignable to parameter of type 'DataSource'.
  Type '{ name: string; type: "api"; priority: number; is_active: true; baseUrl: string; timeout: number; retryAttempts: number; rateLimit: { requestsPerMinute: number; requestsPerHour: number; }; reliability: { ...; }; }' is missing the following properties from type 'DataSource': id, endpoints
features/government-data/services/government-data-integration.service.ts(305,42): error TS2345: Argument of type '{ name: string; type: "crowdsourced"; priority: number; is_active: true; timeout: number; retryAttempts: number; rateLimit: { requestsPerMinute: number; requestsPerHour: number; }; reliability: { ...; }; }' is not assignable to parameter of type 'DataSource'.
  Type '{ name: string; type: "crowdsourced"; priority: number; is_active: true; timeout: number; retryAttempts: number; rateLimit: { requestsPerMinute: number; requestsPerHour: number; }; reliability: { ...; }; }' is missing the following properties from type 'DataSource': id, endpoints
features/government-data/services/government-data-integration.service.ts(317,42): error TS2345: Argument of type '{ name: string; type: "manual"; priority: number; is_active: true; timeout: number; retryAttempts: number; rateLimit: { requestsPerMinute: number; requestsPerHour: number; }; reliability: { successRate: number; lastSuccessful: Date; consecutiveFailures: number; }; }' is not assignable to parameter of type 'DataSource'.
  Type '{ name: string; type: "manual"; priority: number; is_active: true; timeout: number; retryAttempts: number; rateLimit: { requestsPerMinute: number; requestsPerHour: number; }; reliability: { successRate: number; lastSuccessful: Date; consecutiveFailures: number; }; }' is missing the following properties from type 'DataSource': id, endpoints
features/government-data/services/government-data-integration.service.ts(355,73): error TS2769: No overload matches this call.
  Overload 1 of 3, '(obj: string, msg?: undefined): void', gave the following error.
    Argument of type 'unknown' is not assignable to parameter of type 'undefined'.
  Overload 2 of 3, '(obj: string, msg?: undefined, ...args: unknown[]): void', gave the following error.
    Argument of type 'unknown' is not assignable to parameter of type 'undefined'.
features/government-data/services/government-data-integration.service.ts(366,59): error TS2353: Object literal may only specify known properties, and 'dataQuality' does not exist in type '{ timestamp: Date; duration: number; }'.
features/government-data/services/government-data-integration.service.ts(448,54): error TS2353: Object literal may only specify known properties, and 'dataQuality' does not exist in type '{ timestamp: Date; duration: number; }'.
features/government-data/services/government-data-integration.service.ts(465,11): error TS2353: Object literal may only specify known properties, and 'dataQuality' does not exist in type '{ timestamp: Date; duration: number; }'.
features/government-data/services/government-data-integration.service.ts(510,81): error TS2769: No overload matches this call.
  Overload 1 of 3, '(obj: string, msg?: undefined): void', gave the following error.
    Argument of type 'unknown' is not assignable to parameter of type 'undefined'.
  Overload 2 of 3, '(obj: string, msg?: undefined, ...args: unknown[]): void', gave the following error.
    Argument of type 'unknown' is not assignable to parameter of type 'undefined'.
features/government-data/services/government-data-integration.service.ts(546,62): error TS2769: No overload matches this call.
  Overload 1 of 3, '(obj: string, msg?: undefined): void', gave the following error.
    Argument of type 'unknown' is not assignable to parameter of type 'undefined'.
  Overload 2 of 3, '(obj: string, msg?: undefined, ...args: unknown[]): void', gave the following error.
    Argument of type 'unknown' is not assignable to parameter of type 'undefined'.
features/government-data/services/government-data-integration.service.ts(592,57): error TS2769: No overload matches this call.
  Overload 1 of 3, '(obj: "Failed to fetch crowdsourced bills", msg?: undefined): void', gave the following error.
    Argument of type 'unknown' is not assignable to parameter of type 'undefined'.
  Overload 2 of 3, '(obj: "Failed to fetch crowdsourced bills", msg?: undefined, ...args: unknown[]): void', gave the following error.
    Argument of type 'unknown' is not assignable to parameter of type 'undefined'.
features/government-data/services/government-data-integration.service.ts(629,51): error TS2769: No overload matches this call.
  Overload 1 of 3, '(obj: "Failed to fetch manual bills", msg?: undefined): void', gave the following error.
    Argument of type 'unknown' is not assignable to parameter of type 'undefined'.
  Overload 2 of 3, '(obj: "Failed to fetch manual bills", msg?: undefined, ...args: unknown[]): void', gave the following error.
    Argument of type 'unknown' is not assignable to parameter of type 'undefined'.
features/government-data/services/government-data-integration.service.ts(637,42): error TS6133: 'options' is declared but its value is never read.
features/government-data/services/government-data-integration.service.ts(676,11): error TS2353: Object literal may only specify known properties, and 'dataQuality' does not exist in type '{ timestamp: Date; duration: number; }'.
features/government-data/services/government-data-integration.service.ts(700,11): error TS2353: Object literal may only specify known properties, and 'dataQuality' does not exist in type '{ timestamp: Date; duration: number; }'.
features/government-data/services/government-data-integration.service.ts(810,17): error TS2393: Duplicate function implementation.
features/government-data/services/government-data-integration.service.ts(810,17): error TS6133: 'processBillSponsors' is declared but its value is never read.
features/government-data/services/government-data-integration.service.ts(854,90): error TS2769: No overload matches this call.
  Overload 1 of 3, '(obj: string, msg?: undefined): void', gave the following error.
    Argument of type 'unknown' is not assignable to parameter of type 'undefined'.
  Overload 2 of 3, '(obj: string, msg?: undefined, ...args: unknown[]): void', gave the following error.
    Argument of type 'unknown' is not assignable to parameter of type 'undefined'.
features/government-data/services/government-data-integration.service.ts(918,70): error TS6133: 'params' is declared but its value is never read.
features/government-data/services/government-data-integration.service.ts(966,94): error TS2769: No overload matches this call.
  Overload 1 of 3, '(obj: string, msg?: undefined): void', gave the following error.
    Argument of type 'string' is not assignable to parameter of type 'undefined'.
  Overload 2 of 3, '(obj: string, msg?: undefined, ...args: unknown[]): void', gave the following error.
    Argument of type 'string' is not assignable to parameter of type 'undefined'.
features/government-data/services/government-data-integration.service.ts(981,19): error TS18046: 'item' is of type 'unknown'.
features/government-data/services/government-data-integration.service.ts(982,14): error TS18046: 'item' is of type 'unknown'.
features/government-data/services/government-data-integration.service.ts(983,15): error TS18046: 'item' is of type 'unknown'.
features/government-data/services/government-data-integration.service.ts(984,16): error TS18046: 'item' is of type 'unknown'.
features/government-data/services/government-data-integration.service.ts(985,16): error TS18046: 'item' is of type 'unknown'.
features/government-data/services/government-data-integration.service.ts(986,24): error TS18046: 'item' is of type 'unknown'.
features/government-data/services/government-data-integration.service.ts(986,56): error TS18046: 'item' is of type 'unknown'.
features/government-data/services/government-data-integration.service.ts(990,36): error TS6133: 'baseUrl' is declared but its value is never read.
features/government-data/services/government-data-integration.service.ts(990,53): error TS6133: 'options' is declared but its value is never read.
features/government-data/services/government-data-integration.service.ts(1006,19): error TS18046: 'item' is of type 'unknown'.
features/government-data/services/government-data-integration.service.ts(1007,14): error TS18046: 'item' is of type 'unknown'.
features/government-data/services/government-data-integration.service.ts(1008,15): error TS18046: 'item' is of type 'unknown'.
features/government-data/services/government-data-integration.service.ts(1009,16): error TS18046: 'item' is of type 'unknown'.
features/government-data/services/government-data-integration.service.ts(1016,11): error TS6133: 'calculateDataQuality' is declared but its value is never read.
features/government-data/services/government-data-integration.service.ts(1102,11): error TS2393: Duplicate function implementation.
features/government-data/services/government-data-integration.service.ts(1154,53): error TS2339: Property 'dataQuality' does not exist on type '{ timestamp: Date; duration: number; }'.
features/government-data/services/government-data-integration.service.ts(1168,9): error TS2393: Duplicate function implementation.
features/government-data/services/government-data-integration.service.ts(1186,17): error TS6133: 'sourceName' is declared but its value is never read.
features/government-data/services/government-data-integration.service.ts(1262,17): error TS2393: Duplicate function implementation.
features/government-data/services/government-data-integration.service.ts(1262,17): error TS6133: 'processSponsorAffiliations' is declared but its value is never read.
features/government-data/services/government-data-integration.service.ts(1289,80): error TS2769: No overload matches this call.
  Overload 1 of 3, '(obj: string, msg?: undefined): void', gave the following error.
    Argument of type 'unknown' is not assignable to parameter of type 'undefined'.
  Overload 2 of 3, '(obj: string, msg?: undefined, ...args: unknown[]): void', gave the following error.
    Argument of type 'unknown' is not assignable to parameter of type 'undefined'.
features/government-data/services/government-data-integration.service.ts(1294,37): error TS6133: 'type' is declared but its value is never read.
features/government-data/services/government-data-integration.service.ts(1337,17): error TS2393: Duplicate function implementation.
features/government-data/services/government-data-integration.service.ts(1337,17): error TS6133: 'processBillSponsors' is declared but its value is never read.
features/government-data/services/government-data-integration.service.ts(1386,17): error TS2393: Duplicate function implementation.
features/government-data/services/government-data-integration.service.ts(1386,17): error TS6133: 'processSponsorAffiliations' is declared but its value is never read.
features/government-data/services/government-data-integration.service.ts(1418,11): error TS2393: Duplicate function implementation.
features/government-data/services/government-data-integration.service.ts(1444,9): error TS2393: Duplicate function implementation.
features/government-data/services/government-data-integration.service.ts(1462,17): error TS6133: 'sourceName' is declared but its value is never read.
features/government-data/services/parliament-scraper.service.ts(14,8): error TS1192: Module '"C:/Users/Access Granted/Downloads/projects/SimpleTool/node_modules/.pnpm/pdf-parse@2.4.5/node_modules/pdf-parse/dist/pdf-parse/esm/index"' has no default export.
features/government-data/services/parliament-scraper.service.ts(17,10): error TS6133: 'createWriteStream' is declared but its value is never read.
features/government-data/services/parliament-scraper.service.ts(17,67): error TS6133: 'readFileSync' is declared but its value is never read.
features/government-data/services/parliament-scraper.service.ts(20,20): error TS2307: Cannot find module '../infrastructure/database' or its corresponding type declarations.
features/government-data/services/parliament-scraper.service.ts(24,8): error TS2307: Cannot find module '../infrastructure/schema' or its corresponding type declarations.
features/government-data/services/parliament-scraper.service.ts(204,30): error TS2532: Object is possibly 'undefined'.
features/government-data/services/parliament-scraper.service.ts(630,50): error TS2345: Argument of type 'string | undefined' is not assignable to parameter of type 'string'.
  Type 'undefined' is not assignable to type 'string'.
features/government-data/services/parliament-scraper.service.ts(631,11): error TS6133: 'expectedNoes' is declared but its value is never read.
features/government-data/services/parliament-scraper.service.ts(631,50): error TS2345: Argument of type 'string | undefined' is not assignable to parameter of type 'string'.
  Type 'undefined' is not assignable to type 'string'.
features/government-data/services/parliament-scraper.service.ts(689,21): error TS2532: Object is possibly 'undefined'.
features/government-data/services/parliament-scraper.service.ts(997,7): error TS2322: Type 'string | undefined' is not assignable to type 'string'.
  Type 'undefined' is not assignable to type 'string'.
features/government-data/services/parliament-scraper.service.ts(999,37): error TS2345: Argument of type 'string | undefined' is not assignable to parameter of type 'string'.
  Type 'undefined' is not assignable to type 'string'.
features/index.ts(11,1): error TS2308: Module './advocacy' has already exported a member named 'CoalitionOpportunity'. Consider explicitly re-exporting to resolve the ambiguity.
features/index.ts(14,1): error TS2308: Module './advocacy' has already exported a member named 'DEVELOPMENT_CONFIG'. Consider explicitly re-exporting to resolve the ambiguity.
features/index.ts(14,1): error TS2308: Module './advocacy' has already exported a member named 'PRODUCTION_CONFIG'. Consider explicitly re-exporting to resolve the ambiguity.
features/index.ts(14,1): error TS2308: Module './advocacy' has already exported a member named 'TEST_CONFIG'. Consider explicitly re-exporting to resolve the ambiguity.
features/index.ts(15,1): error TS2308: Module './constitutional-analysis' has already exported a member named 'ProvisionMatch'. Consider explicitly re-exporting to resolve the ambiguity.
features/index.ts(15,1): error TS2308: Module './constitutional-analysis' has already exported a member named 'ProvisionMatcherService'. Consider explicitly re-exporting to resolve the ambiguity.
features/index.ts(16,1): error TS2308: Module './advocacy' has already exported a member named 'CampaignNotFoundError'. Consider explicitly re-exporting to resolve the ambiguity.
features/index.ts(16,1): error TS2308: Module './advocacy' has already exported a member named 'InsufficientPermissionsError'. Consider explicitly re-exporting to resolve the ambiguity.
features/index.ts(20,1): error TS2308: Module './argument-intelligence' has already exported a member named 'CacheEntry'. Consider explicitly re-exporting to resolve the ambiguity.
features/index.ts(20,1): error TS2308: Module './argument-intelligence' has already exported a member named 'SentimentAnalyzer'. Consider explicitly re-exporting to resolve the ambiguity.
features/index.ts(20,1): error TS2308: Module './argument-intelligence' has already exported a member named 'SentimentResult'. Consider explicitly re-exporting to resolve the ambiguity.
features/index.ts(20,1): error TS2308: Module './constitutional-analysis' has already exported a member named 'ConstitutionalAnalyzer'. Consider explicitly re-exporting to resolve the ambiguity.
features/index.ts(21,15): error TS2307: Cannot find module './monitoring' or its corresponding type declarations.
features/index.ts(22,1): error TS2308: Module './advocacy' has already exported a member named 'NotificationResult'. Consider explicitly re-exporting to resolve the ambiguity.
features/index.ts(22,1): error TS2308: Module './advocacy' has already exported a member named 'NotificationService'. Consider explicitly re-exporting to resolve the ambiguity.
features/index.ts(22,1): error TS2308: Module './analytics' has already exported a member named 'UserEngagementProfile'. Consider explicitly re-exporting to resolve the ambiguity.
features/index.ts(27,1): error TS2308: Module './bills' has already exported a member named 'router'. Consider explicitly re-exporting to resolve the ambiguity.
features/market/index.ts(3,15): error TS2307: Cannot find module './market.variants' or its corresponding type declarations.
features/market/market.controller.ts(20,57): error TS2345: Argument of type 'string | undefined' is not assignable to parameter of type 'string'.
  Type 'undefined' is not assignable to type 'string'.
features/market/market.controller.ts(26,28): error TS2339: Property 'name' does not exist on type 'StandardizedError'.
features/market/market.controller.ts(35,56): error TS2345: Argument of type 'string | undefined' is not assignable to parameter of type 'string'.
  Type 'undefined' is not assignable to type 'string'.
features/market/market.service.ts(3,10): error TS2305: Module '"@server/infrastructure/schema/market_intelligence"' has no exported member 'market_signals'.
features/market/market.service.ts(18,13): error TS6133: 'safeCurrency' is declared but its value is never read.
features/market/market.service.ts(44,42): error TS2339: Property 'query' does not exist on type 'DatabaseConnection'.
features/market/market.service.ts(51,15): error TS2554: Expected 3 arguments, but got 2.
features/market/market.service.ts(54,37): error TS7006: Parameter 's' implicitly has an 'any' type.
features/market/market.service.ts(72,41): error TS2339: Property 'query' does not exist on type 'DatabaseConnection'.
features/market/market.service.ts(78,16): error TS2554: Expected 3 arguments, but got 2.
features/market/market.service.ts(91,33): error TS2339: Property 'query' does not exist on type 'DatabaseConnection'.
features/market/market.validation.ts(6,34): error TS2339: Property 'openapi' does not exist on type 'ZodString'.
features/market/routes.ts(2,33): error TS2307: Cannot find module '@server/middleware/validation/validate-request' or its corresponding type declarations.
features/market/routes.ts(5,10): error TS2305: Module '"@server/infrastructure/auth"' has no exported member 'requireAuth'.
features/market/routes.ts(6,29): error TS2307: Cannot find module '@server/middleware/security/rate-limiter' or its corresponding type declarations.
features/ml/evaluation/evaluation-orchestrator.ts(80,35): error TS2339: Property 'modelName' does not exist on type 'ValidationResult<{ modelName: string; modelVersion?: string | undefined; testDataset?: string | undefined; evaluationConfig?: { includeBiasAnalysis?: boolean | undefined; includeQualityMetrics?: boolean | undefined; benchmarkSuite?: "standard" | ... 2 more ... | undefined; } | undefined; }>'.
features/ml/evaluation/evaluation-orchestrator.ts(81,38): error TS2339: Property 'modelVersion' does not exist on type 'ValidationResult<{ modelName: string; modelVersion?: string | undefined; testDataset?: string | undefined; evaluationConfig?: { includeBiasAnalysis?: boolean | undefined; includeQualityMetrics?: boolean | undefined; benchmarkSuite?: "standard" | ... 2 more ... | undefined; } | undefined; }>'.
features/ml/evaluation/evaluation-orchestrator.ts(86,31): error TS2339: Property 'modelName' does not exist on type 'ValidationResult<{ modelName: string; modelVersion?: string | undefined; testDataset?: string | undefined; evaluationConfig?: { includeBiasAnalysis?: boolean | undefined; includeQualityMetrics?: boolean | undefined; benchmarkSuite?: "standard" | ... 2 more ... | undefined; } | undefined; }>'.
features/ml/evaluation/evaluation-orchestrator.ts(87,33): error TS2339: Property 'modelVersion' does not exist on type 'ValidationResult<{ modelName: string; modelVersion?: string | undefined; testDataset?: string | undefined; evaluationConfig?: { includeBiasAnalysis?: boolean | undefined; includeQualityMetrics?: boolean | undefined; benchmarkSuite?: "standard" | ... 2 more ... | undefined; } | undefined; }>'.
features/ml/evaluation/evaluation-orchestrator.ts(144,35): error TS2339: Property 'modelName' does not exist on type 'ValidationResult<{ modelName: string; modelVersion?: string | undefined; testDataset?: string | undefined; evaluationConfig?: { includeBiasAnalysis?: boolean | undefined; includeQualityMetrics?: boolean | undefined; benchmarkSuite?: "standard" | ... 2 more ... | undefined; } | undefined; }>'.
features/ml/evaluation/evaluation-orchestrator.ts(145,38): error TS2339: Property 'modelVersion' does not exist on type 'ValidationResult<{ modelName: string; modelVersion?: string | undefined; testDataset?: string | undefined; evaluationConfig?: { includeBiasAnalysis?: boolean | undefined; includeQualityMetrics?: boolean | undefined; benchmarkSuite?: "standard" | ... 2 more ... | undefined; } | undefined; }>'.
features/ml/evaluation/evaluation-orchestrator.ts(157,35): error TS2339: Property 'modelName' does not exist on type 'ValidationResult<{ modelName: string; modelVersion?: string | undefined; testDataset?: string | undefined; evaluationConfig?: { includeBiasAnalysis?: boolean | undefined; includeQualityMetrics?: boolean | undefined; benchmarkSuite?: "standard" | ... 2 more ... | undefined; } | undefined; }>'.
features/ml/models/bill-summarizer.ts(1,1): error TS6133: 'bills' is declared but its value is never read.
features/ml/models/bill-summarizer.ts(233,11): error TS6133: 'prompt' is declared but its value is never read.
features/ml/models/bill-summarizer.ts(471,25): error TS6133: 'text' is declared but its value is never read.
features/ml/models/conflict-detector.ts(221,11): error TS6133: 'prompt' is declared but its value is never read.
features/ml/models/conflict-detector.ts(332,11): error TS6133: 'findShortestPath' is declared but its value is never read.
features/ml/models/constitutional-analyzer.ts(99,29): error TS2345: Argument of type '{ similarity: number; title?: string | undefined; text?: string | undefined; article: string; }' is not assignable to parameter of type 'ConstitutionalArticle'.
  Types of property 'title' are incompatible.
    Type 'string | undefined' is not assignable to type 'string'.
      Type 'undefined' is not assignable to type 'string'.
features/ml/models/constitutional-analyzer.ts(107,29): error TS2345: Argument of type '{ similarity: number; title?: string | undefined; text?: string | undefined; article: string; }' is not assignable to parameter of type 'ConstitutionalArticle'.
  Types of property 'title' are incompatible.
    Type 'string | undefined' is not assignable to type 'string'.
      Type 'undefined' is not assignable to type 'string'.
features/ml/models/constitutional-analyzer.ts(115,29): error TS2345: Argument of type '{ similarity: number; title?: string | undefined; text?: string | undefined; article: string; }' is not assignable to parameter of type 'ConstitutionalArticle'.
  Types of property 'title' are incompatible.
    Type 'string | undefined' is not assignable to type 'string'.
      Type 'undefined' is not assignable to type 'string'.
features/ml/models/constitutional-analyzer.ts(206,11): error TS6133: 'formatArticlesForPrompt' is declared but its value is never read.
features/ml/models/constitutional-analyzer.ts(206,35): error TS6133: 'input' is declared but its value is never read.
features/ml/models/content-classifier.ts(258,27): error TS6133: 'result' is declared but its value is never read.
features/ml/models/content-classifier.ts(365,34): error TS6133: 'text' is declared but its value is never read.
features/ml/models/content-classifier.ts(394,57): error TS6133: 'userContext' is declared but its value is never read.
features/ml/models/electoral-accountability-analyzer.ts(163,7): error TS2561: Object literal may only specify known properties, but 'voteChangeLikelihood' does not exist in type 'ElectoralAccountabilityResult'. Did you mean to write 'voteChangelikelihood'?
features/ml/models/electoral-accountability-analyzer.ts(218,7): error TS2561: Object literal may only specify known properties, but 'voteChangeLikelihood' does not exist in type 'ElectoralAccountabilityResult'. Did you mean to write 'voteChangelikelihood'?
features/ml/models/electoral-accountability-analyzer.ts(236,11): error TS6133: 'prompt' is declared but its value is never read.
features/ml/models/electoral-accountability-analyzer.ts(306,7): error TS2561: Object literal may only specify known properties, but 'voteChangeLikelihood' does not exist in type 'ElectoralAccountabilityResult'. Did you mean to write 'voteChangelikelihood'?
features/ml/models/electoral-accountability-analyzer.ts(306,51): error TS2551: Property 'voteChangeLikelihood' does not exist on type 'ElectoralAccountabilityResult'. Did you mean 'voteChangelikelihood'?
features/ml/models/electoral-accountability-analyzer.ts(506,5): error TS2322: Type '{ action: string; priority: string; expectedImpact: string; }[]' is not assignable to type '{ action: string; priority: "low" | "high" | "medium"; expectedImpact: string; }[]'.
  Type '{ action: string; priority: string; expectedImpact: string; }' is not assignable to type '{ action: string; priority: "low" | "high" | "medium"; expectedImpact: string; }'.
    Types of property 'priority' are incompatible.
      Type 'string' is not assignable to type '"low" | "high" | "medium"'.
features/ml/models/engagement-predictor.ts(1,1): error TS6133: 'User' is declared but its value is never read.
features/ml/models/engagement-predictor.ts(2,1): error TS6133: 'db' is declared but its value is never read.
features/ml/models/engagement-predictor.ts(3,1): error TS6133: 'bills' is declared but its value is never read.
features/ml/models/engagement-predictor.ts(154,5): error TS6133: 'tier' is declared but its value is never read.
features/ml/models/example-usage.ts(8,3): error TS6133: 'constitutionalAnalyzer' is declared but its value is never read.
features/ml/models/example-usage.ts(10,3): error TS2305: Module '"./index"' has no exported member 'analyzeConstitutional'.
features/ml/models/example-usage.ts(30,5): error TS2322: Type '"mixed"' is not assignable to type '"en" | "auto" | "sw" | undefined'.
features/ml/models/example-usage.ts(92,20): error TS7006: Parameter 'result' implicitly has an 'any' type.
features/ml/models/example-usage.ts(92,28): error TS7006: Parameter 'index' implicitly has an 'any' type.
features/ml/models/index.ts(47,10): error TS2304: Cannot find name 'sentimentAnalyzer'.
features/ml/models/index.ts(66,10): error TS2304: Cannot find name 'trojanBillDetector'.
features/ml/models/index.ts(82,10): error TS2304: Cannot find name 'conflictDetector'.
features/ml/models/index.ts(93,10): error TS2304: Cannot find name 'engagementPredictor'.
features/ml/models/index.ts(118,10): error TS2304: Cannot find name 'electoralAccountabilityAnalyzer'.
features/ml/models/index.ts(157,3): error TS2304: Cannot find name 'sentimentAnalyzer'.
features/ml/models/index.ts(158,3): error TS2304: Cannot find name 'constitutionalAnalyzer'.
features/ml/models/index.ts(159,3): error TS2304: Cannot find name 'trojanBillDetector'.
features/ml/models/index.ts(160,3): error TS2304: Cannot find name 'conflictDetector'.
features/ml/models/index.ts(161,3): error TS2304: Cannot find name 'engagementPredictor'.
features/ml/models/index.ts(162,3): error TS2304: Cannot find name 'electoralAccountabilityAnalyzer'.
features/ml/models/index.ts(163,3): error TS2304: Cannot find name 'influenceNetworkAnalyzer'.
features/ml/models/index.ts(164,3): error TS2304: Cannot find name 'contentClassifier'.
features/ml/models/index.ts(165,3): error TS2304: Cannot find name 'transparencyAnalyzer'.
features/ml/models/index.ts(166,3): error TS2304: Cannot find name 'billSummarizer'.
features/ml/models/influence-network-analyzer.ts(301,11): error TS6133: 'prompt' is declared but its value is never read.
features/ml/models/sentiment-analyzer.ts(92,18): error TS2532: Object is possibly 'undefined'.
features/ml/models/sentiment-analyzer.ts(156,7): error TS2322: Type '"en" | "auto" | "sw"' is not assignable to type '"en" | "mixed" | "sw" | undefined'.
  Type '"auto"' is not assignable to type '"en" | "mixed" | "sw" | undefined'.
features/ml/models/sentiment-analyzer.ts(170,11): error TS6133: 'prompt' is declared but its value is never read.
features/ml/models/transparency-analyzer.ts(286,11): error TS6133: 'prompt' is declared but its value is never read.
features/ml/models/transparency-analyzer.ts(339,404): error TS2532: Object is possibly 'undefined'.
features/ml/models/transparency-analyzer.ts(514,57): error TS6133: 'weaknesses' is declared but its value is never read.
features/ml/models/trojan-bill-detector.ts(1,1): error TS6133: 'bills' is declared but its value is never read.
features/ml/models/trojan-bill-detector.ts(252,11): error TS6133: 'prompt' is declared but its value is never read.
features/ml/models/trojan-bill-detector.ts(332,5): error TS6133: 'submissionDate' is declared but its value is never read.
features/ml/services/analysis-pipeline.ts(99,27): error TS6133: 'ALLOWED_OPERATORS' is declared but its value is never read.
features/ml/services/analysis-pipeline.ts(198,7): error TS2322: Type 'unknown' is not assignable to type 'Record<string, StepResult>'.
features/ml/services/analysis-pipeline.ts(199,7): error TS2322: Type 'unknown' is not assignable to type 'Record<string, unknown>'.
features/ml/services/analysis-pipeline.ts(215,35): error TS7053: Element implicitly has an 'any' type because expression of type 'string' can't be used to index type '{}'.
  No index signature with a parameter of type 'string' was found on type '{}'.
features/ml/services/analysis-pipeline.ts(246,9): error TS2741: Property 'optional' is missing in type '{ id: string; modelType: "trojan-bill-detector"; parallel: true; timeout: number; }' but required in type '{ id: string; modelType: "trojan-bill-detector" | "constitutional-analyzer" | "conflict-detector" | "sentiment-analyzer" | "engagement-predictor" | "transparency-scorer" | "influence-mapper" | "real-time-classifier"; ... 5 more ...; inputMapping?: Record<...> | undefined; }'.
features/ml/services/analysis-pipeline.ts(252,9): error TS2741: Property 'optional' is missing in type '{ id: string; modelType: "constitutional-analyzer"; parallel: true; timeout: number; }' but required in type '{ id: string; modelType: "trojan-bill-detector" | "constitutional-analyzer" | "conflict-detector" | "sentiment-analyzer" | "engagement-predictor" | "transparency-scorer" | "influence-mapper" | "real-time-classifier"; ... 5 more ...; inputMapping?: Record<...> | undefined; }'.
features/ml/services/analysis-pipeline.ts(258,9): error TS2741: Property 'optional' is missing in type '{ id: string; modelType: "transparency-scorer"; parallel: true; timeout: number; inputMapping: { entityType: string; entityId: string; assessmentData: string; contextualFactors: string; }; }' but required in type '{ id: string; modelType: "trojan-bill-detector" | "constitutional-analyzer" | "conflict-detector" | "sentiment-analyzer" | "engagement-predictor" | "transparency-scorer" | "influence-mapper" | "real-time-classifier"; ... 5 more ...; inputMapping?: Record<...> | undefined; }'.
features/ml/services/analysis-pipeline.ts(270,9): error TS2739: Type '{ id: string; modelType: "conflict-detector"; dependsOn: string[]; timeout: number; inputMapping: { billId: string; billText: string; billTitle: string; sponsorId: string; sponsorFinancialInterests: string; }; }' is missing the following properties from type '{ id: string; modelType: "trojan-bill-detector" | "constitutional-analyzer" | "conflict-detector" | "sentiment-analyzer" | "engagement-predictor" | "transparency-scorer" | "influence-mapper" | "real-time-classifier"; ... 5 more ...; inputMapping?: Record<...> | undefined; }': parallel, optional
features/ml/services/analysis-pipeline.ts(283,9): error TS2741: Property 'parallel' is missing in type '{ id: string; modelType: "engagement-predictor"; dependsOn: string[]; optional: true; timeout: number; inputMapping: { contentType: string; contentMetadata: string; }; }' but required in type '{ id: string; modelType: "trojan-bill-detector" | "constitutional-analyzer" | "conflict-detector" | "sentiment-analyzer" | "engagement-predictor" | "transparency-scorer" | "influence-mapper" | "real-time-classifier"; ... 5 more ...; inputMapping?: Record<...> | undefined; }'.
features/ml/services/analysis-pipeline.ts(317,9): error TS2739: Type '{ id: string; modelType: "real-time-classifier"; timeout: number; inputMapping: { content: string; classificationTasks: string; }; }' is missing the following properties from type '{ id: string; modelType: "trojan-bill-detector" | "constitutional-analyzer" | "conflict-detector" | "sentiment-analyzer" | "engagement-predictor" | "transparency-scorer" | "influence-mapper" | "real-time-classifier"; ... 5 more ...; inputMapping?: Record<...> | undefined; }': parallel, optional
features/ml/services/analysis-pipeline.ts(326,9): error TS2741: Property 'optional' is missing in type '{ id: string; modelType: "sentiment-analyzer"; parallel: true; timeout: number; inputMapping: { text: string; context: string; }; }' but required in type '{ id: string; modelType: "trojan-bill-detector" | "constitutional-analyzer" | "conflict-detector" | "sentiment-analyzer" | "engagement-predictor" | "transparency-scorer" | "influence-mapper" | "real-time-classifier"; ... 5 more ...; inputMapping?: Record<...> | undefined; }'.
features/ml/services/analysis-pipeline.ts(336,9): error TS2741: Property 'parallel' is missing in type '{ id: string; modelType: "engagement-predictor"; dependsOn: string[]; condition: string; optional: true; timeout: number; inputMapping: { contentType: string; contentMetadata: string; }; }' but required in type '{ id: string; modelType: "trojan-bill-detector" | "constitutional-analyzer" | "conflict-detector" | "sentiment-analyzer" | "engagement-predictor" | "transparency-scorer" | "influence-mapper" | "real-time-classifier"; ... 5 more ...; inputMapping?: Record<...> | undefined; }'.
features/ml/services/analysis-pipeline.ts(370,9): error TS2739: Type '{ id: string; modelType: "transparency-scorer"; timeout: number; inputMapping: { entityType: string; entityId: string; assessmentData: string; contextualFactors: string; }; }' is missing the following properties from type '{ id: string; modelType: "trojan-bill-detector" | "constitutional-analyzer" | "conflict-detector" | "sentiment-analyzer" | "engagement-predictor" | "transparency-scorer" | "influence-mapper" | "real-time-classifier"; ... 5 more ...; inputMapping?: Record<...> | undefined; }': parallel, optional
features/ml/services/analysis-pipeline.ts(381,9): error TS2741: Property 'optional' is missing in type '{ id: string; modelType: "conflict-detector"; parallel: true; timeout: number; inputMapping: { billId: string; billText: string; billTitle: string; sponsorId: string; sponsorFinancialInterests: string; }; }' but required in type '{ id: string; modelType: "trojan-bill-detector" | "constitutional-analyzer" | "conflict-detector" | "sentiment-analyzer" | "engagement-predictor" | "transparency-scorer" | "influence-mapper" | "real-time-classifier"; ... 5 more ...; inputMapping?: Record<...> | undefined; }'.
features/ml/services/analysis-pipeline.ts(394,9): error TS2739: Type '{ id: string; modelType: "influence-mapper"; dependsOn: string[]; timeout: number; inputMapping: { analysisType: string; entities: string; relationships: string; contextualData: string; }; }' is missing the following properties from type '{ id: string; modelType: "trojan-bill-detector" | "constitutional-analyzer" | "conflict-detector" | "sentiment-analyzer" | "engagement-predictor" | "transparency-scorer" | "influence-mapper" | "real-time-classifier"; ... 5 more ...; inputMapping?: Record<...> | undefined; }': parallel, optional
features/ml/services/analysis-pipeline.ts(425,9): error TS2739: Type '{ id: string; modelType: "sentiment-analyzer"; timeout: number; inputMapping: { text: string; context: string; }; }' is missing the following properties from type '{ id: string; modelType: "trojan-bill-detector" | "constitutional-analyzer" | "conflict-detector" | "sentiment-analyzer" | "engagement-predictor" | "transparency-scorer" | "influence-mapper" | "real-time-classifier"; ... 5 more ...; inputMapping?: Record<...> | undefined; }': parallel, optional
features/ml/services/analysis-pipeline.ts(434,9): error TS2741: Property 'optional' is missing in type '{ id: string; modelType: "engagement-predictor"; parallel: true; timeout: number; inputMapping: { contentType: string; contentMetadata: string; userProfile: string; contextualFactors: string; }; }' but required in type '{ id: string; modelType: "trojan-bill-detector" | "constitutional-analyzer" | "conflict-detector" | "sentiment-analyzer" | "engagement-predictor" | "transparency-scorer" | "influence-mapper" | "real-time-classifier"; ... 5 more ...; inputMapping?: Record<...> | undefined; }'.
features/ml/services/analysis-pipeline.ts(446,9): error TS2741: Property 'optional' is missing in type '{ id: string; modelType: "real-time-classifier"; parallel: true; timeout: number; inputMapping: { content: string; classificationTasks: string; }; }' but required in type '{ id: string; modelType: "trojan-bill-detector" | "constitutional-analyzer" | "conflict-detector" | "sentiment-analyzer" | "engagement-predictor" | "transparency-scorer" | "influence-mapper" | "real-time-classifier"; ... 5 more ...; inputMapping?: Record<...> | undefined; }'.
features/ml/services/analysis-pipeline.ts(568,15): error TS18048: 'result' is possibly 'undefined'.
features/ml/services/analysis-pipeline.ts(569,32): error TS18048: 'result' is possibly 'undefined'.
features/ml/services/analysis-pipeline.ts(569,39): error TS2339: Property 'value' does not exist on type 'PromiseSettledResult<StepResult>'.
  Property 'value' does not exist on type 'PromiseRejectedResult'.
features/ml/services/analysis-pipeline.ts(571,25): error TS18048: 'step' is possibly 'undefined'.
features/ml/services/analysis-pipeline.ts(572,31): error TS18048: 'step' is possibly 'undefined'.
features/ml/services/analysis-pipeline.ts(578,49): error TS18048: 'step' is possibly 'undefined'.
features/ml/services/analysis-pipeline.ts(579,51): error TS18048: 'step' is possibly 'undefined'.
features/ml/services/analysis-pipeline.ts(584,23): error TS18048: 'step' is possibly 'undefined'.
features/ml/services/analysis-pipeline.ts(586,22): error TS18048: 'result' is possibly 'undefined'.
features/ml/services/analysis-pipeline.ts(586,29): error TS2339: Property 'reason' does not exist on type 'PromiseSettledResult<StepResult>'.
  Property 'reason' does not exist on type 'PromiseFulfilledResult<StepResult>'.
features/ml/services/analysis-pipeline.ts(592,47): error TS18048: 'step' is possibly 'undefined'.
features/ml/services/analysis-pipeline.ts(593,40): error TS18048: 'step' is possibly 'undefined'.
features/ml/services/analysis-pipeline.ts(595,31): error TS18048: 'step' is possibly 'undefined'.
features/ml/services/analysis-pipeline.ts(878,11): error TS6133: 'calculateContentPriority' is declared but its value is never read.
features/ml/services/analysis-pipeline.ts(904,11): error TS6133: 'assessSponsorRisk' is declared but its value is never read.
features/ml/services/analysis-pipeline.ts(912,11): error TS6133: 'analyzePublicReaction' is declared but its value is never read.
features/ml/services/ml-integration.ts(1,1): error TS6133: 'bills' is declared but its value is never read.
features/ml/services/ml-integration.ts(11,1): error TS6133: 'mlOrchestrator' is declared but its value is never read.
features/ml/services/ml-integration.ts(172,9): error TS2741: Property 'skipCache' is missing in type '{ timeout: number; continueOnError: false; validateOutput: true; }' but required in type '{ timeout: number; continueOnError: boolean; skipCache: boolean; validateOutput: boolean; }'.
features/ml/services/ml-integration.ts(250,9): error TS2741: Property 'skipCache' is missing in type '{ timeout: number; continueOnError: true; validateOutput: false; }' but required in type '{ timeout: number; continueOnError: boolean; skipCache: boolean; validateOutput: boolean; }'.
features/ml/services/ml-integration.ts(292,9): error TS2741: Property 'skipCache' is missing in type '{ timeout: number; continueOnError: false; validateOutput: true; }' but required in type '{ timeout: number; continueOnError: boolean; skipCache: boolean; validateOutput: boolean; }'.
features/ml/services/ml-integration.ts(397,38): error TS18046: 'analysis' is of type 'unknown'.
features/ml/services/ml-integration.ts(398,43): error TS18046: 'analysis' is of type 'unknown'.
features/ml/services/ml-integration.ts(399,43): error TS18046: 'analysis' is of type 'unknown'.
features/ml/services/ml-integration.ts(400,40): error TS18046: 'analysis' is of type 'unknown'.
features/ml/services/ml-integration.ts(400,69): error TS18046: 'analysis' is of type 'unknown'.
features/ml/services/ml-integration.ts(403,46): error TS18046: 'analysis' is of type 'unknown'.
features/ml/services/ml-integration.ts(406,32): error TS18046: 'analysis' is of type 'unknown'.
features/ml/services/ml-integration.ts(406,53): error TS18046: 'analysis' is of type 'unknown'.
features/ml/services/ml-integration.ts(422,47): error TS18046: 'analysis' is of type 'unknown'.
features/ml/services/ml-integration.ts(427,42): error TS18046: 'analysis' is of type 'unknown'.
features/ml/services/ml-integration.ts(428,54): error TS18046: 'analysis' is of type 'unknown'.
features/ml/services/ml-integration.ts(429,11): error TS18046: 'analysis' is of type 'unknown'.
features/ml/services/ml-integration.ts(429,56): error TS18046: 'p' is of type 'unknown'.
features/ml/services/ml-integration.ts(431,43): error TS18046: 'analysis' is of type 'unknown'.
features/ml/services/ml-integration.ts(431,66): error TS18046: 'analysis' is of type 'unknown'.
features/ml/services/ml-integration.ts(435,38): error TS18046: 'analysis' is of type 'unknown'.
features/ml/services/ml-integration.ts(436,31): error TS18046: 'analysis' is of type 'unknown'.
features/ml/services/ml-integration.ts(438,60): error TS18046: 'analysis' is of type 'unknown'.
features/ml/services/ml-integration.ts(448,37): error TS18046: 'analysis' is of type 'unknown'.
features/ml/services/ml-integration.ts(448,59): error TS18046: 'analysis' is of type 'unknown'.
features/ml/services/ml-integration.ts(453,19): error TS18046: 'analysis' is of type 'unknown'.
features/ml/services/ml-integration.ts(456,42): error TS18046: 'analysis' is of type 'unknown'.
features/ml/services/ml-integration.ts(460,22): error TS18046: 'analysis' is of type 'unknown'.
features/ml/services/ml-integration.ts(461,28): error TS18046: 'analysis' is of type 'unknown'.
features/ml/services/ml-integration.ts(464,66): error TS18046: 'analysis' is of type 'unknown'.
features/ml/services/ml-integration.ts(476,23): error TS18046: 'analysis' is of type 'unknown'.
features/ml/services/ml-integration.ts(478,39): error TS18046: 'analysis' is of type 'unknown'.
features/ml/services/ml-integration.ts(478,68): error TS18046: 'analysis' is of type 'unknown'.
features/ml/services/ml-integration.ts(479,40): error TS18046: 'analysis' is of type 'unknown'.
features/ml/services/ml-integration.ts(479,61): error TS18046: 'analysis' is of type 'unknown'.
features/ml/services/ml-integration.ts(480,36): error TS18046: 'analysis' is of type 'unknown'.
features/ml/services/ml-integration.ts(493,32): error TS18046: 'analysis' is of type 'unknown'.
features/ml/services/ml-integration.ts(494,44): error TS18046: 'analysis' is of type 'unknown'.
features/ml/services/ml-integration.ts(496,44): error TS18046: 'analysis' is of type 'unknown'.
features/ml/services/ml-integration.ts(496,73): error TS18046: 'analysis' is of type 'unknown'.
features/ml/services/ml-integration.ts(500,38): error TS18046: 'provision' is of type 'unknown'.
features/ml/services/ml-integration.ts(500,73): error TS18046: 'provision' is of type 'unknown'.
features/ml/services/ml-integration.ts(501,37): error TS18046: 'provision' is of type 'unknown'.
features/ml/services/ml-integration.ts(502,13): error TS18046: 'provision' is of type 'unknown'.
features/ml/services/ml-integration.ts(503,53): error TS18046: 'provision' is of type 'unknown'.
features/ml/services/ml-integration.ts(509,36): error TS18046: 'analysis' is of type 'unknown'.
features/ml/services/ml-integration.ts(509,57): error TS18046: 'analysis' is of type 'unknown'.
features/ml/services/ml-integration.ts(518,38): error TS18046: 'analysis' is of type 'unknown'.
features/ml/services/ml-integration.ts(518,70): error TS18046: 'analysis' is of type 'unknown'.
features/ml/services/ml-integration.ts(522,26): error TS18046: 'technique' is of type 'unknown'.
features/ml/services/ml-integration.ts(522,78): error TS18046: 'technique' is of type 'unknown'.
features/ml/services/ml-integration.ts(523,13): error TS18046: 'technique' is of type 'unknown'.
features/ml/services/ml-integration.ts(524,37): error TS18046: 'technique' is of type 'unknown'.
features/ml/services/ml-integration.ts(533,23): error TS18046: 'analysis' is of type 'unknown'.
features/ml/services/ml-integration.ts(534,42): error TS18046: 'analysis' is of type 'unknown'.
features/ml/services/ml-integration.ts(534,65): error TS18046: 'analysis' is of type 'unknown'.
features/ml/services/ml-integration.ts(535,41): error TS18046: 'analysis' is of type 'unknown'.
features/ml/services/ml-integration.ts(535,69): error TS18046: 'analysis' is of type 'unknown'.
features/ml/services/ml-integration.ts(536,36): error TS18046: 'analysis' is of type 'unknown'.
features/ml/services/ml-integration.ts(550,39): error TS18046: 'analysis' is of type 'unknown'.
features/ml/services/ml-integration.ts(551,44): error TS18046: 'analysis' is of type 'unknown'.
features/ml/services/ml-integration.ts(553,38): error TS18046: 'analysis' is of type 'unknown'.
features/ml/services/ml-integration.ts(553,61): error TS18046: 'analysis' is of type 'unknown'.
features/ml/services/ml-integration.ts(557,38): error TS18046: 'violation' is of type 'unknown'.
features/ml/services/ml-integration.ts(557,76): error TS18046: 'violation' is of type 'unknown'.
features/ml/services/ml-integration.ts(558,37): error TS18046: 'violation' is of type 'unknown'.
features/ml/services/ml-integration.ts(559,40): error TS18046: 'violation' is of type 'unknown'.
features/ml/services/ml-integration.ts(560,47): error TS18046: 'violation' is of type 'unknown'.
features/ml/services/ml-integration.ts(564,38): error TS18046: 'analysis' is of type 'unknown'.
features/ml/services/ml-integration.ts(564,66): error TS18046: 'analysis' is of type 'unknown'.
features/ml/services/ml-integration.ts(568,26): error TS18046: 'provision' is of type 'unknown'.
features/ml/services/ml-integration.ts(568,61): error TS18046: 'provision' is of type 'unknown'.
features/ml/services/ml-integration.ts(569,37): error TS18046: 'provision' is of type 'unknown'.
features/ml/services/ml-integration.ts(569,78): error TS18046: 'provision' is of type 'unknown'.
features/ml/services/ml-integration.ts(574,38): error TS18046: 'analysis' is of type 'unknown'.
features/ml/services/ml-integration.ts(574,61): error TS18046: 'analysis' is of type 'unknown'.
features/ml/services/ml-integration.ts(578,26): error TS18046: 'precedent' is of type 'unknown'.
features/ml/services/ml-integration.ts(578,62): error TS18046: 'precedent' is of type 'unknown'.
features/ml/services/ml-integration.ts(579,49): error TS18046: 'precedent' is of type 'unknown'.
features/ml/services/ml-integration.ts(580,35): error TS18046: 'precedent' is of type 'unknown'.
features/ml/services/ml-integration.ts(594,10): error TS18046: 'results' is of type 'unknown'.
features/ml/services/ml-integration.ts(598,9): error TS18046: 'results' is of type 'unknown'.
features/ml/services/ml-integration.ts(602,10): error TS18046: 'results' is of type 'unknown'.
features/ml/services/ml-integration.ts(606,9): error TS18046: 'results' is of type 'unknown'.
features/ml/services/ml-integration.ts(615,23): error TS18046: 'results' is of type 'unknown'.
features/ml/services/ml-integration.ts(622,9): error TS18046: 'results' is of type 'unknown'.
features/ml/services/ml-integration.ts(626,10): error TS18046: 'results' is of type 'unknown'.
features/ml/services/ml-integration.ts(630,9): error TS18046: 'results' is of type 'unknown'.
features/ml/services/ml-integration.ts(638,28): error TS18046: 'results' is of type 'unknown'.
features/ml/services/ml-integration.ts(648,9): error TS18046: 'results' is of type 'unknown'.
features/ml/services/ml-integration.ts(656,10): error TS18046: 'results' is of type 'unknown'.
features/ml/services/ml-integration.ts(657,9): error TS18046: 'results' is of type 'unknown'.
features/ml/services/ml-integration.ts(658,10): error TS18046: 'results' is of type 'unknown'.
features/ml/services/ml-integration.ts(659,10): error TS18046: 'results' is of type 'unknown'.
features/ml/services/ml-integration.ts(664,10): error TS18046: 'results' is of type 'unknown'.
features/ml/services/ml-integration.ts(666,24): error TS18046: 'results' is of type 'unknown'.
features/ml/services/ml-integration.ts(667,41): error TS18046: 'v' is of type 'unknown'.
features/ml/services/ml-integration.ts(688,45): error TS18046: 'current' is of type 'unknown'.
features/ml/services/ml-integration.ts(689,54): error TS2339: Property 'severity' does not exist on type '{}'.
features/ml/services/ml-integration.ts(784,39): error TS2769: No overload matches this call.
  Overload 1 of 4, '(value: string | number | Date): Date', gave the following error.
    Argument of type '{}' is not assignable to parameter of type 'string | number | Date'.
  Overload 2 of 4, '(value: string | number): Date', gave the following error.
    Argument of type '{}' is not assignable to parameter of type 'string | number'.
features/ml/services/ml-orchestrator.ts(15,3): error TS2305: Module '"../models"' has no exported member 'transparencyScorer'.
features/ml/services/ml-orchestrator.ts(16,3): error TS2305: Module '"../models"' has no exported member 'influenceMapper'.
features/ml/services/ml-orchestrator.ts(17,3): error TS2305: Module '"../models"' has no exported member 'realTimeClassifier'.
features/ml/services/ml-orchestrator.ts(18,3): error TS2305: Module '"../models"' has no exported member 'MODEL_REGISTRY'.
features/ml/services/ml-orchestrator.ts(18,3): error TS6133: 'MODEL_REGISTRY' is declared but its value is never read.
features/ml/services/ml-orchestrator.ts(19,8): error TS2305: Module '"../models"' has no exported member 'ModelType'.
features/ml/services/ml-orchestrator.ts(119,20): error TS6133: 'MAX_CACHE_MEMORY_MB' is declared but its value is never read.
features/ml/services/ml-orchestrator.ts(201,34): error TS2339: Property 'retryOnFailure' does not exist on type '{}'.
features/ml/services/ml-orchestrator.ts(201,60): error TS2339: Property 'maxRetries' does not exist on type '{}'.
features/ml/services/ml-orchestrator.ts(353,21): error TS18046: 'options' is of type 'unknown'.
features/ml/services/ml-orchestrator.ts(379,10): error TS18046: 'model' is of type 'unknown'.
features/ml/services/ml-orchestrator.ts(379,38): error TS18046: 'model' is of type 'unknown'.
features/ml/services/ml-orchestrator.ts(383,12): error TS18046: 'model' is of type 'unknown'.
features/ml/services/ml-orchestrator.ts(433,51): error TS2769: No overload matches this call.
  Overload 1 of 2, '(o: {}): string[]', gave the following error.
    Argument of type 'unknown' is not assignable to parameter of type '{}'.
  Overload 2 of 2, '(o: object): string[]', gave the following error.
    Argument of type 'unknown' is not assignable to parameter of type 'object'.
features/ml/services/ml-orchestrator.ts(493,25): error TS2532: Object is possibly 'undefined'.
features/ml/services/ml-orchestrator.ts(595,26): error TS2538: Type 'undefined' cannot be used as an index type.
features/ml/services/ml-orchestrator.ts(596,23): error TS2538: Type 'undefined' cannot be used as an index type.
features/ml/services/ml-orchestrator.ts(598,21): error TS2538: Type 'undefined' cannot be used as an index type.
features/ml/services/ml-orchestrator.ts(672,27): error TS2538: Type 'undefined' cannot be used as an index type.
features/ml/services/ollama-client.ts(8,10): error TS2724: '"../config/mwanga-config"' has no exported member named 'MWANGA_CONFIG'. Did you mean 'MwangaConfig'?
features/ml/services/python-service-client.ts(11,10): error TS2724: '"../config/mwanga-config"' has no exported member named 'MWANGA_CONFIG'. Did you mean 'MwangaConfig'?
features/ml/testing/test-server.ts(6,1): error TS1202: Import assignment cannot be used when targeting ECMAScript modules. Consider using 'import * as ns from "mod"', 'import {a} from "mod"', 'import d from "mod"', or another module format instead.
features/ml/testing/test-server.ts(7,1): error TS1202: Import assignment cannot be used when targeting ECMAScript modules. Consider using 'import * as ns from "mod"', 'import {a} from "mod"', 'import d from "mod"', or another module format instead.
features/ml/testing/test-server.ts(9,10): error TS2305: Module '"../index"' has no exported member 'mlOrchestrator'.
features/ml/testing/test-server.ts(9,26): error TS2305: Module '"../index"' has no exported member 'analysisPipeline'.
features/ml/testing/test-server.ts(50,24): error TS7006: Parameter 'model' implicitly has an 'any' type.
features/notifications/action-prompt-generator.ts(1,15): error TS2305: Module '"../bills/types/analysis"' has no exported member 'Bill'.
features/notifications/action-prompt-generator.ts(220,31): error TS6133: 'bill' is declared but its value is never read.
features/notifications/application/notification-orchestrator.ts(1,15): error TS2459: Module '"@server/features/users/domain/user-preferences"' declares 'BillTrackingPreferences' locally, but it is not exported.
features/notifications/application/notification-orchestrator.ts(1,78): error TS6133: 'UserNotificationPreferences' is declared but its value is never read.
features/notifications/application/notification-orchestrator.ts(8,10): error TS2614: Module '"@server/infrastructure/schema"' has no exported member 'bill_tracking_preferences'. Did you mean to use 'import bill_tracking_preferences from "@server/infrastructure/schema"' instead?
features/notifications/application/notification-orchestrator.ts(8,37): error TS6133: 'bills' is declared but its value is never read.
features/notifications/application/notification-orchestrator.ts(8,58): error TS6133: 'users' is declared but its value is never read.
features/notifications/application/notification-orchestrator.ts(320,60): error TS2345: Argument of type '{ component: string; user_id: string; error: string; }' is not assignable to parameter of type 'undefined'.
features/notifications/application/notification-orchestrator.ts(603,116): error TS2345: Argument of type '{ component: string; }' is not assignable to parameter of type 'undefined'.
features/notifications/application/notification-orchestrator.ts(710,77): error TS2345: Argument of type '{ component: string; user_id: string; }' is not assignable to parameter of type 'undefined'.
features/notifications/application/notification-orchestrator.ts(741,5): error TS6133: 'filterResult' is declared but its value is never read.
features/notifications/application/notification-orchestrator.ts(826,11): error TS2322: Type 'string | number | symbol' is not assignable to type '"email" | "push" | "sms" | "inApp"'.
  Type 'string' is not assignable to type '"email" | "push" | "sms" | "inApp"'.
features/notifications/application/notification-orchestrator.ts(846,54): error TS2731: Implicit conversion of a 'symbol' to a 'string' will fail at runtime. Consider wrapping this expression in 'String(...)'.
features/notifications/application/notification-orchestrator.ts(846,90): error TS2345: Argument of type '{ component: string; user_id: string; }' is not assignable to parameter of type 'undefined'.
features/notifications/application/notification-orchestrator.ts(851,15): error TS2322: Type 'string | number | symbol' is not assignable to type 'string'.
  Type 'number' is not assignable to type 'string'.
features/notifications/application/notification-orchestrator.ts(862,37): error TS2731: Implicit conversion of a 'symbol' to a 'string' will fail at runtime. Consider wrapping this expression in 'String(...)'.
features/notifications/application/notification-orchestrator.ts(867,30): error TS2345: Argument of type 'DeliveryResult | { success: false; channel: string | number | symbol; error: string; }' is not assignable to parameter of type 'DeliveryResult'.
  Type '{ success: false; channel: string | number | symbol; error: string; }' is not assignable to type 'DeliveryResult'.
    Types of property 'channel' are incompatible.
      Type 'string | number | symbol' is not assignable to type 'string'.
        Type 'number' is not assignable to type 'string'.
features/notifications/application/notification-orchestrator.ts(875,13): error TS6133: 'allSucceeded' is declared but its value is never read.
features/notifications/application/notification-orchestrator.ts(887,44): error TS2695: Left side of comma operator is unused and has no side effects.
features/notifications/application/notification-orchestrator.ts(899,82): error TS2345: Argument of type '{ component: string; user_id: string; }' is not assignable to parameter of type 'undefined'.
features/notifications/application/notification-orchestrator.ts(926,5): error TS6133: 'filterResult' is declared but its value is never read.
features/notifications/application/notification-orchestrator.ts(969,66): error TS2345: Argument of type '{ component: string; }' is not assignable to parameter of type 'undefined'.
features/notifications/application/notification-orchestrator.ts(1035,9): error TS2322: Type 'unknown' is not assignable to type '("email" | "push" | "sms" | "inApp")[]'.
features/notifications/application/notification-orchestrator.ts(1093,79): error TS2345: Argument of type '{ component: string; batchId: string; retryCount: number; }' is not assignable to parameter of type 'undefined'.
features/notifications/application/notification-orchestrator.ts(1099,89): error TS2345: Argument of type '{ component: string; batchId: string; }' is not assignable to parameter of type 'undefined'.
features/notifications/application/notification-orchestrator.ts(1116,31): error TS6133: 'notification' is declared but its value is never read.
features/notifications/application/notification-orchestrator.ts(1129,33): error TS2345: Argument of type '(n: NotificationRequest) => void' is not assignable to parameter of type '(value: { notificationType: any; }, index: number, array: { notificationType: any; }[]) => void'.
  Types of parameters 'n' and 'value' are incompatible.
    Type '{ notificationType: any; }' is missing the following properties from type 'NotificationRequest': user_id, priority, content
features/notifications/application/notification-orchestrator.ts(1144,33): error TS2345: Argument of type '(n: NotificationRequest) => void' is not assignable to parameter of type '(value: { notificationType: any; }, index: number, array: { notificationType: any; }[]) => void'.
  Types of parameters 'n' and 'value' are incompatible.
    Type '{ notificationType: any; }' is missing the following properties from type 'NotificationRequest': user_id, priority, content
features/notifications/application/notification-orchestrator.ts(1276,60): error TS2345: Argument of type '{ component: string; batchId: string; }' is not assignable to parameter of type 'undefined'.
features/notifications/application/notification-scheduler.ts(1,15): error TS2459: Module '"@server/features/users/domain/user-preferences"' declares 'BillTrackingPreferences' locally, but it is not exported.
features/notifications/application/notification-scheduler.ts(2,24): error TS6133: 'writeDatabase' is declared but its value is never read.
features/notifications/application/notification-scheduler.ts(2,39): error TS6133: 'withTransaction' is declared but its value is never read.
features/notifications/application/notification-scheduler.ts(3,33): error TS6133: 'notifications' is declared but its value is never read.
features/notifications/application/notification-scheduler.ts(4,24): error TS6133: 'lt' is declared but its value is never read.
features/notifications/application/notification-scheduler.ts(94,18): error TS6133: 'user' is declared but its value is never read.
features/notifications/application/notification-scheduler.ts(103,62): error TS2345: Argument of type '{ component: string; }' is not assignable to parameter of type 'undefined'.
features/notifications/application/notification-scheduler.ts(231,33): error TS6133: 'bill' is declared but its value is never read.
features/notifications/application/notification-scheduler.ts(244,33): error TS6133: 'bill' is declared but its value is never read.
features/notifications/application/notification-scheduler.ts(246,60): error TS2345: Argument of type '{ component: string; }' is not assignable to parameter of type 'undefined'.
features/notifications/application/notification-scheduler.ts(279,57): error TS2345: Argument of type '{ component: string; }' is not assignable to parameter of type 'undefined'.
features/notifications/application/notification-scheduler.ts(313,32): error TS6133: 'bill' is declared but its value is never read.
features/notifications/application/notification-scheduler.ts(319,53): error TS2345: Argument of type '{ component: string; }' is not assignable to parameter of type 'undefined'.
features/notifications/application/notification-scheduler.ts(345,30): error TS6133: 'bill' is declared but its value is never read.
features/notifications/application/notification-scheduler.ts(351,51): error TS2345: Argument of type '{ component: string; }' is not assignable to parameter of type 'undefined'.
features/notifications/application/notification-scheduler.ts(366,60): error TS2345: Argument of type '{ component: string; }' is not assignable to parameter of type 'undefined'.
features/notifications/application/notification-scheduler.ts(383,59): error TS2345: Argument of type '{ component: string; }' is not assignable to parameter of type 'undefined'.
features/notifications/application/notification-scheduler.ts(421,103): error TS2552: Cannot find name 'user'. Did you mean 'users'?
features/notifications/application/notification-scheduler.ts(424,12): error TS7006: Parameter 'userData' implicitly has an 'any' type.
features/notifications/application/notification-scheduler.ts(427,15): error TS7006: Parameter 'userData' implicitly has an 'any' type.
features/notifications/application/notification-scheduler.ts(429,23): error TS2339: Property 'billTracking' does not exist on type '{}'.
features/notifications/application/notification-scheduler.ts(471,36): error TS6133: 'bill_id' is declared but its value is never read.
features/notifications/application/notification-scheduler.ts(471,53): error TS6133: 'timeframe' is declared but its value is never read.
features/notifications/application/notification-scheduler.ts(524,58): error TS6133: 'bill' is declared but its value is never read.
features/notifications/application/notification-scheduler.ts(540,35): error TS6133: 'bill' is declared but its value is never read.
features/notifications/application/notification-scheduler.ts(558,49): error TS6133: 'bill' is declared but its value is never read.
features/notifications/application/notification-scheduler.ts(612,57): error TS2345: Argument of type '{ component: string; }' is not assignable to parameter of type 'undefined'.
features/notifications/application/NotificationsService.ts(9,10): error TS6133: 'readDatabase' is declared but its value is never read.
features/notifications/application/NotificationsService.ts(9,24): error TS6133: 'writeDatabase' is declared but its value is never read.
features/notifications/application/services/alert-delivery.service.ts(213,55): error TS2345: Argument of type '{ component: string; user_id: string; alertType: AlertType; }' is not assignable to parameter of type 'undefined'.
features/notifications/application/services/alert-delivery.service.ts(256,11): error TS2532: Object is possibly 'undefined'.
features/notifications/application/services/alert-delivery.service.ts(275,26): error TS2339: Property 'delete' does not exist on type 'CacheService'.
features/notifications/application/services/alert-delivery.service.ts(285,55): error TS2345: Argument of type '{ component: string; user_id: string; preferenceId: string; }' is not assignable to parameter of type 'undefined'.
features/notifications/application/services/alert-delivery.service.ts(300,5): error TS6133: 'preference' is declared but its value is never read.
features/notifications/application/services/alert-delivery.service.ts(334,54): error TS2345: Argument of type '{ component: string; user_id: string; }' is not assignable to parameter of type 'undefined'.
features/notifications/application/services/alert-delivery.service.ts(366,13): error TS6133: 'mapped' is declared but its value is never read.
features/notifications/application/services/alert-delivery.service.ts(398,56): error TS2345: Argument of type '{ component: string; user_id: string; }' is not assignable to parameter of type 'undefined'.
features/notifications/application/services/alert-delivery.service.ts(427,45): error TS2345: Argument of type '{ component: string; user_id: string; preferenceId: string; }' is not assignable to parameter of type 'undefined'.
features/notifications/application/services/alert-preference-management.service.ts(15,1): error TS6133: 'users' is declared but its value is never read.
features/notifications/application/services/alert-preference-management.service.ts(85,55): error TS2345: Argument of type '{ component: string; user_id: string; }' is not assignable to parameter of type 'undefined'.
features/notifications/application/services/alert-preference-management.service.ts(122,56): error TS2345: Argument of type '{ component: string; user_id: string; }' is not assignable to parameter of type 'undefined'.
features/notifications/application/services/alert-preference-management.service.ts(180,55): error TS2345: Argument of type '{ component: string; user_id: string; preferenceId: string; }' is not assignable to parameter of type 'undefined'.
features/notifications/application/services/alert-preference-management.service.ts(209,55): error TS2345: Argument of type '{ component: string; user_id: string; preferenceId: string; }' is not assignable to parameter of type 'undefined'.
features/notifications/application/services/alert-preference-management.service.ts(254,50): error TS2345: Argument of type '{ component: string; user_id: string; }' is not assignable to parameter of type 'undefined'.
features/notifications/application/services/alert-preference-management.service.ts(321,52): error TS2345: Argument of type '{ component: string; user_id: string; }' is not assignable to parameter of type 'undefined'.
features/notifications/application/services/alert-preference-management.service.ts(407,50): error TS2345: Argument of type '{ component: string; user_id: string; }' is not assignable to parameter of type 'undefined'.
features/notifications/application/services/alert-preference-management.service.ts(596,28): error TS2339: Property 'delete' does not exist on type 'CacheService'.
features/notifications/application/services/notification.service.ts(37,1): error TS6133: 'users' is declared but its value is never read.
features/notifications/domain/entities/notification.ts(1,10): error TS2724: '"@server/infrastructure/schema"' has no exported member named 'NotificationType'. Did you mean 'notifications'?
features/notifications/domain/services/alert-preference-domain.service.ts(16,3): error TS6196: 'AlertConditions' is declared but never used.
features/notifications/domain/services/alert-preference.service.ts(11,1): error TS6133: 'logger' is declared but its value is never read.
features/notifications/domain/services/alert-preference.service.ts(12,1): error TS6133: 'cacheService' is declared but its value is never read.
features/notifications/domain/services/alert-preference.service.ts(13,1): error TS6133: 'db' is declared but its value is never read.
features/notifications/domain/services/alert-preference.service.ts(14,1): error TS6133: 'schema' is declared but its value is never read.
features/notifications/domain/services/alert-preference.service.ts(15,1): error TS6133: 'eq' is declared but its value is never read.
features/notifications/domain/services/alert-preference.service.ts(21,3): error TS6196: 'AlertType' is declared but never used.
features/notifications/domain/services/alert-preference.service.ts(22,3): error TS6196: 'ChannelType' is declared but never used.
features/notifications/domain/services/alert-preference.service.ts(23,3): error TS6196: 'Priority' is declared but never used.
features/notifications/domain/services/alert-preference.service.ts(24,3): error TS6196: 'DeliveryStatus' is declared but never used.
features/notifications/domain/services/alert-preference.service.ts(26,3): error TS6196: 'SmartFilteringResult' is declared but never used.
features/notifications/domain/services/alert-preference.service.ts(27,3): error TS6196: 'AlertChannel' is declared but never used.
features/notifications/domain/services/alert-preference.service.ts(28,3): error TS6196: 'AlertConditions' is declared but never used.
features/notifications/domain/services/alert-preference.service.ts(30,1): error TS6133: 'AlertPreferenceEntity' is declared but its value is never read.
features/notifications/domain/services/alert-preference.service.ts(31,1): error TS6133: 'notificationChannelService' is declared but its value is never read.
features/notifications/domain/services/alert-preference.service.ts(32,1): error TS6133: 'users' is declared but its value is never read.
features/notifications/domain/services/alert-preference.service.ts(33,1): error TS6133: 'userPreferencesService' is declared but its value is never read.
features/notifications/domain/services/alert-preference.service.ts(42,10): error TS6133: 'isUserPreferencesData' is declared but its value is never read.
features/notifications/domain/services/smart-notification-filter.ts(1,1): error TS6133: 'User' is declared but its value is never read.
features/notifications/domain/services/smart-notification-filter.ts(38,3): error TS2300: Duplicate identifier 'bills'.
features/notifications/domain/services/smart-notification-filter.ts(39,3): error TS2300: Duplicate identifier 'sponsors'.
features/notifications/domain/services/smart-notification-filter.ts(42,10): error TS2300: Duplicate identifier 'bills'.
features/notifications/domain/services/smart-notification-filter.ts(43,10): error TS2300: Duplicate identifier 'sponsors'.
features/notifications/domain/services/smart-notification-filter.ts(355,59): error TS7006: Parameter 'f' implicitly has an 'any' type.
features/notifications/domain/services/smart-notification-filter.ts(393,57): error TS7006: Parameter 'f' implicitly has an 'any' type.
features/notifications/domain/services/smart-notification-filter.ts(402,37): error TS7006: Parameter 'kw' implicitly has an 'any' type.
features/notifications/domain/services/smart-notification-filter.ts(425,58): error TS7006: Parameter 'f' implicitly has an 'any' type.
features/notifications/domain/services/smart-notification-filter.ts(475,59): error TS7006: Parameter 'f' implicitly has an 'any' type.
features/notifications/domain/types.ts(9,3): error TS2305: Module '"@shared/types"' has no exported member 'CombinedBillTrackingPreferences'.
features/notifications/domain/types.ts(10,3): error TS2724: '"@shared/types"' has no exported member named 'NotificationTemplate'. Did you mean 'NotificationType'?
features/notifications/domain/types.ts(11,3): error TS2724: '"@shared/types"' has no exported member named 'UserNotification'. Did you mean 'ErrorNotification'?
features/notifications/infrastructure/persistence/NotificationRepository.ts(1,1): error TS6133: 'User' is declared but its value is never read.
features/notifications/infrastructure/persistence/NotificationRepository.ts(13,1): error TS6133: 'db' is declared but its value is never read.
features/notifications/presentation/http/notification-routes.ts(1,1): error TS6133: 'User' is declared but its value is never read.
features/pretext-detection/application/pretext-detection.service.ts(8,1): error TS6133: 'users' is declared but its value is never read.
features/pretext-detection/application/pretext-detection.service.ts(9,36): error TS2307: Cannot find module '@server/features/monitoring/domain/integration-monitor.service' or its corresponding type declarations.
features/pretext-detection/domain/pretext-analysis.service.ts(8,1): error TS6133: 'bills' is declared but its value is never read.
features/pretext-detection/domain/pretext-analysis.service.ts(38,11): error TS2353: Object literal may only specify known properties, and 'sponsor' does not exist in type '{ pageCount: number; consultationPeriodDays: number; amendmentCount: number; scheduleCount: number; urgencyDesignation?: string | undefined; submissionDate: Date; }'.
features/pretext-detection/domain/pretext-analysis.service.ts(45,55): error TS2339: Property 'detections' does not exist on type 'TierResult<TrojanBillResult>'.
features/pretext-detection/domain/pretext-analysis.service.ts(45,70): error TS7006: Parameter 'd' implicitly has an 'any' type.
features/pretext-detection/domain/pretext-analysis.service.ts(56,25): error TS2339: Property 'riskScore' does not exist on type 'TierResult<TrojanBillResult>'.
features/pretext-detection/domain/types.ts(10,3): error TS2305: Module '"@shared/types"' has no exported member 'PretextAnalysisInput'.
features/pretext-detection/domain/types.ts(11,3): error TS2305: Module '"@shared/types"' has no exported member 'PretextDetection'.
features/pretext-detection/domain/types.ts(12,3): error TS2305: Module '"@shared/types"' has no exported member 'PretextAnalysisResult'.
features/pretext-detection/domain/types.ts(18,15): error TS2304: Cannot find name 'PretextDetection'.
features/pretext-detection/infrastructure/pretext-repository.ts(10,1): error TS6133: 'db' is declared but its value is never read.
features/pretext-detection/infrastructure/pretext-repository.ts(11,1): error TS6133: 'users' is declared but its value is never read.
features/pretext-detection/scripts/register-feature.ts(7,36): error TS2307: Cannot find module '@server/features/monitoring/domain/integration-monitor.service' or its corresponding type declarations.
features/product-analytics/application/monitoring.routes.ts(14,1): error TS6133: 'logger' is declared but its value is never read.
features/product-analytics/application/monitoring.routes.ts(70,50): error TS2345: Argument of type 'string | undefined' is not assignable to parameter of type 'string'.
  Type 'undefined' is not assignable to type 'string'.
features/product-analytics/application/monitoring.routes.ts(97,64): error TS2345: Argument of type 'string | undefined' is not assignable to parameter of type 'string'.
  Type 'undefined' is not assignable to type 'string'.
features/product-analytics/application/monitoring.routes.ts(117,44): error TS2345: Argument of type 'string | undefined' is not assignable to parameter of type 'string'.
  Type 'undefined' is not assignable to type 'string'.
features/product-analytics/application/monitoring.routes.ts(142,69): error TS2345: Argument of type 'string | undefined' is not assignable to parameter of type 'string'.
  Type 'undefined' is not assignable to type 'string'.
features/product-analytics/application/monitoring.routes.ts(225,62): error TS2345: Argument of type 'string | undefined' is not assignable to parameter of type 'string'.
  Type 'undefined' is not assignable to type 'string'.
features/product-analytics/application/monitoring.routes.ts(262,47): error TS2345: Argument of type 'string | undefined' is not assignable to parameter of type 'string'.
  Type 'undefined' is not assignable to type 'string'.
features/product-analytics/application/monitoring.routes.ts(282,43): error TS2345: Argument of type 'string | undefined' is not assignable to parameter of type 'string'.
  Type 'undefined' is not assignable to type 'string'.
features/product-analytics/application/monitoring.routes.ts(332,7): error TS2345: Argument of type 'string | undefined' is not assignable to parameter of type 'string'.
  Type 'undefined' is not assignable to type 'string'.
features/product-analytics/application/monitoring.routes.ts(358,7): error TS2345: Argument of type 'string | undefined' is not assignable to parameter of type 'string'.
  Type 'undefined' is not assignable to type 'string'.
features/product-analytics/domain/alerting.service.ts(13,15): error TS2614: Module '"@server/infrastructure/schema"' has no exported member 'IntegrationAlert'. Did you mean to use 'import IntegrationAlert from "@server/infrastructure/schema"' instead?
features/product-analytics/domain/alerting.service.ts(13,33): error TS2614: Module '"@server/infrastructure/schema"' has no exported member 'AlertRule'. Did you mean to use 'import AlertRule from "@server/infrastructure/schema"' instead?
features/product-analytics/domain/alerting.service.ts(80,11): error TS2353: Object literal may only specify known properties, and 'alertId' does not exist in type 'ErrorContext'.
features/product-analytics/domain/alerting.service.ts(118,11): error TS2353: Object literal may only specify known properties, and 'alertId' does not exist in type 'ErrorContext'.
features/product-analytics/domain/integration-monitor.service.ts(12,39): error TS6133: 'withTransaction' is declared but its value is never read.
features/product-analytics/domain/integration-monitor.service.ts(15,1): error TS6133: 'performanceMonitor' is declared but its value is never read.
features/product-analytics/domain/integration-monitor.service.ts(17,3): error TS2614: Module '"@server/infrastructure/schema"' has no exported member 'integrationFeatures'. Did you mean to use 'import integrationFeatures from "@server/infrastructure/schema"' instead?
features/product-analytics/domain/integration-monitor.service.ts(18,3): error TS2614: Module '"@server/infrastructure/schema"' has no exported member 'featureMetrics'. Did you mean to use 'import featureMetrics from "@server/infrastructure/schema"' instead?
features/product-analytics/domain/integration-monitor.service.ts(19,3): error TS2614: Module '"@server/infrastructure/schema"' has no exported member 'healthChecks'. Did you mean to use 'import healthChecks from "@server/infrastructure/schema"' instead?
features/product-analytics/domain/integration-monitor.service.ts(20,3): error TS2614: Module '"@server/infrastructure/schema"' has no exported member 'integrationAlerts'. Did you mean to use 'import integrationAlerts from "@server/infrastructure/schema"' instead?
features/product-analytics/domain/integration-monitor.service.ts(21,3): error TS2614: Module '"@server/infrastructure/schema"' has no exported member 'alertRules'. Did you mean to use 'import alertRules from "@server/infrastructure/schema"' instead?
features/product-analytics/domain/integration-monitor.service.ts(22,3): error TS2614: Module '"@server/infrastructure/schema"' has no exported member 'integrationLogs'. Did you mean to use 'import integrationLogs from "@server/infrastructure/schema"' instead?
features/product-analytics/domain/integration-monitor.service.ts(23,8): error TS2614: Module '"@server/infrastructure/schema"' has no exported member 'IntegrationFeature'. Did you mean to use 'import IntegrationFeature from "@server/infrastructure/schema"' instead?
features/product-analytics/domain/integration-monitor.service.ts(24,8): error TS2614: Module '"@server/infrastructure/schema"' has no exported member 'NewIntegrationFeature'. Did you mean to use 'import NewIntegrationFeature from "@server/infrastructure/schema"' instead?
features/product-analytics/domain/integration-monitor.service.ts(25,8): error TS2614: Module '"@server/infrastructure/schema"' has no exported member 'FeatureMetric'. Did you mean to use 'import FeatureMetric from "@server/infrastructure/schema"' instead?
features/product-analytics/domain/integration-monitor.service.ts(26,8): error TS2614: Module '"@server/infrastructure/schema"' has no exported member 'NewFeatureMetric'. Did you mean to use 'import NewFeatureMetric from "@server/infrastructure/schema"' instead?
features/product-analytics/domain/integration-monitor.service.ts(27,8): error TS2614: Module '"@server/infrastructure/schema"' has no exported member 'HealthCheck'. Did you mean to use 'import HealthCheck from "@server/infrastructure/schema"' instead?
features/product-analytics/domain/integration-monitor.service.ts(28,8): error TS2614: Module '"@server/infrastructure/schema"' has no exported member 'NewHealthCheck'. Did you mean to use 'import NewHealthCheck from "@server/infrastructure/schema"' instead?
features/product-analytics/domain/integration-monitor.service.ts(29,8): error TS2614: Module '"@server/infrastructure/schema"' has no exported member 'IntegrationAlert'. Did you mean to use 'import IntegrationAlert from "@server/infrastructure/schema"' instead?
features/product-analytics/domain/integration-monitor.service.ts(30,8): error TS2614: Module '"@server/infrastructure/schema"' has no exported member 'NewIntegrationAlert'. Did you mean to use 'import NewIntegrationAlert from "@server/infrastructure/schema"' instead?
features/product-analytics/domain/integration-monitor.service.ts(31,8): error TS2614: Module '"@server/infrastructure/schema"' has no exported member 'AlertRule'. Did you mean to use 'import AlertRule from "@server/infrastructure/schema"' instead?
features/product-analytics/domain/integration-monitor.service.ts(32,8): error TS2614: Module '"@server/infrastructure/schema"' has no exported member 'NewAlertRule'. Did you mean to use 'import NewAlertRule from "@server/infrastructure/schema"' instead?
features/product-analytics/domain/integration-monitor.service.ts(33,8): error TS2614: Module '"@server/infrastructure/schema"' has no exported member 'IntegrationLog'. Did you mean to use 'import IntegrationLog from "@server/infrastructure/schema"' instead?
features/product-analytics/domain/integration-monitor.service.ts(34,8): error TS2614: Module '"@server/infrastructure/schema"' has no exported member 'NewIntegrationLog'. Did you mean to use 'import NewIntegrationLog from "@server/infrastructure/schema"' instead?
features/product-analytics/domain/integration-monitor.service.ts(269,49): error TS2353: Object literal may only specify known properties, and 'featureId' does not exist in type 'ErrorContext'.
features/product-analytics/domain/integration-monitor.service.ts(427,49): error TS2353: Object literal may only specify known properties, and 'featureId' does not exist in type 'ErrorContext'.
features/product-analytics/domain/integration-monitor.service.ts(520,29): error TS7006: Parameter 'feature' implicitly has an 'any' type.
features/product-analytics/domain/integration-monitor.service.ts(556,48): error TS7006: Parameter 'f' implicitly has an 'any' type.
features/product-analytics/domain/integration-monitor.service.ts(557,49): error TS7006: Parameter 'f' implicitly has an 'any' type.
features/product-analytics/domain/integration-monitor.service.ts(558,45): error TS7006: Parameter 'f' implicitly has an 'any' type.
features/product-analytics/domain/integration-monitor.service.ts(614,17): error TS2769: No overload matches this call.
  Overload 1 of 3, '(left: Column<ColumnBaseConfig<ColumnDataType, string>, object, object>, right: unknown): SQL<unknown>', gave the following error.
    Argument of type 'Date' is not assignable to parameter of type 'Column<ColumnBaseConfig<ColumnDataType, string>, object, object>'.
      Type 'Date' is missing the following properties from type 'Column<ColumnBaseConfig<ColumnDataType, string>, object, object>': table, _, name, keyAsName, and 19 more.
  Overload 2 of 3, '(left: Aliased<any>, right: any): SQL<unknown>', gave the following error.
    Argument of type 'Date' is not assignable to parameter of type 'Aliased<any>'.
      Type 'Date' is missing the following properties from type 'Aliased<any>': sql, fieldAlias, _, getSQL
  Overload 3 of 3, '(left: SQLWrapper, right: unknown): SQL<unknown>', gave the following error.
    Argument of type 'Date' is not assignable to parameter of type 'SQLWrapper'.
      Property 'getSQL' is missing in type 'Date' but required in type 'SQLWrapper'.
features/product-analytics/domain/integration-monitor.service.ts(619,49): error TS2353: Object literal may only specify known properties, and 'featureId' does not exist in type 'ErrorContext'.
features/product-analytics/domain/integration-monitor.service.ts(644,49): error TS2353: Object literal may only specify known properties, and 'featureId' does not exist in type 'ErrorContext'.
features/product-analytics/domain/integration-monitor.service.ts(671,49): error TS2353: Object literal may only specify known properties, and 'featureId' does not exist in type 'ErrorContext'.
features/product-analytics/infrastructure/metrics-middleware.ts(14,1): error TS6133: 'users' is declared but its value is never read.
features/product-analytics/regulatory/index.ts(5,54): error TS2307: Cannot find module '../../regulatory-monitoring/regulatory-monitoring.routes' or its corresponding type declarations.
features/recommendation/domain/EngagementScorer.ts(5,27): error TS6133: 'bill' is declared but its value is never read.
features/recommendation/domain/EngagementScorer.ts(10,43): error TS6133: 'bill' is declared but its value is never read.
features/recommendation/domain/EngagementScorer.ts(17,19): error TS6133: 'bill' is declared but its value is never read.
features/recommendation/domain/RecommendationEngine.ts(2,1): error TS6133: 'users' is declared but its value is never read.
features/recommendation/domain/RecommendationEngine.ts(3,1): error TS6133: 'sponsors' is declared but its value is never read.
features/recommendation/domain/RecommendationEngine.ts(53,7): error TS6133: 'bill' is declared but its value is never read.
features/recommendation/domain/RecommendationEngine.ts(90,15): error TS6133: 'bill' is declared but its value is never read.
features/recommendation/domain/RecommendationEngine.ts(136,35): error TS2339: Property 'id' does not exist on type 'PlainBill[]'.
features/recommendation/domain/RecommendationEngine.ts(137,32): error TS2339: Property 'id' does not exist on type 'PlainBill[]'.
features/recommendation/domain/RecommendationEngine.ts(144,30): error TS2339: Property 'id' does not exist on type 'PlainBill[]'.
features/recommendation/domain/RecommendationEngine.ts(149,34): error TS6133: 'score' is declared but its value is never read.
features/recommendation/domain/RecommendationEngine.ts(167,5): error TS6133: 'user_id' is declared but its value is never read.
features/recommendation/domain/RecommendationEngine.ts(273,41): error TS6133: 'bill' is declared but its value is never read.
features/recommendation/domain/RecommendationEngine.ts(283,22): error TS7006: Parameter 'tag' implicitly has an 'any' type.
features/recommendation/domain/RecommendationEngine.ts(296,40): error TS6133: 'bill' is declared but its value is never read.
features/recommendation/domain/RecommendationEngine.ts(305,43): error TS6133: 'bill' is declared but its value is never read.
features/recommendation/domain/RecommendationEngine.ts(321,36): error TS7006: Parameter 'tag' implicitly has an 'any' type.
features/recommendation/domain/RecommendationEngine.ts(348,37): error TS7006: Parameter 'tag' implicitly has an 'any' type.
features/recommendation/domain/RecommendationEngine.ts(418,34): error TS2551: Property 'bills' does not exist on type 'RecommendationCandidate'. Did you mean 'bill'?
features/recommendation/domain/RecommendationEngine.ts(419,36): error TS2551: Property 'bills' does not exist on type 'RecommendationCandidate'. Did you mean 'bill'?
features/recommendation/domain/RecommendationValidator.ts(1,1): error TS6133: 'User' is declared but its value is never read.
features/recommendation/domain/RecommendationValidator.ts(2,1): error TS6133: 'bills' is declared but its value is never read.
features/recommendation/index.ts(4,3): error TS2305: Module '"./application/RecommendationService"' has no exported member 'getPersonalizedRecommendations'.
features/recommendation/index.ts(5,3): error TS2305: Module '"./application/RecommendationService"' has no exported member 'getSimilarBills'.
features/recommendation/index.ts(6,3): error TS2305: Module '"./application/RecommendationService"' has no exported member 'getTrendingBills'.
features/recommendation/index.ts(7,3): error TS2305: Module '"./application/RecommendationService"' has no exported member 'getCollaborativeRecommendations'.
features/recommendation/index.ts(8,3): error TS2305: Module '"./application/RecommendationService"' has no exported member 'trackEngagement'.
features/recommendation/infrastructure/RecommendationCache.ts(37,20): error TS2339: Property 'delete' does not exist on type 'CacheService'.
features/recommendation/infrastructure/RecommendationCache.ts(38,20): error TS2339: Property 'delete' does not exist on type 'CacheService'.
features/recommendation/infrastructure/RecommendationRepository.ts(1,1): error TS6133: 'User' is declared but its value is never read.
features/recommendation/infrastructure/RecommendationRepository.ts(10,3): error TS2300: Duplicate identifier 'bills'.
features/recommendation/infrastructure/RecommendationRepository.ts(13,1): error TS6133: 'db' is declared but its value is never read.
features/recommendation/infrastructure/RecommendationRepository.ts(14,10): error TS2300: Duplicate identifier 'bills'.
features/recommendation/infrastructure/RecommendationRepository.ts(17,62): error TS2304: Cannot find name 'PlainBill'.
features/recommendation/infrastructure/RecommendationRepository.ts(35,25): error TS7006: Parameter 'r' implicitly has an 'any' type.
features/recommendation/infrastructure/RecommendationRepository.ts(48,37): error TS7006: Parameter 'r' implicitly has an 'any' type.
features/recommendation/infrastructure/RecommendationRepository.ts(55,54): error TS2304: Cannot find name 'PlainBill'.
features/recommendation/infrastructure/RecommendationRepository.ts(56,29): error TS2348: Value of type 'typeof Ok' is not callable. Did you mean to include 'new'?
features/recommendation/infrastructure/RecommendationRepository.ts(61,25): error TS7006: Parameter 'r' implicitly has an 'any' type.
features/recommendation/infrastructure/RecommendationRepository.ts(67,78): error TS2304: Cannot find name 'PlainBill'.
features/recommendation/infrastructure/RecommendationRepository.ts(68,30): error TS2348: Value of type 'typeof Ok' is not callable. Did you mean to include 'new'?
features/recommendation/infrastructure/RecommendationRepository.ts(76,50): error TS7006: Parameter 'r' implicitly has an 'any' type.
features/recommendation/infrastructure/RecommendationRepository.ts(79,25): error TS7006: Parameter 'r' implicitly has an 'any' type.
features/recommendation/infrastructure/RecommendationRepository.ts(97,25): error TS7006: Parameter 'r' implicitly has an 'any' type.
features/recommendation/infrastructure/RecommendationRepository.ts(105,35): error TS2348: Value of type 'typeof Ok' is not callable. Did you mean to include 'new'?
features/recommendation/infrastructure/RecommendationRepository.ts(122,25): error TS7006: Parameter 'r' implicitly has an 'any' type.
features/recommendation/infrastructure/RecommendationRepository.ts(139,25): error TS7006: Parameter 'r' implicitly has an 'any' type.
features/recommendation/infrastructure/RecommendationRepository.ts(207,25): error TS7006: Parameter 'r' implicitly has an 'any' type.
features/recommendation/infrastructure/RecommendationRepository.ts(219,34): error TS2304: Cannot find name 'PlainBill'.
features/recommendation/infrastructure/RecommendationRepository.ts(220,14): error TS2698: Spread types may only be created from object types.
features/recommendation/presentation/http/routes.ts(1,1): error TS6133: 'User' is declared but its value is never read.
features/recommendation/presentation/http/routes.ts(17,1): error TS6133: 'bills' is declared but its value is never read.
features/recommendation/presentation/http/routes.ts(18,36): error TS2307: Cannot find module '@server/features/monitoring/domain/integration-monitor.service' or its corresponding type declarations.
features/recommendation/presentation/http/routes.ts(98,57): error TS2339: Property 'getPersonalizedRecommendations' does not exist on type 'RecommendationService'.
features/recommendation/presentation/http/routes.ts(172,54): error TS2339: Property 'getSimilarBills' does not exist on type 'RecommendationService'.
features/recommendation/presentation/http/routes.ts(233,55): error TS2339: Property 'getTrendingBills' does not exist on type 'RecommendationService'.
features/recommendation/presentation/http/routes.ts(303,57): error TS2339: Property 'getCollaborativeRecommendations' does not exist on type 'RecommendationService'.
features/recommendation/presentation/http/routes.ts(452,46): error TS2339: Property 'getCacheStats' does not exist on type 'RecommendationService'.
features/recommendation/RecommendationController.ts(7,8): error TS2307: Cannot find module '@shared/application/RecommendationService' or its corresponding type declarations.
features/recommendation/RecommendationController.ts(8,10): error TS6133: 'ApiError' is declared but its value is never read.
features/recommendation/RecommendationController.ts(14,71): error TS2339: Property 'user' does not exist on type 'Request<{}, any, any, ParsedQs, Record<string, any>>'.
features/recommendation/RecommendationController.ts(15,24): error TS2348: Value of type 'typeof ApiValidationError' is not callable. Did you mean to include 'new'?
features/recommendation/RecommendationController.ts(34,72): error TS2339: Property 'user' does not exist on type 'Request<{}, any, any, ParsedQs, Record<string, any>>'.
features/recommendation/RecommendationController.ts(35,24): error TS2348: Value of type 'typeof ApiValidationError' is not callable. Did you mean to include 'new'?
features/recommendation/RecommendationController.ts(42,44): error TS2348: Value of type 'typeof ApiValidationError' is not callable. Did you mean to include 'new'?
features/recommendation/RecommendationController.ts(43,23): error TS2339: Property 'user' does not exist on type 'Request<{}, any, any, ParsedQs, Record<string, any>>'.
features/recommendation/RecommendationController.ts(44,24): error TS2348: Value of type 'typeof ApiValidationError' is not callable. Did you mean to include 'new'?
features/recommendation/RecommendationController.ts(45,9): error TS2304: Cannot find name 'trackEngagement'.
features/recommendation/scripts/register-monitoring.ts(8,36): error TS2307: Cannot find module '@server/features/monitoring/domain/integration-monitor.service' or its corresponding type declarations.
features/search/application/SearchService.ts(1,1): error TS6133: 'User' is declared but its value is never read.
features/search/application/SearchService.ts(14,10): error TS6133: 'readDatabase' is declared but its value is never read.
features/search/application/SearchService.ts(14,24): error TS6133: 'writeDatabase' is declared but its value is never read.
features/search/application/SearchService.ts(23,1): error TS6133: 'bills' is declared but its value is never read.
features/search/application/SearchService.ts(24,1): error TS6133: 'users' is declared but its value is never read.
features/search/application/SearchService.ts(28,3): error TS6133: 'UserSearchSchema' is declared but its value is never read.
features/search/application/SearchService.ts(29,3): error TS6133: 'CommentSearchSchema' is declared but its value is never read.
features/search/application/SearchService.ts(36,8): error TS6133: 'UserSearchInput' is declared but its value is never read.
features/search/application/SearchService.ts(37,8): error TS6133: 'CommentSearchInput' is declared but its value is never read.
features/search/application/SearchService.ts(67,11): error TS6133: 'cacheInvalidation' is declared but its value is never read.
features/search/application/SearchService.ts(79,45): error TS2345: Argument of type 'ZodObject<{ query: ZodString; type: ZodDefault<ZodEnum<["bills", "users", "comments", "discussions", "all"]>>; filters: ZodOptional<ZodObject<{ type: ZodOptional<ZodEnum<["bills", "users", "comments", "discussions", "all"]>>; ... 4 more ...; tags: ZodOptional<...>; }, "strip", ZodTypeAny, { ...; }, { ...; }>>; sort:...' is not assignable to parameter of type 'ZodType<{ query: string; sort: "date" | "relevance" | "engagement" | "popularity"; type: "users" | "bills" | "comments" | "all" | "discussions"; limit?: number | undefined; filters?: { status?: string | undefined; ... 4 more ...; date_to?: string | undefined; } | undefined; page?: number | undefined; }, ZodTypeDef, ...'.
  The types of '_input.sort' are incompatible between these types.
    Type '"date" | "relevance" | "engagement" | "popularity" | undefined' is not assignable to type '"date" | "relevance" | "engagement" | "popularity"'.
      Type 'undefined' is not assignable to type '"date" | "relevance" | "engagement" | "popularity"'.
features/search/application/SearchService.ts(102,51): error TS2345: Argument of type 'number' is not assignable to parameter of type 'string'.
features/search/application/SearchService.ts(103,53): error TS2345: Argument of type 'number' is not assignable to parameter of type 'string'.
features/search/application/SearchService.ts(146,60): error TS2339: Property 'SEARCH' does not exist on type '{ readonly SHORT: 60; readonly MEDIUM: 300; readonly LONG: 900; readonly HOUR: 3600; readonly DAY: 86400; readonly RECOMMENDATIONS: 1800; readonly QUERIES: 300; readonly ANALYTICS: 900; }'.
features/search/application/SearchService.ts(179,8): error TS2339: Property 'select' does not exist on type 'SecureQueryBuilderService'.
features/search/application/SearchService.ts(187,24): error TS7006: Parameter 'bill' implicitly has an 'any' type.
features/search/application/SearchService.ts(208,8): error TS2339: Property 'select' does not exist on type 'SecureQueryBuilderService'.
features/search/application/SearchService.ts(214,24): error TS7006: Parameter 'user' implicitly has an 'any' type.
features/search/application/SearchService.ts(235,8): error TS2339: Property 'select' does not exist on type 'SecureQueryBuilderService'.
features/search/application/SearchService.ts(243,24): error TS7006: Parameter 'comment' implicitly has an 'any' type.
features/search/application/SearchService.ts(267,45): error TS2345: Argument of type 'ZodObject<{ query: ZodString; category: ZodOptional<ZodString>; status: ZodOptional<ZodString>; sponsor_id: ZodOptional<ZodString>; ... 5 more ...; limit: ZodOptional<...>; }, "strip", ZodTypeAny, { ...; }, { ...; }>' is not assignable to parameter of type 'ZodType<{ query: string; sort: "date" | "relevance" | "engagement" | "popularity"; sponsor_id?: string | undefined; status?: string | undefined; category?: string | undefined; tags?: string[] | undefined; limit?: number | undefined; page?: number | undefined; date_from?: string | undefined; date_to?: string | undefi...'.
  The types of '_input.sort' are incompatible between these types.
    Type '"date" | "relevance" | "engagement" | "popularity" | undefined' is not assignable to type '"date" | "relevance" | "engagement" | "popularity"'.
      Type 'undefined' is not assignable to type '"date" | "relevance" | "engagement" | "popularity"'.
features/search/application/SearchService.ts(287,51): error TS2345: Argument of type 'number' is not assignable to parameter of type 'string'.
features/search/application/SearchService.ts(288,53): error TS2345: Argument of type 'number' is not assignable to parameter of type 'string'.
features/search/application/SearchService.ts(292,10): error TS2339: Property 'select' does not exist on type 'SecureQueryBuilderService'.
features/search/application/SearchService.ts(317,57): error TS7006: Parameter 'bill' implicitly has an 'any' type.
features/search/application/SearchService.ts(339,60): error TS2339: Property 'SEARCH' does not exist on type '{ readonly SHORT: 60; readonly MEDIUM: 300; readonly LONG: 900; readonly HOUR: 3600; readonly DAY: 86400; readonly RECOMMENDATIONS: 1800; readonly QUERIES: 300; readonly ANALYTICS: 900; }'.
features/search/application/SearchService.ts(380,12): error TS2339: Property 'select' does not exist on type 'SecureQueryBuilderService'.
features/search/application/SearchService.ts(385,44): error TS7006: Parameter 'b' implicitly has an 'any' type.
features/search/application/SearchService.ts(420,12): error TS2339: Property 'insert' does not exist on type 'SecureQueryBuilderService'.
features/search/application/SearchService.ts(432,26): error TS2339: Property 'delete' does not exist on type 'CacheService'.
features/search/application/SearchService.ts(444,45): error TS2345: Argument of type 'ZodObject<{ user_id: ZodString; limit: ZodOptional<ZodDefault<ZodPipeline<ZodEffects<ZodString, number, string>, ZodNumber>>>; }, "strip", ZodTypeAny, { ...; }, { ...; }>' is not assignable to parameter of type 'ZodType<{ user_id: string; limit?: number | undefined; }, ZodTypeDef, { user_id: string; limit?: number | undefined; }>'.
  The types of '_input.limit' are incompatible between these types.
    Type 'string | undefined' is not assignable to type 'number | undefined'.
      Type 'string' is not assignable to type 'number'.
features/search/application/SearchService.ts(461,53): error TS2345: Argument of type 'number' is not assignable to parameter of type 'string'.
features/search/application/SearchService.ts(464,10): error TS2339: Property 'select' does not exist on type 'SecureQueryBuilderService'.
features/search/application/SearchService.ts(471,59): error TS2339: Property 'HALF_HOUR' does not exist on type '{ readonly SHORT: 60; readonly MEDIUM: 300; readonly LONG: 900; readonly HOUR: 3600; readonly DAY: 86400; readonly RECOMMENDATIONS: 1800; readonly QUERIES: 300; readonly ANALYTICS: 900; }'.
features/search/application/SearchService.ts(483,45): error TS2345: Argument of type 'ZodObject<{ timeframe: ZodDefault<ZodEnum<["day", "week", "month", "all"]>>; type: ZodOptional<ZodEnum<["bills", "users", "comments", "discussions", "all"]>>; limit: ZodOptional<...>; }, "strip", ZodTypeAny, { ...; }, { ...; }>' is not assignable to parameter of type 'ZodType<{ timeframe: "day" | "week" | "all" | "month"; type?: "users" | "bills" | "comments" | "all" | "discussions" | undefined; limit?: number | undefined; }, ZodTypeDef, { ...; }>'.
  The types of '_input.timeframe' are incompatible between these types.
    Type '"day" | "week" | "all" | "month" | undefined' is not assignable to type '"day" | "week" | "all" | "month"'.
      Type 'undefined' is not assignable to type '"day" | "week" | "all" | "month"'.
features/search/application/SearchService.ts(520,53): error TS2345: Argument of type 'number' is not assignable to parameter of type 'string'.
features/search/application/SearchService.ts(523,10): error TS2339: Property 'select' does not exist on type 'SecureQueryBuilderService'.
features/search/application/SearchServiceWrapper.ts(8,46): error TS6133: 'createSystemError' is declared but its value is never read.
features/search/application/SearchServiceWrapper.ts(8,65): error TS6133: 'createValidationError' is declared but its value is never read.
features/search/application/SearchServiceWrapper.ts(13,1): error TS6133: 'db' is declared but its value is never read.
features/search/application/SearchServiceWrapper.ts(67,11): error TS6196: 'SearchSuggestion' is declared but never used.
features/search/application/SearchServiceWrapper.ts(122,18): error TS2349: This expression is not callable.
  Type 'DatabaseConnection' has no call signatures.
features/search/application/SearchServiceWrapper.ts(243,5): error TS2322: Type 'ServiceResult<unknown[]>' is not assignable to type 'ServiceResult<string[]>'.
  Type 'Ok<unknown[], StandardizedError>' is not assignable to type 'ServiceResult<string[]>'.
    Type 'Ok<unknown[], StandardizedError>' is not assignable to type 'Ok<string[], StandardizedError>'.
      Type 'unknown[]' is not assignable to type 'string[]'.
        Type 'unknown' is not assignable to type 'string'.
features/search/application/SearchServiceWrapper.ts(246,18): error TS2349: This expression is not callable.
  Type 'DatabaseConnection' has no call signatures.
features/search/application/SearchServiceWrapper.ts(257,51): error TS7006: Parameter 'r' implicitly has an 'any' type.
features/search/application/SearchServiceWrapper.ts(274,18): error TS2349: This expression is not callable.
  Type 'DatabaseConnection' has no call signatures.
features/search/application/SearchServiceWrapper.ts(287,33): error TS7006: Parameter 'r' implicitly has an 'any' type.
features/search/application/SearchServiceWrapper.ts(341,62): error TS6133: 'req' is declared but its value is never read.
features/search/deployment/search-deployment.service.ts(8,10): error TS2305: Module '"@server/features/search/application/SearchService"' has no exported member 'searchBills'.
features/search/deployment/search-deployment.service.ts(16,41): error TS7006: Parameter 'r' implicitly has an 'any' type.
features/search/deployment/search-deployment.service.ts(408,16): error TS7006: Parameter 'sum' implicitly has an 'any' type.
features/search/deployment/search-deployment.service.ts(408,21): error TS7006: Parameter 'r' implicitly has an 'any' type.
features/search/deployment/search-rollback.service.ts(379,17): error TS2339: Property 'searchBills' does not exist on type 'typeof import("C:/Users/Access Granted/Downloads/projects/SimpleTool/server/features/search/application/SearchService")'.
features/search/domain/RelevanceScorer.ts(1,1): error TS6133: 'bills' is declared but its value is never read.
features/search/domain/RelevanceScorer.ts(2,15): error TS2305: Module '"./search.dto"' has no exported member 'PlainBill'.
features/search/domain/search.dto.ts(9,3): error TS2305: Module '"@shared/types"' has no exported member 'SearchFilters'.
features/search/domain/search.dto.ts(10,3): error TS2305: Module '"@shared/types"' has no exported member 'SearchPagination'.
features/search/domain/search.dto.ts(11,3): error TS2305: Module '"@shared/types"' has no exported member 'SearchOptions'.
features/search/domain/search.dto.ts(12,3): error TS2724: '"@shared/types"' has no exported member named 'SearchQuery'. Did you mean 'SearchQueryId'?
features/search/domain/search.dto.ts(13,3): error TS2305: Module '"@shared/types"' has no exported member 'SearchResultDto'.
features/search/domain/search.dto.ts(14,3): error TS2305: Module '"@shared/types"' has no exported member 'SearchResponseDto'.
features/search/domain/search.dto.ts(15,3): error TS2724: '"@shared/types"' has no exported member named 'SearchAnalyticsEvent'. Did you mean 'SearchAnalyticsTable'?
features/search/domain/search.dto.ts(16,3): error TS2305: Module '"@shared/types"' has no exported member 'SearchMetrics'.
features/search/domain/search.dto.ts(18,3): error TS2305: Module '"@shared/types"' has no exported member 'CorrectionResult'.
features/search/domain/search.dto.ts(19,3): error TS2305: Module '"@shared/types"' has no exported member 'SynonymResult'.
features/search/domain/search.dto.ts(20,3): error TS2305: Module '"@shared/types"' has no exported member 'IntentClassification'.
features/search/domain/search.dto.ts(21,3): error TS2305: Module '"@shared/types"' has no exported member 'SearchStrategy'.
features/search/domain/SearchAnalytics.ts(3,27): error TS2459: Module '"@server/infrastructure/schema/advanced_discovery"' declares 'searchQueries' locally, but it is not exported.
features/search/domain/SearchAnalytics.ts(4,1): error TS6133: 'users' is declared but its value is never read.
features/search/domain/SearchAnalytics.ts(125,54): error TS2339: Property 'queryId' does not exist on type 'PgTableWithColumns<{ name: "search_analytics"; schema: undefined; columns: { id: PgColumn<{ name: "id"; tableName: "search_analytics"; dataType: "string"; columnType: "PgUUID"; data: string; driverParam: string; notNull: true; ... 7 more ...; generated: undefined; }, {}, {}>; ... 6 more ...; createdAt: PgColumn<...>...'.
features/search/domain/SearchAnalytics.ts(175,50): error TS7006: Parameter 'row' implicitly has an 'any' type.
features/search/domain/SearchAnalytics.ts(180,52): error TS7006: Parameter 'row' implicitly has an 'any' type.
features/search/domain/SearchAnalytics.ts(330,25): error TS7006: Parameter 'row' implicitly has an 'any' type.
features/search/domain/SearchAnalytics.ts(363,25): error TS7006: Parameter 'row' implicitly has an 'any' type.
features/search/domain/SearchValidator.ts(93,54): error TS7006: Parameter 'id' implicitly has an 'any' type.
features/search/domain/SearchValidator.ts(147,49): error TS7006: Parameter 'tag' implicitly has an 'any' type.
features/search/domain/SearchValidator.ts(275,17): error TS7006: Parameter 's' implicitly has an 'any' type.
features/search/domain/SearchValidator.ts(276,14): error TS7006: Parameter 's' implicitly has an 'any' type.
features/search/domain/SearchValidator.ts(282,17): error TS7006: Parameter 'c' implicitly has an 'any' type.
features/search/domain/SearchValidator.ts(283,14): error TS7006: Parameter 'c' implicitly has an 'any' type.
features/search/domain/SearchValidator.ts(289,17): error TS7006: Parameter 'id' implicitly has an 'any' type.
features/search/domain/SearchValidator.ts(317,17): error TS7006: Parameter 'tag' implicitly has an 'any' type.
features/search/domain/SearchValidator.ts(318,14): error TS7006: Parameter 'tag' implicitly has an 'any' type.
features/search/engines/core/fuse-search.engine.ts(11,1): error TS6133: 'db' is declared but its value is never read.
features/search/engines/core/fuse-search.engine.ts(126,11): error TS7034: Variable 'conditions' implicitly has type 'any[]' in some locations where its type cannot be determined.
features/search/engines/core/fuse-search.engine.ts(134,29): error TS2349: This expression is not callable.
  Type 'DatabaseConnection' has no call signatures.
features/search/engines/core/fuse-search.engine.ts(134,49): error TS7006: Parameter 'db' implicitly has an 'any' type.
features/search/engines/core/fuse-search.engine.ts(145,47): error TS7005: Variable 'conditions' implicitly has an 'any[]' type.
features/search/engines/core/fuse-search.engine.ts(167,37): error TS2702: 'Fuse' only refers to a type, but is being used as a namespace here.
features/search/engines/core/fuse-search.engine.ts(195,32): error TS2349: This expression is not callable.
  Type 'DatabaseConnection' has no call signatures.
features/search/engines/core/fuse-search.engine.ts(195,52): error TS7006: Parameter 'db' implicitly has an 'any' type.
features/search/engines/core/fuse-search.engine.ts(228,37): error TS2702: 'Fuse' only refers to a type, but is being used as a namespace here.
features/search/engines/core/fuse-search.engine.ts(248,11): error TS7034: Variable 'conditions' implicitly has type 'any[]' in some locations where its type cannot be determined.
features/search/engines/core/fuse-search.engine.ts(256,32): error TS2349: This expression is not callable.
  Type 'DatabaseConnection' has no call signatures.
features/search/engines/core/fuse-search.engine.ts(256,52): error TS7006: Parameter 'db' implicitly has an 'any' type.
features/search/engines/core/fuse-search.engine.ts(267,47): error TS7005: Variable 'conditions' implicitly has an 'any[]' type.
features/search/engines/core/fuse-search.engine.ts(287,37): error TS2702: 'Fuse' only refers to a type, but is being used as a namespace here.
features/search/engines/core/fuzzy-matching.engine.ts(9,1): error TS6133: 'db' is declared but its value is never read.
features/search/engines/core/fuzzy-matching.engine.ts(25,29): error TS2349: This expression is not callable.
  Type 'DatabaseConnection' has no call signatures.
features/search/engines/core/fuzzy-matching.engine.ts(25,49): error TS7006: Parameter 'db' implicitly has an 'any' type.
features/search/engines/core/fuzzy-matching.engine.ts(43,26): error TS7006: Parameter 'bill' implicitly has an 'any' type.
features/search/engines/core/postgresql-fulltext.engine.ts(1,1): error TS6133: 'bills' is declared but its value is never read.
features/search/engines/core/postgresql-fulltext.engine.ts(2,1): error TS6133: 'users' is declared but its value is never read.
features/search/engines/core/postgresql-fulltext.engine.ts(3,1): error TS6133: 'sponsors' is declared but its value is never read.
features/search/engines/core/simple-matching.engine.ts(12,1): error TS6133: 'db' is declared but its value is never read.
features/search/engines/core/simple-matching.engine.ts(24,20): error TS6133: 'CACHE_HIT_THRESHOLD' is declared but its value is never read.
features/search/engines/core/simple-matching.engine.ts(179,31): error TS2349: This expression is not callable.
  Type 'DatabaseConnection' has no call signatures.
features/search/engines/core/simple-matching.engine.ts(179,51): error TS7006: Parameter 'db' implicitly has an 'any' type.
features/search/engines/core/simple-matching.engine.ts(203,28): error TS7006: Parameter 'bill' implicitly has an 'any' type.
features/search/engines/semantic-search.engine.ts(1,1): error TS6133: 'db' is declared but its value is never read.
features/search/engines/semantic-search.engine.ts(17,24): error TS6133: 'writeDatabase' is declared but its value is never read.
features/search/engines/semantic-search.engine.ts(209,32): error TS2349: This expression is not callable.
  Type 'DatabaseConnection' has no call signatures.
features/search/engines/semantic-search.engine.ts(209,52): error TS7006: Parameter 'db' implicitly has an 'any' type.
features/search/engines/semantic-search.engine.ts(241,33): error TS2349: This expression is not callable.
  Type 'DatabaseConnection' has no call signatures.
features/search/engines/semantic-search.engine.ts(241,53): error TS7006: Parameter 'db' implicitly has an 'any' type.
features/search/engines/semantic-search.engine.ts(329,33): error TS2349: This expression is not callable.
  Type 'DatabaseConnection' has no call signatures.
features/search/engines/semantic-search.engine.ts(329,53): error TS7006: Parameter 'db' implicitly has an 'any' type.
features/search/engines/suggestion/suggestion-engine.service.ts(5,1): error TS6133: 'db' is declared but its value is never read.
features/search/engines/suggestion/suggestion-engine.service.ts(6,1): error TS6133: 'bills' is declared but its value is never read.
features/search/engines/suggestion/suggestion-engine.service.ts(7,1): error TS6133: 'users' is declared but its value is never read.
features/search/engines/suggestion/suggestion-engine.service.ts(8,1): error TS6133: 'sponsors' is declared but its value is never read.
features/search/engines/suggestion/suggestion-engine.service.ts(288,27): error TS2349: This expression is not callable.
  Type 'DatabaseConnection' has no call signatures.
features/search/engines/suggestion/suggestion-engine.service.ts(288,47): error TS7006: Parameter 'db' implicitly has an 'any' type.
features/search/engines/suggestion/suggestion-engine.service.ts(305,24): error TS7006: Parameter 'bill' implicitly has an 'any' type.
features/search/engines/suggestion/suggestion-engine.service.ts(326,27): error TS2349: This expression is not callable.
  Type 'DatabaseConnection' has no call signatures.
features/search/engines/suggestion/suggestion-engine.service.ts(326,47): error TS7006: Parameter 'db' implicitly has an 'any' type.
features/search/engines/suggestion/suggestion-engine.service.ts(341,24): error TS7006: Parameter 'result' implicitly has an 'any' type.
features/search/engines/suggestion/suggestion-engine.service.ts(361,27): error TS2349: This expression is not callable.
  Type 'DatabaseConnection' has no call signatures.
features/search/engines/suggestion/suggestion-engine.service.ts(361,47): error TS7006: Parameter 'db' implicitly has an 'any' type.
features/search/engines/suggestion/suggestion-engine.service.ts(376,24): error TS7006: Parameter 'result' implicitly has an 'any' type.
features/search/engines/suggestion/suggestion-engine.service.ts(397,29): error TS2349: This expression is not callable.
  Type 'DatabaseConnection' has no call signatures.
features/search/engines/suggestion/suggestion-engine.service.ts(397,49): error TS7006: Parameter 'db' implicitly has an 'any' type.
features/search/engines/suggestion/suggestion-engine.service.ts(411,26): error TS7006: Parameter 'result' implicitly has an 'any' type.
features/search/engines/suggestion/suggestion-engine.service.ts(436,31): error TS2349: This expression is not callable.
  Type 'DatabaseConnection' has no call signatures.
features/search/engines/suggestion/suggestion-engine.service.ts(436,51): error TS7006: Parameter 'db' implicitly has an 'any' type.
features/search/engines/suggestion/suggestion-engine.service.ts(521,29): error TS2349: This expression is not callable.
  Type 'DatabaseConnection' has no call signatures.
features/search/engines/suggestion/suggestion-engine.service.ts(521,49): error TS7006: Parameter 'db' implicitly has an 'any' type.
features/search/engines/suggestion/suggestion-engine.service.ts(534,26): error TS7006: Parameter 'result' implicitly has an 'any' type.
features/search/engines/suggestion/suggestion-engine.service.ts(804,30): error TS2349: This expression is not callable.
  Type 'DatabaseConnection' has no call signatures.
features/search/engines/suggestion/suggestion-engine.service.ts(804,50): error TS7006: Parameter 'db' implicitly has an 'any' type.
features/search/engines/suggestion/suggestion-engine.service.ts(829,34): error TS2349: This expression is not callable.
  Type 'DatabaseConnection' has no call signatures.
features/search/engines/suggestion/suggestion-engine.service.ts(829,54): error TS7006: Parameter 'db' implicitly has an 'any' type.
features/search/engines/suggestion/suggestion-engine.service.ts(945,37): error TS2339: Property 'db' does not exist on type 'SuggestionEngineService'.
features/search/engines/suggestion/suggestion-ranking.service.ts(1,1): error TS6133: 'User' is declared but its value is never read.
features/search/index.ts(9,3): error TS2305: Module '"./application/SearchService"' has no exported member 'searchBills'.
features/search/index.ts(10,3): error TS2305: Module '"./application/SearchService"' has no exported member 'getSearchSuggestions'.
features/search/index.ts(11,3): error TS2305: Module '"./application/SearchService"' has no exported member 'getPopularSearchTerms'.
features/search/index.ts(12,3): error TS2305: Module '"./application/SearchService"' has no exported member 'rebuildSearchIndexes'.
features/search/index.ts(13,3): error TS2305: Module '"./application/SearchService"' has no exported member 'getSearchIndexHealth'.
features/search/index.ts(14,3): error TS2305: Module '"./application/SearchService"' has no exported member 'warmupSearchCache'.
features/search/index.ts(15,3): error TS2305: Module '"./application/SearchService"' has no exported member 'getSearchMetrics'.
features/search/index.ts(17,3): error TS2305: Module '"./application/SearchService"' has no exported member 'streamSearchBills'.
features/search/index.ts(18,3): error TS2305: Module '"./application/SearchService"' has no exported member 'cancelSearch'.
features/search/index.ts(19,3): error TS2305: Module '"./application/SearchService"' has no exported member 'getSearchAnalytics'.
features/search/index.ts(40,3): error TS2305: Module '"./domain/search.dto"' has no exported member 'PlainBill'.
features/search/infrastructure/SearchCache.ts(52,24): error TS2339: Property 'deletePattern' does not exist on type 'CacheService'.
features/search/infrastructure/SearchCache.ts(55,24): error TS2339: Property 'deletePattern' does not exist on type 'CacheService'.
features/search/infrastructure/SearchCache.ts(59,20): error TS2339: Property 'deletePattern' does not exist on type 'CacheService'.
features/search/infrastructure/SearchCache.ts(60,20): error TS2339: Property 'deletePattern' does not exist on type 'CacheService'.
features/search/infrastructure/SearchCache.ts(61,20): error TS2339: Property 'delete' does not exist on type 'CacheService'.
features/search/infrastructure/SearchCache.ts(62,20): error TS2339: Property 'delete' does not exist on type 'CacheService'.
features/search/infrastructure/SearchIndexManager.ts(1,1): error TS6133: 'db' is declared but its value is never read.
features/search/infrastructure/SearchIndexManager.ts(2,1): error TS6133: 'bills' is declared but its value is never read.
features/search/infrastructure/SearchQueryBuilder.ts(1,10): error TS2440: Import declaration conflicts with local declaration of 'bills'.
features/search/infrastructure/SearchQueryBuilder.ts(2,15): error TS6133: 'ilike' is declared but its value is never read.
features/search/infrastructure/SearchQueryBuilder.ts(2,36): error TS6133: 'or' is declared but its value is never read.
features/search/infrastructure/SearchQueryBuilder.ts(5,15): error TS2304: Cannot find name 'bill'.
features/search/infrastructure/SearchQueryBuilder.ts(23,32): error TS2304: Cannot find name 'SearchFilters'.
features/search/infrastructure/SearchRepository.ts(1,1): error TS6133: 'User' is declared but its value is never read.
features/search/infrastructure/SearchRepository.ts(14,1): error TS6133: 'bills' is declared but its value is never read.
features/search/infrastructure/SearchRepository.ts(15,1): error TS6133: 'db' is declared but its value is never read.
features/search/infrastructure/SearchRepository.ts(168,25): error TS7006: Parameter 'row' implicitly has an 'any' type.
features/search/infrastructure/SearchRepository.ts(226,25): error TS7006: Parameter 'row' implicitly has an 'any' type.
features/search/monitoring/search-performance-monitor.ts(1,1): error TS6133: 'User' is declared but its value is never read.
features/search/monitoring/search-performance-monitor.ts(9,10): error TS2305: Module '"../application/SearchService"' has no exported member 'searchBills'.
features/search/monitoring/search-performance-monitor.ts(15,41): error TS7006: Parameter 'r' implicitly has an 'any' type.
features/search/presentation/http/search-validation.middleware.ts(21,58): error TS6133: 'res' is declared but its value is never read.
features/search/presentation/http/search-validation.middleware.ts(23,43): error TS2345: Argument of type 'ZodObject<{ query: ZodString; type: ZodDefault<ZodEnum<["bills", "users", "comments", "discussions", "all"]>>; filters: ZodOptional<ZodObject<{ type: ZodOptional<ZodEnum<["bills", "users", "comments", "discussions", "all"]>>; ... 4 more ...; tags: ZodOptional<...>; }, "strip", ZodTypeAny, { ...; }, { ...; }>>; sort:...' is not assignable to parameter of type 'ZodType<{ query: string; sort: "date" | "relevance" | "engagement" | "popularity"; type: "users" | "bills" | "comments" | "all" | "discussions"; limit?: number | undefined; filters?: { status?: string | undefined; ... 4 more ...; date_to?: string | undefined; } | undefined; page?: number | undefined; }, ZodTypeDef, ...'.
  The types of '_input.sort' are incompatible between these types.
    Type '"date" | "relevance" | "engagement" | "popularity" | undefined' is not assignable to type '"date" | "relevance" | "engagement" | "popularity"'.
      Type 'undefined' is not assignable to type '"date" | "relevance" | "engagement" | "popularity"'.
features/search/presentation/http/search-validation.middleware.ts(25,41): error TS2345: Argument of type 'string' is not assignable to parameter of type '{ field: string; message: string; value?: unknown; }[]'.
features/search/presentation/http/search-validation.middleware.ts(34,56): error TS6133: 'res' is declared but its value is never read.
features/search/presentation/http/search-validation.middleware.ts(36,43): error TS2345: Argument of type 'ZodObject<{ query: ZodString; category: ZodOptional<ZodString>; status: ZodOptional<ZodString>; sponsor_id: ZodOptional<ZodString>; ... 5 more ...; limit: ZodOptional<...>; }, "strip", ZodTypeAny, { ...; }, { ...; }>' is not assignable to parameter of type 'ZodType<{ query: string; sort: "date" | "relevance" | "engagement" | "popularity"; sponsor_id?: string | undefined; status?: string | undefined; category?: string | undefined; tags?: string[] | undefined; limit?: number | undefined; page?: number | undefined; date_from?: string | undefined; date_to?: string | undefi...'.
  The types of '_input.sort' are incompatible between these types.
    Type '"date" | "relevance" | "engagement" | "popularity" | undefined' is not assignable to type '"date" | "relevance" | "engagement" | "popularity"'.
      Type 'undefined' is not assignable to type '"date" | "relevance" | "engagement" | "popularity"'.
features/search/presentation/http/search-validation.middleware.ts(38,41): error TS2345: Argument of type 'string' is not assignable to parameter of type '{ field: string; message: string; value?: unknown; }[]'.
features/search/presentation/http/search-validation.middleware.ts(47,56): error TS6133: 'res' is declared but its value is never read.
features/search/presentation/http/search-validation.middleware.ts(49,43): error TS2345: Argument of type 'ZodObject<{ query: ZodString; role: ZodOptional<ZodString>; verification_status: ZodOptional<ZodString>; expertise: ZodOptional<ZodArray<ZodString, "many">>; page: ZodOptional<...>; limit: ZodOptional<...>; }, "strip", ZodTypeAny, { ...; }, { ...; }>' is not assignable to parameter of type 'ZodType<{ query: string; role?: string | undefined; verification_status?: string | undefined; limit?: number | undefined; page?: number | undefined; expertise?: string[] | undefined; }, ZodTypeDef, { ...; }>'.
  The types of '_input.limit' are incompatible between these types.
    Type 'string | undefined' is not assignable to type 'number | undefined'.
      Type 'string' is not assignable to type 'number'.
features/search/presentation/http/search-validation.middleware.ts(51,41): error TS2345: Argument of type 'string' is not assignable to parameter of type '{ field: string; message: string; value?: unknown; }[]'.
features/search/presentation/http/search-validation.middleware.ts(60,59): error TS6133: 'res' is declared but its value is never read.
features/search/presentation/http/search-validation.middleware.ts(62,43): error TS2345: Argument of type 'ZodObject<{ query: ZodString; bill_id: ZodOptional<ZodString>; user_id: ZodOptional<ZodString>; highlighted: ZodOptional<ZodBoolean>; ... 4 more ...; limit: ZodOptional<...>; }, "strip", ZodTypeAny, { ...; }, { ...; }>' is not assignable to parameter of type 'ZodType<{ query: string; sort: "date" | "relevance" | "engagement" | "popularity"; user_id?: string | undefined; bill_id?: string | undefined; limit?: number | undefined; page?: number | undefined; highlighted?: boolean | undefined; date_from?: string | undefined; date_to?: string | undefined; }, ZodTypeDef, { ...; }>'.
  The types of '_input.sort' are incompatible between these types.
    Type '"date" | "relevance" | "engagement" | "popularity" | undefined' is not assignable to type '"date" | "relevance" | "engagement" | "popularity"'.
      Type 'undefined' is not assignable to type '"date" | "relevance" | "engagement" | "popularity"'.
features/search/presentation/http/search-validation.middleware.ts(64,41): error TS2345: Argument of type 'string' is not assignable to parameter of type '{ field: string; message: string; value?: unknown; }[]'.
features/search/presentation/http/search-validation.middleware.ts(73,58): error TS6133: 'res' is declared but its value is never read.
features/search/presentation/http/search-validation.middleware.ts(77,41): error TS2345: Argument of type 'string' is not assignable to parameter of type '{ field: string; message: string; value?: unknown; }[]'.
features/search/presentation/http/search-validation.middleware.ts(86,56): error TS6133: 'res' is declared but its value is never read.
features/search/presentation/http/search-validation.middleware.ts(90,41): error TS2345: Argument of type 'string' is not assignable to parameter of type '{ field: string; message: string; value?: unknown; }[]'.
features/search/presentation/http/search-validation.middleware.ts(99,62): error TS6133: 'res' is declared but its value is never read.
features/search/presentation/http/search-validation.middleware.ts(101,43): error TS2345: Argument of type 'ZodObject<{ user_id: ZodString; limit: ZodOptional<ZodDefault<ZodPipeline<ZodEffects<ZodString, number, string>, ZodNumber>>>; }, "strip", ZodTypeAny, { ...; }, { ...; }>' is not assignable to parameter of type 'ZodType<{ user_id: string; limit?: number | undefined; }, ZodTypeDef, { user_id: string; limit?: number | undefined; }>'.
  The types of '_input.limit' are incompatible between these types.
    Type 'string | undefined' is not assignable to type 'number | undefined'.
      Type 'string' is not assignable to type 'number'.
features/search/presentation/http/search-validation.middleware.ts(106,41): error TS2345: Argument of type 'string' is not assignable to parameter of type '{ field: string; message: string; value?: unknown; }[]'.
features/search/presentation/http/search-validation.middleware.ts(115,64): error TS6133: 'res' is declared but its value is never read.
features/search/presentation/http/search-validation.middleware.ts(117,43): error TS2345: Argument of type 'ZodObject<{ timeframe: ZodDefault<ZodEnum<["day", "week", "month", "all"]>>; type: ZodOptional<ZodEnum<["bills", "users", "comments", "discussions", "all"]>>; limit: ZodOptional<...>; }, "strip", ZodTypeAny, { ...; }, { ...; }>' is not assignable to parameter of type 'ZodType<{ timeframe: "day" | "week" | "all" | "month"; type?: "users" | "bills" | "comments" | "all" | "discussions" | undefined; limit?: number | undefined; }, ZodTypeDef, { ...; }>'.
  The types of '_input.timeframe' are incompatible between these types.
    Type '"day" | "week" | "all" | "month" | undefined' is not assignable to type '"day" | "week" | "all" | "month"'.
      Type 'undefined' is not assignable to type '"day" | "week" | "all" | "month"'.
features/search/presentation/http/search-validation.middleware.ts(119,41): error TS2345: Argument of type 'string' is not assignable to parameter of type '{ field: string; message: string; value?: unknown; }[]'.
features/search/SearchController-migrated.ts(1,1): error TS6133: 'AsyncServiceResult' is declared but its value is never read.
features/search/SearchController-migrated.ts(19,1): error TS6133: 'bills' is declared but its value is never read.
features/search/SearchController-migrated.ts(20,1): error TS6133: 'logger' is declared but its value is never read.
features/search/SearchController-migrated.ts(54,7): error TS6133: 'SavedSearchExecuteSchema' is declared but its value is never read.
features/search/SearchController-migrated.ts(78,16): error TS18048: 'error' is possibly 'undefined'.
features/search/SearchController-migrated.ts(79,20): error TS18048: 'error' is possibly 'undefined'.
features/search/SearchController-migrated.ts(85,9): error TS2353: Object literal may only specify known properties, and 'field' does not exist in type 'ErrorContext'.
features/search/SearchController-migrated.ts(85,16): error TS18048: 'error' is possibly 'undefined'.
features/search/SearchController-migrated.ts(179,16): error TS18048: 'error' is possibly 'undefined'.
features/search/SearchController-migrated.ts(180,20): error TS18048: 'error' is possibly 'undefined'.
features/search/SearchController-migrated.ts(186,9): error TS2353: Object literal may only specify known properties, and 'field' does not exist in type 'ErrorContext'.
features/search/SearchController-migrated.ts(186,16): error TS18048: 'error' is possibly 'undefined'.
features/search/SearchController-migrated.ts(204,98): error TS6133: 'req' is declared but its value is never read.
features/search/SearchController-migrated.ts(228,16): error TS18048: 'error' is possibly 'undefined'.
features/search/SearchController-migrated.ts(229,20): error TS18048: 'error' is possibly 'undefined'.
features/search/SearchController-migrated.ts(235,9): error TS2353: Object literal may only specify known properties, and 'field' does not exist in type 'ErrorContext'.
features/search/SearchController-migrated.ts(235,16): error TS18048: 'error' is possibly 'undefined'.
features/search/SearchController-migrated.ts(292,9): error TS2353: Object literal may only specify known properties, and 'field' does not exist in type 'ErrorContext'.
features/search/SearchController-migrated.ts(325,54): error TS6133: 'req' is declared but its value is never read.
features/search/SearchController-migrated.ts(349,16): error TS18048: 'error' is possibly 'undefined'.
features/search/SearchController-migrated.ts(350,20): error TS18048: 'error' is possibly 'undefined'.
features/search/SearchController-migrated.ts(356,9): error TS2353: Object literal may only specify known properties, and 'field' does not exist in type 'ErrorContext'.
features/search/SearchController-migrated.ts(356,16): error TS18048: 'error' is possibly 'undefined'.
features/search/SearchController-migrated.ts(387,42): error TS2554: Expected 1 arguments, but got 2.
features/search/SearchController-migrated.ts(395,41): error TS6133: 'req' is declared but its value is never read.
features/search/SearchController-migrated.ts(498,5): error TS2561: Object literal may only specify known properties, but 'is_public' does not exist in type '{ userId?: string | undefined; name: string; description?: string | undefined; query: Record<string, unknown>; filters?: Record<string, unknown> | undefined; isPublic?: boolean | undefined; tags?: string[] | undefined; }'. Did you mean to write 'isPublic'?
features/search/SearchController-migrated.ts(530,9): error TS2353: Object literal may only specify known properties, and 'field' does not exist in type 'ErrorContext'.
features/search/SearchController-migrated.ts(555,9): error TS2353: Object literal may only specify known properties, and 'field' does not exist in type 'ErrorContext'.
features/search/SearchController-migrated.ts(574,9): error TS2353: Object literal may only specify known properties, and 'savedSearchId' does not exist in type 'ErrorContext'.
features/search/SearchController-migrated.ts(579,13): error TS2352: Conversion of type 'Result<Maybe<Record<string, unknown>>, Error>' to type 'Record<string, unknown>' may be a mistake because neither type sufficiently overlaps with the other. If this was intentional, convert the expression to 'unknown' first.
  Type 'Ok<Maybe<Record<string, unknown>>>' is not comparable to type 'Record<string, unknown>'.
    Index signature for type 'string' is missing in type 'Ok<Maybe<Record<string, unknown>>>'.
features/search/SearchController-migrated.ts(583,5): error TS2322: Type '{ page: number; limit: number; sortBy: string; sortOrder: string; }' is not assignable to type 'SearchPagination'.
  Types of property 'sortBy' are incompatible.
    Type 'string' is not assignable to type '"date" | "title" | "relevance" | "engagement"'.
features/search/SearchController-migrated.ts(640,9): error TS2353: Object literal may only specify known properties, and 'type' does not exist in type 'ErrorContext'.
features/search/SearchController-migrated.ts(659,16): error TS18048: 'error' is possibly 'undefined'.
features/search/SearchController-migrated.ts(660,20): error TS18048: 'error' is possibly 'undefined'.
features/search/SearchController-migrated.ts(666,9): error TS2353: Object literal may only specify known properties, and 'field' does not exist in type 'ErrorContext'.
features/search/SearchController-migrated.ts(666,16): error TS18048: 'error' is possibly 'undefined'.
features/search/SearchController.ts(1,1): error TS6133: 'bills' is declared but its value is never read.
features/search/SearchController.ts(3,3): error TS2305: Module '"./application/SearchService"' has no exported member 'cancelSearch'.
features/search/SearchController.ts(4,3): error TS2305: Module '"./application/SearchService"' has no exported member 'getPopularSearchTerms'.
features/search/SearchController.ts(5,3): error TS2305: Module '"./application/SearchService"' has no exported member 'getSearchAnalytics'.
features/search/SearchController.ts(6,3): error TS2305: Module '"./application/SearchService"' has no exported member 'getSearchIndexHealth'.
features/search/SearchController.ts(7,3): error TS2305: Module '"./application/SearchService"' has no exported member 'getSearchMetrics'.
features/search/SearchController.ts(8,3): error TS2305: Module '"./application/SearchService"' has no exported member 'getSearchSuggestions'.
features/search/SearchController.ts(9,3): error TS2305: Module '"./application/SearchService"' has no exported member 'rebuildSearchIndexes'.
features/search/SearchController.ts(10,3): error TS2305: Module '"./application/SearchService"' has no exported member 'searchBills'.
features/search/SearchController.ts(11,3): error TS2305: Module '"./application/SearchService"' has no exported member 'streamSearchBills'.
features/search/SearchController.ts(462,47): error TS2554: Expected 1 arguments, but got 2.
features/search/SearchController.ts(598,5): error TS2561: Object literal may only specify known properties, but 'is_public' does not exist in type '{ userId?: string | undefined; name: string; description?: string | undefined; query: Record<string, unknown>; filters?: Record<string, unknown> | undefined; isPublic?: boolean | undefined; tags?: string[] | undefined; }'. Did you mean to write 'isPublic'?
features/search/SearchController.ts(647,15): error TS2352: Conversion of type 'Result<Maybe<Record<string, unknown>>, Error>' to type 'Record<string, unknown>' may be a mistake because neither type sufficiently overlaps with the other. If this was intentional, convert the expression to 'unknown' first.
  Type 'Ok<Maybe<Record<string, unknown>>>' is not comparable to type 'Record<string, unknown>'.
    Index signature for type 'string' is missing in type 'Ok<Maybe<Record<string, unknown>>>'.
features/search/services/embedding.service.ts(1,1): error TS6133: 'db' is declared but its value is never read.
features/search/services/embedding.service.ts(9,24): error TS6133: 'writeDatabase' is declared but its value is never read.
features/search/services/embedding.service.ts(205,36): error TS2349: This expression is not callable.
  Type 'DatabaseConnection' has no call signatures.
features/search/services/embedding.service.ts(205,56): error TS7006: Parameter 'db' implicitly has an 'any' type.
features/search/services/embedding.service.ts(280,24): error TS2304: Cannot find name 'embeddingResult'.
features/search/services/embedding.service.ts(281,25): error TS2304: Cannot find name 'embeddingResult'.
features/search/services/embedding.service.ts(321,34): error TS2349: This expression is not callable.
  Type 'DatabaseConnection' has no call signatures.
features/search/services/embedding.service.ts(321,54): error TS7006: Parameter 'db' implicitly has an 'any' type.
features/search/utils/parallel-query-executor.ts(23,15): error TS6133: 'db' is declared but its value is never read.
features/search/utils/parallel-query-executor.ts(30,24): error TS6133: 'T' is declared but its value is never read.
features/search/utils/parallel-query-executor.ts(46,21): error TS18048: 'task' is possibly 'undefined'.
features/search/utils/parallel-query-executor.ts(48,21): error TS18048: 'task' is possibly 'undefined'.
features/search/utils/parallel-query-executor.ts(49,19): error TS18048: 'task' is possibly 'undefined'.
features/search/utils/parallel-query-executor.ts(50,19): error TS18048: 'task' is possibly 'undefined'.
features/search/utils/parallel-query-executor.ts(56,85): error TS18048: 'task' is possibly 'undefined'.
features/search/utils/search-syntax-parser.ts(40,20): error TS6133: 'booleanOperators' is declared but its value is never read.
features/security/__tests__/test-utilities.ts(188,69): error TS2345: Argument of type 'string' is not assignable to parameter of type '(params: Record<string, unknown>) => SQL<unknown>'.
features/security/application/services/privacy-service.ts(4,10): error TS6133: 'db' is declared but its value is never read.
features/security/application/services/privacy-service.ts(5,10): error TS2305: Module '"@server/infrastructure/cache"' has no exported member 'setCache'.
features/security/application/services/privacy-service.ts(5,20): error TS2305: Module '"@server/infrastructure/cache"' has no exported member 'getCache'.
features/security/application/services/privacy-service.ts(11,3): error TS2724: '"@server/infrastructure/schema"' has no exported member named 'user_interest'. Did you mean 'user_interests'?
features/security/application/services/privacy-service.ts(12,3): error TS2724: '"@server/infrastructure/schema"' has no exported member named 'notification'. Did you mean 'notifications'?
features/security/application/services/privacy-service.ts(13,3): error TS2614: Module '"@server/infrastructure/schema"' has no exported member 'userSocialProfile'. Did you mean to use 'import userSocialProfile from "@server/infrastructure/schema"' instead?
features/security/application/services/privacy-service.ts(14,3): error TS2614: Module '"@server/infrastructure/schema"' has no exported member 'user_progress'. Did you mean to use 'import user_progress from "@server/infrastructure/schema"' instead?
features/security/application/services/privacy-service.ts(15,3): error TS2614: Module '"@server/infrastructure/schema"' has no exported member 'social_share'. Did you mean to use 'import social_share from "@server/infrastructure/schema"' instead?
features/security/application/services/privacy-service.ts(16,3): error TS2614: Module '"@server/infrastructure/schema"' has no exported member 'comment_votes'. Did you mean to use 'import comment_votes from "@server/infrastructure/schema"' instead?
features/security/application/services/privacy-service.ts(17,3): error TS2614: Module '"@server/infrastructure/schema"' has no exported member 'securityAuditLog'. Did you mean to use 'import securityAuditLog from "@server/infrastructure/schema"' instead?
features/security/application/services/privacy-service.ts(18,3): error TS2614: Module '"@server/infrastructure/schema"' has no exported member 'session'. Did you mean to use 'import session from "@server/infrastructure/schema"' instead?
features/security/application/services/privacy-service.ts(19,3): error TS2614: Module '"@server/infrastructure/schema"' has no exported member 'content_report'. Did you mean to use 'import content_report from "@server/infrastructure/schema"' instead?
features/security/application/services/privacy-service.ts(285,7): error TS2578: Unused '@ts-expect-error' directive.
features/security/application/services/privacy-service.ts(296,7): error TS2578: Unused '@ts-expect-error' directive.
features/security/application/services/privacy-service.ts(303,7): error TS2578: Unused '@ts-expect-error' directive.
features/security/application/services/privacy-service.ts(320,7): error TS2578: Unused '@ts-expect-error' directive.
features/security/application/services/privacy-service.ts(334,7): error TS2578: Unused '@ts-expect-error' directive.
features/security/application/services/privacy-service.ts(339,45): error TS7006: Parameter 'i' implicitly has an 'any' type.
features/security/application/services/privacy-service.ts(341,7): error TS2578: Unused '@ts-expect-error' directive.
features/security/application/services/privacy-service.ts(347,7): error TS2578: Unused '@ts-expect-error' directive.
features/security/application/services/privacy-service.ts(358,7): error TS2578: Unused '@ts-expect-error' directive.
features/security/application/services/privacy-service.ts(364,7): error TS2578: Unused '@ts-expect-error' directive.
features/security/application/services/privacy-service.ts(378,7): error TS2578: Unused '@ts-expect-error' directive.
features/security/application/services/privacy-service.ts(387,7): error TS2578: Unused '@ts-expect-error' directive.
features/security/application/services/privacy-service.ts(419,9): error TS2578: Unused '@ts-expect-error' directive.
features/security/application/services/privacy-service.ts(421,9): error TS2578: Unused '@ts-expect-error' directive.
features/security/application/services/privacy-service.ts(423,9): error TS2578: Unused '@ts-expect-error' directive.
features/security/application/services/privacy-service.ts(425,9): error TS2578: Unused '@ts-expect-error' directive.
features/security/application/services/privacy-service.ts(428,9): error TS2578: Unused '@ts-expect-error' directive.
features/security/application/services/privacy-service.ts(430,9): error TS2578: Unused '@ts-expect-error' directive.
features/security/application/services/privacy-service.ts(432,9): error TS2578: Unused '@ts-expect-error' directive.
features/security/application/services/privacy-service.ts(434,9): error TS2578: Unused '@ts-expect-error' directive.
features/security/application/services/privacy-service.ts(436,9): error TS2578: Unused '@ts-expect-error' directive.
features/security/application/services/privacy-service.ts(438,9): error TS2578: Unused '@ts-expect-error' directive.
features/security/application/services/privacy-service.ts(454,66): error TS2561: Object literal may only specify known properties, but 'user_id' does not exist in type 'Partial<ErrorContext>'. Did you mean to write 'userId'?
features/security/application/services/privacy-service.ts(568,66): error TS2561: Object literal may only specify known properties, but 'user_id' does not exist in type 'Partial<ErrorContext>'. Did you mean to write 'userId'?
features/security/application/services/privacy-service.ts(580,7): error TS2578: Unused '@ts-expect-error' directive.
features/security/application/services/privacy-service.ts(620,60): error TS2339: Property 'FIFTEEN_MINUTES' does not exist on type '{ readonly SHORT: 60; readonly MEDIUM: 300; readonly LONG: 900; readonly HOUR: 3600; readonly DAY: 86400; readonly RECOMMENDATIONS: 1800; readonly QUERIES: 300; readonly ANALYTICS: 900; }'.
features/security/application/services/privacy-service.ts(624,73): error TS2561: Object literal may only specify known properties, but 'user_id' does not exist in type 'Partial<ErrorContext>'. Did you mean to write 'userId'?
features/security/application/services/privacy-service.ts(648,7): error TS2578: Unused '@ts-expect-error' directive.
features/security/application/services/privacy-service.ts(657,7): error TS2578: Unused '@ts-expect-error' directive.
features/security/application/services/privacy-service.ts(677,59): error TS2339: Property 'FIFTEEN_MINUTES' does not exist on type '{ readonly SHORT: 60; readonly MEDIUM: 300; readonly LONG: 900; readonly HOUR: 3600; readonly DAY: 86400; readonly RECOMMENDATIONS: 1800; readonly QUERIES: 300; readonly ANALYTICS: 900; }'.
features/security/application/services/privacy-service.ts(681,76): error TS2561: Object literal may only specify known properties, but 'user_id' does not exist in type 'Partial<ErrorContext>'. Did you mean to write 'userId'?
features/security/application/services/privacy-service.ts(703,15): error TS2578: Unused '@ts-expect-error' directive.
features/security/application/services/privacy-service.ts(717,15): error TS2578: Unused '@ts-expect-error' directive.
features/security/application/services/privacy-service.ts(726,15): error TS2578: Unused '@ts-expect-error' directive.
features/security/application/services/privacy-service.ts(740,15): error TS2578: Unused '@ts-expect-error' directive.
features/security/application/services/privacy-service.ts(778,7): error TS2578: Unused '@ts-expect-error' directive.
features/security/application/services/privacy-service.ts(898,80): error TS2561: Object literal may only specify known properties, but 'user_id' does not exist in type 'Partial<ErrorContext>'. Did you mean to write 'userId'?
features/security/domain/services/tls-config.service.ts(61,58): error TS2345: Argument of type '{ component: string; }' is not assignable to parameter of type 'undefined'.
features/security/domain/services/tls-config.service.ts(115,69): error TS2345: Argument of type '{ component: string; }' is not assignable to parameter of type 'undefined'.
features/security/domain/services/tls-config.service.ts(143,5): error TS2322: Type 'TLSOptions' is not assignable to type 'ServerOptions<typeof IncomingMessage, typeof ServerResponse>'.
  Types of property 'maxVersion' are incompatible.
    Type 'string | undefined' is not assignable to type 'SecureVersion | undefined'.
      Type 'string' is not assignable to type 'SecureVersion | undefined'.
features/security/domain/services/tls-config.service.ts(166,62): error TS2345: Argument of type '{ component: string; }' is not assignable to parameter of type 'undefined'.
features/security/infrastructure/http/security-middleware.ts(2,1): error TS6133: 'users' is declared but its value is never read.
features/security/infrastructure/http/security-middleware.ts(7,43): error TS2307: Cannot find module './infrastructure/services/intrusion-detection.service' or its corresponding type declarations.
features/security/infrastructure/observability/security-event-logger.ts(8,24): error TS2307: Cannot find module '../../infrastructure/observability' or its corresponding type declarations.
features/security/infrastructure/observability/security-event-logger.ts(9,52): error TS2307: Cannot find module '../../infrastructure/observability/core/types' or its corresponding type declarations.
features/security/infrastructure/observability/security-event-logger.ts(10,57): error TS2307: Cannot find module './security-policy' or its corresponding type declarations.
features/security/infrastructure/policies/security-policy.ts(8,51): error TS2307: Cannot find module '../../infrastructure/observability/core/types' or its corresponding type declarations.
features/security/infrastructure/services/data-privacy.service.ts(1,1): error TS6133: 'User' is declared but its value is never read.
features/sponsors/accountability/ledger.controller.ts(9,1): error TS2354: This syntax requires an imported helper but module 'tslib' cannot be found.
features/sponsors/accountability/ledger.controller.ts(9,2): error TS2304: Cannot find name 'controller'.
features/sponsors/accountability/ledger.controller.ts(11,16): error TS2304: Cannot find name 'inject'.
features/sponsors/accountability/ledger.controller.ts(13,4): error TS2304: Cannot find name 'httpPost'.
features/sponsors/accountability/ledger.controller.ts(14,27): error TS1272: A type referenced in a decorated signature must be imported with 'import type' or a namespace import when 'isolatedModules' and 'emitDecoratorMetadata' are enabled.
features/sponsors/accountability/ledger.controller.ts(14,41): error TS1272: A type referenced in a decorated signature must be imported with 'import type' or a namespace import when 'isolatedModules' and 'emitDecoratorMetadata' are enabled.
features/sponsors/accountability/ledger.controller.ts(37,4): error TS2304: Cannot find name 'httpGet'.
features/sponsors/accountability/ledger.controller.ts(38,25): error TS1272: A type referenced in a decorated signature must be imported with 'import type' or a namespace import when 'isolatedModules' and 'emitDecoratorMetadata' are enabled.
features/sponsors/accountability/ledger.controller.ts(38,39): error TS1272: A type referenced in a decorated signature must be imported with 'import type' or a namespace import when 'isolatedModules' and 'emitDecoratorMetadata' are enabled.
features/sponsors/accountability/ledger.controller.ts(53,4): error TS2304: Cannot find name 'httpGet'.
features/sponsors/accountability/ledger.controller.ts(54,26): error TS1272: A type referenced in a decorated signature must be imported with 'import type' or a namespace import when 'isolatedModules' and 'emitDecoratorMetadata' are enabled.
features/sponsors/accountability/ledger.controller.ts(54,40): error TS1272: A type referenced in a decorated signature must be imported with 'import type' or a namespace import when 'isolatedModules' and 'emitDecoratorMetadata' are enabled.
features/sponsors/application/sponsor-conflict-analysis.service.ts(11,1): error TS6133: 'sponsors' is declared but its value is never read.
features/sponsors/application/sponsor-service-direct.ts(2,24): error TS6133: 'writeDatabase' is declared but its value is never read.
features/sponsors/application/sponsor-service-direct.ts(341,14): error TS7006: Parameter 'r' implicitly has an 'any' type.
features/sponsors/domain/repositories/sponsor.repository.ts(11,1): error TS6133: 'db' is declared but its value is never read.
features/sponsors/index.ts(1,1): error TS6133: 'sponsors' is declared but its value is never read.
features/sponsors/types/analysis.ts(1,1): error TS6133: 'bills' is declared but its value is never read.
features/universal_access/application/ussd-corruption-analysis.service.ts(24,13): error TS2774: This condition will always return true since this function is always defined. Did you mean to call it instead?
features/universal_access/application/ussd-corruption-analysis.service.ts(28,29): error TS2339: Property 'value' does not exist on type 'ServiceResult<ConflictAnalysis>'.
  Property 'value' does not exist on type 'Err<ConflictAnalysis, StandardizedError>'.
features/universal_access/application/ussd-corruption-analysis.service.ts(29,36): error TS2339: Property 'value' does not exist on type 'ServiceResult<ConflictAnalysis>'.
  Property 'value' does not exist on type 'Err<ConflictAnalysis, StandardizedError>'.
features/universal_access/application/ussd-corruption-analysis.service.ts(33,20): error TS2339: Property 'value' does not exist on type 'ServiceResult<ConflictAnalysis>'.
  Property 'value' does not exist on type 'Err<ConflictAnalysis, StandardizedError>'.
features/universal_access/application/ussd-corruption-analysis.service.ts(34,41): error TS2339: Property 'value' does not exist on type 'ServiceResult<ConflictAnalysis>'.
  Property 'value' does not exist on type 'Err<ConflictAnalysis, StandardizedError>'.
features/universal_access/application/ussd-validation.schemas.ts(1,1): error TS6133: 'User' is declared but its value is never read.
features/universal_access/application/ussd.service.ts(10,17): error TS2614: Module '"@server/infrastructure/schema"' has no exported member 'mpProfiles'. Did you mean to use 'import mpProfiles from "@server/infrastructure/schema"' instead?
features/universal_access/application/ussd.service.ts(157,53): error TS7006: Parameter 'opt' implicitly has an 'any' type.
features/universal_access/application/ussd.service.ts(324,28): error TS6133: 'session' is declared but its value is never read.
features/universal_access/application/ussd.service.ts(385,38): error TS6133: 'session' is declared but its value is never read.
features/universal_access/application/ussd.service.ts(417,30): error TS6133: 'session' is declared but its value is never read.
features/universal_access/application/ussd.service.ts(466,60): error TS2532: Object is possibly 'undefined'.
features/universal_access/application/ussd.service.ts(466,91): error TS2532: Object is possibly 'undefined'.
features/universal_access/application/ussd.service.ts(477,29): error TS6133: 'session' is declared but its value is never read.
features/universal_access/application/UssdService.ts(27,80): error TS2339: Property 'phone_number' does not exist on type 'ValidationResult<{ phone_number: string; service_code: string; language?: "en" | "sw" | "fr" | "es" | "ar" | "zh" | "hi" | undefined; network_code?: string | undefined; accessibility_mode?: "standard" | "simplified" | "audio_description" | "high_contrast" | undefined; }>'.
features/universal_access/application/UssdService.ts(31,12): error TS2339: Property 'insert' does not exist on type 'SecureQueryBuilderService'.
features/universal_access/application/UssdService.ts(34,42): error TS2339: Property 'service_code' does not exist on type 'ValidationResult<{ phone_number: string; service_code: string; language?: "en" | "sw" | "fr" | "es" | "ar" | "zh" | "hi" | undefined; network_code?: string | undefined; accessibility_mode?: "standard" | "simplified" | "audio_description" | "high_contrast" | undefined; }>'.
features/universal_access/application/UssdService.ts(35,42): error TS2339: Property 'network_code' does not exist on type 'ValidationResult<{ phone_number: string; service_code: string; language?: "en" | "sw" | "fr" | "es" | "ar" | "zh" | "hi" | undefined; network_code?: string | undefined; accessibility_mode?: "standard" | "simplified" | "audio_description" | "high_contrast" | undefined; }>'.
features/universal_access/application/UssdService.ts(36,38): error TS2339: Property 'language' does not exist on type 'ValidationResult<{ phone_number: string; service_code: string; language?: "en" | "sw" | "fr" | "es" | "ar" | "zh" | "hi" | undefined; network_code?: string | undefined; accessibility_mode?: "standard" | "simplified" | "audio_description" | "high_contrast" | undefined; }>'.
features/universal_access/application/UssdService.ts(37,48): error TS2339: Property 'accessibility_mode' does not exist on type 'ValidationResult<{ phone_number: string; service_code: string; language?: "en" | "sw" | "fr" | "es" | "ar" | "zh" | "hi" | undefined; network_code?: string | undefined; accessibility_mode?: "standard" | "simplified" | "audio_description" | "high_contrast" | undefined; }>'.
features/universal_access/application/UssdService.ts(66,77): error TS2339: Property 'session_id' does not exist on type 'ValidationResult<{ session_id: string; current_state: "notifications" | "settings" | "bill_search" | "help" | "main_menu" | "bill_details" | "voting_info" | "representative_info"; user_input: string; metadata?: Record<...> | undefined; }>'.
features/universal_access/application/UssdService.ts(67,80): error TS2339: Property 'user_input' does not exist on type 'ValidationResult<{ session_id: string; current_state: "notifications" | "settings" | "bill_search" | "help" | "main_menu" | "bill_details" | "voting_info" | "representative_info"; user_input: string; metadata?: Record<...> | undefined; }>'.
features/universal_access/application/UssdService.ts(71,12): error TS2339: Property 'update' does not exist on type 'SecureQueryBuilderService'.
features/universal_access/application/UssdService.ts(73,43): error TS2339: Property 'current_state' does not exist on type 'ValidationResult<{ session_id: string; current_state: "notifications" | "settings" | "bill_search" | "help" | "main_menu" | "bill_details" | "voting_info" | "representative_info"; user_input: string; metadata?: Record<...> | undefined; }>'.
features/universal_access/application/UssdService.ts(75,38): error TS2339: Property 'metadata' does not exist on type 'ValidationResult<{ session_id: string; current_state: "notifications" | "settings" | "bill_search" | "help" | "main_menu" | "bill_details" | "voting_info" | "representative_info"; user_input: string; metadata?: Record<...> | undefined; }>'.
features/universal_access/application/UssdService.ts(85,26): error TS2339: Property 'delete' does not exist on type 'CacheService'.
features/universal_access/application/UssdService.ts(96,77): error TS2339: Property 'session_id' does not exist on type 'ValidationResult<{ session_id: string; reason: "error" | "timeout" | "completed" | "user_cancelled"; final_state?: "notifications" | "settings" | "bill_search" | "help" | "main_menu" | "bill_details" | "voting_info" | "representative_info" | undefined; }>'.
features/universal_access/application/UssdService.ts(100,12): error TS2339: Property 'update' does not exist on type 'SecureQueryBuilderService'.
features/universal_access/application/UssdService.ts(102,36): error TS2339: Property 'reason' does not exist on type 'ValidationResult<{ session_id: string; reason: "error" | "timeout" | "completed" | "user_cancelled"; final_state?: "notifications" | "settings" | "bill_search" | "help" | "main_menu" | "bill_details" | "voting_info" | "representative_info" | undefined; }>'.
features/universal_access/application/UssdService.ts(103,41): error TS2339: Property 'final_state' does not exist on type 'ValidationResult<{ session_id: string; reason: "error" | "timeout" | "completed" | "user_cancelled"; final_state?: "notifications" | "settings" | "bill_search" | "help" | "main_menu" | "bill_details" | "voting_info" | "representative_info" | undefined; }>'.
features/universal_access/application/UssdService.ts(113,26): error TS2339: Property 'delete' does not exist on type 'CacheService'.
features/universal_access/application/UssdService.ts(136,10): error TS2339: Property 'select' does not exist on type 'SecureQueryBuilderService'.
features/universal_access/domain/ussd.types.ts(10,3): error TS2305: Module '"@shared/types"' has no exported member 'USSDLanguage'.
features/universal_access/domain/ussd.types.ts(11,3): error TS2305: Module '"@shared/types"' has no exported member 'USSDSession'.
features/universal_access/domain/ussd.types.ts(12,3): error TS2305: Module '"@shared/types"' has no exported member 'USSDResponse'.
features/universal_access/domain/ussd.types.ts(13,3): error TS2305: Module '"@shared/types"' has no exported member 'USSDMenu'.
features/universal_access/domain/ussd.types.ts(14,3): error TS2305: Module '"@shared/types"' has no exported member 'USSDMenuOption'.
features/universal_access/domain/ussd.types.ts(15,3): error TS2305: Module '"@shared/types"' has no exported member 'USSDRequest'.
features/universal_access/domain/ussd.types.ts(16,3): error TS2305: Module '"@shared/types"' has no exported member 'BillSummary'.
features/universal_access/domain/ussd.types.ts(17,3): error TS2724: '"@shared/types"' has no exported member named 'SponsorInfo'. Did you mean 'SponsorId'?
features/universal_access/domain/ussd.types.ts(18,3): error TS2305: Module '"@shared/types"' has no exported member 'USSDAnalytics'.
features/universal_access/infrastructure/ussd.middleware.ts(14,37): error TS6133: 'req' is declared but its value is never read.
features/universal_access/infrastructure/ussd.middleware.ts(14,51): error TS6133: 'res' is declared but its value is never read.
features/users/application/middleware/validation-middleware.ts(78,10): error TS7030: Not all code paths return a value.
features/users/application/middleware/validation-middleware.ts(112,10): error TS7030: Not all code paths return a value.
features/users/application/middleware/validation-middleware.ts(143,17): error TS7030: Not all code paths return a value.
features/users/application/middleware/validation-middleware.ts(166,10): error TS7030: Not all code paths return a value.
features/users/application/middleware/validation-middleware.ts(189,68): error TS7030: Not all code paths return a value.
features/users/application/profile-migrated.ts(1,1): error TS6133: 'User' is declared but its value is never read.
features/users/application/profile-migrated.ts(2,1): error TS6133: 'AsyncServiceResult' is declared but its value is never read.
features/users/application/profile-migrated.ts(22,1): error TS6133: 'users' is declared but its value is never read.
features/users/application/profile-migrated.ts(87,19): error TS2304: Cannot find name 'authenticateToken'.
features/users/application/profile-migrated.ts(87,63): error TS2304: Cannot find name 'AuthenticatedRequest'.
features/users/application/profile-migrated.ts(102,21): error TS2304: Cannot find name 'authenticateToken'.
features/users/application/profile-migrated.ts(102,65): error TS2304: Cannot find name 'AuthenticatedRequest'.
features/users/application/profile-migrated.ts(107,11): error TS2554: Expected 3 arguments, but got 2.
features/users/application/profile-migrated.ts(122,27): error TS2304: Cannot find name 'authenticateToken'.
features/users/application/profile-migrated.ts(122,71): error TS2304: Cannot find name 'AuthenticatedRequest'.
features/users/application/profile-migrated.ts(127,11): error TS2554: Expected 3 arguments, but got 2.
features/users/application/profile-migrated.ts(142,31): error TS2304: Cannot find name 'authenticateToken'.
features/users/application/profile-migrated.ts(142,75): error TS2304: Cannot find name 'AuthenticatedRequest'.
features/users/application/profile-migrated.ts(147,11): error TS2554: Expected 3 arguments, but got 2.
features/users/application/profile-migrated.ts(162,28): error TS2304: Cannot find name 'authenticateToken'.
features/users/application/profile-migrated.ts(162,72): error TS2304: Cannot find name 'AuthenticatedRequest'.
features/users/application/profile-migrated.ts(181,31): error TS2304: Cannot find name 'authenticateToken'.
features/users/application/profile-migrated.ts(181,75): error TS2304: Cannot find name 'AuthenticatedRequest'.
features/users/application/profile-migrated.ts(196,33): error TS2304: Cannot find name 'authenticateToken'.
features/users/application/profile-migrated.ts(196,77): error TS2304: Cannot find name 'AuthenticatedRequest'.
features/users/application/profile-migrated.ts(201,11): error TS2554: Expected 3 arguments, but got 2.
features/users/application/profile-migrated.ts(220,32): error TS2304: Cannot find name 'authenticateToken'.
features/users/application/profile-migrated.ts(220,76): error TS2304: Cannot find name 'AuthenticatedRequest'.
features/users/application/profile-migrated.ts(235,34): error TS2304: Cannot find name 'authenticateToken'.
features/users/application/profile-migrated.ts(235,78): error TS2304: Cannot find name 'AuthenticatedRequest'.
features/users/application/profile-migrated.ts(241,11): error TS2554: Expected 3 arguments, but got 2.
features/users/application/profile-migrated.ts(264,30): error TS2304: Cannot find name 'authenticateToken'.
features/users/application/profile-migrated.ts(264,74): error TS2304: Cannot find name 'AuthenticatedRequest'.
features/users/application/profile-migrated.ts(279,40): error TS2304: Cannot find name 'authenticateToken'.
features/users/application/profile-migrated.ts(279,84): error TS2304: Cannot find name 'AuthenticatedRequest'.
features/users/application/profile-migrated.ts(285,11): error TS2554: Expected 3 arguments, but got 2.
features/users/application/profile-migrated.ts(311,55): error TS2345: Argument of type 'string | undefined' is not assignable to parameter of type 'string'.
  Type 'undefined' is not assignable to type 'string'.
features/users/application/profile-migrated.ts(326,60): error TS2345: Argument of type 'string | undefined' is not assignable to parameter of type 'string'.
  Type 'undefined' is not assignable to type 'string'.
features/users/application/profile-migrated.ts(341,60): error TS2345: Argument of type 'string | undefined' is not assignable to parameter of type 'string'.
  Type 'undefined' is not assignable to type 'string'.
features/users/application/profile.ts(1,1): error TS6133: 'User' is declared but its value is never read.
features/users/application/profile.ts(14,1): error TS6133: 'users' is declared but its value is never read.
features/users/application/profile.ts(105,11): error TS2554: Expected 3 arguments, but got 2.
features/users/application/profile.ts(126,11): error TS2554: Expected 3 arguments, but got 2.
features/users/application/profile.ts(142,19): error TS2304: Cannot find name 'createErrorContext'.
features/users/application/profile.ts(148,11): error TS2304: Cannot find name 'user_profileservice'.
features/users/application/profile.ts(153,13): error TS2554: Expected 3 arguments, but got 2.
features/users/application/profile.ts(156,47): error TS2345: Argument of type '{ component: string; context: any; }' is not assignable to parameter of type 'undefined'.
features/users/application/profile.ts(158,15): error TS2304: Cannot find name 'BaseError'.
features/users/application/profile.ts(160,13): error TS2304: Cannot find name 'ERROR_CODES'.
features/users/application/profile.ts(161,15): error TS2304: Cannot find name 'ErrorDomain'.
features/users/application/profile.ts(162,17): error TS2304: Cannot find name 'ErrorSeverity'.
features/users/application/profile.ts(172,19): error TS2304: Cannot find name 'createErrorContext'.
features/users/application/profile.ts(176,35): error TS2304: Cannot find name 'user_profileservice'.
features/users/application/profile.ts(180,54): error TS2345: Argument of type '{ component: string; context: any; }' is not assignable to parameter of type 'undefined'.
features/users/application/profile.ts(182,15): error TS2304: Cannot find name 'BaseError'.
features/users/application/profile.ts(184,13): error TS2304: Cannot find name 'ERROR_CODES'.
features/users/application/profile.ts(185,15): error TS2304: Cannot find name 'ErrorDomain'.
features/users/application/profile.ts(186,17): error TS2304: Cannot find name 'ErrorSeverity'.
features/users/application/profile.ts(200,19): error TS2304: Cannot find name 'createErrorContext'.
features/users/application/profile.ts(204,31): error TS2304: Cannot find name 'user_profileservice'.
features/users/application/profile.ts(208,49): error TS2345: Argument of type '{ component: string; context: any; }' is not assignable to parameter of type 'undefined'.
features/users/application/profile.ts(210,15): error TS2304: Cannot find name 'BaseError'.
features/users/application/profile.ts(212,13): error TS2304: Cannot find name 'ERROR_CODES'.
features/users/application/profile.ts(213,15): error TS2304: Cannot find name 'ErrorDomain'.
features/users/application/profile.ts(214,17): error TS2304: Cannot find name 'ErrorSeverity'.
features/users/application/profile.ts(224,19): error TS2304: Cannot find name 'createErrorContext'.
features/users/application/profile.ts(230,38): error TS2304: Cannot find name 'user_profileservice'.
features/users/application/profile.ts(235,13): error TS2554: Expected 3 arguments, but got 2.
features/users/application/profile.ts(238,49): error TS2345: Argument of type '{ component: string; context: any; }' is not assignable to parameter of type 'undefined'.
features/users/application/profile.ts(240,15): error TS2304: Cannot find name 'BaseError'.
features/users/application/profile.ts(242,13): error TS2304: Cannot find name 'ERROR_CODES'.
features/users/application/profile.ts(243,15): error TS2304: Cannot find name 'ErrorDomain'.
features/users/application/profile.ts(244,17): error TS2304: Cannot find name 'ErrorSeverity'.
features/users/application/profile.ts(258,19): error TS2304: Cannot find name 'createErrorContext'.
features/users/application/profile.ts(262,39): error TS2304: Cannot find name 'user_profileservice'.
features/users/application/profile.ts(266,57): error TS2345: Argument of type '{ component: string; context: any; }' is not assignable to parameter of type 'undefined'.
features/users/application/profile.ts(268,15): error TS2304: Cannot find name 'BaseError'.
features/users/application/profile.ts(270,13): error TS2304: Cannot find name 'ERROR_CODES'.
features/users/application/profile.ts(271,15): error TS2304: Cannot find name 'ErrorDomain'.
features/users/application/profile.ts(272,17): error TS2304: Cannot find name 'ErrorSeverity'.
features/users/application/profile.ts(282,19): error TS2304: Cannot find name 'createErrorContext'.
features/users/application/profile.ts(290,17): error TS2304: Cannot find name 'BaseError'.
features/users/application/profile.ts(292,15): error TS2304: Cannot find name 'ERROR_CODES'.
features/users/application/profile.ts(293,17): error TS2304: Cannot find name 'ErrorDomain'.
features/users/application/profile.ts(294,19): error TS2304: Cannot find name 'ErrorSeverity'.
features/users/application/profile.ts(299,34): error TS2304: Cannot find name 'user_profileservice'.
features/users/application/profile.ts(304,13): error TS2554: Expected 3 arguments, but got 2.
features/users/application/profile.ts(307,26): error TS2304: Cannot find name 'BaseError'.
features/users/application/profile.ts(311,57): error TS2345: Argument of type '{ component: string; context: any; }' is not assignable to parameter of type 'undefined'.
features/users/application/profile.ts(313,15): error TS2304: Cannot find name 'BaseError'.
features/users/application/profile.ts(315,13): error TS2304: Cannot find name 'ERROR_CODES'.
features/users/application/profile.ts(316,15): error TS2304: Cannot find name 'ErrorDomain'.
features/users/application/profile.ts(317,17): error TS2304: Cannot find name 'ErrorSeverity'.
features/users/application/profile.ts(331,19): error TS2304: Cannot find name 'createErrorContext'.
features/users/application/profile.ts(335,37): error TS2304: Cannot find name 'user_profileservice'.
features/users/application/profile.ts(339,56): error TS2345: Argument of type '{ component: string; context: any; }' is not assignable to parameter of type 'undefined'.
features/users/application/profile.ts(341,15): error TS2304: Cannot find name 'BaseError'.
features/users/application/profile.ts(343,13): error TS2304: Cannot find name 'ERROR_CODES'.
features/users/application/profile.ts(344,15): error TS2304: Cannot find name 'ErrorDomain'.
features/users/application/profile.ts(345,17): error TS2304: Cannot find name 'ErrorSeverity'.
features/users/application/profile.ts(355,19): error TS2304: Cannot find name 'createErrorContext'.
features/users/application/profile.ts(359,30): error TS2345: Argument of type 'string | undefined' is not assignable to parameter of type 'string'.
  Type 'undefined' is not assignable to type 'string'.
features/users/application/profile.ts(363,13): error TS2554: Expected 3 arguments, but got 2.
features/users/application/profile.ts(370,26): error TS2304: Cannot find name 'user_profileservice'.
features/users/application/profile.ts(375,13): error TS2554: Expected 3 arguments, but got 2.
features/users/application/profile.ts(382,48): error TS2345: Argument of type '{ component: string; context: any; }' is not assignable to parameter of type 'undefined'.
features/users/application/profile.ts(384,15): error TS2304: Cannot find name 'BaseError'.
features/users/application/profile.ts(386,13): error TS2304: Cannot find name 'ERROR_CODES'.
features/users/application/profile.ts(387,15): error TS2304: Cannot find name 'ErrorDomain'.
features/users/application/profile.ts(388,17): error TS2304: Cannot find name 'ErrorSeverity'.
features/users/application/profile.ts(403,19): error TS2304: Cannot find name 'createErrorContext'.
features/users/application/profile.ts(407,27): error TS2304: Cannot find name 'user_profileservice'.
features/users/application/profile.ts(411,45): error TS2345: Argument of type '{ component: string; context: any; }' is not assignable to parameter of type 'undefined'.
features/users/application/profile.ts(413,15): error TS2304: Cannot find name 'BaseError'.
features/users/application/profile.ts(415,13): error TS2304: Cannot find name 'ERROR_CODES'.
features/users/application/profile.ts(416,15): error TS2304: Cannot find name 'ErrorDomain'.
features/users/application/profile.ts(417,17): error TS2304: Cannot find name 'ErrorSeverity'.
features/users/application/profile.ts(427,19): error TS2304: Cannot find name 'createErrorContext'.
features/users/application/profile.ts(431,31): error TS2304: Cannot find name 'user_profileservice'.
features/users/application/profile.ts(435,49): error TS2345: Argument of type '{ component: string; context: any; }' is not assignable to parameter of type 'undefined'.
features/users/application/profile.ts(437,15): error TS2304: Cannot find name 'BaseError'.
features/users/application/profile.ts(439,13): error TS2304: Cannot find name 'ERROR_CODES'.
features/users/application/profile.ts(440,15): error TS2304: Cannot find name 'ErrorDomain'.
features/users/application/profile.ts(441,17): error TS2304: Cannot find name 'ErrorSeverity'.
features/users/application/profile.ts(451,19): error TS2304: Cannot find name 'createErrorContext'.
features/users/application/profile.ts(457,38): error TS2304: Cannot find name 'user_profileservice'.
features/users/application/profile.ts(462,13): error TS2554: Expected 3 arguments, but got 2.
features/users/application/profile.ts(465,49): error TS2345: Argument of type '{ component: string; context: any; }' is not assignable to parameter of type 'undefined'.
features/users/application/profile.ts(467,15): error TS2304: Cannot find name 'BaseError'.
features/users/application/profile.ts(469,13): error TS2304: Cannot find name 'ERROR_CODES'.
features/users/application/profile.ts(470,15): error TS2304: Cannot find name 'ErrorDomain'.
features/users/application/profile.ts(471,17): error TS2304: Cannot find name 'ErrorSeverity'.
features/users/application/profile.ts(481,19): error TS2304: Cannot find name 'createErrorContext'.
features/users/application/profile.ts(489,13): error TS2554: Expected 3 arguments, but got 2.
features/users/application/profile.ts(494,25): error TS2304: Cannot find name 'user_profileservice'.
features/users/application/profile.ts(502,44): error TS2345: Argument of type '{ component: string; context: any; }' is not assignable to parameter of type 'undefined'.
features/users/application/profile.ts(504,15): error TS2304: Cannot find name 'BaseError'.
features/users/application/profile.ts(506,13): error TS2304: Cannot find name 'ERROR_CODES'.
features/users/application/profile.ts(507,15): error TS2304: Cannot find name 'ErrorDomain'.
features/users/application/profile.ts(508,17): error TS2304: Cannot find name 'ErrorSeverity'.
features/users/application/profile.ts(519,19): error TS2304: Cannot find name 'createErrorContext'.
features/users/application/profile.ts(523,27): error TS2304: Cannot find name 'user_profileservice'.
features/users/application/profile.ts(527,52): error TS2345: Argument of type '{ component: string; context: any; }' is not assignable to parameter of type 'undefined'.
features/users/application/profile.ts(529,15): error TS2304: Cannot find name 'BaseError'.
features/users/application/profile.ts(531,13): error TS2304: Cannot find name 'ERROR_CODES'.
features/users/application/profile.ts(532,15): error TS2304: Cannot find name 'ErrorDomain'.
features/users/application/profile.ts(533,17): error TS2304: Cannot find name 'ErrorSeverity'.
features/users/application/profile.ts(544,19): error TS2304: Cannot find name 'createErrorContext'.
features/users/application/profile.ts(548,27): error TS2304: Cannot find name 'user_profileservice'.
features/users/application/profile.ts(552,52): error TS2345: Argument of type '{ component: string; context: any; }' is not assignable to parameter of type 'undefined'.
features/users/application/profile.ts(554,15): error TS2304: Cannot find name 'BaseError'.
features/users/application/profile.ts(556,13): error TS2304: Cannot find name 'ERROR_CODES'.
features/users/application/profile.ts(557,15): error TS2304: Cannot find name 'ErrorDomain'.
features/users/application/profile.ts(558,17): error TS2304: Cannot find name 'ErrorSeverity'.
features/users/application/services/metrics-service.ts(93,7): error TS2532: Object is possibly 'undefined'.
features/users/application/use-cases/verification-operations-use-case.ts(5,69): error TS6133: 'VerificationUpdateResult' is declared but its value is never read.
features/users/application/user-application-service.ts(1,1): error TS6133: 'users' is declared but its value is never read.
features/users/application/user-service-direct.ts(5,24): error TS6133: 'writeDatabase' is declared but its value is never read.
features/users/application/user-service-direct.ts(11,10): error TS6133: 'and' is declared but its value is never read.
features/users/application/user-service-direct.ts(11,19): error TS6133: 'like' is declared but its value is never read.
features/users/application/user-service-direct.ts(11,25): error TS6133: 'or' is declared but its value is never read.
features/users/application/user-service-direct.ts(24,54): error TS2304: Cannot find name 'User'.
features/users/application/user-service-direct.ts(25,12): error TS2304: Cannot find name 'User'.
features/users/application/user-service-direct.ts(44,7): error TS2353: Object literal may only specify known properties, and 'id' does not exist in type '{ user_id: string; bio?: string | undefined; expertise?: string[] | undefined; location?: string | undefined; organization?: string | undefined; reputation_score?: number | undefined; is_public?: boolean | undefined; created_at?: Date | undefined; updated_at?: Date | undefined; }'.
features/users/application/user-service-direct.ts(66,39): error TS2304: Cannot find name 'User'.
features/users/application/user-service-direct.ts(88,11): error TS2561: Object literal may only specify known properties, but 'eventType' does not exist in type 'SecurityEvent'. Did you mean to write 'event_type'?
features/users/application/user-service-direct.ts(106,45): error TS2304: Cannot find name 'User'.
features/users/application/user-service-direct.ts(127,9): error TS2561: Object literal may only specify known properties, but 'eventType' does not exist in type 'SecurityEvent'. Did you mean to write 'event_type'?
features/users/application/user-service-direct.ts(144,20): error TS2304: Cannot find name 'User'.
features/users/application/user-service-direct.ts(178,9): error TS2561: Object literal may only specify known properties, but 'eventType' does not exist in type 'SecurityEvent'. Did you mean to write 'event_type'?
features/users/application/user-service-direct.ts(199,22): error TS2304: Cannot find name 'User'.
features/users/application/user-service-direct.ts(231,9): error TS2561: Object literal may only specify known properties, but 'eventType' does not exist in type 'SecurityEvent'. Did you mean to write 'event_type'?
features/users/application/user-service-direct.ts(268,9): error TS2561: Object literal may only specify known properties, but 'eventType' does not exist in type 'SecurityEvent'. Did you mean to write 'event_type'?
features/users/application/user-service-direct.ts(310,21): error TS2339: Property 'id' does not exist on type '{ user_id: string; bio: string | null; expertise: string[]; location: string | null; organization: string | null; reputation_score: number; is_public: boolean; created_at: Date; updated_at: Date; }'.
features/users/application/user-service-direct.ts(319,25): error TS2339: Property 'id' does not exist on type '{ user_id: string; bio: string | null; expertise: string[]; location: string | null; organization: string | null; reputation_score: number; is_public: boolean; created_at: Date; updated_at: Date; }'.
features/users/application/user-service-direct.ts(321,33): error TS2339: Property 'first_name' does not exist on type '{ user_id: string; bio: string | null; expertise: string[]; location: string | null; organization: string | null; reputation_score: number; is_public: boolean; created_at: Date; updated_at: Date; }'.
features/users/application/user-service-direct.ts(321,98): error TS2339: Property 'first_name' does not exist on type '{ user_id: string; bio: string | null; expertise: string[]; location: string | null; organization: string | null; reputation_score: number; is_public: boolean; created_at: Date; updated_at: Date; }'.
features/users/application/user-service-direct.ts(322,32): error TS2339: Property 'last_name' does not exist on type '{ user_id: string; bio: string | null; expertise: string[]; location: string | null; organization: string | null; reputation_score: number; is_public: boolean; created_at: Date; updated_at: Date; }'.
features/users/application/user-service-direct.ts(322,96): error TS2339: Property 'last_name' does not exist on type '{ user_id: string; bio: string | null; expertise: string[]; location: string | null; organization: string | null; reputation_score: number; is_public: boolean; created_at: Date; updated_at: Date; }'.
features/users/application/user-service-direct.ts(323,35): error TS2339: Property 'display_name' does not exist on type '{ user_id: string; bio: string | null; expertise: string[]; location: string | null; organization: string | null; reputation_score: number; is_public: boolean; created_at: Date; updated_at: Date; }'.
features/users/application/user-service-direct.ts(323,102): error TS2339: Property 'display_name' does not exist on type '{ user_id: string; bio: string | null; expertise: string[]; location: string | null; organization: string | null; reputation_score: number; is_public: boolean; created_at: Date; updated_at: Date; }'.
features/users/application/user-service-direct.ts(325,29): error TS2339: Property 'county' does not exist on type '{ user_id: string; bio: string | null; expertise: string[]; location: string | null; organization: string | null; reputation_score: number; is_public: boolean; created_at: Date; updated_at: Date; }'.
features/users/application/user-service-direct.ts(325,90): error TS2339: Property 'county' does not exist on type '{ user_id: string; bio: string | null; expertise: string[]; location: string | null; organization: string | null; reputation_score: number; is_public: boolean; created_at: Date; updated_at: Date; }'.
features/users/application/user-service-direct.ts(326,35): error TS2339: Property 'constituency' does not exist on type '{ user_id: string; bio: string | null; expertise: string[]; location: string | null; organization: string | null; reputation_score: number; is_public: boolean; created_at: Date; updated_at: Date; }'.
features/users/application/user-service-direct.ts(326,102): error TS2339: Property 'constituency' does not exist on type '{ user_id: string; bio: string | null; expertise: string[]; location: string | null; organization: string | null; reputation_score: number; is_public: boolean; created_at: Date; updated_at: Date; }'.
features/users/application/user-service-direct.ts(327,27): error TS2339: Property 'ward' does not exist on type '{ user_id: string; bio: string | null; expertise: string[]; location: string | null; organization: string | null; reputation_score: number; is_public: boolean; created_at: Date; updated_at: Date; }'.
features/users/application/user-service-direct.ts(327,86): error TS2339: Property 'ward' does not exist on type '{ user_id: string; bio: string | null; expertise: string[]; location: string | null; organization: string | null; reputation_score: number; is_public: boolean; created_at: Date; updated_at: Date; }'.
features/users/application/user-service-direct.ts(328,33): error TS2339: Property 'avatar_url' does not exist on type '{ user_id: string; bio: string | null; expertise: string[]; location: string | null; organization: string | null; reputation_score: number; is_public: boolean; created_at: Date; updated_at: Date; }'.
features/users/application/user-service-direct.ts(329,30): error TS2339: Property 'website' does not exist on type '{ user_id: string; bio: string | null; expertise: string[]; location: string | null; organization: string | null; reputation_score: number; is_public: boolean; created_at: Date; updated_at: Date; }'.
features/users/application/user-service-direct.ts(330,34): error TS2339: Property 'preferences' does not exist on type '{ user_id: string; bio: string | null; expertise: string[]; location: string | null; organization: string | null; reputation_score: number; is_public: boolean; created_at: Date; updated_at: Date; }'.
features/users/application/user-service-direct.ts(331,39): error TS2339: Property 'privacy_settings' does not exist on type '{ user_id: string; bio: string | null; expertise: string[]; location: string | null; organization: string | null; reputation_score: number; is_public: boolean; created_at: Date; updated_at: Date; }'.
features/users/application/user-service-direct.ts(342,9): error TS2561: Object literal may only specify known properties, but 'eventType' does not exist in type 'SecurityEvent'. Did you mean to write 'event_type'?
features/users/application/user-service-direct.ts(371,33): error TS2339: Property 'first_name' does not exist on type '{ user_id: string; bio: string | null; expertise: string[]; location: string | null; organization: string | null; reputation_score: number; is_public: boolean; created_at: Date; updated_at: Date; }'.
features/users/application/user-service-direct.ts(371,98): error TS2339: Property 'first_name' does not exist on type '{ user_id: string; bio: string | null; expertise: string[]; location: string | null; organization: string | null; reputation_score: number; is_public: boolean; created_at: Date; updated_at: Date; }'.
features/users/application/user-service-direct.ts(372,32): error TS2339: Property 'last_name' does not exist on type '{ user_id: string; bio: string | null; expertise: string[]; location: string | null; organization: string | null; reputation_score: number; is_public: boolean; created_at: Date; updated_at: Date; }'.
features/users/application/user-service-direct.ts(372,96): error TS2339: Property 'last_name' does not exist on type '{ user_id: string; bio: string | null; expertise: string[]; location: string | null; organization: string | null; reputation_score: number; is_public: boolean; created_at: Date; updated_at: Date; }'.
features/users/application/user-service-direct.ts(373,35): error TS2339: Property 'display_name' does not exist on type '{ user_id: string; bio: string | null; expertise: string[]; location: string | null; organization: string | null; reputation_score: number; is_public: boolean; created_at: Date; updated_at: Date; }'.
features/users/application/user-service-direct.ts(373,102): error TS2339: Property 'display_name' does not exist on type '{ user_id: string; bio: string | null; expertise: string[]; location: string | null; organization: string | null; reputation_score: number; is_public: boolean; created_at: Date; updated_at: Date; }'.
features/users/application/user-service-direct.ts(375,29): error TS2339: Property 'county' does not exist on type '{ user_id: string; bio: string | null; expertise: string[]; location: string | null; organization: string | null; reputation_score: number; is_public: boolean; created_at: Date; updated_at: Date; }'.
features/users/application/user-service-direct.ts(375,90): error TS2339: Property 'county' does not exist on type '{ user_id: string; bio: string | null; expertise: string[]; location: string | null; organization: string | null; reputation_score: number; is_public: boolean; created_at: Date; updated_at: Date; }'.
features/users/application/user-service-direct.ts(376,35): error TS2339: Property 'constituency' does not exist on type '{ user_id: string; bio: string | null; expertise: string[]; location: string | null; organization: string | null; reputation_score: number; is_public: boolean; created_at: Date; updated_at: Date; }'.
features/users/application/user-service-direct.ts(376,102): error TS2339: Property 'constituency' does not exist on type '{ user_id: string; bio: string | null; expertise: string[]; location: string | null; organization: string | null; reputation_score: number; is_public: boolean; created_at: Date; updated_at: Date; }'.
features/users/application/user-service-direct.ts(377,27): error TS2339: Property 'ward' does not exist on type '{ user_id: string; bio: string | null; expertise: string[]; location: string | null; organization: string | null; reputation_score: number; is_public: boolean; created_at: Date; updated_at: Date; }'.
features/users/application/user-service-direct.ts(377,86): error TS2339: Property 'ward' does not exist on type '{ user_id: string; bio: string | null; expertise: string[]; location: string | null; organization: string | null; reputation_score: number; is_public: boolean; created_at: Date; updated_at: Date; }'.
features/users/application/user-service-direct.ts(378,33): error TS2339: Property 'avatar_url' does not exist on type '{ user_id: string; bio: string | null; expertise: string[]; location: string | null; organization: string | null; reputation_score: number; is_public: boolean; created_at: Date; updated_at: Date; }'.
features/users/application/user-service-direct.ts(379,30): error TS2339: Property 'website' does not exist on type '{ user_id: string; bio: string | null; expertise: string[]; location: string | null; organization: string | null; reputation_score: number; is_public: boolean; created_at: Date; updated_at: Date; }'.
features/users/application/user-service-direct.ts(380,34): error TS2339: Property 'preferences' does not exist on type '{ user_id: string; bio: string | null; expertise: string[]; location: string | null; organization: string | null; reputation_score: number; is_public: boolean; created_at: Date; updated_at: Date; }'.
features/users/application/user-service-direct.ts(381,39): error TS2339: Property 'privacy_settings' does not exist on type '{ user_id: string; bio: string | null; expertise: string[]; location: string | null; organization: string | null; reputation_score: number; is_public: boolean; created_at: Date; updated_at: Date; }'.
features/users/application/user-service-direct.ts(394,9): error TS2561: Object literal may only specify known properties, but 'eventType' does not exist in type 'SecurityEvent'. Did you mean to write 'event_type'?
features/users/application/user-service-direct.ts(415,48): error TS2304: Cannot find name 'User'.
features/users/application/user-service-direct.ts(422,26): error TS7006: Parameter 'result' implicitly has an 'any' type.
features/users/application/user-service-direct.ts(429,64): error TS2304: Cannot find name 'User'.
features/users/application/user-service-direct.ts(437,26): error TS7006: Parameter 'result' implicitly has an 'any' type.
features/users/application/user-service-direct.ts(444,61): error TS2304: Cannot find name 'User'.
features/users/application/user-service-direct.ts(467,9): error TS2561: Object literal may only specify known properties, but 'eventType' does not exist in type 'SecurityEvent'. Did you mean to write 'event_type'?
features/users/application/user-service-direct.ts(481,26): error TS7006: Parameter 'result' implicitly has an 'any' type.
features/users/application/user-service-direct.ts(516,23): error TS7006: Parameter 'result' implicitly has an 'any' type.
features/users/application/user-service-direct.ts(538,23): error TS7006: Parameter 'result' implicitly has an 'any' type.
features/users/application/user-service-direct.ts(581,31): error TS6133: 'user_id' is declared but its value is never read.
features/users/application/user-service-direct.ts(581,57): error TS2304: Cannot find name 'UserInterest'.
features/users/application/user-service-direct.ts(587,22): error TS6133: 'interest' is declared but its value is never read.
features/users/application/user-service-direct.ts(587,32): error TS2304: Cannot find name 'UserInterest'.
features/users/application/user-service-direct.ts(592,24): error TS6133: 'user_id' is declared but its value is never read.
features/users/application/user-service-direct.ts(592,41): error TS6133: 'interest' is declared but its value is never read.
features/users/application/user-service-direct.ts(597,28): error TS6133: 'user_id' is declared but its value is never read.
features/users/application/user-service-direct.ts(602,35): error TS6133: 'user_id' is declared but its value is never read.
features/users/application/user-service-direct.ts(608,30): error TS6133: 'id' is declared but its value is never read.
features/users/application/user-service-direct.ts(614,26): error TS6133: 'verification' is declared but its value is never read.
features/users/application/user-service-direct.ts(619,28): error TS6133: 'verification' is declared but its value is never read.
features/users/application/user-service-direct.ts(624,27): error TS6133: 'aggregate' is declared but its value is never read.
features/users/application/user-service-direct.ts(629,36): error TS6133: 'min' is declared but its value is never read.
features/users/application/user-service-direct.ts(629,49): error TS6133: 'max' is declared but its value is never read.
features/users/application/user-service-direct.ts(629,71): error TS2304: Cannot find name 'User'.
features/users/application/user-validation.schemas.ts(1,1): error TS6133: 'User' is declared but its value is never read.
features/users/application/UserProfileService.ts(1,1): error TS6133: 'User' is declared but its value is never read.
features/users/application/UserProfileService.ts(13,1): error TS6133: 'users' is declared but its value is never read.
features/users/application/users.ts(1,10): error TS2300: Duplicate identifier 'AsyncServiceResult'.
features/users/application/users.ts(4,3): error TS2300: Duplicate identifier 'AsyncServiceResult'.
features/users/application/users.ts(12,1): error TS6133: 'users' is declared but its value is never read.
features/users/application/users.ts(94,60): error TS2345: Argument of type 'string' is not assignable to parameter of type '{ field: string; message: string; value?: unknown; }[]'.
features/users/application/users.ts(103,41): error TS2554: Expected 3 arguments, but got 2.
features/users/application/users.ts(136,10): error TS2559: Type '"user_registration"' has no properties in common with type 'TransactionOptions'.
features/users/application/users.ts(139,12): error TS18046: 'txResult' is of type 'unknown'.
features/users/application/users.ts(142,14): error TS18046: 'txResult' is of type 'unknown'.
features/users/application/users.ts(167,41): error TS2554: Expected 3 arguments, but got 2.
features/users/application/users.ts(172,41): error TS2554: Expected 3 arguments, but got 2.
features/users/application/users.ts(229,10): error TS2559: Type '"profile_update"' has no properties in common with type 'TransactionOptions'.
features/users/application/users.ts(232,12): error TS18046: 'txResult' is of type 'unknown'.
features/users/application/users.ts(235,14): error TS18046: 'txResult' is of type 'unknown'.
features/users/application/users.ts(257,60): error TS2345: Argument of type 'string' is not assignable to parameter of type '{ field: string; message: string; value?: unknown; }[]'.
features/users/application/users.ts(262,60): error TS2345: Argument of type 'string' is not assignable to parameter of type '{ field: string; message: string; value?: unknown; }[]'.
features/users/application/users.ts(288,10): error TS2559: Type '"interests_update"' has no properties in common with type 'TransactionOptions'.
features/users/application/users.ts(291,12): error TS18046: 'txResult' is of type 'unknown'.
features/users/application/users.ts(294,14): error TS18046: 'txResult' is of type 'unknown'.
features/users/application/users.ts(316,41): error TS2554: Expected 3 arguments, but got 2.
features/users/application/users.ts(323,41): error TS2554: Expected 3 arguments, but got 2.
features/users/application/users.ts(329,60): error TS2345: Argument of type 'string' is not assignable to parameter of type '{ field: string; message: string; value?: unknown; }[]'.
features/users/application/users.ts(349,10): error TS2559: Type '"verification_submission"' has no properties in common with type 'TransactionOptions'.
features/users/application/users.ts(352,12): error TS18046: 'txResult' is of type 'unknown'.
features/users/application/users.ts(355,14): error TS18046: 'txResult' is of type 'unknown'.
features/users/application/UserService.ts(19,25): error TS6133: 'users' is declared but its value is never read.
features/users/application/UserService.ts(24,35): error TS6133: 'CACHE_TTL' is declared but its value is never read.
features/users/application/UserService.ts(51,11): error TS6133: 'cacheInvalidation' is declared but its value is never read.
features/users/application/UserService.ts(79,30): error TS2769: No overload matches this call.
  Overload 1 of 4, '(arrayBuffer: WithImplicitCoercion<ArrayBufferLike>, byteOffset?: number | undefined, length?: number | undefined): Buffer', gave the following error.
    Argument of type 'string | undefined' is not assignable to parameter of type 'WithImplicitCoercion<ArrayBufferLike>'.
      Type 'undefined' is not assignable to type 'WithImplicitCoercion<ArrayBufferLike>'.
  Overload 2 of 4, '(string: WithImplicitCoercion<string>, encoding?: BufferEncoding | undefined): Buffer', gave the following error.
    Argument of type 'string | undefined' is not assignable to parameter of type 'WithImplicitCoercion<string>'.
      Type 'undefined' is not assignable to type 'WithImplicitCoercion<string>'.
features/users/application/UserService.ts(80,35): error TS2769: No overload matches this call.
  Overload 1 of 4, '(arrayBuffer: WithImplicitCoercion<ArrayBufferLike>, byteOffset?: number | undefined, length?: number | undefined): Buffer', gave the following error.
    Argument of type 'string | undefined' is not assignable to parameter of type 'WithImplicitCoercion<ArrayBufferLike>'.
      Type 'undefined' is not assignable to type 'WithImplicitCoercion<ArrayBufferLike>'.
  Overload 2 of 4, '(string: WithImplicitCoercion<string>, encoding?: BufferEncoding | undefined): Buffer', gave the following error.
    Argument of type 'string | undefined' is not assignable to parameter of type 'WithImplicitCoercion<string>'.
      Type 'undefined' is not assignable to type 'WithImplicitCoercion<string>'.
features/users/application/UserService.ts(85,39): error TS2769: No overload matches this call.
  Overload 1 of 4, '(data: ArrayBufferView, inputEncoding: undefined, outputEncoding: Encoding): string', gave the following error.
    Argument of type 'string | undefined' is not assignable to parameter of type 'ArrayBufferView'.
      Type 'undefined' is not assignable to type 'ArrayBufferView'.
  Overload 2 of 4, '(data: string, inputEncoding: Encoding | undefined, outputEncoding: Encoding): string', gave the following error.
    Argument of type 'string | undefined' is not assignable to parameter of type 'string'.
      Type 'undefined' is not assignable to type 'string'.
features/users/application/UserService.ts(86,7): error TS2322: Type 'string' is not assignable to type 'Buffer & string'.
  Type 'string' is not assignable to type 'Buffer'.
features/users/application/UserService.ts(99,17): error TS6133: 'invalidateUserCaches' is declared but its value is never read.
features/users/application/UserService.ts(101,20): error TS2339: Property 'delete' does not exist on type 'CacheService'.
features/users/application/UserService.ts(102,20): error TS2339: Property 'delete' does not exist on type 'CacheService'.
features/users/application/UserService.ts(103,20): error TS2339: Property 'delete' does not exist on type 'CacheService'.
features/users/application/UserService.ts(104,20): error TS2339: Property 'delete' does not exist on type 'CacheService'.
features/users/application/UserService.ts(115,95): error TS2304: Cannot find name 'User'.
features/users/application/UserService.ts(134,13): error TS6133: 'encryptedPhone' is declared but its value is never read.
features/users/application/UserService.ts(167,20): error TS2304: Cannot find name 'User'.
features/users/application/UserService.ts(204,61): error TS2304: Cannot find name 'User'.
features/users/application/UserService.ts(226,20): error TS2304: Cannot find name 'User'.
features/users/application/UserService.ts(258,86): error TS2304: Cannot find name 'User'.
features/users/application/UserService.ts(293,20): error TS2304: Cannot find name 'User'.
features/users/application/UserService.ts(328,80): error TS2304: Cannot find name 'User'.
features/users/application/UserService.ts(331,45): error TS2345: Argument of type 'ZodObject<{ query: ZodString; role: ZodOptional<ZodEnum<["user", "admin", "moderator", "expert", "verified_citizen"]>>; verification_status: ZodOptional<ZodEnum<[...]>>; page: ZodOptional<...>; limit: ZodOptional<...>; }, "strip", ZodTypeAny, { ...; }, { ...; }>' is not assignable to parameter of type 'ZodType<{ query: string; role?: "verified_citizen" | "expert" | "moderator" | "admin" | "user" | undefined; verification_status?: "rejected" | "pending" | "unverified" | "verified" | undefined; limit?: number | undefined; page?: number | undefined; }, ZodTypeDef, { ...; }>'.
  The types of '_input.limit' are incompatible between these types.
    Type 'string | undefined' is not assignable to type 'number | undefined'.
      Type 'string' is not assignable to type 'number'.
features/users/application/UserService.ts(341,9): error TS2322: Type 'unknown' is not assignable to type 'UserRole | UserRole[] | undefined'.
features/users/application/UserService.ts(343,48): error TS2345: Argument of type 'number' is not assignable to parameter of type 'string'.
features/users/application/UserService.ts(344,46): error TS2345: Argument of type 'number' is not assignable to parameter of type 'string'.
features/users/application/UserService.ts(357,18): error TS2304: Cannot find name 'User'.
features/users/application/UserService.ts(413,24): error TS2339: Property 'id' does not exist on type 'UserProfile'.
features/users/application/UserService.ts(415,32): error TS2339: Property 'first_name' does not exist on type 'UserProfile'.
features/users/application/UserService.ts(416,31): error TS2339: Property 'last_name' does not exist on type 'UserProfile'.
features/users/application/UserService.ts(417,34): error TS2339: Property 'display_name' does not exist on type 'UserProfile'.
features/users/application/UserService.ts(418,9): error TS2322: Type 'UserBio | undefined' is not assignable to type 'string | undefined'.
  Type 'UserBio' is not assignable to type 'string'.
features/users/application/UserService.ts(419,28): error TS2339: Property 'county' does not exist on type 'UserProfile'.
features/users/application/UserService.ts(420,34): error TS2339: Property 'constituency' does not exist on type 'UserProfile'.
features/users/application/UserService.ts(421,26): error TS2339: Property 'ward' does not exist on type 'UserProfile'.
features/users/application/UserService.ts(422,32): error TS2339: Property 'avatar_url' does not exist on type 'UserProfile'.
features/users/application/UserService.ts(423,29): error TS2339: Property 'website' does not exist on type 'UserProfile'.
features/users/application/UserService.ts(424,34): error TS2339: Property 'preferences' does not exist on type 'UserProfile'.
features/users/application/UserService.ts(425,39): error TS2339: Property 'privacy_settings' does not exist on type 'UserProfile'.
features/users/application/UserService.ts(483,28): error TS2339: Property 'id' does not exist on type 'UserProfile'.
features/users/application/UserService.ts(485,36): error TS2339: Property 'first_name' does not exist on type 'UserProfile'.
features/users/application/UserService.ts(486,35): error TS2339: Property 'last_name' does not exist on type 'UserProfile'.
features/users/application/UserService.ts(487,38): error TS2339: Property 'display_name' does not exist on type 'UserProfile'.
features/users/application/UserService.ts(488,9): error TS2322: Type 'UserBio | undefined' is not assignable to type 'string | undefined'.
  Type 'UserBio' is not assignable to type 'string'.
features/users/application/UserService.ts(489,32): error TS2339: Property 'county' does not exist on type 'UserProfile'.
features/users/application/UserService.ts(490,38): error TS2339: Property 'constituency' does not exist on type 'UserProfile'.
features/users/application/UserService.ts(491,30): error TS2339: Property 'ward' does not exist on type 'UserProfile'.
features/users/application/UserService.ts(492,36): error TS2339: Property 'avatar_url' does not exist on type 'UserProfile'.
features/users/application/UserService.ts(493,33): error TS2339: Property 'website' does not exist on type 'UserProfile'.
features/users/application/UserService.ts(494,38): error TS2339: Property 'preferences' does not exist on type 'UserProfile'.
features/users/application/UserService.ts(495,43): error TS2339: Property 'privacy_settings' does not exist on type 'UserProfile'.
features/users/application/verification-migrated.ts(1,1): error TS6133: 'AsyncServiceResult' is declared but its value is never read.
features/users/application/verification-migrated.ts(71,16): error TS18048: 'error' is possibly 'undefined'.
features/users/application/verification-migrated.ts(72,20): error TS18048: 'error' is possibly 'undefined'.
features/users/application/verification-migrated.ts(78,9): error TS2353: Object literal may only specify known properties, and 'field' does not exist in type 'ErrorContext'.
features/users/application/verification-migrated.ts(78,16): error TS18048: 'error' is possibly 'undefined'.
features/users/application/verification-migrated.ts(105,16): error TS18048: 'error' is possibly 'undefined'.
features/users/application/verification-migrated.ts(106,20): error TS18048: 'error' is possibly 'undefined'.
features/users/application/verification-migrated.ts(112,9): error TS2353: Object literal may only specify known properties, and 'field' does not exist in type 'ErrorContext'.
features/users/application/verification-migrated.ts(112,16): error TS18048: 'error' is possibly 'undefined'.
features/users/application/verification-migrated.ts(139,16): error TS18048: 'error' is possibly 'undefined'.
features/users/application/verification-migrated.ts(140,20): error TS18048: 'error' is possibly 'undefined'.
features/users/application/verification-migrated.ts(146,9): error TS2353: Object literal may only specify known properties, and 'field' does not exist in type 'ErrorContext'.
features/users/application/verification-migrated.ts(146,16): error TS18048: 'error' is possibly 'undefined'.
features/users/application/verification-migrated.ts(158,16): error TS18048: 'error' is possibly 'undefined'.
features/users/application/verification-migrated.ts(159,20): error TS18048: 'error' is possibly 'undefined'.
features/users/application/verification-migrated.ts(165,9): error TS2353: Object literal may only specify known properties, and 'field' does not exist in type 'ErrorContext'.
features/users/application/verification-migrated.ts(165,16): error TS18048: 'error' is possibly 'undefined'.
features/users/application/verification-migrated.ts(186,55): error TS6133: 'req' is declared but its value is never read.
features/users/application/verification-migrated.ts(208,16): error TS18048: 'error' is possibly 'undefined'.
features/users/application/verification-migrated.ts(209,20): error TS18048: 'error' is possibly 'undefined'.
features/users/application/verification-migrated.ts(215,9): error TS2353: Object literal may only specify known properties, and 'field' does not exist in type 'ErrorContext'.
features/users/application/verification-migrated.ts(215,16): error TS18048: 'error' is possibly 'undefined'.
features/users/application/verification-migrated.ts(242,16): error TS18048: 'error' is possibly 'undefined'.
features/users/application/verification-migrated.ts(243,20): error TS18048: 'error' is possibly 'undefined'.
features/users/application/verification-migrated.ts(249,9): error TS2353: Object literal may only specify known properties, and 'field' does not exist in type 'ErrorContext'.
features/users/application/verification-migrated.ts(249,16): error TS18048: 'error' is possibly 'undefined'.
features/users/application/verification.ts(4,1): error TS6192: All imports in import declaration are unused.
features/users/application/verification.ts(5,10): error TS2614: Module '"@server/infrastructure/schema"' has no exported member 'user_verification'. Did you mean to use 'import user_verification from "@server/infrastructure/schema"' instead?
features/users/application/verification.ts(7,10): error TS2305: Module '"@shared/types/core/errors"' has no exported member 'BaseError'.
features/users/application/verification.ts(8,10): error TS2305: Module '"@shared/core"' has no exported member 'ERROR_CODES'.
features/users/application/verification.ts(9,10): error TS2724: '"@server/infrastructure/observability"' has no exported member named 'createErrorContext'. Did you mean 'ErrorContext'?
features/users/application/verification.ts(30,32): error TS2345: Argument of type 'string | undefined' is not assignable to parameter of type 'string'.
  Type 'undefined' is not assignable to type 'string'.
features/users/application/verification.ts(34,15): error TS2554: Expected 3 arguments, but got 2.
features/users/application/verification.ts(69,9): error TS2345: Argument of type '{ component: string; context: any; billId: string | undefined; }' is not assignable to parameter of type 'undefined'.
features/users/application/verification.ts(109,15): error TS2554: Expected 3 arguments, but got 2.
features/users/application/verification.ts(154,9): error TS2345: Argument of type '{ component: string; context: any; }' is not assignable to parameter of type 'undefined'.
features/users/application/verification.ts(187,34): error TS18046: 'updateData.verification_data' is of type 'unknown'.
features/users/application/verification.ts(188,38): error TS18046: 'updateData.verification_data' is of type 'unknown'.
features/users/application/verification.ts(193,15): error TS2554: Expected 3 arguments, but got 2.
features/users/application/verification.ts(264,9): error TS2345: Argument of type '{ component: string; context: any; verificationId: string | undefined; }' is not assignable to parameter of type 'undefined'.
features/users/application/verification.ts(318,9): error TS2345: Argument of type '{ component: string; context: any; }' is not assignable to parameter of type 'undefined'.
features/users/application/verification.ts(361,9): error TS2345: Argument of type '{ component: string; context: any; citizenId: string | undefined; }' is not assignable to parameter of type 'undefined'.
features/users/application/verification.ts(417,9): error TS2345: Argument of type '{ component: string; context: any; verificationId: string | undefined; }' is not assignable to parameter of type 'undefined'.
features/users/application/VerificationService.ts(8,46): error TS6133: 'createValidationError' is declared but its value is never read.
features/users/application/VerificationService.ts(10,10): error TS2614: Module '"@server/infrastructure/schema"' has no exported member 'user_verification'. Did you mean to use 'import user_verification from "@server/infrastructure/schema"' instead?
features/users/application/VerificationService.ts(12,1): error TS6133: 'db' is declared but its value is never read.
features/users/application/VerificationService.ts(58,18): error TS2349: This expression is not callable.
  Type 'DatabaseConnection' has no call signatures.
features/users/application/VerificationService.ts(94,18): error TS2349: This expression is not callable.
  Type 'DatabaseConnection' has no call signatures.
features/users/application/VerificationService.ts(115,11): error TS2345: Argument of type 'string' is not assignable to parameter of type 'Error'.
features/users/application/VerificationService.ts(139,18): error TS2349: This expression is not callable.
  Type 'DatabaseConnection' has no call signatures.
features/users/application/VerificationService.ts(213,18): error TS2349: This expression is not callable.
  Type 'DatabaseConnection' has no call signatures.
features/users/application/VerificationService.ts(253,18): error TS2349: This expression is not callable.
  Type 'DatabaseConnection' has no call signatures.
features/users/application/VerificationService.ts(284,18): error TS2349: This expression is not callable.
  Type 'DatabaseConnection' has no call signatures.
features/users/domain/aggregates/user-aggregate.ts(1,10): error TS2395: Individual declarations in merged declaration 'UserAggregate' must be all exported or all local.
features/users/domain/aggregates/user-aggregate.ts(1,10): error TS2440: Import declaration conflicts with local declaration of 'UserAggregate'.
features/users/domain/aggregates/user-aggregate.ts(6,14): error TS2395: Individual declarations in merged declaration 'UserAggregate' must be all exported or all local.
features/users/domain/citizen-verification.ts(2,39): error TS6133: 'withTransaction' is declared but its value is never read.
features/users/domain/citizen-verification.ts(3,10): error TS2614: Module '"@server/infrastructure/schema"' has no exported member 'user_verification'. Did you mean to use 'import user_verification from "@server/infrastructure/schema"' instead?
features/users/domain/citizen-verification.ts(5,10): error TS2440: Import declaration conflicts with local declaration of 'CitizenVerification'.
features/users/domain/citizen-verification.ts(107,7): error TS2322: Type 'import("C:/Users/Access Granted/Downloads/projects/SimpleTool/server/features/users/domain/citizen-verification").Evidence[]' is not assignable to type 'import("C:/Users/Access Granted/Downloads/projects/SimpleTool/server/features/users/domain/entities/value-objects").Evidence[]'.
  Type 'Evidence' is missing the following properties from type 'Evidence': _type, _source, _url, _credibility, and 4 more.
features/users/domain/citizen-verification.ts(108,7): error TS2740: Type 'ExpertiseLevel' is missing the following properties from type 'ExpertiseLevel': _domain, _level, _credentials, _verifiedCredentials, and 3 more.
features/users/domain/citizen-verification.ts(206,9): error TS2322: Type 'import("C:/Users/Access Granted/Downloads/projects/SimpleTool/server/features/users/domain/entities/value-objects").Evidence[]' is not assignable to type 'import("C:/Users/Access Granted/Downloads/projects/SimpleTool/server/features/users/domain/citizen-verification").Evidence[]'.
  Type 'import("C:/Users/Access Granted/Downloads/projects/SimpleTool/server/features/users/domain/entities/value-objects").Evidence' is not assignable to type 'import("C:/Users/Access Granted/Downloads/projects/SimpleTool/server/features/users/domain/citizen-verification").Evidence'.
    Types of property 'type' are incompatible.
      Type 'string' is not assignable to type '"data" | "document" | "expert_opinion" | "media_report" | "academic_study"'.
features/users/domain/citizen-verification.ts(207,9): error TS2322: Type 'import("C:/Users/Access Granted/Downloads/projects/SimpleTool/server/features/users/domain/entities/value-objects").ExpertiseLevel' is not assignable to type 'import("C:/Users/Access Granted/Downloads/projects/SimpleTool/server/features/users/domain/citizen-verification").ExpertiseLevel'.
  Types of property 'level' are incompatible.
    Type 'string' is not assignable to type '"citizen" | "expert" | "informed" | "professional"'.
features/users/domain/citizen-verification.ts(267,9): error TS2532: Object is possibly 'undefined'.
features/users/domain/citizen-verification.ts(371,26): error TS2365: Operator '+' cannot be applied to types '{}' and 'number'.
features/users/domain/citizen-verification.ts(392,22): error TS2365: Operator '+' cannot be applied to types '{}' and 'number'.
features/users/domain/citizen-verification.ts(396,59): error TS2339: Property 'concat' does not exist on type '{}'.
features/users/domain/citizen-verification.ts(415,38): error TS2362: The left-hand side of an arithmetic operation must be of type 'any', 'number', 'bigint' or an enum type.
features/users/domain/citizen-verification.ts(416,37): error TS2362: The left-hand side of an arithmetic operation must be of type 'any', 'number', 'bigint' or an enum type.
features/users/domain/citizen-verification.ts(419,53): error TS2365: Operator '+' cannot be applied to types '{}' and 'number'.
features/users/domain/citizen-verification.ts(436,60): error TS2365: Operator '>' cannot be applied to types '{}' and 'number'.
features/users/domain/citizen-verification.ts(455,21): error TS18046: 'r' is of type 'unknown'.
features/users/domain/citizen-verification.ts(457,13): error TS18046: 'r' is of type 'unknown'.
features/users/domain/citizen-verification.ts(459,20): error TS18046: 'r' is of type 'unknown'.
features/users/domain/citizen-verification.ts(460,28): error TS18046: 'r' is of type 'unknown'.
features/users/domain/citizen-verification.ts(461,30): error TS18046: 'r' is of type 'unknown'.
features/users/domain/citizen-verification.ts(465,39): error TS18046: 'r' is of type 'unknown'.
features/users/domain/citizen-verification.ts(466,21): error TS18046: 'r' is of type 'unknown'.
features/users/domain/citizen-verification.ts(467,21): error TS18046: 'r' is of type 'unknown'.
features/users/domain/citizen-verification.ts(502,57): error TS2345: Argument of type 'import("C:/Users/Access Granted/Downloads/projects/SimpleTool/server/features/users/domain/entities/value-objects").Evidence[]' is not assignable to parameter of type 'import("C:/Users/Access Granted/Downloads/projects/SimpleTool/server/features/users/domain/citizen-verification").Evidence[]'.
  Type 'import("C:/Users/Access Granted/Downloads/projects/SimpleTool/server/features/users/domain/entities/value-objects").Evidence' is not assignable to type 'import("C:/Users/Access Granted/Downloads/projects/SimpleTool/server/features/users/domain/citizen-verification").Evidence'.
    Types of property 'type' are incompatible.
      Type 'string' is not assignable to type '"data" | "document" | "expert_opinion" | "media_report" | "academic_study"'.
features/users/domain/citizen-verification.ts(577,21): error TS18046: 'r' is of type 'unknown'.
features/users/domain/citizen-verification.ts(579,13): error TS18046: 'r' is of type 'unknown'.
features/users/domain/citizen-verification.ts(581,20): error TS18046: 'r' is of type 'unknown'.
features/users/domain/citizen-verification.ts(582,28): error TS18046: 'r' is of type 'unknown'.
features/users/domain/citizen-verification.ts(583,30): error TS18046: 'r' is of type 'unknown'.
features/users/domain/citizen-verification.ts(587,39): error TS18046: 'r' is of type 'unknown'.
features/users/domain/citizen-verification.ts(588,21): error TS18046: 'r' is of type 'unknown'.
features/users/domain/citizen-verification.ts(589,21): error TS18046: 'r' is of type 'unknown'.
features/users/domain/citizen-verification.ts(602,5): error TS2322: Type '{ [x: string]: any; } | null' is not assignable to type 'CitizenVerification | null'.
  Type '{ [x: string]: any; }' is missing the following properties from type 'CitizenVerification': _id, _bill_id, _citizenId, _verification_type, and 34 more.
features/users/domain/entities/citizen-verification.ts(1,10): error TS2395: Individual declarations in merged declaration 'CitizenVerification' must be all exported or all local.
features/users/domain/entities/citizen-verification.ts(1,10): error TS2440: Import declaration conflicts with local declaration of 'CitizenVerification'.
features/users/domain/entities/citizen-verification.ts(7,14): error TS2395: Individual declarations in merged declaration 'CitizenVerification' must be all exported or all local.
features/users/domain/entities/user-profile.ts(1,10): error TS2395: Individual declarations in merged declaration 'UserProfile' must be all exported or all local.
features/users/domain/entities/user-profile.ts(1,10): error TS2440: Import declaration conflicts with local declaration of 'UserProfile'.
features/users/domain/entities/user-profile.ts(4,14): error TS2395: Individual declarations in merged declaration 'UserProfile' must be all exported or all local.
features/users/domain/entities/value-objects.ts(1,1): error TS6133: 'User' is declared but its value is never read.
features/users/domain/ExpertVerificationService.ts(123,33): error TS2551: Property 'PENDING' does not exist on type 'typeof VerificationStatus'. Did you mean 'Pending'?
features/users/domain/repositories/user.repository.ts(1,10): error TS2440: Import declaration conflicts with local declaration of 'UserProfile'.
features/users/domain/repositories/user.repository.ts(12,1): error TS6133: 'db' is declared but its value is never read.
features/users/domain/services/profile-domain-service.ts(115,11): error TS18046: 'user' is of type 'unknown'.
features/users/domain/services/user-management-domain-service.ts(1,1): error TS6133: 'users' is declared but its value is never read.
features/users/domain/services/user-verification-domain-service.ts(5,10): error TS6133: 'readDatabase' is declared but its value is never read.
features/users/domain/services/user-verification-domain-service.ts(5,39): error TS6133: 'withTransaction' is declared but its value is never read.
features/users/domain/services/user-verification-domain-service.ts(8,10): error TS2614: Module '"@server/infrastructure/schema"' has no exported member 'user_verification'. Did you mean to use 'import user_verification from "@server/infrastructure/schema"' instead?
features/users/domain/services/user-verification-domain-service.ts(10,1): error TS6133: 'users' is declared but its value is never read.
features/users/domain/services/user-verification-domain-service.ts(99,24): error TS2304: Cannot find name 'VerificationType'.
features/users/domain/services/user-verification-domain-service.ts(168,16): error TS2304: Cannot find name 'Evidence'.
features/users/domain/services/user-verification-domain-service.ts(172,30): error TS2304: Cannot find name 'ExpertiseLevel'.
features/users/domain/services/user-verification-domain-service.ts(255,33): error TS2532: Object is possibly 'undefined'.
features/users/domain/services/user-verification-domain-service.ts(325,13): error TS2532: Object is possibly 'undefined'.
features/users/domain/services/user-verification-domain-service.ts(326,9): error TS2322: Type 'unknown' is not assignable to type 'number'.
features/users/domain/services/user-verification-domain-service.ts(328,28): error TS2532: Object is possibly 'undefined'.
features/users/domain/services/user-verification-domain-service.ts(329,9): error TS2322: Type 'string | undefined' is not assignable to type 'VerificationStatus | undefined'.
  Type 'string' is not assignable to type 'VerificationStatus | undefined'.
features/users/domain/services/user-verification-domain-service.ts(330,9): error TS2322: Type 'unknown' is not assignable to type 'number | undefined'.
features/users/domain/services/user-verification-domain-service.ts(331,9): error TS2322: Type 'EvidenceData[] | undefined' is not assignable to type 'Evidence[]'.
  Type 'undefined' is not assignable to type 'Evidence[]'.
features/users/domain/services/user-verification-domain-service.ts(332,9): error TS2322: Type 'unknown' is not assignable to type 'ExpertiseLevel'.
features/users/domain/services/user-verification-domain-service.ts(333,9): error TS2322: Type 'unknown' is not assignable to type 'string'.
features/users/domain/services/user-verification-domain-service.ts(334,9): error TS2322: Type '{ endorserId: string; endorserName: string; timestamp: Date; comment?: string | undefined; }[]' is not assignable to type 'number'.
features/users/domain/services/user-verification-domain-service.ts(335,9): error TS2322: Type '{ disputerId: string; disputerName: string; timestamp: Date; reason: string; }[]' is not assignable to type 'number'.
features/users/domain/services/user-verification-domain-service.ts(336,21): error TS2532: Object is possibly 'undefined'.
features/users/domain/services/user-verification-domain-service.ts(365,33): error TS2532: Object is possibly 'undefined'.
features/users/domain/services/user-verification-domain-service.ts(374,31): error TS2345: Argument of type 'string' is not assignable to parameter of type '{ endorserId: string; endorserName: string; timestamp: Date; comment?: string | undefined; }'.
features/users/domain/services/user-verification-domain-service.ts(420,33): error TS2532: Object is possibly 'undefined'.
features/users/domain/services/user-verification-domain-service.ts(428,39): error TS18046: 'd' is of type 'unknown'.
features/users/domain/services/user-verification-domain-service.ts(477,33): error TS2532: Object is possibly 'undefined'.
features/users/domain/services/user-verification-domain-service.ts(489,11): error TS2532: Object is possibly 'undefined'.
features/users/domain/services/user-verification-domain-service.ts(490,7): error TS2322: Type 'unknown' is not assignable to type 'number'.
features/users/domain/services/user-verification-domain-service.ts(492,26): error TS2532: Object is possibly 'undefined'.
features/users/domain/services/user-verification-domain-service.ts(493,7): error TS2322: Type 'string | undefined' is not assignable to type 'VerificationStatus | undefined'.
  Type 'string' is not assignable to type 'VerificationStatus | undefined'.
features/users/domain/services/user-verification-domain-service.ts(494,7): error TS2322: Type 'unknown' is not assignable to type 'number | undefined'.
features/users/domain/services/user-verification-domain-service.ts(495,7): error TS2322: Type 'EvidenceData[] | undefined' is not assignable to type 'Evidence[]'.
  Type 'undefined' is not assignable to type 'Evidence[]'.
features/users/domain/services/user-verification-domain-service.ts(496,7): error TS2322: Type 'unknown' is not assignable to type 'ExpertiseLevel'.
features/users/domain/services/user-verification-domain-service.ts(497,7): error TS2322: Type 'unknown' is not assignable to type 'string'.
features/users/domain/services/user-verification-domain-service.ts(498,7): error TS2322: Type '{ endorserId: string; endorserName: string; timestamp: Date; comment?: string | undefined; }[]' is not assignable to type 'number'.
features/users/domain/services/user-verification-domain-service.ts(499,7): error TS2322: Type '{ disputerId: string; disputerName: string; timestamp: Date; reason: string; }[]' is not assignable to type 'number'.
features/users/domain/services/user-verification-domain-service.ts(500,19): error TS2532: Object is possibly 'undefined'.
features/users/domain/services/user-verification-domain-service.ts(501,19): error TS2532: Object is possibly 'undefined'.
features/users/domain/services/user-verification-domain-service.ts(509,24): error TS2304: Cannot find name 'Evidence'.
features/users/domain/services/user-verification-domain-service.ts(568,23): error TS18046: 'row' is of type 'unknown'.
features/users/domain/services/user-verification-domain-service.ts(570,81): error TS18046: 'row' is of type 'unknown'.
features/users/domain/services/user-verification-domain-service.ts(574,13): error TS18046: 'row' is of type 'unknown'.
features/users/domain/services/user-verification-domain-service.ts(575,9): error TS2322: Type 'unknown' is not assignable to type 'number'.
features/users/domain/services/user-verification-domain-service.ts(577,28): error TS18046: 'row' is of type 'unknown'.
features/users/domain/services/user-verification-domain-service.ts(578,9): error TS2322: Type 'string | undefined' is not assignable to type 'VerificationStatus | undefined'.
  Type 'string' is not assignable to type 'VerificationStatus | undefined'.
features/users/domain/services/user-verification-domain-service.ts(579,9): error TS2322: Type 'unknown' is not assignable to type 'number | undefined'.
features/users/domain/services/user-verification-domain-service.ts(580,9): error TS2322: Type 'EvidenceData[] | undefined' is not assignable to type 'Evidence[]'.
  Type 'undefined' is not assignable to type 'Evidence[]'.
features/users/domain/services/user-verification-domain-service.ts(581,9): error TS2322: Type 'unknown' is not assignable to type 'ExpertiseLevel'.
features/users/domain/services/user-verification-domain-service.ts(582,9): error TS2322: Type 'unknown' is not assignable to type 'string'.
features/users/domain/services/user-verification-domain-service.ts(583,9): error TS2322: Type '{ endorserId: string; endorserName: string; timestamp: Date; comment?: string | undefined; }[]' is not assignable to type 'number'.
features/users/domain/services/user-verification-domain-service.ts(584,9): error TS2322: Type '{ disputerId: string; disputerName: string; timestamp: Date; reason: string; }[]' is not assignable to type 'number'.
features/users/domain/services/user-verification-domain-service.ts(585,21): error TS18046: 'row' is of type 'unknown'.
features/users/domain/services/user-verification-domain-service.ts(586,21): error TS18046: 'row' is of type 'unknown'.
features/users/domain/services/user-verification-domain-service.ts(647,23): error TS18046: 'row' is of type 'unknown'.
features/users/domain/services/user-verification-domain-service.ts(649,81): error TS18046: 'row' is of type 'unknown'.
features/users/domain/services/user-verification-domain-service.ts(653,13): error TS18046: 'row' is of type 'unknown'.
features/users/domain/services/user-verification-domain-service.ts(654,9): error TS2322: Type 'unknown' is not assignable to type 'number'.
features/users/domain/services/user-verification-domain-service.ts(656,28): error TS18046: 'row' is of type 'unknown'.
features/users/domain/services/user-verification-domain-service.ts(657,9): error TS2322: Type 'string | undefined' is not assignable to type 'VerificationStatus | undefined'.
  Type 'string' is not assignable to type 'VerificationStatus | undefined'.
features/users/domain/services/user-verification-domain-service.ts(658,9): error TS2322: Type 'unknown' is not assignable to type 'number | undefined'.
features/users/domain/services/user-verification-domain-service.ts(659,9): error TS2322: Type 'EvidenceData[] | undefined' is not assignable to type 'Evidence[]'.
  Type 'undefined' is not assignable to type 'Evidence[]'.
features/users/domain/services/user-verification-domain-service.ts(660,9): error TS2322: Type 'unknown' is not assignable to type 'ExpertiseLevel'.
features/users/domain/services/user-verification-domain-service.ts(661,9): error TS2322: Type 'unknown' is not assignable to type 'string'.
features/users/domain/services/user-verification-domain-service.ts(662,9): error TS2322: Type '{ endorserId: string; endorserName: string; timestamp: Date; comment?: string | undefined; }[]' is not assignable to type 'number'.
features/users/domain/services/user-verification-domain-service.ts(663,9): error TS2322: Type '{ disputerId: string; disputerName: string; timestamp: Date; reason: string; }[]' is not assignable to type 'number'.
features/users/domain/services/user-verification-domain-service.ts(664,21): error TS18046: 'row' is of type 'unknown'.
features/users/domain/services/user-verification-domain-service.ts(665,21): error TS18046: 'row' is of type 'unknown'.
features/users/domain/services/user.domain.service.ts(1,1): error TS6133: 'users' is declared but its value is never read.
features/users/domain/services/user.domain.service.ts(11,1): error TS6133: 'Maybe' is declared but its value is never read.
features/users/domain/services/user.domain.service.ts(79,16): error TS2348: Value of type 'typeof Err' is not callable. Did you mean to include 'new'?
features/users/domain/services/user.domain.service.ts(84,16): error TS2348: Value of type 'typeof Err' is not callable. Did you mean to include 'new'?
features/users/domain/services/user.domain.service.ts(89,16): error TS2348: Value of type 'typeof Err' is not callable. Did you mean to include 'new'?
features/users/domain/services/user.domain.service.ts(95,16): error TS2348: Value of type 'typeof Err' is not callable. Did you mean to include 'new'?
features/users/domain/services/user.domain.service.ts(98,16): error TS2348: Value of type 'typeof Err' is not callable. Did you mean to include 'new'?
features/users/domain/services/user.domain.service.ts(127,14): error TS2348: Value of type 'typeof Err' is not callable. Did you mean to include 'new'?
features/users/domain/services/user.domain.service.ts(147,16): error TS2348: Value of type 'typeof Err' is not callable. Did you mean to include 'new'?
features/users/domain/services/user.domain.service.ts(150,16): error TS2348: Value of type 'typeof Err' is not callable. Did you mean to include 'new'?
features/users/domain/services/user.domain.service.ts(157,16): error TS2348: Value of type 'typeof Err' is not callable. Did you mean to include 'new'?
features/users/domain/services/user.domain.service.ts(162,16): error TS2348: Value of type 'typeof Err' is not callable. Did you mean to include 'new'?
features/users/domain/services/user.domain.service.ts(172,14): error TS2348: Value of type 'typeof Err' is not callable. Did you mean to include 'new'?
features/users/domain/services/user.domain.service.ts(192,16): error TS2348: Value of type 'typeof Err' is not callable. Did you mean to include 'new'?
features/users/domain/services/user.domain.service.ts(195,16): error TS2348: Value of type 'typeof Err' is not callable. Did you mean to include 'new'?
features/users/domain/services/user.domain.service.ts(202,16): error TS2348: Value of type 'typeof Err' is not callable. Did you mean to include 'new'?
features/users/domain/services/user.domain.service.ts(216,16): error TS2348: Value of type 'typeof Err' is not callable. Did you mean to include 'new'?
features/users/domain/services/user.domain.service.ts(219,14): error TS2348: Value of type 'typeof Ok' is not callable. Did you mean to include 'new'?
features/users/domain/services/user.domain.service.ts(221,14): error TS2348: Value of type 'typeof Err' is not callable. Did you mean to include 'new'?
features/users/domain/services/user.domain.service.ts(241,16): error TS2348: Value of type 'typeof Err' is not callable. Did you mean to include 'new'?
features/users/domain/services/user.domain.service.ts(247,16): error TS2348: Value of type 'typeof Err' is not callable. Did you mean to include 'new'?
features/users/domain/services/user.domain.service.ts(250,16): error TS2348: Value of type 'typeof Err' is not callable. Did you mean to include 'new'?
features/users/domain/services/user.domain.service.ts(257,16): error TS2348: Value of type 'typeof Err' is not callable. Did you mean to include 'new'?
features/users/domain/services/user.domain.service.ts(270,14): error TS2348: Value of type 'typeof Err' is not callable. Did you mean to include 'new'?
features/users/domain/services/user.domain.service.ts(306,16): error TS2348: Value of type 'typeof Err' is not callable. Did you mean to include 'new'?
features/users/domain/services/user.domain.service.ts(309,16): error TS2348: Value of type 'typeof Err' is not callable. Did you mean to include 'new'?
features/users/domain/services/user.domain.service.ts(326,16): error TS2348: Value of type 'typeof Err' is not callable. Did you mean to include 'new'?
features/users/domain/services/user.domain.service.ts(329,14): error TS2348: Value of type 'typeof Ok' is not callable. Did you mean to include 'new'?
features/users/domain/services/user.domain.service.ts(331,14): error TS2348: Value of type 'typeof Err' is not callable. Did you mean to include 'new'?
features/users/domain/services/user.domain.service.ts(361,16): error TS2348: Value of type 'typeof Err' is not callable. Did you mean to include 'new'?
features/users/domain/services/user.domain.service.ts(367,16): error TS2348: Value of type 'typeof Err' is not callable. Did you mean to include 'new'?
features/users/domain/services/user.domain.service.ts(373,16): error TS2348: Value of type 'typeof Err' is not callable. Did you mean to include 'new'?
features/users/domain/services/user.domain.service.ts(383,18): error TS2348: Value of type 'typeof Err' is not callable. Did you mean to include 'new'?
features/users/domain/services/user.domain.service.ts(388,14): error TS2348: Value of type 'typeof Ok' is not callable. Did you mean to include 'new'?
features/users/domain/services/user.domain.service.ts(395,14): error TS2348: Value of type 'typeof Err' is not callable. Did you mean to include 'new'?
features/users/domain/services/verification-domain-service.ts(1,1): error TS6133: 'bills' is declared but its value is never read.
features/users/domain/services/verification-domain-service.ts(2,1): error TS6133: 'users' is declared but its value is never read.
features/users/domain/services/verification-domain-service.ts(169,13): error TS6133: 'initialConfidence' is declared but its value is never read.
features/users/domain/services/verification-domain-service.ts(329,5): error TS6133: 'bill_id' is declared but its value is never read.
features/users/domain/services/verification-domain-service.ts(361,24): error TS2551: Property 'users' does not exist on type 'UserAggregate'. Did you mean 'user'?
features/users/domain/user-management.ts(3,24): error TS6133: 'writeDatabase' is declared but its value is never read.
features/users/domain/user-management.ts(3,39): error TS6133: 'withTransaction' is declared but its value is never read.
features/users/domain/user-management.ts(4,35): error TS2614: Module '"@server/infrastructure/schema"' has no exported member 'sessions'. Did you mean to use 'import sessions from "@server/infrastructure/schema"' instead?
features/users/domain/user-management.ts(11,3): error TS2305: Module '"@shared/types"' has no exported member 'UserManagementFilters'.
features/users/domain/user-management.ts(12,3): error TS2305: Module '"@shared/types"' has no exported member 'UserDetails'.
features/users/domain/user-management.ts(13,3): error TS2305: Module '"@shared/types"' has no exported member 'UserActivityLog'.
features/users/domain/user-management.ts(14,3): error TS2305: Module '"@shared/types"' has no exported member 'BulkUserOperation'.
features/users/domain/user-management.ts(15,3): error TS2305: Module '"@shared/types"' has no exported member 'UserExportData'.
features/users/domain/user-management.ts(16,3): error TS2724: '"@shared/types"' has no exported member named 'UserProfileData'. Did you mean 'UserProfileId'?
features/users/domain/user-management.ts(16,3): error TS6196: 'UserProfileData' is declared but never used.
features/users/domain/user-management.ts(427,40): error TS2345: Argument of type 'unknown' is not assignable to parameter of type 'SQLWrapper | undefined'.
features/users/domain/user-management.ts(439,29): error TS18046: 'user' is of type 'unknown'.
features/users/domain/user-management.ts(440,32): error TS18046: 'user' is of type 'unknown'.
features/users/domain/user-management.ts(444,11): error TS2698: Spread types may only be created from object types.
features/users/domain/user-management.ts(585,27): error TS2769: No overload matches this call.
  Overload 1 of 3, '(obj: string, msg?: undefined): void', gave the following error.
    Argument of type '{ component: string; error: string; }' is not assignable to parameter of type 'undefined'.
  Overload 2 of 3, '(obj: string, msg?: undefined, ...args: unknown[]): void', gave the following error.
    Argument of type '{ component: string; error: string; }' is not assignable to parameter of type 'undefined'.
features/users/domain/user-preferences.ts(7,15): error TS2724: '"@shared/types"' has no exported member named 'BillTrackingPreferences'. Did you mean 'BillTrackingPreferencesTable'?
features/users/domain/user-profile.ts(1,1): error TS6133: 'User' is declared but its value is never read.
features/users/domain/user-profile.ts(4,10): error TS6133: 'readDatabase' is declared but its value is never read.
features/users/domain/user-profile.ts(4,24): error TS6133: 'writeDatabase' is declared but its value is never read.
features/users/domain/user-profile.ts(7,3): error TS2300: Duplicate identifier 'bills'.
features/users/domain/user-profile.ts(11,3): error TS2614: Module '"@server/infrastructure/schema"' has no exported member 'user_verification'. Did you mean to use 'import user_verification from "@server/infrastructure/schema"' instead?
features/users/domain/user-profile.ts(12,3): error TS2300: Duplicate identifier 'users'.
features/users/domain/user-profile.ts(15,10): error TS2300: Duplicate identifier 'bills'.
features/users/domain/user-profile.ts(16,10): error TS2300: Duplicate identifier 'users'.
features/users/domain/user-profile.ts(18,1): error TS6133: 'z' is declared but its value is never read.
features/users/domain/user-profile.ts(22,3): error TS2724: '"@shared/types"' has no exported member named 'UserProfileData'. Did you mean 'UserProfileId'?
features/users/domain/user-profile.ts(23,3): error TS2724: '"@shared/types"' has no exported member named 'UserInterestData'. Did you mean 'UserInterestId'?
features/users/domain/user-profile.ts(23,3): error TS6196: 'UserInterestData' is declared but never used.
features/users/domain/user-profile.ts(57,3): error TS2353: Object literal may only specify known properties, and 'notificationFrequency' does not exist in type 'Required<UserPreferences>'.
features/users/domain/user-profile.ts(73,23): error TS2304: Cannot find name 'user_profilesDataSchema'.
features/users/domain/user-profile.ts(79,15): error TS7006: Parameter 'e' implicitly has an 'any' type.
features/users/domain/user-profile.ts(80,18): error TS7006: Parameter 'e' implicitly has an 'any' type.
features/users/domain/user-profile.ts(90,23): error TS2304: Cannot find name 'userBasicInfoSchema'.
features/users/domain/user-profile.ts(98,12): error TS2304: Cannot find name 'user_interestsSchema'.
features/users/domain/user-profile.ts(100,13): error TS7006: Parameter 'i' implicitly has an 'any' type.
features/users/domain/user-profile.ts(101,16): error TS7006: Parameter 'i' implicitly has an 'any' type.
features/users/domain/user-profile.ts(107,23): error TS2304: Cannot find name 'userPreferencesSchema'.
features/users/domain/user-profile.ts(110,15): error TS7006: Parameter 'c' implicitly has an 'any' type.
features/users/domain/user-profile.ts(111,18): error TS7006: Parameter 'c' implicitly has an 'any' type.
features/users/domain/user-profile.ts(119,23): error TS2304: Cannot find name 'userVerificationDataSchema'.
features/users/domain/user-profile.ts(142,32): error TS2339: Property 'USER_PROFILE' does not exist on type 'CacheKeyGenerator'.
features/users/domain/user-profile.ts(177,52): error TS2769: No overload matches this call.
  Overload 1 of 3, '(obj: "Failed to get user profile", msg?: undefined): void', gave the following error.
    Argument of type '{ error: unknown; component: string; operation: string; context: { user_id: string; }; }' is not assignable to parameter of type 'undefined'.
  Overload 2 of 3, '(obj: "Failed to get user profile", msg?: undefined, ...args: unknown[]): void', gave the following error.
    Argument of type '{ error: unknown; component: string; operation: string; context: { user_id: string; }; }' is not assignable to parameter of type 'undefined'.
features/users/domain/user-profile.ts(247,26): error TS2339: Property 'delete' does not exist on type 'CacheService'.
features/users/domain/user-profile.ts(247,43): error TS2339: Property 'USER_PROFILE' does not exist on type 'CacheKeyGenerator'.
features/users/domain/user-profile.ts(250,53): error TS2769: No overload matches this call.
  Overload 1 of 3, '(obj: "Failed to update user profile", msg?: undefined): void', gave the following error.
    Argument of type '{ error: unknown; component: string; operation: string; context: { user_id: string; }; }' is not assignable to parameter of type 'undefined'.
  Overload 2 of 3, '(obj: "Failed to update user profile", msg?: undefined, ...args: unknown[]): void', gave the following error.
    Argument of type '{ error: unknown; component: string; operation: string; context: { user_id: string; }; }' is not assignable to parameter of type 'undefined'.
features/users/domain/user-profile.ts(258,55): error TS2339: Property 'USER_PROFILE' does not exist on type 'CacheKeyGenerator'.
features/users/domain/user-profile.ts(285,26): error TS2339: Property 'delete' does not exist on type 'CacheService'.
features/users/domain/user-profile.ts(285,43): error TS2339: Property 'USER_PROFILE' does not exist on type 'CacheKeyGenerator'.
features/users/domain/user-profile.ts(288,55): error TS2769: No overload matches this call.
  Overload 1 of 3, '(obj: "Failed to update user interests", msg?: undefined): void', gave the following error.
    Argument of type '{ error: unknown; component: string; operation: string; context: { user_id: string; }; }' is not assignable to parameter of type 'undefined'.
  Overload 2 of 3, '(obj: "Failed to update user interests", msg?: undefined, ...args: unknown[]): void', gave the following error.
    Argument of type '{ error: unknown; component: string; operation: string; context: { user_id: string; }; }' is not assignable to parameter of type 'undefined'.
features/users/domain/user-profile.ts(319,26): error TS2339: Property 'delete' does not exist on type 'CacheService'.
features/users/domain/user-profile.ts(319,43): error TS2339: Property 'USER_PROFILE' does not exist on type 'CacheKeyGenerator'.
features/users/domain/user-profile.ts(322,56): error TS2769: No overload matches this call.
  Overload 1 of 3, '(obj: "Failed to update user basic info", msg?: undefined): void', gave the following error.
    Argument of type '{ error: unknown; component: string; operation: string; context: { user_id: string; }; }' is not assignable to parameter of type 'undefined'.
  Overload 2 of 3, '(obj: "Failed to update user basic info", msg?: undefined, ...args: unknown[]): void', gave the following error.
    Argument of type '{ error: unknown; component: string; operation: string; context: { user_id: string; }; }' is not assignable to parameter of type 'undefined'.
features/users/domain/user-profile.ts(330,62): error TS2339: Property 'USER_PROFILE' does not exist on type 'CacheKeyGenerator'.
features/users/domain/user-profile.ts(403,35): error TS2339: Property 'USER_PROFILE' does not exist on type 'CacheKeyGenerator'.
features/users/domain/user-profile.ts(418,56): error TS2769: No overload matches this call.
  Overload 1 of 3, '(obj: "Failed to get user preferences", msg?: undefined): void', gave the following error.
    Argument of type '{ error: unknown; component: string; operation: string; context: { user_id: string; }; }' is not assignable to parameter of type 'undefined'.
  Overload 2 of 3, '(obj: "Failed to get user preferences", msg?: undefined, ...args: unknown[]): void', gave the following error.
    Argument of type '{ error: unknown; component: string; operation: string; context: { user_id: string; }; }' is not assignable to parameter of type 'undefined'.
features/users/domain/user-profile.ts(450,26): error TS2339: Property 'delete' does not exist on type 'CacheService'.
features/users/domain/user-profile.ts(450,46): error TS2339: Property 'USER_PROFILE' does not exist on type 'CacheKeyGenerator'.
features/users/domain/user-profile.ts(451,26): error TS2339: Property 'delete' does not exist on type 'CacheService'.
features/users/domain/user-profile.ts(451,43): error TS2339: Property 'USER_PROFILE' does not exist on type 'CacheKeyGenerator'.
features/users/domain/user-profile.ts(455,57): error TS2769: No overload matches this call.
  Overload 1 of 3, '(obj: "Failed to update user preferences", msg?: undefined): void', gave the following error.
    Argument of type '{ error: unknown; component: string; operation: string; context: { user_id: string; }; }' is not assignable to parameter of type 'undefined'.
  Overload 2 of 3, '(obj: "Failed to update user preferences", msg?: undefined, ...args: unknown[]): void', gave the following error.
    Argument of type '{ error: unknown; component: string; operation: string; context: { user_id: string; }; }' is not assignable to parameter of type 'undefined'.
features/users/domain/user-profile.ts(466,24): error TS2339: Property 'USER_PROFILE' does not exist on type 'CacheKeyGenerator'.
features/users/domain/user-profile.ts(505,26): error TS2339: Property 'delete' does not exist on type 'CacheService'.
features/users/domain/user-profile.ts(505,43): error TS2339: Property 'USER_PROFILE' does not exist on type 'CacheKeyGenerator'.
features/users/domain/user-profile.ts(508,65): error TS2769: No overload matches this call.
  Overload 1 of 3, '(obj: "Failed to update user verification status", msg?: undefined): void', gave the following error.
    Argument of type '{ error: unknown; component: string; operation: string; context: { user_id: string; }; }' is not assignable to parameter of type 'undefined'.
  Overload 2 of 3, '(obj: "Failed to update user verification status", msg?: undefined, ...args: unknown[]): void', gave the following error.
    Argument of type '{ error: unknown; component: string; operation: string; context: { user_id: string; }; }' is not assignable to parameter of type 'undefined'.
features/users/domain/user-profile.ts(517,62): error TS2339: Property 'USER_PROFILE' does not exist on type 'CacheKeyGenerator'.
features/users/domain/user-profile.ts(530,35): error TS2339: Property 'USER_PROFILE' does not exist on type 'CacheKeyGenerator'.
features/users/domain/user-profile.ts(557,64): error TS2769: No overload matches this call.
  Overload 1 of 3, '(obj: "Failed to get user verification status", msg?: undefined): void', gave the following error.
    Argument of type '{ error: unknown; component: string; operation: string; context: { user_id: string; }; }' is not assignable to parameter of type 'undefined'.
  Overload 2 of 3, '(obj: "Failed to get user verification status", msg?: undefined, ...args: unknown[]): void', gave the following error.
    Argument of type '{ error: unknown; component: string; operation: string; context: { user_id: string; }; }' is not assignable to parameter of type 'undefined'.
features/users/domain/user-profile.ts(582,35): error TS2339: Property 'USER_PROFILE' does not exist on type 'CacheKeyGenerator'.
features/users/domain/user-profile.ts(672,63): error TS2769: No overload matches this call.
  Overload 1 of 3, '(obj: "Failed to get user engagement history", msg?: undefined): void', gave the following error.
    Argument of type '{ error: unknown; component: string; operation: string; context: { user_id: string; }; }' is not assignable to parameter of type 'undefined'.
  Overload 2 of 3, '(obj: "Failed to get user engagement history", msg?: undefined, ...args: unknown[]): void', gave the following error.
    Argument of type '{ error: unknown; component: string; operation: string; context: { user_id: string; }; }' is not assignable to parameter of type 'undefined'.
features/users/domain/user-profile.ts(771,26): error TS2339: Property 'delete' does not exist on type 'CacheService'.
features/users/domain/user-profile.ts(771,46): error TS2339: Property 'USER_PROFILE' does not exist on type 'CacheKeyGenerator'.
features/users/domain/user-profile.ts(774,56): error TS2769: No overload matches this call.
  Overload 1 of 3, '(obj: "Failed to update user engagement", msg?: undefined): void', gave the following error.
    Argument of type '{ error: unknown; component: string; operation: string; context: { user_id: string; bill_id: number; engagement_type: "view" | "comment" | "share"; }; }' is not assignable to parameter of type 'undefined'.
  Overload 2 of 3, '(obj: "Failed to update user engagement", msg?: undefined, ...args: unknown[]): void', gave the following error.
    Argument of type '{ error: unknown; component: string; operation: string; context: { user_id: string; bill_id: number; engagement_type: "view" | "comment" | "share"; }; }' is not assignable to parameter of type 'undefined'.
features/users/index.ts(19,15): error TS2307: Cannot find module './__tests__/ExpertVerificationService.test' or its corresponding type declarations.
features/users/infrastructure/email-service.ts(1,1): error TS6133: 'User' is declared but its value is never read.
features/users/infrastructure/email-service.ts(6,1): error TS6133: 'users' is declared but its value is never read.
features/users/infrastructure/email-service.ts(167,11): error TS6133: 'frontendUrl' is declared but its value is never read.
features/users/infrastructure/government-data-service.ts(1,1): error TS6133: 'User' is declared but its value is never read.
features/users/infrastructure/government-data-service.ts(7,1): error TS6133: 'bills' is declared but its value is never read.
features/users/infrastructure/government-data-service.ts(8,1): error TS6133: 'sponsors' is declared but its value is never read.
features/users/infrastructure/government-data-service.ts(103,13): error TS2322: Type '{ success: boolean; data?: unknown; error?: { message: string; } | undefined; }' is not assignable to type 'ApiResponse<any>'.
  Types of property 'error' are incompatible.
    Type '{ message: string; } | undefined' is not assignable to type '{ code: string; message: string; details?: any; } | undefined'.
      Property 'code' is missing in type '{ message: string; }' but required in type '{ code: string; message: string; details?: any; }'.
features/users/infrastructure/government-data-service.ts(104,9): error TS2345: Argument of type '{}' is not assignable to parameter of type 'string'.
features/users/infrastructure/government-data-service.ts(124,68): error TS2345: Argument of type '{}' is not assignable to parameter of type 'string'.
features/users/infrastructure/government-data-service.ts(137,9): error TS2322: Type '{}' is not assignable to type 'string'.
features/users/infrastructure/government-data-service.ts(159,13): error TS2322: Type '{ success: boolean; data?: unknown; error?: { message: string; } | undefined; }' is not assignable to type 'ApiResponse<any>'.
  Types of property 'error' are incompatible.
    Type '{ message: string; } | undefined' is not assignable to type '{ code: string; message: string; details?: any; } | undefined'.
      Property 'code' is missing in type '{ message: string; }' but required in type '{ code: string; message: string; details?: any; }'.
features/users/infrastructure/government-data-service.ts(160,9): error TS2345: Argument of type '{}' is not assignable to parameter of type 'string'.
features/users/infrastructure/government-data-service.ts(179,74): error TS2345: Argument of type '{}' is not assignable to parameter of type 'string'.
features/users/infrastructure/government-data-service.ts(188,9): error TS2322: Type '{}' is not assignable to type 'string'.
features/users/infrastructure/government-data-service.ts(214,13): error TS2345: Argument of type '{}' is not assignable to parameter of type 'string'.
features/users/infrastructure/government-data-service.ts(220,53): error TS2339: Property 'transformBillData' does not exist on type 'GovernmentDataIntegrationService'.
features/users/infrastructure/government-data-service.ts(239,9): error TS2322: Type '{}' is not assignable to type 'string'.
features/users/infrastructure/government-data-service.ts(263,9): error TS2345: Argument of type '{}' is not assignable to parameter of type 'string'.
features/users/infrastructure/government-data-service.ts(286,9): error TS2322: Type '{}' is not assignable to type 'string'.
features/users/infrastructure/government-data-service.ts(309,7): error TS18046: 'rawData' is of type 'unknown'.
features/users/infrastructure/government-data-service.ts(309,19): error TS7006: Parameter 'item' implicitly has an 'any' type.
features/users/infrastructure/government-data-service.ts(309,54): error TS2339: Property 'transformBillData' does not exist on type 'GovernmentDataIntegrationService'.
features/users/infrastructure/government-data-service.ts(324,7): error TS18046: 'rawData' is of type 'unknown'.
features/users/infrastructure/government-data-service.ts(324,19): error TS7006: Parameter 'item' implicitly has an 'any' type.
features/users/infrastructure/government-data-service.ts(324,54): error TS2339: Property 'transformSponsorData' does not exist on type 'GovernmentDataIntegrationService'.
features/users/infrastructure/government-data-service.ts(392,39): error TS2339: Property 'getHealthStatus' does not exist on type 'GovernmentDataIntegrationService'.
features/users/infrastructure/government-data-service.ts(415,56): error TS2339: Property 'getHealthStatus' does not exist on type 'GovernmentDataIntegrationService'.
features/users/infrastructure/notification-service.ts(1,1): error TS6133: 'User' is declared but its value is never read.
features/users/infrastructure/notification-service.ts(3,1): error TS6133: 'users' is declared but its value is never read.
features/users/infrastructure/notification-service.ts(54,48): error TS2551: Property 'createBulkNotifications' does not exist on type 'NotificationService'. Did you mean 'createNotification'?
features/users/infrastructure/notification-service.ts(90,38): error TS2345: Argument of type '{ user_id: string; type: string; title: string; message: string; metadata: { verification_id: string; status: "rejected" | "pending" | "approved" | "submitted"; billTitle: string | undefined; reason: string | undefined; }; }' is not assignable to parameter of type 'UserNotificationData'.
  Type '{ user_id: string; type: string; title: string; message: string; metadata: { verification_id: string; status: "rejected" | "pending" | "approved" | "submitted"; billTitle: string | undefined; reason: string | undefined; }; }' is missing the following properties from type 'UserNotificationData': id, created_at, is_read
features/users/infrastructure/notification-service.ts(107,117): error TS2345: Argument of type '{ user_id: string; type: string; title: string; message: string; metadata: { welcome: boolean; userName: string; }; }' is not assignable to parameter of type 'UserNotificationData'.
  Type '{ user_id: string; type: string; title: string; message: string; metadata: { welcome: boolean; userName: string; }; }' is missing the following properties from type 'UserNotificationData': id, created_at, is_read
features/users/infrastructure/notification-service.ts(129,38): error TS2345: Argument of type '{ user_id: string; type: string; title: string; message: string; metadata: { securityEvent: "suspicious_activity" | "password_changed" | "email_changed" | "login_from_new_device"; details: string | undefined; }; }' is not assignable to parameter of type 'UserNotificationData'.
  Type '{ user_id: string; type: string; title: string; message: string; metadata: { securityEvent: "suspicious_activity" | "password_changed" | "email_changed" | "login_from_new_device"; details: string | undefined; }; }' is missing the following properties from type 'UserNotificationData': id, created_at, is_read
features/users/infrastructure/notification-service.ts(144,130): error TS2345: Argument of type '{ user_id: string; type: string; title: string; message: string; metadata: { profileUpdate: boolean; updatedFields: string[]; }; }' is not assignable to parameter of type 'UserNotificationData'.
  Type '{ user_id: string; type: string; title: string; message: string; metadata: { profileUpdate: boolean; updatedFields: string[]; }; }' is missing the following properties from type 'UserNotificationData': id, created_at, is_read
features/users/infrastructure/notification-service.ts(202,8): error TS2741: Property 'recentActivity' is missing in type 'NotificationStats' but required in type '{ total: number; unread: number; byType: Record<string, number>; recentActivity: number; }'.
features/users/infrastructure/notification-service.ts(251,5): error TS2739: Type '{ user_id: string; type: string; title: string; message: string; relatedBillId: number | undefined; metadata: { activityType: "logout" | "profile_update" | "login" | "verification_submitted" | "verification_approved" | "verification_rejected"; details: string | undefined; }; }' is missing the following properties from type 'UserNotificationData': id, created_at, is_read
features/users/infrastructure/notification-service.ts(334,44): error TS2339: Property 'initialized' does not exist on type '{ healthy: boolean; description: string; channels: { smsProvider: string; smsConfigured: boolean; pushProvider: string; pushConfigured: boolean; awsInitialised: boolean; firebaseInitialised: boolean; fallbackMode: boolean; pendingRetries: number; }; }'.
features/users/infrastructure/user-storage.ts(1,10): error TS2300: Duplicate identifier 'withTransaction'.
features/users/infrastructure/user-storage.ts(2,10): error TS2300: Duplicate identifier 'readDatabase'.
features/users/infrastructure/user-storage.ts(3,1): error TS6133: 'UserProfile' is declared but its value is never read.
features/users/infrastructure/user-storage.ts(3,10): error TS2300: Duplicate identifier 'UserProfile'.
features/users/infrastructure/user-storage.ts(4,1): error TS6133: 'logger' is declared but its value is never read.
features/users/infrastructure/user-storage.ts(6,8): error TS6133: 'InsertUser' is declared but its value is never read.
features/users/infrastructure/user-storage.ts(7,8): error TS6133: 'InsertUserProfile' is declared but its value is never read.
features/users/infrastructure/user-storage.ts(8,3): error TS6133: 'pool' is declared but its value is never read.
features/users/infrastructure/user-storage.ts(9,3): error TS2300: Duplicate identifier 'readDatabase'.
features/users/infrastructure/user-storage.ts(11,3): error TS6133: 'user_profiles' is declared but its value is never read.
features/users/infrastructure/user-storage.ts(12,8): error TS2300: Duplicate identifier 'UserProfile'.
features/users/infrastructure/user-storage.ts(13,3): error TS2300: Duplicate identifier 'users'.
features/users/infrastructure/user-storage.ts(15,3): error TS2300: Duplicate identifier 'withTransaction'.
features/users/infrastructure/user-storage.ts(16,3): error TS6133: 'writeDatabase' is declared but its value is never read.
features/users/infrastructure/user-storage.ts(16,23): error TS2307: Cannot find module '@shared/shared/database/connection' or its corresponding type declarations.
features/users/infrastructure/user-storage.ts(17,19): error TS6133: 'or' is declared but its value is never read.
features/users/infrastructure/user-storage.ts(21,10): error TS2300: Duplicate identifier 'users'.
features/users/infrastructure/user-storage.ts(78,32): error TS2345: Argument of type 'string[]' is not assignable to parameter of type 'string'.
features/users/infrastructure/user-storage.ts(135,34): error TS2345: Argument of type 'string[]' is not assignable to parameter of type 'string'.
features/users/infrastructure/user-storage.ts(187,34): error TS2345: Argument of type 'string[]' is not assignable to parameter of type 'string'.
features/users/infrastructure/user-storage.ts(205,32): error TS2345: Argument of type 'string[]' is not assignable to parameter of type 'string'.
features/users/infrastructure/UserRepository.ts(1,10): error TS2440: Import declaration conflicts with local declaration of 'UserProfile'.
features/users/infrastructure/UserRepository.ts(13,1): error TS6133: 'db' is declared but its value is never read.
features/users/presentation/http/user-validation.middleware.ts(1,1): error TS6133: 'User' is declared but its value is never read.
features/users/presentation/http/user-validation.middleware.ts(31,3): error TS6133: 'res' is declared but its value is never read.
features/users/presentation/http/user-validation.middleware.ts(38,17): error TS2554: Expected 3 arguments, but got 2.
features/users/presentation/http/user-validation.middleware.ts(50,3): error TS6133: 'res' is declared but its value is never read.
features/users/presentation/http/user-validation.middleware.ts(57,17): error TS2554: Expected 3 arguments, but got 2.
features/users/presentation/http/user-validation.middleware.ts(69,3): error TS6133: 'res' is declared but its value is never read.
features/users/presentation/http/user-validation.middleware.ts(76,17): error TS2554: Expected 3 arguments, but got 2.
features/users/presentation/http/user-validation.middleware.ts(88,3): error TS6133: 'res' is declared but its value is never read.
features/users/presentation/http/user-validation.middleware.ts(95,17): error TS2554: Expected 3 arguments, but got 2.
features/users/presentation/http/user-validation.middleware.ts(107,3): error TS6133: 'res' is declared but its value is never read.
features/users/presentation/http/user-validation.middleware.ts(118,41): error TS2345: Argument of type 'ZodObject<{ query: ZodString; role: ZodOptional<ZodEnum<["user", "admin", "moderator", "expert", "verified_citizen"]>>; verification_status: ZodOptional<ZodEnum<[...]>>; page: ZodOptional<...>; limit: ZodOptional<...>; }, "strip", ZodTypeAny, { ...; }, { ...; }>' is not assignable to parameter of type 'ZodType<{ query: string; role?: "verified_citizen" | "expert" | "moderator" | "admin" | "user" | undefined; verification_status?: "rejected" | "pending" | "unverified" | "verified" | undefined; limit?: number | undefined; page?: number | undefined; }, ZodTypeDef, { ...; }>'.
  The types of '_input.limit' are incompatible between these types.
    Type 'string | undefined' is not assignable to type 'number | undefined'.
      Type 'string' is not assignable to type 'number'.
features/users/presentation/http/user-validation.middleware.ts(122,17): error TS2554: Expected 3 arguments, but got 2.
features/users/presentation/http/user-validation.middleware.ts(125,3): error TS2322: Type 'unknown' is not assignable to type 'ParsedQs'.
features/users/presentation/http/user-validation.middleware.ts(134,3): error TS6133: 'res' is declared but its value is never read.
features/users/presentation/http/user-validation.middleware.ts(141,17): error TS2554: Expected 3 arguments, but got 2.
features/users/presentation/http/user-validation.middleware.ts(153,3): error TS6133: 'res' is declared but its value is never read.
features/users/presentation/http/user-validation.middleware.ts(160,17): error TS2554: Expected 3 arguments, but got 2.
features/users/presentation/http/user-validation.middleware.ts(172,3): error TS6133: 'res' is declared but its value is never read.
features/users/presentation/http/user-validation.middleware.ts(179,17): error TS2554: Expected 3 arguments, but got 2.
features/users/presentation/http/user-validation.middleware.ts(191,3): error TS6133: 'res' is declared but its value is never read.
features/users/presentation/http/user-validation.middleware.ts(198,17): error TS2554: Expected 3 arguments, but got 2.
features/users/presentation/http/user-validation.middleware.ts(210,3): error TS6133: 'res' is declared but its value is never read.
features/users/presentation/http/user-validation.middleware.ts(217,17): error TS2554: Expected 3 arguments, but got 2.
features/users/presentation/http/user-validation.middleware.ts(229,3): error TS6133: 'res' is declared but its value is never read.
features/users/presentation/http/user-validation.middleware.ts(236,17): error TS2554: Expected 3 arguments, but got 2.
features/users/types/index.ts(1,1): error TS6133: 'UserProfile' is declared but its value is never read.
index.ts(7,39): error TS2307: Cannot find module '@server/features/admin/application/admin.routes' or its corresponding type declarations.
index.ts(8,54): error TS2307: Cannot find module '@server/features/admin/application/external-api-dashboard.routes' or its corresponding type declarations.
index.ts(9,55): error TS2307: Cannot find module '@server/features/admin/application/external-api-dashboard.routes' or its corresponding type declarations.
index.ts(10,40): error TS2307: Cannot find module '@server/features/admin/application/system.routes' or its corresponding type declarations.
index.ts(13,10): error TS2614: Module '"@server/features/argument-intelligence/presentation/http/routes"' has no exported member 'argumentIntelligenceRouter'. Did you mean to use 'import argumentIntelligenceRouter from "@server/features/argument-intelligence/presentation/http/routes"' instead?
index.ts(19,1): error TS6133: 'communityRouter' is declared but its value is never read.
index.ts(19,43): error TS2307: Cannot find module '@server/features/community/community' or its corresponding type declarations.
index.ts(23,41): error TS2307: Cannot find module '@server/features/privacy/application/privacy.routes' or its corresponding type declarations.
index.ts(24,41): error TS2307: Cannot find module '@server/features/privacy/application/privacy-scheduler' or its corresponding type declarations.
index.ts(26,1): error TS6133: 'recommendationRouter' is declared but its value is never read.
index.ts(41,40): error TS6133: 'asyncHandler' is declared but its value is never read.
index.ts(61,11): error TS6196: 'AppError' is declared but never used.
index.ts(479,95): error TS2769: No overload matches this call.
  Overload 1 of 3, '(obj: string, msg?: undefined): void', gave the following error.
    Argument of type 'LogContext' is not assignable to parameter of type 'undefined'.
  Overload 2 of 3, '(obj: string, msg?: undefined, ...args: unknown[]): void', gave the following error.
    Argument of type 'LogContext' is not assignable to parameter of type 'undefined'.
index.ts(498,54): error TS2769: No overload matches this call.
  Overload 1 of 3, '(obj: string, msg?: undefined): void', gave the following error.
    Argument of type 'LogContext' is not assignable to parameter of type 'undefined'.
  Overload 2 of 3, '(obj: string, msg?: undefined, ...args: unknown[]): void', gave the following error.
    Argument of type 'LogContext' is not assignable to parameter of type 'undefined'.
index.ts(519,70): error TS2769: No overload matches this call.
  Overload 1 of 3, '(obj: string, msg?: undefined): void', gave the following error.
    Argument of type 'LogContext' is not assignable to parameter of type 'undefined'.
  Overload 2 of 3, '(obj: string, msg?: undefined, ...args: unknown[]): void', gave the following error.
    Argument of type 'LogContext' is not assignable to parameter of type 'undefined'.
index.ts(541,54): error TS2769: No overload matches this call.
  Overload 1 of 3, '(obj: string, msg?: undefined): void', gave the following error.
    Argument of type 'LogContext' is not assignable to parameter of type 'undefined'.
  Overload 2 of 3, '(obj: string, msg?: undefined, ...args: unknown[]): void', gave the following error.
    Argument of type 'LogContext' is not assignable to parameter of type 'undefined'.
index.ts(585,113): error TS2769: No overload matches this call.
  Overload 1 of 3, '(obj: string, msg?: undefined): void', gave the following error.
    Argument of type 'LogContext' is not assignable to parameter of type 'undefined'.
  Overload 2 of 3, '(obj: string, msg?: undefined, ...args: unknown[]): void', gave the following error.
    Argument of type 'LogContext' is not assignable to parameter of type 'undefined'.
index.ts(596,89): error TS2769: No overload matches this call.
  Overload 1 of 3, '(obj: string, msg?: undefined): void', gave the following error.
    Argument of type 'LogContext' is not assignable to parameter of type 'undefined'.
  Overload 2 of 3, '(obj: string, msg?: undefined, ...args: unknown[]): void', gave the following error.
    Argument of type 'LogContext' is not assignable to parameter of type 'undefined'.
index.ts(613,54): error TS2769: No overload matches this call.
  Overload 1 of 3, '(obj: string, msg?: undefined): void', gave the following error.
    Argument of type 'LogContext' is not assignable to parameter of type 'undefined'.
  Overload 2 of 3, '(obj: string, msg?: undefined, ...args: unknown[]): void', gave the following error.
    Argument of type 'LogContext' is not assignable to parameter of type 'undefined'.
index.ts(616,83): error TS2769: No overload matches this call.
  Overload 1 of 3, '(obj: string, msg?: undefined): void', gave the following error.
    Argument of type 'LogContext' is not assignable to parameter of type 'undefined'.
  Overload 2 of 3, '(obj: string, msg?: undefined, ...args: unknown[]): void', gave the following error.
    Argument of type 'LogContext' is not assignable to parameter of type 'undefined'.
infrastructure/adapters/drizzle-adapter.ts(70,40): error TS2769: No overload matches this call.
  Overload 1 of 3, '(obj: "Operation failed", msg?: undefined): void', gave the following error.
    Argument of type '{ error: unknown; component: string; operation: string; context: { id: string | number; }; }' is not assignable to parameter of type 'undefined'.
  Overload 2 of 3, '(obj: "Operation failed", msg?: undefined, ...args: unknown[]): void', gave the following error.
    Argument of type '{ error: unknown; component: string; operation: string; context: { id: string | number; }; }' is not assignable to parameter of type 'undefined'.
infrastructure/adapters/drizzle-adapter.ts(128,40): error TS2769: No overload matches this call.
  Overload 1 of 3, '(obj: "Operation failed", msg?: undefined): void', gave the following error.
    Argument of type '{ error: unknown; component: string; operation: string; context: { filters: FilterCondition[]; options: QueryOptions; }; }' is not assignable to parameter of type 'undefined'.
  Overload 2 of 3, '(obj: "Operation failed", msg?: undefined, ...args: unknown[]): void', gave the following error.
    Argument of type '{ error: unknown; component: string; operation: string; context: { filters: FilterCondition[]; options: QueryOptions; }; }' is not assignable to parameter of type 'undefined'.
infrastructure/adapters/drizzle-adapter.ts(166,9): error TS2559: Type 'string' has no properties in common with type 'TransactionOptions'.
infrastructure/adapters/drizzle-adapter.ts(170,14): error TS18046: 'result' is of type 'unknown'.
infrastructure/adapters/drizzle-adapter.ts(199,9): error TS2559: Type 'string' has no properties in common with type 'TransactionOptions'.
infrastructure/adapters/drizzle-adapter.ts(202,65): error TS18046: 'result' is of type 'unknown'.
infrastructure/adapters/drizzle-adapter.ts(203,14): error TS18046: 'result' is of type 'unknown'.
infrastructure/adapters/drizzle-adapter.ts(225,9): error TS2559: Type 'string' has no properties in common with type 'TransactionOptions'.
infrastructure/adapters/drizzle-adapter.ts(228,63): error TS18046: 'result' is of type 'unknown'.
infrastructure/adapters/drizzle-adapter.ts(229,14): error TS18046: 'result' is of type 'unknown'.
infrastructure/adapters/drizzle-adapter.ts(256,40): error TS2769: No overload matches this call.
  Overload 1 of 3, '(obj: "Operation failed", msg?: undefined): void', gave the following error.
    Argument of type '{ error: unknown; component: string; operation: string; context: { filters: FilterCondition[]; }; }' is not assignable to parameter of type 'undefined'.
  Overload 2 of 3, '(obj: "Operation failed", msg?: undefined, ...args: unknown[]): void', gave the following error.
    Argument of type '{ error: unknown; component: string; operation: string; context: { filters: FilterCondition[]; }; }' is not assignable to parameter of type 'undefined'.
infrastructure/adapters/drizzle-adapter.ts(293,9): error TS2559: Type 'string' has no properties in common with type 'TransactionOptions'.
infrastructure/adapters/drizzle-adapter.ts(297,14): error TS18046: 'result' is of type 'unknown'.
infrastructure/adapters/drizzle-adapter.ts(361,40): error TS2769: No overload matches this call.
  Overload 1 of 3, '(obj: "Operation failed", msg?: undefined): void', gave the following error.
    Argument of type '{ error: unknown; component: string; operation: string; context: { query: string; searchFields: string[]; options: QueryOptions; }; }' is not assignable to parameter of type 'undefined'.
  Overload 2 of 3, '(obj: "Operation failed", msg?: undefined, ...args: unknown[]): void', gave the following error.
    Argument of type '{ error: unknown; component: string; operation: string; context: { query: string; searchFields: string[]; options: QueryOptions; }; }' is not assignable to parameter of type 'undefined'.
infrastructure/adapters/drizzle-adapter.ts(408,16): error TS2769: No overload matches this call.
  Overload 1 of 3, '(obj: { table: string; filter: FilterCondition; } & LogFnFields, msg?: undefined): void', gave the following error.
    Argument of type 'string' is not assignable to parameter of type 'undefined'.
  Overload 2 of 3, '(obj: { table: string; filter: FilterCondition; } & LogFnFields, msg?: undefined, ...args: never): void', gave the following error.
    Argument of type 'string' is not assignable to parameter of type 'undefined'.
infrastructure/adapters/drizzle-adapter.ts(426,9): error TS2698: Spread types may only be created from object types.
infrastructure/adapters/drizzle-adapter.ts(433,9): error TS2698: Spread types may only be created from object types.
infrastructure/adapters/drizzle-adapter.ts(445,14): error TS18046: 'error' is of type 'unknown'.
infrastructure/adapters/drizzle-adapter.ts(446,14): error TS18046: 'error' is of type 'unknown'.
infrastructure/adapters/drizzle-adapter.ts(447,7): error TS2698: Spread types may only be created from object types.
infrastructure/auth/auth-service.ts(5,10): error TS2614: Module '"@server/infrastructure/schema"' has no exported member 'oauth_providers'. Did you mean to use 'import oauth_providers from "@server/infrastructure/schema"' instead?
infrastructure/auth/auth-service.ts(5,27): error TS2614: Module '"@server/infrastructure/schema"' has no exported member 'oauth_tokens'. Did you mean to use 'import oauth_tokens from "@server/infrastructure/schema"' instead?
infrastructure/auth/auth-service.ts(5,41): error TS2614: Module '"@server/infrastructure/schema"' has no exported member 'sessions'. Did you mean to use 'import sessions from "@server/infrastructure/schema"' instead?
infrastructure/auth/auth-service.ts(5,51): error TS2614: Module '"@server/infrastructure/schema"' has no exported member 'user_sessions'. Did you mean to use 'import user_sessions from "@server/infrastructure/schema"' instead?
infrastructure/auth/auth-service.ts(7,46): error TS6133: 'JwtPayload' is declared but its value is never read.
infrastructure/auth/auth-service.ts(7,58): error TS6133: 'RefreshTokenPayload' is declared but its value is never read.
infrastructure/auth/auth.ts(13,1): error TS6133: 'errorTracker' is declared but its value is never read.
infrastructure/auth/auth.ts(19,10): error TS2305: Module '"@shared/types/core/errors"' has no exported member 'BaseError'.
infrastructure/auth/auth.ts(19,21): error TS2305: Module '"@shared/types/core/errors"' has no exported member 'ErrorDomain'.
infrastructure/auth/auth.ts(21,10): error TS2724: '"@server/infrastructure/error-handling"' has no exported member named 'createErrorContext'. Did you mean 'ErrorContext'?
infrastructure/auth/auth.ts(57,9): error TS6133: 'context' is declared but its value is never read.
infrastructure/auth/auth.ts(62,11): error TS2554: Expected 3 arguments, but got 2.
infrastructure/auth/auth.ts(85,9): error TS6133: 'context' is declared but its value is never read.
infrastructure/auth/auth.ts(89,11): error TS2554: Expected 3 arguments, but got 2.
infrastructure/auth/auth.ts(121,9): error TS6133: 'context' is declared but its value is never read.
infrastructure/auth/auth.ts(163,9): error TS6133: 'context' is declared but its value is never read.
infrastructure/auth/auth.ts(183,9): error TS6133: 'context' is declared but its value is never read.
infrastructure/auth/auth.ts(187,11): error TS2554: Expected 3 arguments, but got 2.
infrastructure/auth/auth.ts(207,43): error TS2345: Argument of type '"token_refresh"' is not assignable to parameter of type 'AuthEventType'.
infrastructure/auth/auth.ts(224,9): error TS6133: 'context' is declared but its value is never read.
infrastructure/auth/auth.ts(255,9): error TS6133: 'context' is declared but its value is never read.
infrastructure/auth/auth.ts(260,11): error TS2554: Expected 3 arguments, but got 2.
infrastructure/auth/auth.ts(290,9): error TS6133: 'context' is declared but its value is never read.
infrastructure/auth/auth.ts(295,11): error TS2554: Expected 3 arguments, but got 2.
infrastructure/auth/auth.ts(331,9): error TS6133: 'context' is declared but its value is never read.
infrastructure/auth/auth.ts(377,9): error TS6133: 'context' is declared but its value is never read.
infrastructure/auth/auth.ts(403,11): error TS2554: Expected 3 arguments, but got 2.
infrastructure/auth/auth.ts(422,9): error TS6133: 'context' is declared but its value is never read.
infrastructure/auth/auth.ts(448,11): error TS2554: Expected 3 arguments, but got 2.
infrastructure/auth/auth.ts(467,9): error TS6133: 'context' is declared but its value is never read.
infrastructure/auth/auth.ts(493,11): error TS2554: Expected 3 arguments, but got 2.
infrastructure/auth/auth.ts(512,9): error TS6133: 'context' is declared but its value is never read.
infrastructure/auth/auth.ts(516,11): error TS2554: Expected 3 arguments, but got 2.
infrastructure/auth/auth.ts(562,9): error TS6133: 'context' is declared but its value is never read.
infrastructure/auth/auth.ts(566,11): error TS2554: Expected 3 arguments, but got 2.
infrastructure/auth/auth.ts(605,9): error TS6133: 'context' is declared but its value is never read.
infrastructure/auth/auth.ts(641,9): error TS6133: 'context' is declared but its value is never read.
infrastructure/auth/auth.ts(655,11): error TS2554: Expected 3 arguments, but got 2.
infrastructure/auth/auth.ts(695,9): error TS6133: 'context' is declared but its value is never read.
infrastructure/auth/auth.ts(738,9): error TS6133: 'context' is declared but its value is never read.
infrastructure/auth/auth.ts(777,9): error TS6133: 'context' is declared but its value is never read.
infrastructure/auth/auth.ts(814,9): error TS6133: 'context' is declared but its value is never read.
infrastructure/auth/index.ts(4,15): error TS2307: Cannot find module './passwordReset' or its corresponding type declarations.
infrastructure/auth/secure-session-service.ts(4,10): error TS2614: Module '"@server/infrastructure/schema"' has no exported member 'sessions'. Did you mean to use 'import sessions from "@server/infrastructure/schema"' instead?
infrastructure/auth/secure-session-service.ts(82,9): error TS2322: Type 'undefined' is not assignable to type 'string'.
infrastructure/auth/secure-session-service.ts(141,48): error TS2345: Argument of type '{ component: string; }' is not assignable to parameter of type 'undefined'.
infrastructure/auth/secure-session-service.ts(275,50): error TS2345: Argument of type '{ component: string; }' is not assignable to parameter of type 'undefined'.
infrastructure/auth/secure-session-service.ts(293,52): error TS2345: Argument of type '{ component: string; }' is not assignable to parameter of type 'undefined'.
infrastructure/auth/secure-session-service.ts(310,57): error TS2345: Argument of type '{ component: string; }' is not assignable to parameter of type 'undefined'.
infrastructure/auth/secure-session-service.ts(328,47): error TS2345: Argument of type '{ component: string; }' is not assignable to parameter of type 'undefined'.
infrastructure/auth/secure-session-service.ts(356,52): error TS2345: Argument of type '{ component: string; }' is not assignable to parameter of type 'undefined'.
infrastructure/auth/session-cleanup.ts(53,49): error TS2345: Argument of type '{ component: string; }' is not assignable to parameter of type 'undefined'.
infrastructure/cache/adapters/ai-cache.ts(14,10): error TS2724: '"../../cache/index"' has no exported member named 'CacheService'. Did you mean 'cacheService'?
infrastructure/cache/adapters/ai-cache.ts(128,37): error TS2345: Argument of type '{ component: string; }' is not assignable to parameter of type 'undefined'.
infrastructure/cache/adapters/ai-cache.ts(154,43): error TS2345: Argument of type '{ component: string; }' is not assignable to parameter of type 'undefined'.
infrastructure/cache/adapters/ai-cache.ts(196,35): error TS2345: Argument of type '{ component: string; }' is not assignable to parameter of type 'undefined'.
infrastructure/cache/adapters/ai-cache.ts(211,43): error TS2345: Argument of type '{ component: string; }' is not assignable to parameter of type 'undefined'.
infrastructure/cache/adapters/ai-cache.ts(238,56): error TS2345: Argument of type '{ component: string; }' is not assignable to parameter of type 'undefined'.
infrastructure/cache/adapters/ai-cache.ts(243,52): error TS2345: Argument of type '{ component: string; }' is not assignable to parameter of type 'undefined'.
infrastructure/cache/adapters/ai-cache.ts(278,41): error TS2345: Argument of type '{ component: string; }' is not assignable to parameter of type 'undefined'.
infrastructure/cache/adapters/ai-cache.ts(426,55): error TS2345: Argument of type '{ component: string; }' is not assignable to parameter of type 'undefined'.
infrastructure/cache/adapters/multi-tier-adapter.ts(31,20): error TS2304: Cannot find name 'RedisAdapter'.
infrastructure/cache/adapters/multi-tier-adapter.ts(50,24): error TS2304: Cannot find name 'RedisAdapter'.
infrastructure/cache/adapters/multi-tier-adapter.ts(50,44): error TS2551: Property 'l2Config' does not exist on type 'MultiTierAdapterConfig'. Did you mean 'l1Config'?
infrastructure/cache/adapters/multi-tier-adapter.ts(64,37): error TS7006: Parameter 'event' implicitly has an 'any' type.
infrastructure/cache/adapters/multi-tier-adapter.ts(69,35): error TS7006: Parameter 'event' implicitly has an 'any' type.
infrastructure/cache/adapters/multi-tier-adapter.ts(472,44): error TS7006: Parameter 'e' implicitly has an 'any' type.
infrastructure/cache/adapters/multi-tier-adapter.ts(476,44): error TS7006: Parameter 'e' implicitly has an 'any' type.
infrastructure/cache/ai-cache.ts(15,10): error TS2305: Module '"@shared/core"' has no exported member 'logger'.
infrastructure/cache/cache-wrappers.ts(11,10): error TS2305: Module '"./simple-factory"' has no exported member 'cacheService'.
infrastructure/cache/cache-wrappers.ts(11,24): error TS2305: Module '"./simple-factory"' has no exported member 'createCacheService'.
infrastructure/cache/cache-wrappers.ts(11,24): error TS6133: 'createCacheService' is declared but its value is never read.
infrastructure/cache/clustering/cluster-manager.ts(241,7): error TS2322: Type 'unknown' is not assignable to type 'Timeout | undefined'.
infrastructure/cache/compression/cache-compressor.ts(78,5): error TS2322: Type 'unknown' is not assignable to type 'boolean'.
infrastructure/cache/compression/cache-compressor.ts(78,53): error TS2339: Property '__compressed' does not exist on type 'object'.
infrastructure/cache/compression/cache-compressor.ts(99,9): error TS18046: 'compressedData' is of type 'unknown'.
infrastructure/cache/compression/cache-compressor.ts(100,14): error TS18046: 'compressedData' is of type 'unknown'.
infrastructure/cache/compression/cache-compressor.ts(130,9): error TS18046: 'compressedData' is of type 'unknown'.
infrastructure/cache/compression/cache-compressor.ts(136,16): error TS18046: 'compressedData' is of type 'unknown'.
infrastructure/cache/core/index.ts(28,29): error TS2307: Cannot find module '../../primitives/types/result' or its corresponding type declarations.
infrastructure/cache/core/index.ts(29,38): error TS2307: Cannot find module '../../primitives/types/result' or its corresponding type declarations.
infrastructure/cache/decorators.ts(29,14): error TS18046: 'target' is of type 'unknown'.
infrastructure/cache/factory.ts(227,9): error TS2561: Object literal may only specify known properties, but 'l2Config' does not exist in type 'MultiTierAdapterConfig'. Did you mean to write 'l1Config'?
infrastructure/cache/factory.ts(248,3): error TS2322: Type 'unknown' is not assignable to type 'CacheService'.
infrastructure/cache/interfaces.ts(9,24): error TS2307: Cannot find module '../primitives/types/result' or its corresponding type declarations.
infrastructure/cache/key-generator.ts(22,20): error TS6133: 'MAX_KEY_LENGTH' is declared but its value is never read.
infrastructure/cache/key-generator.ts(69,11): error TS6133: 'hashValue' is declared but its value is never read.
infrastructure/cache/monitoring/metrics-collector.ts(45,7): error TS2322: Type 'unknown' is not assignable to type 'Timeout | undefined'.
infrastructure/cache/patterns/invalidation.ts(31,17): error TS6133: 'context' is declared but its value is never read.
infrastructure/cache/performance-benchmark.ts(334,7): error TS2322: Type 'number | undefined' is not assignable to type 'number'.
  Type 'undefined' is not assignable to type 'number'.
infrastructure/cache/performance-benchmark.ts(335,7): error TS2322: Type 'number | undefined' is not assignable to type 'number'.
  Type 'undefined' is not assignable to type 'number'.
infrastructure/cache/performance-benchmark.ts(336,7): error TS2322: Type 'number | undefined' is not assignable to type 'number'.
  Type 'undefined' is not assignable to type 'number'.
infrastructure/cache/performance-benchmark.ts(337,7): error TS2322: Type 'number | undefined' is not assignable to type 'number'.
  Type 'undefined' is not assignable to type 'number'.
infrastructure/cache/performance-benchmark.ts(338,7): error TS2322: Type 'number | undefined' is not assignable to type 'number'.
  Type 'undefined' is not assignable to type 'number'.
infrastructure/cache/performance-benchmark.ts(407,22): error TS18048: 'afterResult' is possibly 'undefined'.
infrastructure/cache/performance-benchmark.ts(407,44): error TS18048: 'beforeResult' is possibly 'undefined'.
infrastructure/cache/performance-benchmark.ts(407,68): error TS18048: 'beforeResult' is possibly 'undefined'.
infrastructure/cache/performance-benchmark.ts(408,19): error TS18048: 'afterResult' is possibly 'undefined'.
infrastructure/cache/performance-benchmark.ts(408,41): error TS18048: 'beforeResult' is possibly 'undefined'.
infrastructure/cache/performance-benchmark.ts(419,7): error TS18048: 'beforeResult' is possibly 'undefined'.
infrastructure/cache/performance-benchmark.ts(420,7): error TS18048: 'beforeResult' is possibly 'undefined'.
infrastructure/cache/performance-benchmark.ts(421,7): error TS18048: 'afterResult' is possibly 'undefined'.
infrastructure/cache/performance-benchmark.ts(465,47): error TS2345: Argument of type '{ type: "memory"; defaultTtl: number; maxMemoryMB: number; enableMetrics: true; }' is not assignable to parameter of type 'CacheConfig'.
  Property 'name' is missing in type '{ type: "memory"; defaultTtl: number; maxMemoryMB: number; enableMetrics: true; }' but required in type 'MemoryCacheConfig'.
infrastructure/cache/performance-benchmark.ts(499,52): error TS2532: Object is possibly 'undefined'.
infrastructure/cache/performance-benchmark.ts(504,37): error TS1205: Re-exporting a type when 'isolatedModules' is enabled requires using 'export type'.
infrastructure/cache/performance-benchmark.ts(504,54): error TS1205: Re-exporting a type when 'isolatedModules' is enabled requires using 'export type'.
infrastructure/cache/server-cache-wrapper.ts(16,5): error TS2322: Type 'CacheService | CacheService' is not assignable to type 'CacheService'.
  Type 'import("C:/Users/Access Granted/Downloads/projects/SimpleTool/server/infrastructure/cache/core/interfaces").CacheService' is not assignable to type 'import("C:/Users/Access Granted/Downloads/projects/SimpleTool/server/infrastructure/cache/types").CacheService'.
    The types returned by 'del(...)' are incompatible between these types.
      Type 'Promise<boolean>' is not assignable to type 'Promise<void>'.
        Type 'boolean' is not assignable to type 'void'.
infrastructure/cache/server-cache-wrapper.ts(77,5): error TS2322: Type 'void' is not assignable to type 'boolean'.
infrastructure/cache/server-cache-wrapper.ts(81,11): error TS2722: Cannot invoke an object which is possibly 'undefined'.
infrastructure/cache/server-cache-wrapper.ts(85,23): error TS2339: Property 'has' does not exist on type 'CacheService'.
infrastructure/cache/strategies/compression-strategy.ts(40,7): error TS2322: Type 'unknown' is not assignable to type 'T'.
  'T' could be instantiated with an arbitrary type which could be unrelated to 'unknown'.
infrastructure/cache/strategies/compression-strategy.ts(55,7): error TS2322: Type 'unknown' is not assignable to type 'T'.
  'T' could be instantiated with an arbitrary type which could be unrelated to 'unknown'.
infrastructure/cache/strategies/compression-strategy.ts(69,32): error TS2339: Property 'shouldCompress' does not exist on type 'CacheCompressor'.
infrastructure/cache/strategies/compression-strategy.ts(70,30): error TS2339: Property 'shouldCompress' does not exist on type 'CacheCompressor'.
infrastructure/cache/test-utilities.ts(28,9): error TS2416: Property 'get' in type 'MockCacheService' is not assignable to the same property in base type 'ICachingService'.
  Type '<T>(key: string) => Promise<T | null>' is not assignable to type '<T>(key: string, options?: CacheOperationOptions | undefined) => Promise<Result<T | null>>'.
    Type 'Promise<Ok<T | null, Error> | Err<T | null, Error> | null>' is not assignable to type 'Promise<Result<T | null>>'.
      Type 'Ok<T | null, Error> | Err<T | null, Error> | null' is not assignable to type 'Result<T | null>'.
        Type 'null' is not assignable to type 'Result<T | null>'.
infrastructure/cache/test-utilities.ts(51,9): error TS2416: Property 'set' in type 'MockCacheService' is not assignable to the same property in base type 'ICachingService'.
  Type '(key: string, value: any, ttl?: number | undefined) => Promise<void>' is not assignable to type '<T>(key: string, value: T, options?: CacheOperationOptions | undefined) => Promise<Result<void>>'.
    Types of parameters 'ttl' and 'options' are incompatible.
      Type 'CacheOperationOptions | undefined' is not assignable to type 'number | undefined'.
        Type 'CacheOperationOptions' is not assignable to type 'number'.
infrastructure/cache/test-utilities.ts(64,9): error TS2416: Property 'clear' in type 'MockCacheService' is not assignable to the same property in base type 'ICachingService'.
  Type '() => Promise<void>' is not assignable to type '() => Promise<Result<void>>'.
    Type 'Promise<void>' is not assignable to type 'Promise<Result<void>>'.
      Type 'void' is not assignable to type 'Result<void>'.
infrastructure/cache/test-utilities.ts(85,9): error TS2416: Property 'getMetrics' in type 'MockCacheService' is not assignable to the same property in base type 'ICachingService'.
  Type '() => Promise<CacheMetrics>' is not assignable to type '() => CacheMetrics'.
    Type 'Promise<CacheMetrics>' is missing the following properties from type 'CacheMetrics': hits, misses, hitRate, averageLatency, and 5 more.
infrastructure/cache/test-utilities.ts(153,9): error TS2416: Property 'get' in type 'SpyCacheService' is not assignable to the same property in base type 'ICachingService'.
  Type '<T>(key: string) => Promise<T | null>' is not assignable to type '<T>(key: string, options?: CacheOperationOptions | undefined) => Promise<Result<T | null>>'.
    Type 'Promise<Ok<T | null, Error> | Err<T | null, Error> | null>' is not assignable to type 'Promise<Result<T | null>>'.
      Type 'Ok<T | null, Error> | Err<T | null, Error> | null' is not assignable to type 'Result<T | null>'.
        Type 'null' is not assignable to type 'Result<T | null>'.
infrastructure/cache/test-utilities.ts(156,5): error TS2322: Type 'Result<T | null>' is not assignable to type 'T | null'.
  Type 'Ok<T | null, Error>' is not assignable to type 'T'.
    'T' could be instantiated with an arbitrary type which could be unrelated to 'Ok<T | null, Error>'.
infrastructure/cache/test-utilities.ts(159,9): error TS2416: Property 'set' in type 'SpyCacheService' is not assignable to the same property in base type 'ICachingService'.
  Type '(key: string, value: any, ttl?: number | undefined) => Promise<void>' is not assignable to type '<T>(key: string, value: T, options?: CacheOperationOptions | undefined) => Promise<Result<void>>'.
    Types of parameters 'ttl' and 'options' are incompatible.
      Type 'CacheOperationOptions | undefined' is not assignable to type 'number | undefined'.
        Type 'CacheOperationOptions' is not assignable to type 'number'.
infrastructure/cache/test-utilities.ts(161,5): error TS2322: Type 'Result<void>' is not assignable to type 'void'.
  Type 'Ok<void, Error>' is not assignable to type 'void'.
infrastructure/cache/test-utilities.ts(161,41): error TS2345: Argument of type 'number | undefined' is not assignable to parameter of type 'CacheOperationOptions | undefined'.
  Type 'number' has no properties in common with type 'CacheOperationOptions'.
infrastructure/cache/test-utilities.ts(166,25): error TS2339: Property 'del' does not exist on type 'ICachingService'.
infrastructure/cache/test-utilities.ts(169,9): error TS2416: Property 'clear' in type 'SpyCacheService' is not assignable to the same property in base type 'ICachingService'.
  Type '() => Promise<void>' is not assignable to type '() => Promise<Result<void>>'.
    Type 'Promise<void>' is not assignable to type 'Promise<Result<void>>'.
      Type 'void' is not assignable to type 'Result<void>'.
infrastructure/cache/test-utilities.ts(171,5): error TS2322: Type 'Result<void>' is not assignable to type 'void'.
  Type 'Ok<void, Error>' is not assignable to type 'void'.
infrastructure/cache/test-utilities.ts(175,25): error TS2339: Property 'has' does not exist on type 'ICachingService'.
infrastructure/cache/test-utilities.ts(178,9): error TS2416: Property 'getMetrics' in type 'SpyCacheService' is not assignable to the same property in base type 'ICachingService'.
  Type '() => Promise<CacheMetrics>' is not assignable to type '() => CacheMetrics'.
    Type 'Promise<CacheMetrics>' is missing the following properties from type 'CacheMetrics': hits, misses, hitRate, averageLatency, and 5 more.
infrastructure/cache/test-utilities.ts(179,5): error TS2740: Type 'CacheMetrics' is missing the following properties from type 'CacheMetrics': operations, keyCount, avgLatency, maxLatency, and 2 more.
infrastructure/cache/test-utilities.ts(183,25): error TS2339: Property 'invalidateByPattern' does not exist on type 'ICachingService'.
infrastructure/cache/test-utilities.ts(187,25): error TS2339: Property 'invalidateByTags' does not exist on type 'ICachingService'.
infrastructure/cache/test-utilities.ts(273,29): error TS2339: Property 'has' does not exist on type 'ICachingService'.
infrastructure/cache/test-utilities.ts(286,29): error TS2339: Property 'has' does not exist on type 'ICachingService'.
infrastructure/cache/test-utilities.ts(343,55): error TS2322: Type 'Promise<Result<void>>' is not assignable to type 'Promise<void>'.
  Type 'Result<void>' is not assignable to type 'void'.
    Type 'Ok<void, Error>' is not assignable to type 'void'.
infrastructure/cache/test-utilities.ts(350,55): error TS2322: Type 'Promise<Result<unknown>>' is not assignable to type 'Promise<void>'.
  Type 'Result<unknown>' is not assignable to type 'void'.
    Type 'Ok<unknown, Error>' is not assignable to type 'void'.
infrastructure/cache/test-utilities.ts(357,61): error TS2339: Property 'del' does not exist on type 'ICachingService'.
infrastructure/cache/test-utilities.ts(384,45): error TS2345: Argument of type 'number | undefined' is not assignable to parameter of type 'CacheOperationOptions | undefined'.
  Type 'number' has no properties in common with type 'CacheOperationOptions'.
infrastructure/cache/utilities/cache-warmer.ts(10,33): error TS2307: Cannot find module '../../primitives/types/result' or its corresponding type declarations.
infrastructure/cache/utilities/cache-warmer.ts(157,7): error TS2322: Type 'unknown' is not assignable to type 'Timeout | undefined'.
infrastructure/cache/utilities/cache-warmer.ts(276,17): error TS6133: '_executeWithRetry' is declared but its value is never read.
infrastructure/cache/validation.ts(352,29): error TS7053: Element implicitly has an 'any' type because expression of type 'string' can't be used to index type '{}'.
  No index signature with a parameter of type 'string' was found on type '{}'.
infrastructure/cache/validation.ts(352,37): error TS7053: Element implicitly has an 'any' type because expression of type 'string' can't be used to index type '{}'.
  No index signature with a parameter of type 'string' was found on type '{}'.
infrastructure/config/manager.ts(17,33): error TS2307: Cannot find module '../primitives/types/result' or its corresponding type declarations.
infrastructure/config/manager.ts(152,61): error TS2345: Argument of type '{ features: Record<string, { enabled: boolean; rolloutPercentage: number; enabledForUsers: string[]; description?: string | undefined; }>; security: { jwtSecret: string; bcryptRounds: number; ... 6 more ...; sessionSecret?: string | undefined; }; ... 9 more ...; utilities: { ...; }; } | null' is not assignable to parameter of type '{ features: Record<string, { enabled: boolean; rolloutPercentage: number; enabledForUsers: string[]; description?: string | undefined; }>; security: { jwtSecret: string; bcryptRounds: number; ... 6 more ...; sessionSecret?: string | undefined; }; ... 9 more ...; utilities: { ...; }; }'.
  Type 'null' is not assignable to type '{ features: Record<string, { enabled: boolean; rolloutPercentage: number; enabledForUsers: string[]; description?: string | undefined; }>; security: { jwtSecret: string; bcryptRounds: number; ... 6 more ...; sessionSecret?: string | undefined; }; ... 9 more ...; utilities: { ...; }; }'.
infrastructure/config/manager.ts(156,13): error TS2322: Type '{ features: Record<string, { enabled: boolean; rolloutPercentage: number; enabledForUsers: string[]; description?: string | undefined; }>; security: { jwtSecret: string; bcryptRounds: number; ... 6 more ...; sessionSecret?: string | undefined; }; ... 9 more ...; utilities: { ...; }; } | null' is not assignable to type '{ features: Record<string, { enabled: boolean; rolloutPercentage: number; enabledForUsers: string[]; description?: string | undefined; }>; security: { jwtSecret: string; bcryptRounds: number; ... 6 more ...; sessionSecret?: string | undefined; }; ... 9 more ...; utilities: { ...; }; }'.
  Type 'null' is not assignable to type '{ features: Record<string, { enabled: boolean; rolloutPercentage: number; enabledForUsers: string[]; description?: string | undefined; }>; security: { jwtSecret: string; bcryptRounds: number; ... 6 more ...; sessionSecret?: string | undefined; }; ... 9 more ...; utilities: { ...; }; }'.
infrastructure/config/utilities.ts(11,1): error TS6133: 'ConfigurationManager' is declared but its value is never read.
infrastructure/config/utilities.ts(39,22): error TS2304: Cannot find name 'getConfig'.
infrastructure/config/utilities.ts(41,5): error TS2322: Type '{ features: Record<string, { enabled: boolean; rolloutPercentage: number; enabledForUsers: string[]; description?: string | undefined; }>; security: { jwtSecret: string; bcryptRounds: number; ... 6 more ...; sessionSecret?: string | undefined; }; ... 9 more ...; utilities: { ...; }; } | undefined' is not assignable to type '{ features: Record<string, { enabled: boolean; rolloutPercentage: number; enabledForUsers: string[]; description?: string | undefined; }>; security: { jwtSecret: string; bcryptRounds: number; ... 6 more ...; sessionSecret?: string | undefined; }; ... 9 more ...; utilities: { ...; }; }'.
  Type 'undefined' is not assignable to type '{ features: Record<string, { enabled: boolean; rolloutPercentage: number; enabledForUsers: string[]; description?: string | undefined; }>; security: { jwtSecret: string; bcryptRounds: number; ... 6 more ...; sessionSecret?: string | undefined; }; ... 9 more ...; utilities: { ...; }; }'.
infrastructure/config/utilities.ts(53,5): error TS2304: Cannot find name 'configManager'.
infrastructure/config/utilities.ts(53,41): error TS7006: Parameter 'event' implicitly has an 'any' type.
infrastructure/config/utilities.ts(120,13): error TS2698: Spread types may only be created from object types.
infrastructure/config/utilities.ts(121,37): error TS18046: 'baseConfig' is of type 'unknown'.
infrastructure/config/utilities.ts(122,25): error TS18046: 'baseConfig' is of type 'unknown'.
infrastructure/config/utilities.ts(123,22): error TS18046: 'baseConfig' is of type 'unknown'.
infrastructure/config/utilities.ts(248,43): error TS2698: Spread types may only be created from object types.
infrastructure/config/utilities.ts(292,25): error TS18046: 'config' is of type 'unknown'.
infrastructure/config/utilities.ts(292,56): error TS18046: 'config' is of type 'unknown'.
infrastructure/config/utilities.ts(293,25): error TS18046: 'config' is of type 'unknown'.
infrastructure/config/utilities.ts(293,56): error TS18046: 'config' is of type 'unknown'.
infrastructure/config/utilities.ts(296,18): error TS18046: 'config' is of type 'unknown'.
infrastructure/config/utilities.ts(296,37): error TS18046: 'config' is of type 'unknown'.
infrastructure/config/utilities.ts(296,54): error TS18046: 'config' is of type 'unknown'.
infrastructure/config/utilities.ts(296,70): error TS18046: 'config' is of type 'unknown'.
infrastructure/config/utilities.ts(296,86): error TS18046: 'config' is of type 'unknown'.
infrastructure/config/utilities.ts(299,25): error TS18046: 'config' is of type 'unknown'.
infrastructure/config/utilities.ts(299,69): error TS18046: 'config' is of type 'unknown'.
infrastructure/config/utilities.ts(302,18): error TS18046: 'config' is of type 'unknown'.
infrastructure/config/utilities.ts(302,37): error TS18046: 'config' is of type 'unknown'.
infrastructure/config/utilities.ts(305,18): error TS18046: 'config' is of type 'unknown'.
infrastructure/config/utilities.ts(305,42): error TS18046: 'config' is of type 'unknown'.
infrastructure/config/utilities.ts(308,18): error TS18046: 'config' is of type 'unknown'.
infrastructure/config/utilities.ts(308,42): error TS18046: 'config' is of type 'unknown'.
infrastructure/database/connection.ts(1,21): error TS6196: 'PoolConfig' is declared but never used.
infrastructure/database/core/database-service.ts(22,3): error TS2305: Module '"../monitoring"' has no exported member 'MetricsCollector'.
infrastructure/database/core/database-service.ts(23,3): error TS2305: Module '"../monitoring"' has no exported member 'HealthChecker'.
infrastructure/database/core/database-service.ts(24,3): error TS2305: Module '"../monitoring"' has no exported member 'QueryLogger'.
infrastructure/database/core/database-service.ts(25,3): error TS2305: Module '"../monitoring"' has no exported member 'createProductionMetricsCollector'.
infrastructure/database/core/database-service.ts(26,3): error TS2305: Module '"../monitoring"' has no exported member 'createProductionHealthChecker'.
infrastructure/database/core/database-service.ts(27,3): error TS2305: Module '"../monitoring"' has no exported member 'createProductionQueryLogger'.
infrastructure/database/core/database-service.ts(31,1): error TS6133: 'CircuitBreakerStrategy' is declared but its value is never read.
infrastructure/database/core/database-service.ts(134,5): error TS2322: Type '{ primary: { connectionString: string; maxConnections: number; }; read?: { connectionStrings: string[]; maxConnections?: number; }; enableMetrics: boolean; enableHealthMonitoring: boolean; enableQueryLogging: boolean; enableCircuitBreaker: boolean; autoInitialize: boolean; gracefulShutdownTimeout: number; }' is not assignable to type 'Required<DatabaseServiceConfig>'.
  Types of property 'read' are incompatible.
    Type '{ connectionStrings: string[]; maxConnections?: number | undefined; } | undefined' is not assignable to type '{ connectionStrings: string[]; maxConnections?: number | undefined; }'.
      Type 'undefined' is not assignable to type '{ connectionStrings: string[]; maxConnections?: number | undefined; }'.
infrastructure/database/core/database-service.ts(238,11): error TS2345: Argument of type 'string | undefined' is not assignable to parameter of type 'string'.
  Type 'undefined' is not assignable to type 'string'.
infrastructure/database/core/database-service.ts(308,68): error TS2345: Argument of type '(client: PoolClient) => Promise<T>' is not assignable to parameter of type '(tx: DatabaseTransaction) => Promise<T>'.
  Types of parameters 'client' and 'tx' are incompatible.
    Type 'DatabaseTransaction' is missing the following properties from type 'PoolClient': release, connect, copyFrom, copyTo, and 21 more.
infrastructure/database/core/index.ts(137,3): error TS2322: Type '{ connectionManager: UnifiedConnectionManager; healthMonitor: UnifiedHealthMonitor; config: { min?: number; max?: number; idleTimeoutMillis?: number; ... 36 more ...; client_encoding?: string | undefined; }; }' is not assignable to type 'void'.
infrastructure/database/core/index.ts(184,3): error TS2322: Type 'UnifiedConnectionManager' is not assignable to type 'void'.
infrastructure/database/example-usage.ts(21,11): error TS2304: Cannot find name 'initializeDatabaseSafety'.
infrastructure/database/example-usage.ts(36,26): error TS2304: Cannot find name 'readDatabase'.
infrastructure/database/example-usage.ts(52,18): error TS2304: Cannot find name 'withTransaction'.
infrastructure/database/example-usage.ts(55,38): error TS18046: 'tx' is of type 'unknown'.
infrastructure/database/example-usage.ts(55,48): error TS2304: Cannot find name 'userTable'.
infrastructure/database/example-usage.ts(79,5): error TS2322: Type 'QueryResultRow[]' is not assignable to type 'void'.
infrastructure/database/example-usage.ts(101,5): error TS2322: Type '(QueryResultRow | undefined)[]' is not assignable to type 'void'.
infrastructure/database/example-usage.ts(113,11): error TS2304: Cannot find name 'shutdownDatabaseSafety'.
infrastructure/database/graph/core/batch-sync-runner.ts(47,41): error TS2769: No overload matches this call.
  Overload 1 of 3, '(obj: "Batch sync completed", msg?: undefined): void', gave the following error.
    Argument of type 'SyncResult' is not assignable to parameter of type 'undefined'.
  Overload 2 of 3, '(obj: "Batch sync completed", msg?: undefined, ...args: unknown[]): void', gave the following error.
    Argument of type 'SyncResult' is not assignable to parameter of type 'undefined'.
infrastructure/database/graph/core/idempotency-ledger.ts(281,16): error TS2532: Object is possibly 'undefined'.
infrastructure/database/graph/core/sync-executor.ts(355,18): error TS2349: This expression is not callable.
  Type '{ authTokenManagers: AuthTokenManagers; driver: (url: string, authToken?: AuthToken | AuthTokenManager | undefined, config?: Config | undefined) => Driver; ... 74 more ...; clientCertificateProviders: ClientCertificateProviders; }' has no call signatures.
infrastructure/database/index.ts(59,3): error TS2305: Module '"./monitoring"' has no exported member 'MetricsCollector'.
infrastructure/database/index.ts(60,3): error TS2305: Module '"./monitoring"' has no exported member 'HealthChecker'.
infrastructure/database/index.ts(61,3): error TS2305: Module '"./monitoring"' has no exported member 'QueryLogger'.
infrastructure/database/index.ts(62,3): error TS2305: Module '"./monitoring"' has no exported member 'createProductionMetricsCollector'.
infrastructure/database/index.ts(63,3): error TS2305: Module '"./monitoring"' has no exported member 'createProductionHealthChecker'.
infrastructure/database/index.ts(64,3): error TS2305: Module '"./monitoring"' has no exported member 'createProductionQueryLogger'.
infrastructure/database/persistence/drizzle/drizzle-bill-repository.ts(19,15): error TS2305: Module '"@shared/core"' has no exported member 'none'.
infrastructure/database/persistence/drizzle/drizzle-bill-repository.ts(19,24): error TS2305: Module '"@shared/core"' has no exported member 'some'.
infrastructure/database/persistence/drizzle/drizzle-sponsor-repository.ts(19,15): error TS2305: Module '"@shared/core"' has no exported member 'none'.
infrastructure/database/persistence/drizzle/drizzle-sponsor-repository.ts(19,24): error TS2305: Module '"@shared/core"' has no exported member 'some'.
infrastructure/database/persistence/drizzle/drizzle-user-repository.ts(319,50): error TS2345: Argument of type 'unknown' is not assignable to parameter of type 'UserTable'.
infrastructure/database/persistence/drizzle/hybrid-bill-repository.ts(41,27): error TS2349: This expression is not callable.
  Type 'Boolean' has no call signatures.
infrastructure/database/persistence/drizzle/hybrid-bill-repository.ts(63,27): error TS2349: This expression is not callable.
  Type 'Boolean' has no call signatures.
infrastructure/database/persistence/drizzle/hybrid-bill-repository.ts(84,27): error TS2349: This expression is not callable.
  Type 'Boolean' has no call signatures.
infrastructure/database/persistence/drizzle/hybrid-bill-repository.ts(190,27): error TS2349: This expression is not callable.
  Type 'Boolean' has no call signatures.
infrastructure/database/persistence/drizzle/hybrid-bill-repository.ts(241,27): error TS2349: This expression is not callable.
  Type 'Boolean' has no call signatures.
infrastructure/database/persistence/drizzle/index.ts(11,10): error TS6133: 'DatabasePriority' is declared but its value is never read.
infrastructure/database/persistence/lazy-loader.ts(9,10): error TS2305: Module '"@shared/core"' has no exported member 'none'.
infrastructure/database/persistence/lazy-loader.ts(9,19): error TS2305: Module '"@shared/core"' has no exported member 'some'.
infrastructure/database/persistence/lazy-loader.ts(52,16): error TS2348: Value of type 'typeof Ok' is not callable. Did you mean to include 'new'?
infrastructure/database/persistence/lazy-loader.ts(59,22): error TS2349: This expression is not callable.
  Type 'Boolean' has no call signatures.
infrastructure/database/persistence/lazy-loader.ts(112,31): error TS2349: This expression is not callable.
  Type 'Boolean' has no call signatures.
infrastructure/database/persistence/lazy-loader.ts(123,28): error TS2345: Argument of type 'LazyLoadedData<T | undefined> & { relatedData?: any; }' is not assignable to parameter of type 'LazyLoadedData<T> & { relatedData?: R | undefined; }'.
  Type 'LazyLoadedData<T | undefined> & { relatedData?: any; }' is not assignable to type 'LazyLoadedData<T>'.
    Types of property 'data' are incompatible.
      Type 'T | undefined' is not assignable to type 'T'.
        'T' could be instantiated with an arbitrary type which could be unrelated to 'T | undefined'.
infrastructure/database/persistence/lazy-loader.ts(125,29): error TS2348: Value of type 'typeof Ok' is not callable. Did you mean to include 'new'?
infrastructure/database/persistence/lazy-loader.ts(131,18): error TS2348: Value of type 'typeof Ok' is not callable. Did you mean to include 'new'?
infrastructure/database/persistence/lazy-loader.ts(133,22): error TS2304: Cannot find name 'Err'.
infrastructure/database/repository/base-repository.ts(143,37): error TS6133: 'T' is declared but its value is never read.
infrastructure/database/utils/base-script.ts(45,11): error TS6133: '_scriptName' is declared but its value is never read.
infrastructure/database/utils/base-script.ts(51,5): error TS2322: Type 'Logger<never, boolean>' is not assignable to type 'BaseLogger & LoggerExtras<never, boolean> & { customLevels: {}; useOnlyCustomLevels: boolean; } & { fatal: LogFn; error: LogFn; warn: LogFn; info: LogFn; debug: LogFn; trace: LogFn; } & {} & { ...; }'.
  Type 'BaseLogger & LoggerExtras<never, boolean> & { customLevels: {}; useOnlyCustomLevels: boolean; } & { fatal: LogFn; error: LogFn; warn: LogFn; info: LogFn; debug: LogFn; trace: LogFn; } & {}' is missing the following properties from type '{ logPerformance(operation: string, duration: number, metadata?: Record<string, unknown> | undefined): void; logSecurityEvent(event: Record<string, unknown>, message: string): void; }': logPerformance, logSecurityEvent
infrastructure/database/utils/base-script.ts(241,22): error TS2304: Cannot find name 'DatabaseConfigManager'.
infrastructure/database/utils/base-script.ts(260,32): error TS2304: Cannot find name 'DatabaseOrchestrator'.
infrastructure/database/utils/base-script.ts(270,9): error TS2353: Object literal may only specify known properties, and 'orchestrator' does not exist in type 'ScriptContext'.
infrastructure/database/utils/base-script.ts(340,23): error TS2339: Property 'orchestrator' does not exist on type 'ScriptContext'.
infrastructure/database/utils/base-script.ts(343,28): error TS2339: Property 'orchestrator' does not exist on type 'ScriptContext'.
infrastructure/demo-data.ts(5,21): error TS2614: Module '"@server/infrastructure/schema"' has no exported member 'BillComment'. Did you mean to use 'import BillComment from "@server/infrastructure/schema"' instead?
infrastructure/demo-data.ts(5,34): error TS2724: '"@server/infrastructure/schema"' has no exported member named 'BillEngagement'. Did you mean 'bill_engagement'?
infrastructure/demo-data.ts(64,66): error TS2769: No overload matches this call.
  Overload 1 of 3, '(obj: string, msg?: undefined): void', gave the following error.
    Argument of type '{ component: string; }' is not assignable to parameter of type 'undefined'.
  Overload 2 of 3, '(obj: string, msg?: undefined, ...args: unknown[]): void', gave the following error.
    Argument of type '{ component: string; }' is not assignable to parameter of type 'undefined'.
infrastructure/demo-data.ts(504,11): error TS2322: Type 'number' is not assignable to type 'string | SponsorId'.
infrastructure/demo-data.ts(533,13): error TS2322: Type 'number' is not assignable to type 'string | SponsorId'.
infrastructure/demo-data.ts(653,28): error TS6133: 'bill' is declared but its value is never read.
infrastructure/demo-data.ts(654,15): error TS2339: Property 'title' does not exist on type 'DemoBill[]'.
infrastructure/demo-data.ts(655,15): error TS2339: Property 'description' does not exist on type 'DemoBill[]'.
infrastructure/demo-data.ts(656,15): error TS2339: Property 'summary' does not exist on type 'DemoBill[]'.
infrastructure/demo-data.ts(657,15): error TS2339: Property 'tags' does not exist on type 'DemoBill[]'.
infrastructure/demo-data.ts(657,26): error TS7006: Parameter 'tag' implicitly has an 'any' type.
infrastructure/demo-data.ts(662,28): error TS6133: 'bill' is declared but its value is never read.
infrastructure/demo-data.ts(662,42): error TS2339: Property 'status' does not exist on type 'DemoBill[]'.
infrastructure/demo-data.ts(666,28): error TS6133: 'bill' is declared but its value is never read.
infrastructure/demo-data.ts(666,42): error TS2339: Property 'category' does not exist on type 'DemoBill[]'.
infrastructure/demo-data.ts(677,33): error TS6133: 'bill' is declared but its value is never read.
infrastructure/demo-data.ts(677,41): error TS2304: Cannot find name 'bills'.
infrastructure/demo-data.ts(692,36): error TS6133: 'sponsor' is declared but its value is never read.
infrastructure/demo-data.ts(692,47): error TS2304: Cannot find name 'sponsors'.
infrastructure/demo-data.ts(736,16): error TS2304: Cannot find name 'bills'.
infrastructure/demo-data.ts(736,51): error TS2304: Cannot find name 'bills'.
infrastructure/demo-data.ts(770,18): error TS6133: 'bill' is declared but its value is never read.
infrastructure/demo-data.ts(771,19): error TS2339: Property 'sponsor_id' does not exist on type 'DemoBill[]'.
infrastructure/demo-data.ts(771,56): error TS2339: Property 'sponsor_id' does not exist on type 'DemoBill[]'.
infrastructure/demo-data.ts(774,28): error TS2339: Property 'id' does not exist on type 'DemoBill[]'.
infrastructure/demo-data.ts(774,72): error TS2339: Property 'sponsor_id' does not exist on type 'DemoBill[]'.
infrastructure/demo-data.ts(779,18): error TS6133: 'bill' is declared but its value is never read.
infrastructure/demo-data.ts(780,20): error TS2339: Property 'introduced_date' does not exist on type 'DemoBill[]'.
infrastructure/demo-data.ts(780,46): error TS2339: Property 'created_at' does not exist on type 'DemoBill[]'.
infrastructure/demo-data.ts(780,67): error TS2339: Property 'updated_at' does not exist on type 'DemoBill[]'.
infrastructure/demo-data.ts(781,71): error TS2339: Property 'id' does not exist on type 'DemoBill[]'.
infrastructure/demo-data.ts(785,19): error TS2339: Property 'last_action_date' does not exist on type 'DemoBill[]'.
infrastructure/demo-data.ts(785,45): error TS2339: Property 'introduced_date' does not exist on type 'DemoBill[]'.
infrastructure/demo-data.ts(785,69): error TS2339: Property 'last_action_date' does not exist on type 'DemoBill[]'.
infrastructure/demo-data.ts(788,28): error TS2339: Property 'id' does not exist on type 'DemoBill[]'.
infrastructure/demo-data.ts(800,59): error TS2345: Argument of type '{ component: string; }' is not assignable to parameter of type 'undefined'.
infrastructure/error-handling/external-api-error-handler.ts(1,1): error TS6133: 'logger' is declared but its value is never read.
infrastructure/error-handling/external-api-error-handler.ts(73,11): error TS6133: 'retryQueues' is declared but its value is never read.
infrastructure/error-handling/external-api-error-handler.ts(210,62): error TS6133: 'context' is declared but its value is never read.
infrastructure/error-handling/result-types.ts(23,3): error TS6133: 'createError' is declared but its value is never read.
infrastructure/error-handling/result-types.ts(25,3): error TS6133: 'httpStatusForCategory' is declared but its value is never read.
infrastructure/error-handling/result-types.ts(32,3): error TS6133: 'ErrorSeverity' is declared but its value is never read.
infrastructure/external-data/conflict-resolution-service.ts(416,29): error TS6133: 'limit' is declared but its value is never read.
infrastructure/external-data/conflict-resolution-service.ts(470,5): error TS6133: 'resolvedValue' is declared but its value is never read.
infrastructure/external-data/conflict-resolution-service.ts(471,5): error TS6133: 'resolvedBy' is declared but its value is never read.
infrastructure/external-data/conflict-resolution-service.ts(557,28): error TS6133: 'dataType' is declared but its value is never read.
infrastructure/external-data/conflict-resolution-service.ts(557,46): error TS6133: 'limit' is declared but its value is never read.
infrastructure/external-data/conflict-resolution-service.ts(609,29): error TS6133: 'daysOld' is declared but its value is never read.
infrastructure/external-data/government-api-client.ts(13,10): error TS2305: Module '"../observability/logging-config"' has no exported member 'logger'.
infrastructure/external-data/government-api-client.ts(90,26): error TS2304: Cannot find name 'AxiosInstance'.
infrastructure/external-data/government-api-client.ts(102,34): error TS2304: Cannot find name 'AxiosInstance'.
infrastructure/external-data/government-api-client.ts(103,22): error TS2304: Cannot find name 'axios'.
infrastructure/external-data/government-api-client.ts(114,8): error TS7006: Parameter 'config' implicitly has an 'any' type.
infrastructure/external-data/government-api-client.ts(115,8): error TS7006: Parameter 'error' implicitly has an 'any' type.
infrastructure/external-data/government-api-client.ts(120,8): error TS7006: Parameter 'response' implicitly has an 'any' type.
infrastructure/external-data/government-api-client.ts(129,8): error TS7006: Parameter 'error' implicitly has an 'any' type.
infrastructure/external-data/government-api-client.ts(147,37): error TS2304: Cannot find name 'AxiosRequestConfig'.
infrastructure/external-data/government-api-client.ts(147,58): error TS2304: Cannot find name 'AxiosRequestConfig'.
infrastructure/external-data/government-api-client.ts(194,30): error TS2304: Cannot find name 'AxiosResponse'.
infrastructure/external-data/government-api-client.ts(211,35): error TS2304: Cannot find name 'AxiosError'.
infrastructure/external-data/government-api-client.ts(239,35): error TS2304: Cannot find name 'AxiosError'.
infrastructure/external-data/government-api-client.ts(266,36): error TS2304: Cannot find name 'AxiosError'.
infrastructure/external-data/government-api-client.ts(292,9): error TS2353: Object literal may only specify known properties, and 'provider' does not exist in type 'Partial<ErrorContext>'.
infrastructure/external-data/government-api-client.ts(313,9): error TS2353: Object literal may only specify known properties, and 'provider' does not exist in type 'Partial<ErrorContext>'.
infrastructure/external-data/government-api-client.ts(334,9): error TS2353: Object literal may only specify known properties, and 'provider' does not exist in type 'Partial<ErrorContext>'.
infrastructure/external-data/government-api-client.ts(354,9): error TS2353: Object literal may only specify known properties, and 'provider' does not exist in type 'Partial<ErrorContext>'.
infrastructure/external-data/government-api-client.ts(380,23): error TS2339: Property 'success' does not exist on type 'ServiceResult<APIResponse<any>>'.
  Property 'success' does not exist on type 'Ok<APIResponse<any>, StandardizedError>'.
infrastructure/external-data/government-api-client.ts(384,9): error TS2353: Object literal may only specify known properties, and 'provider' does not exist in type 'Partial<ErrorContext>'.
infrastructure/index.ts(37,8): error TS2307: Cannot find module './notifications' or its corresponding type declarations.
infrastructure/integration/feature-integration-helper.ts(61,71): error TS2345: Argument of type 'string' is not assignable to parameter of type '(params: Record<string, unknown>) => SQL<unknown>'.
infrastructure/integration/feature-integration-helper.ts(155,62): error TS2345: Argument of type 'string' is not assignable to parameter of type '(params: Record<string, unknown>) => SQL<unknown>'.
infrastructure/integration/feature-integration-helper.ts(237,5): error TS6133: 'target' is declared but its value is never read.
infrastructure/integration/feature-integration-helper.ts(272,5): error TS6133: 'target' is declared but its value is never read.
infrastructure/integration/feature-integration-helper.ts(287,28): error TS2339: Property 'delete' does not exist on type 'CacheService'.
infrastructure/messaging/delivery/channel.service.ts(309,17): error TS2339: Property 'email' does not exist on type '{}'.
infrastructure/messaging/delivery/channel.service.ts(310,35): error TS2339: Property 'email' does not exist on type '{}'.
infrastructure/messaging/delivery/channel.service.ts(310,82): error TS2339: Property 'email' does not exist on type '{}'.
infrastructure/messaging/delivery/channel.service.ts(325,18): error TS2339: Property 'display_name' does not exist on type '{}'.
infrastructure/messaging/delivery/channel.service.ts(326,19): error TS2339: Property 'first_name' does not exist on type '{}'.
infrastructure/messaging/delivery/channel.service.ts(326,42): error TS2339: Property 'last_name' does not exist on type '{}'.
infrastructure/messaging/delivery/channel.service.ts(327,24): error TS2339: Property 'first_name' does not exist on type '{}'.
infrastructure/messaging/delivery/channel.service.ts(327,46): error TS2339: Property 'last_name' does not exist on type '{}'.
infrastructure/messaging/delivery/channel.service.ts(328,22): error TS2339: Property 'first_name' does not exist on type '{}'.
infrastructure/messaging/delivery/channel.service.ts(335,23): error TS2339: Property 'email' does not exist on type '{}'.
infrastructure/migration/ab-testing.service.ts(163,25): error TS18046: 'metrics' is of type 'unknown'.
infrastructure/migration/ab-testing.service.ts(164,22): error TS18046: 'metrics' is of type 'unknown'.
infrastructure/migration/ab-testing.service.ts(165,24): error TS18046: 'metrics' is of type 'unknown'.
infrastructure/migration/ab-testing.service.ts(166,24): error TS18046: 'metrics' is of type 'unknown'.
infrastructure/migration/ab-testing.service.ts(166,60): error TS18046: 'metrics' is of type 'unknown'.
infrastructure/migration/ab-testing.service.ts(296,52): error TS18046: 'd' is of type 'unknown'.
infrastructure/migration/ab-testing.service.ts(297,55): error TS18046: 'd' is of type 'unknown'.
infrastructure/migration/ab-testing.service.ts(298,53): error TS18046: 'd' is of type 'unknown'.
infrastructure/migration/ab-testing.service.ts(302,19): error TS18046: 'd' is of type 'unknown'.
infrastructure/migration/ab-testing.service.ts(311,9): error TS18046: 'd' is of type 'unknown'.
infrastructure/migration/ab-testing.service.ts(311,44): error TS18046: 'd' is of type 'unknown'.
infrastructure/migration/ab-testing.service.ts(345,9): error TS2698: Spread types may only be created from object types.
infrastructure/migration/ab-testing.service.ts(594,5): error TS6133: 'direction' is declared but its value is never read.
infrastructure/migration/ab-testing.service.ts(646,34): error TS18046: 'd' is of type 'unknown'.
infrastructure/migration/dashboard.service.ts(8,1): error TS6133: 'abTestingService' is declared but its value is never read.
infrastructure/migration/dashboard.service.ts(10,15): error TS6133: 'MigrationMetrics' is declared but its value is never read.
infrastructure/migration/dashboard.service.ts(12,1): error TS6133: 'validationService' is declared but its value is never read.
infrastructure/migration/dashboard.service.ts(215,11): error TS6133: 'monitoringData' is declared but its value is never read.
infrastructure/migration/dashboard.service.ts(356,17): error TS6133: 'index' is declared but its value is never read.
infrastructure/migration/dashboard.service.ts(402,15): error TS18046: 'alert' is of type 'unknown'.
infrastructure/migration/dashboard.service.ts(418,13): error TS18046: 'alert' is of type 'unknown'.
infrastructure/migration/dashboard.service.ts(419,20): error TS18046: 'alert' is of type 'unknown'.
infrastructure/migration/dashboard.service.ts(420,19): error TS18046: 'alert' is of type 'unknown'.
infrastructure/migration/dashboard.service.ts(421,21): error TS18046: 'alert' is of type 'unknown'.
infrastructure/migration/dashboard.service.ts(421,39): error TS18046: 'alert' is of type 'unknown'.
infrastructure/migration/dashboard.service.ts(421,73): error TS18046: 'alert' is of type 'unknown'.
infrastructure/migration/dashboard.service.ts(421,101): error TS18046: 'alert' is of type 'unknown'.
infrastructure/migration/dashboard.service.ts(422,20): error TS18046: 'alert' is of type 'unknown'.
infrastructure/migration/dashboard.service.ts(423,19): error TS18046: 'alert' is of type 'unknown'.
infrastructure/migration/dashboard.service.ts(506,57): error TS18046: 'r' is of type 'unknown'.
infrastructure/migration/dashboard.service.ts(507,60): error TS18046: 'r' is of type 'unknown'.
infrastructure/migration/dashboard.service.ts(517,20): error TS18046: 'r' is of type 'unknown'.
infrastructure/migration/dashboard.service.ts(518,17): error TS18046: 'r' is of type 'unknown'.
infrastructure/migration/dashboard.service.ts(519,20): error TS18046: 'r' is of type 'unknown'.
infrastructure/migration/dashboard.service.ts(520,17): error TS18046: 'r' is of type 'unknown'.
infrastructure/migration/dashboard.service.ts(551,31): error TS18046: 'current' is of type 'unknown'.
infrastructure/migration/dashboard.service.ts(551,54): error TS18046: 'baseline' is of type 'unknown'.
infrastructure/migration/dashboard.service.ts(557,28): error TS18046: 'current' is of type 'unknown'.
infrastructure/migration/dashboard.service.ts(557,48): error TS18046: 'baseline' is of type 'unknown'.
infrastructure/migration/dashboard.service.ts(563,25): error TS18046: 'current' is of type 'unknown'.
infrastructure/migration/dashboard.service.ts(563,47): error TS18046: 'baseline' is of type 'unknown'.
infrastructure/migration/dashboard.service.ts(569,29): error TS18046: 'current' is of type 'unknown'.
infrastructure/migration/dashboard.service.ts(569,50): error TS18046: 'baseline' is of type 'unknown'.
infrastructure/migration/deployment-monitoring-dashboard.ts(2,1): error TS6192: All imports in import declaration are unused.
infrastructure/migration/deployment-monitoring-dashboard.ts(5,3): error TS2305: Module '"@server/infrastructure/error-handling"' has no exported member 'withResultHandling'.
infrastructure/migration/deployment-monitoring-dashboard.ts(212,75): error TS2339: Property 'data' does not exist on type 'ServiceResult<DashboardMetrics>'.
  Property 'data' does not exist on type 'Ok<DashboardMetrics, StandardizedError>'.
infrastructure/migration/deployment-monitoring-dashboard.ts(214,59): error TS2339: Property 'data' does not exist on type 'ServiceResult<DashboardMetrics>'.
  Property 'data' does not exist on type 'Ok<DashboardMetrics, StandardizedError>'.
infrastructure/migration/deployment-monitoring-dashboard.ts(218,33): error TS2339: Property 'data' does not exist on type 'ServiceResult<DashboardMetrics>'.
  Property 'data' does not exist on type 'Ok<DashboardMetrics, StandardizedError>'.
infrastructure/migration/deployment-monitoring-dashboard.ts(308,20): error TS18046: 'inc' is of type 'unknown'.
infrastructure/migration/deployment-monitoring-dashboard.ts(309,53): error TS18046: 'inc' is of type 'unknown'.
infrastructure/migration/deployment-monitoring-dashboard.ts(416,7): error TS18048: 'first' is possibly 'undefined'.
infrastructure/migration/deployment-monitoring-dashboard.ts(417,7): error TS18048: 'last' is possibly 'undefined'.
infrastructure/migration/deployment-monitoring-dashboard.ts(421,7): error TS18048: 'first' is possibly 'undefined'.
infrastructure/migration/deployment-monitoring-dashboard.ts(422,7): error TS18048: 'last' is possibly 'undefined'.
infrastructure/migration/deployment-monitoring-dashboard.ts(426,7): error TS18048: 'last' is possibly 'undefined'.
infrastructure/migration/deployment-monitoring-dashboard.ts(427,7): error TS18048: 'first' is possibly 'undefined'.
infrastructure/migration/deployment-orchestrator.ts(3,3): error TS2305: Module '"@server/infrastructure/error-handling"' has no exported member 'ResultAdapter'.
infrastructure/migration/deployment-orchestrator.ts(3,3): error TS6133: 'ResultAdapter' is declared but its value is never read.
infrastructure/migration/deployment-orchestrator.ts(4,3): error TS2305: Module '"@server/infrastructure/error-handling"' has no exported member 'withResultHandling'.
infrastructure/migration/deployment-orchestrator.ts(76,58): error TS2532: Object is possibly 'undefined'.
infrastructure/migration/deployment-orchestrator.ts(106,41): error TS18048: 'phase' is possibly 'undefined'.
infrastructure/migration/deployment-orchestrator.ts(111,18): error TS18048: 'phase' is possibly 'undefined'.
infrastructure/migration/deployment-orchestrator.ts(112,30): error TS18048: 'phase' is possibly 'undefined'.
infrastructure/migration/deployment-orchestrator.ts(116,33): error TS2345: Argument of type 'DeploymentPhase | undefined' is not assignable to parameter of type 'DeploymentPhase'.
  Type 'undefined' is not assignable to type 'DeploymentPhase'.
infrastructure/migration/deployment-orchestrator.ts(119,13): error TS18048: 'phase' is possibly 'undefined'.
infrastructure/migration/deployment-orchestrator.ts(121,61): error TS2345: Argument of type 'DeploymentPhase | undefined' is not assignable to parameter of type 'DeploymentPhase'.
  Type 'undefined' is not assignable to type 'DeploymentPhase'.
infrastructure/migration/deployment-orchestrator.ts(126,22): error TS18048: 'phase' is possibly 'undefined'.
infrastructure/migration/deployment-orchestrator.ts(130,32): error TS18048: 'phase' is possibly 'undefined'.
infrastructure/migration/deployment-orchestrator.ts(136,60): error TS18048: 'phase' is possibly 'undefined'.
infrastructure/migration/deployment-orchestrator.ts(141,41): error TS18048: 'phase' is possibly 'undefined'.
infrastructure/migration/deployment-orchestrator.ts(300,27): error TS2339: Property 'data' does not exist on type 'ServiceResult<ValidationResult>'.
  Property 'data' does not exist on type 'Ok<ValidationResult, StandardizedError>'.
infrastructure/migration/deployment-orchestrator.ts(301,26): error TS2339: Property 'data' does not exist on type 'ServiceResult<ValidationResult>'.
  Property 'data' does not exist on type 'Ok<ValidationResult, StandardizedError>'.
infrastructure/migration/deployment-orchestrator.ts(302,31): error TS2339: Property 'data' does not exist on type 'ServiceResult<ValidationResult>'.
  Property 'data' does not exist on type 'Ok<ValidationResult, StandardizedError>'.
infrastructure/migration/deployment-orchestrator.ts(303,30): error TS2339: Property 'data' does not exist on type 'ServiceResult<ValidationResult>'.
  Property 'data' does not exist on type 'Ok<ValidationResult, StandardizedError>'.
infrastructure/migration/deployment-orchestrator.ts(305,61): error TS2339: Property 'data' does not exist on type 'ServiceResult<StatisticalAnalysisResult>'.
  Property 'data' does not exist on type 'Ok<StatisticalAnalysisResult, StandardizedError>'.
infrastructure/migration/deployment-orchestrator.ts(306,63): error TS2339: Property 'data' does not exist on type 'ServiceResult<CrossPhaseValidationResult>'.
  Property 'data' does not exist on type 'Ok<CrossPhaseValidationResult, StandardizedError>'.
infrastructure/migration/deployment-orchestrator.ts(309,44): error TS2339: Property 'data' does not exist on type 'ServiceResult<ValidationResult>'.
  Property 'data' does not exist on type 'Ok<ValidationResult, StandardizedError>'.
infrastructure/migration/deployment-orchestrator.ts(309,67): error TS2339: Property 'data' does not exist on type 'ServiceResult<ValidationResult>'.
  Property 'data' does not exist on type 'Ok<ValidationResult, StandardizedError>'.
infrastructure/migration/deployment-orchestrator.ts(309,94): error TS2339: Property 'data' does not exist on type 'ServiceResult<ValidationResult>'.
  Property 'data' does not exist on type 'Ok<ValidationResult, StandardizedError>'.
infrastructure/migration/deployment-orchestrator.ts(313,27): error TS2339: Property 'data' does not exist on type 'ServiceResult<ValidationResult>'.
  Property 'data' does not exist on type 'Ok<ValidationResult, StandardizedError>'.
infrastructure/migration/deployment-orchestrator.ts(314,26): error TS2339: Property 'data' does not exist on type 'ServiceResult<ValidationResult>'.
  Property 'data' does not exist on type 'Ok<ValidationResult, StandardizedError>'.
infrastructure/migration/deployment-orchestrator.ts(315,31): error TS2339: Property 'data' does not exist on type 'ServiceResult<ValidationResult>'.
  Property 'data' does not exist on type 'Ok<ValidationResult, StandardizedError>'.
infrastructure/migration/deployment-orchestrator.ts(316,30): error TS2339: Property 'data' does not exist on type 'ServiceResult<ValidationResult>'.
  Property 'data' does not exist on type 'Ok<ValidationResult, StandardizedError>'.
infrastructure/migration/deployment-orchestrator.ts(317,30): error TS2339: Property 'data' does not exist on type 'ServiceResult<CrossPhaseValidationResult>'.
  Property 'data' does not exist on type 'Ok<CrossPhaseValidationResult, StandardizedError>'.
infrastructure/migration/deployment-orchestrator.ts(318,29): error TS2339: Property 'data' does not exist on type 'ServiceResult<StatisticalAnalysisResult>'.
  Property 'data' does not exist on type 'Ok<StatisticalAnalysisResult, StandardizedError>'.
infrastructure/migration/deployment-orchestrator.ts(337,56): error TS2339: Property 'data' does not exist on type 'ServiceResult<CrossPhaseValidationResult>'.
  Property 'data' does not exist on type 'Ok<CrossPhaseValidationResult, StandardizedError>'.
infrastructure/migration/deployment-orchestrator.ts(339,25): error TS2339: Property 'data' does not exist on type 'ServiceResult<CrossPhaseValidationResult>'.
  Property 'data' does not exist on type 'Ok<CrossPhaseValidationResult, StandardizedError>'.
infrastructure/migration/deployment.service.ts(9,1): error TS6133: 'dashboardService' is declared but its value is never read.
infrastructure/migration/deployment.service.ts(63,11): error TS6133: 'activeDeployments' is declared but its value is never read.
infrastructure/migration/deployment.service.ts(251,76): error TS6133: 'plan' is declared but its value is never read.
infrastructure/migration/deployment.service.ts(489,17): error TS6133: 'component' is declared but its value is never read.
infrastructure/migration/deployment.service.ts(507,65): error TS18046: 'r' is of type 'unknown'.
infrastructure/migration/error-handling-deployment.service.ts(12,1): error TS6133: 'Boom' is declared but its value is never read.
infrastructure/migration/error-handling-deployment.service.ts(20,1): error TS6192: All imports in import declaration are unused.
infrastructure/migration/error-handling-deployment.service.ts(55,20): error TS6133: 'errorTypeFlags' is declared but its value is never read.
infrastructure/migration/error-handling-deployment.service.ts(84,7): error TS2353: Object literal may only specify known properties, and 'fallbackEnabled' does not exist in type 'Partial<FeatureFlag>'.
infrastructure/migration/error-handling-deployment.service.ts(92,7): error TS2353: Object literal may only specify known properties, and 'fallbackEnabled' does not exist in type 'Partial<FeatureFlag>'.
infrastructure/migration/error-handling-deployment.service.ts(100,7): error TS2353: Object literal may only specify known properties, and 'fallbackEnabled' does not exist in type 'Partial<FeatureFlag>'.
infrastructure/migration/error-handling-deployment.service.ts(448,64): error TS6133: 'testData' is declared but its value is never read.
infrastructure/migration/error-handling-deployment.service.ts(529,34): error TS2304: Cannot find name 'errorAdapter'.
infrastructure/migration/error-handling-deployment.service.ts(530,21): error TS18046: 'testData' is of type 'unknown'.
infrastructure/migration/error-handling-deployment.service.ts(530,46): error TS18046: 'testData' is of type 'unknown'.
infrastructure/migration/error-handling-deployment.service.ts(534,18): error TS2304: Cannot find name 'errorAdapter'.
infrastructure/migration/error-handling-deployment.service.ts(539,28): error TS2304: Cannot find name 'errorAdapter'.
infrastructure/migration/error-handling-deployment.service.ts(540,11): error TS18046: 'testData' is of type 'unknown'.
infrastructure/migration/error-handling-deployment.service.ts(544,18): error TS2304: Cannot find name 'errorAdapter'.
infrastructure/migration/error-handling-deployment.service.ts(549,32): error TS2304: Cannot find name 'errorAdapter'.
infrastructure/migration/error-handling-deployment.service.ts(550,11): error TS18046: 'testData' is of type 'unknown'.
infrastructure/migration/error-handling-deployment.service.ts(551,11): error TS18046: 'testData' is of type 'unknown'.
infrastructure/migration/error-handling-deployment.service.ts(555,18): error TS2304: Cannot find name 'errorAdapter'.
infrastructure/migration/error-handling-deployment.service.ts(619,53): error TS7053: Element implicitly has an 'any' type because expression of type 'string' can't be used to index type '{}'.
  No index signature with a parameter of type 'string' was found on type '{}'.
infrastructure/migration/error-handling-deployment.service.ts(628,11): error TS6133: 'checkpointId' is declared but its value is never read.
infrastructure/migration/error-handling-deployment.service.ts(653,52): error TS2353: Object literal may only specify known properties, and 'rule' does not exist in type '{ field: string; message: string; reason?: undefined; resource?: undefined; action?: undefined; id?: undefined; } | { reason: string; field?: undefined; message?: undefined; resource?: undefined; action?: undefined; id?: undefined; } | { ...; } | { ...; } | { ...; }'.
infrastructure/migration/error-handling-deployment.service.ts(737,33): error TS2339: Property 'rollbackFeature' does not exist on type 'FeatureFlagsService'.
infrastructure/migration/error-handling-deployment.service.ts(738,33): error TS2339: Property 'rollbackFeature' does not exist on type 'FeatureFlagsService'.
infrastructure/migration/error-handling-deployment.service.ts(739,33): error TS2339: Property 'rollbackFeature' does not exist on type 'FeatureFlagsService'.
infrastructure/migration/execute-phase1-deployment.ts(59,21): error TS18046: 'progress' is of type 'unknown'.
infrastructure/migration/execute-phase1-deployment.ts(60,55): error TS18046: 'progress' is of type 'unknown'.
infrastructure/migration/execute-phase1-deployment.ts(62,13): error TS18046: 'progress' is of type 'unknown'.
infrastructure/migration/execute-phase1-deployment.ts(63,17): error TS18046: 'progress' is of type 'unknown'.
infrastructure/migration/execute-phase1-deployment.ts(64,12): error TS18046: 'progress' is of type 'unknown'.
infrastructure/migration/execute-phase1-deployment.ts(68,35): error TS18046: 'progress' is of type 'unknown'.
infrastructure/migration/execute-phase1-deployment.ts(224,30): error TS2345: Argument of type 'Phase1DeploymentResult' is not assignable to parameter of type 'DeploymentResult'.
  Types of property 'rollbackTestResults' are incompatible.
    Property 'success' is missing in type 'Record<string, unknown>' but required in type '{ success: boolean; results?: TestResult[] | undefined; error?: string | undefined; }'.
infrastructure/migration/feature-flags-service.ts(14,3): error TS2305: Module '"@server/infrastructure/error-handling"' has no exported member 'withResultHandling'.
infrastructure/migration/feature-flags-service.ts(561,78): error TS2345: Argument of type 'unknown' is not assignable to parameter of type 'string'.
infrastructure/migration/feature-flags-service.ts(563,80): error TS2345: Argument of type 'unknown' is not assignable to parameter of type 'string'.
infrastructure/migration/feature-flags-service.ts(565,78): error TS2345: Argument of type 'unknown' is not assignable to parameter of type 'string'.
infrastructure/migration/feature-flags-service.ts(589,20): error TS2304: Cannot find name 'userId'.
infrastructure/migration/feature-flags-service.ts(598,7): error TS2322: Type 'FlagVariant | undefined' is not assignable to type 'FlagVariant'.
  Type 'undefined' is not assignable to type 'FlagVariant'.
infrastructure/migration/feature-flags-service.ts(618,5): error TS2322: Type 'FlagVariant | undefined' is not assignable to type 'FlagVariant'.
  Type 'undefined' is not assignable to type 'FlagVariant'.
infrastructure/migration/feature-flags-service.ts(668,26): error TS18048: 'stage' is possibly 'undefined'.
infrastructure/migration/feature-flags-service.ts(675,14): error TS18048: 'stage' is possibly 'undefined'.
infrastructure/migration/feature-flags-service.ts(676,19): error TS18048: 'stage' is possibly 'undefined'.
infrastructure/migration/feature-flags-service.ts(680,38): error TS18048: 'stage' is possibly 'undefined'.
infrastructure/migration/feature-flags-service.ts(695,10): error TS18048: 'stage' is possibly 'undefined'.
infrastructure/migration/index.ts(130,7): error TS2304: Cannot find name 'featureFlagsService'.
infrastructure/migration/index.ts(147,11): error TS2304: Cannot find name 'featureFlagsService'.
infrastructure/migration/index.ts(150,21): error TS2304: Cannot find name 'monitoringService'.
infrastructure/migration/index.ts(173,27): error TS2304: Cannot find name 'validationService'.
infrastructure/migration/index.ts(174,37): error TS7006: Parameter 'r' implicitly has an 'any' type.
infrastructure/migration/index.ts(179,46): error TS7006: Parameter 'sum' implicitly has an 'any' type.
infrastructure/migration/index.ts(179,51): error TS7006: Parameter 'r' implicitly has an 'any' type.
infrastructure/migration/index.ts(192,30): error TS2304: Cannot find name 'rollbackService'.
infrastructure/migration/index.ts(206,19): error TS2304: Cannot find name 'monitoringService'.
infrastructure/migration/index.ts(207,18): error TS2304: Cannot find name 'rollbackService'.
infrastructure/migration/index.ts(211,42): error TS2304: Cannot find name 'featureFlagsService'.
infrastructure/migration/index.ts(212,46): error TS2304: Cannot find name 'featureFlagsService'.
infrastructure/migration/index.ts(213,43): error TS2304: Cannot find name 'featureFlagsService'.
infrastructure/migration/index.ts(241,29): error TS2304: Cannot find name 'monitoringService'.
infrastructure/migration/index.ts(250,29): error TS2304: Cannot find name 'rollbackService'.
infrastructure/migration/index.ts(251,15): error TS7006: Parameter 'r' implicitly has an 'any' type.
infrastructure/migration/migration-api.ts(24,33): error TS6133: 'req' is declared but its value is never read.
infrastructure/migration/migration-api.ts(45,24): error TS6133: 'req' is declared but its value is never read.
infrastructure/migration/migration-api.ts(73,32): error TS7030: Not all code paths return a value.
infrastructure/migration/migration-api.ts(75,30): error TS2345: Argument of type 'string | undefined' is not assignable to parameter of type 'string'.
  Type 'undefined' is not assignable to type 'string'.
infrastructure/migration/migration-api.ts(109,42): error TS7030: Not all code paths return a value.
infrastructure/migration/migration-api.ts(112,77): error TS2345: Argument of type 'string | undefined' is not assignable to parameter of type 'string'.
  Type 'undefined' is not assignable to type 'string'.
infrastructure/migration/migration-api.ts(138,31): error TS6133: 'req' is declared but its value is never read.
infrastructure/migration/migration-api.ts(166,40): error TS7030: Not all code paths return a value.
infrastructure/migration/migration-api.ts(189,36): error TS2345: Argument of type 'string | undefined' is not assignable to parameter of type 'string'.
  Type 'undefined' is not assignable to type 'string'.
infrastructure/migration/migration-api.ts(195,53): error TS2345: Argument of type 'string | undefined' is not assignable to parameter of type 'string'.
  Type 'undefined' is not assignable to type 'string'.
infrastructure/migration/migration-api.ts(215,41): error TS7030: Not all code paths return a value.
infrastructure/migration/migration-api.ts(227,68): error TS2345: Argument of type 'string | undefined' is not assignable to parameter of type 'string'.
  Type 'undefined' is not assignable to type 'string'.
infrastructure/migration/migration-api.ts(285,69): error TS2345: Argument of type 'string | undefined' is not assignable to parameter of type 'string'.
  Type 'undefined' is not assignable to type 'string'.
infrastructure/migration/migration-api.ts(314,24): error TS6133: 'req' is declared but its value is never read.
infrastructure/migration/migration-api.ts(347,36): error TS2345: Argument of type 'string | undefined' is not assignable to parameter of type 'string'.
  Type 'undefined' is not assignable to type 'string'.
infrastructure/migration/migration-api.ts(366,30): error TS6133: 'req' is declared but its value is never read.
infrastructure/migration/migration-api.ts(388,32): error TS7030: Not all code paths return a value.
infrastructure/migration/migration-api.ts(390,30): error TS2345: Argument of type 'string | undefined' is not assignable to parameter of type 'string'.
  Type 'undefined' is not assignable to type 'string'.
infrastructure/migration/migration-api.ts(418,33): error TS7030: Not all code paths return a value.
infrastructure/migration/migration-api.ts(420,30): error TS2345: Argument of type 'string | undefined' is not assignable to parameter of type 'string'.
  Type 'undefined' is not assignable to type 'string'.
infrastructure/migration/migration-api.ts(448,39): error TS6133: 'req' is declared but its value is never read.
infrastructure/migration/monitoring.service.ts(134,5): error TS2322: Type 'MigrationMetrics | null | undefined' is not assignable to type 'MigrationMetrics | null'.
  Type 'undefined' is not assignable to type 'MigrationMetrics | null'.
infrastructure/migration/monitoring.service.ts(197,17): error TS7053: Element implicitly has an 'any' type because expression of type 'string' can't be used to index type '{}'.
  No index signature with a parameter of type 'string' was found on type '{}'.
infrastructure/migration/monitoring.service.ts(353,7): error TS18046: 'dashboardData.components' is of type 'unknown'.
infrastructure/migration/monitoring.service.ts(362,7): error TS18046: 'dashboardData.alerts' is of type 'unknown'.
infrastructure/migration/monitoring.service.ts(363,10): error TS18046: 'dashboardData.alerts' is of type 'unknown'.
infrastructure/migration/orchestrator.service.ts(8,1): error TS6133: 'abTestingService' is declared but its value is never read.
infrastructure/migration/orchestrator.service.ts(9,1): error TS6133: 'dashboardService' is declared but its value is never read.
infrastructure/migration/orchestrator.service.ts(120,15): error TS2353: Object literal may only specify known properties, and 'status' does not exist in type 'MigrationComponent'.
infrastructure/migration/orchestrator.service.ts(412,51): error TS18046: 'alert' is of type 'unknown'.
infrastructure/migration/orchestrator.service.ts(412,69): error TS18046: 'alert' is of type 'unknown'.
infrastructure/migration/phase1-deployment-orchestrator.ts(9,1): error TS6133: 'dashboardService' is declared but its value is never read.
infrastructure/migration/phase1-deployment-orchestrator.ts(11,1): error TS6133: 'featureFlagsService' is declared but its value is never read.
infrastructure/migration/phase1-deployment-orchestrator.ts(14,1): error TS6133: 'validationService' is declared but its value is never read.
infrastructure/migration/phase1-deployment-orchestrator.ts(53,34): error TS6133: 'performanceMetrics' is declared but its value is never read.
infrastructure/migration/phase1-deployment-orchestrator.ts(57,13): error TS6133: 'memoryValidationResult' is declared but its value is never read.
infrastructure/migration/phase1-deployment-orchestrator.ts(209,7): error TS18046: 'report.components' is of type 'unknown'.
infrastructure/migration/phase1-deployment-orchestrator.ts(233,9): error TS18046: 'report.abTestingResults' is of type 'unknown'.
infrastructure/migration/phase1-deployment-orchestrator.ts(239,9): error TS18046: 'report.abTestingResults' is of type 'unknown'.
infrastructure/migration/phase1-deployment-orchestrator.ts(250,68): error TS18046: 'r' is of type 'unknown'.
infrastructure/migration/phase1-deployment-orchestrator.ts(251,69): error TS18046: 'r' is of type 'unknown'.
infrastructure/migration/phase1-deployment-orchestrator.ts(277,11): error TS18046: 'progress.components' is of type 'unknown'.
infrastructure/migration/repository-deployment-executor.ts(3,3): error TS2305: Module '"@server/infrastructure/error-handling"' has no exported member 'ResultAdapter'.
infrastructure/migration/repository-deployment-executor.ts(3,3): error TS6133: 'ResultAdapter' is declared but its value is never read.
infrastructure/migration/repository-deployment-executor.ts(4,3): error TS2305: Module '"@server/infrastructure/error-handling"' has no exported member 'withResultHandling'.
infrastructure/migration/repository-deployment-executor.ts(154,27): error TS2339: Property 'success' does not exist on type 'ServiceResult<DeploymentStatus>'.
  Property 'success' does not exist on type 'Ok<DeploymentStatus, StandardizedError>'.
infrastructure/migration/repository-deployment-executor.ts(158,29): error TS2339: Property 'data' does not exist on type 'ServiceResult<DeploymentStatus>'.
  Property 'data' does not exist on type 'Ok<DeploymentStatus, StandardizedError>'.
infrastructure/migration/repository-deployment-executor.ts(193,19): error TS2339: Property 'success' does not exist on type 'ServiceResult<ValidationResult> | ServiceResult<CrossPhaseValidationResult>'.
  Property 'success' does not exist on type 'Ok<ValidationResult, StandardizedError>'.
infrastructure/migration/repository-deployment-executor.ts(194,54): error TS2339: Property 'error' does not exist on type 'ServiceResult<ValidationResult> | ServiceResult<CrossPhaseValidationResult>'.
  Property 'error' does not exist on type 'Ok<ValidationResult, StandardizedError>'.
infrastructure/migration/repository-deployment-executor.ts(199,54): error TS2339: Property 'data' does not exist on type 'ServiceResult<ValidationResult>'.
  Property 'data' does not exist on type 'Ok<ValidationResult, StandardizedError>'.
infrastructure/migration/repository-deployment-executor.ts(200,56): error TS2339: Property 'data' does not exist on type 'ServiceResult<ValidationResult>'.
  Property 'data' does not exist on type 'Ok<ValidationResult, StandardizedError>'.
infrastructure/migration/repository-deployment-executor.ts(201,40): error TS2339: Property 'data' does not exist on type 'ServiceResult<ValidationResult>'.
  Property 'data' does not exist on type 'Ok<ValidationResult, StandardizedError>'.
infrastructure/migration/repository-deployment-executor.ts(202,38): error TS2339: Property 'data' does not exist on type 'ServiceResult<ValidationResult>'.
  Property 'data' does not exist on type 'Ok<ValidationResult, StandardizedError>'.
infrastructure/migration/repository-deployment-executor.ts(203,50): error TS2339: Property 'data' does not exist on type 'ServiceResult<CrossPhaseValidationResult>'.
  Property 'data' does not exist on type 'Ok<CrossPhaseValidationResult, StandardizedError>'.
infrastructure/migration/repository-deployment-executor.ts(224,28): error TS2339: Property 'success' does not exist on type 'ServiceResult<StatisticalAnalysisResult>'.
  Property 'success' does not exist on type 'Ok<StatisticalAnalysisResult, StandardizedError>'.
infrastructure/migration/repository-deployment-executor.ts(225,73): error TS2339: Property 'error' does not exist on type 'ServiceResult<StatisticalAnalysisResult>'.
  Property 'error' does not exist on type 'Ok<StatisticalAnalysisResult, StandardizedError>'.
infrastructure/migration/repository-deployment-executor.ts(228,30): error TS2339: Property 'data' does not exist on type 'ServiceResult<StatisticalAnalysisResult>'.
  Property 'data' does not exist on type 'Ok<StatisticalAnalysisResult, StandardizedError>'.
infrastructure/migration/repository-deployment-executor.ts(236,5): error TS6133: 'statisticalAnalysis' is declared but its value is never read.
infrastructure/migration/repository-deployment-executor.ts(498,24): error TS2339: Property 'rollbackRequired' does not exist on type 'ServiceResult<DeploymentExecutionResult>'.
  Property 'rollbackRequired' does not exist on type 'Ok<DeploymentExecutionResult, StandardizedError>'.
infrastructure/migration/repository-deployment-executor.ts(499,22): error TS2339: Property 'success' does not exist on type 'ServiceResult<{ summary: string; metrics: any; compliance: any; recommendations: string[]; }>'.
  Property 'success' does not exist on type 'Ok<{ summary: string; metrics: any; compliance: any; recommendations: string[]; }, StandardizedError>'.
infrastructure/migration/repository-deployment-executor.ts(499,39): error TS2339: Property 'data' does not exist on type 'ServiceResult<{ summary: string; metrics: any; compliance: any; recommendations: string[]; }>'.
  Property 'data' does not exist on type 'Ok<{ summary: string; metrics: any; compliance: any; recommendations: string[]; }, StandardizedError>'.
infrastructure/migration/repository-deployment-service.ts(16,3): error TS2305: Module '"@server/infrastructure/error-handling"' has no exported member 'ResultAdapter'.
infrastructure/migration/repository-deployment-service.ts(16,3): error TS6133: 'ResultAdapter' is declared but its value is never read.
infrastructure/migration/repository-deployment-service.ts(17,3): error TS2305: Module '"@server/infrastructure/error-handling"' has no exported member 'withResultHandling'.
infrastructure/migration/repository-deployment-service.ts(303,12): error TS2304: Cannot find name 'monitorOperation'.
infrastructure/migration/repository-deployment-service.ts(362,12): error TS2304: Cannot find name 'monitorOperation'.
infrastructure/migration/repository-deployment-service.ts(410,12): error TS2304: Cannot find name 'monitorOperation'.
infrastructure/migration/repository-deployment-service.ts(444,12): error TS2304: Cannot find name 'monitorOperation'.
infrastructure/migration/repository-deployment-service.ts(491,12): error TS2304: Cannot find name 'monitorOperation'.
infrastructure/migration/repository-deployment-validator.ts(3,3): error TS2305: Module '"@server/infrastructure/error-handling"' has no exported member 'ResultAdapter'.
infrastructure/migration/repository-deployment-validator.ts(3,3): error TS6133: 'ResultAdapter' is declared but its value is never read.
infrastructure/migration/repository-deployment-validator.ts(4,3): error TS2305: Module '"@server/infrastructure/error-handling"' has no exported member 'withResultHandling'.
infrastructure/migration/repository-deployment-validator.ts(6,10): error TS6133: 'and' is declared but its value is never read.
infrastructure/migration/repository-deployment-validator.ts(6,15): error TS6133: 'avg' is declared but its value is never read.
infrastructure/migration/repository-deployment-validator.ts(6,27): error TS6133: 'desc' is declared but its value is never read.
infrastructure/migration/repository-deployment-validator.ts(6,32): error TS6133: 'eq' is declared but its value is never read.
infrastructure/migration/repository-deployment-validator.ts(110,12): error TS2304: Cannot find name 'databaseService'.
infrastructure/migration/repository-deployment-validator.ts(337,43): error TS6133: 'context' is declared but its value is never read.
infrastructure/migration/repository-deployment-validator.ts(408,44): error TS6133: 'cohortId' is declared but its value is never read.
infrastructure/migration/rollback.service.ts(337,36): error TS6133: 'component' is declared but its value is never read.
infrastructure/migration/rollback.service.ts(389,5): error TS2322: Type 'RollbackEvent | null | undefined' is not assignable to type 'RollbackEvent | null'.
  Type 'undefined' is not assignable to type 'RollbackEvent | null'.
infrastructure/migration/validation.service.ts(201,45): error TS6133: 'context' is declared but its value is never read.
infrastructure/migration/validation.service.ts(263,38): error TS6133: 'context' is declared but its value is never read.
infrastructure/migration/validation.service.ts(317,35): error TS6133: 'context' is declared but its value is never read.
infrastructure/migration/validation.service.ts(381,42): error TS6133: 'context' is declared but its value is never read.
infrastructure/migration/validation.service.ts(431,47): error TS6133: 'context' is declared but its value is never read.
infrastructure/migration/validation.service.ts(484,36): error TS6133: 'query' is declared but its value is never read.
infrastructure/migration/validation.service.ts(489,33): error TS6133: 'query' is declared but its value is never read.
infrastructure/migration/validation.service.ts(499,35): error TS6133: 'input' is declared but its value is never read.
infrastructure/migration/validation.service.ts(504,35): error TS6133: 'input' is declared but its value is never read.
infrastructure/migration/validation.service.ts(511,21): error TS18046: 'mock' is of type 'unknown'.
infrastructure/migration/validation.service.ts(511,39): error TS18046: 'real' is of type 'unknown'.
infrastructure/migration/validation.service.ts(514,33): error TS6133: 'endpoint' is declared but its value is never read.
infrastructure/migration/validation.service.ts(556,30): error TS6133: 'component' is declared but its value is never read.
infrastructure/migration/validation.service.ts(556,49): error TS6133: 'limit' is declared but its value is never read.
infrastructure/observability/http/response-wrapper.ts(28,3): error TS2305: Module '"../../../../shared/types/api"' has no exported member 'ApiErrorSeverity'.
infrastructure/observability/http/response-wrapper.ts(30,3): error TS2305: Module '"../../../../shared/types/api"' has no exported member 'ValidationErrorDetail'.
infrastructure/observability/monitoring/error-tracker.ts(263,7): error TS2322: Type 'unknown' is not assignable to type 'string | undefined'.
infrastructure/observability/monitoring/error-tracker.ts(264,66): error TS2339: Property 'id' does not exist on type '{}'.
infrastructure/observability/monitoring/error-tracker.ts(497,5): error TS2322: Type '{} | undefined' is not assignable to type 'string | undefined'.
  Type '{}' is not assignable to type 'string'.
infrastructure/observability/monitoring/error-tracker.ts(716,56): error TS2345: Argument of type 'unknown' is not assignable to parameter of type '"low" | "high" | "medium" | "critical"'.
infrastructure/observability/monitoring/error-tracker.ts(717,56): error TS2345: Argument of type 'unknown' is not assignable to parameter of type '"validation" | "database" | "authentication" | "external_api" | "system" | "business_logic"'.
infrastructure/observability/monitoring/index.ts(22,3): error TS2305: Module '"./performance-monitor"' has no exported member 'monitorOperation'.
infrastructure/privacy/privacy-facade.ts(8,32): error TS2307: Cannot find module '@server/features/privacy' or its corresponding type declarations.
infrastructure/safeguards/safeguards-facade.ts(15,8): error TS2307: Cannot find module '@server/features/safeguards/application/cib-detection-service' or its corresponding type declarations.
infrastructure/safeguards/safeguards-facade.ts(19,8): error TS2307: Cannot find module '@server/features/safeguards/application/moderation-service' or its corresponding type declarations.
infrastructure/safeguards/safeguards-facade.ts(24,8): error TS2307: Cannot find module '@server/features/safeguards/application/rate-limit-service' or its corresponding type declarations.
infrastructure/schema/base-types.ts(95,28): error TS18046: 'enumType' is of type 'unknown'.
infrastructure/schema/base-types.ts(96,10): error TS18046: 'enumType' is of type 'unknown'.
infrastructure/schema/domains/citizen-participation.ts(28,8): error TS2307: Cannot find module './citizen_participation' or its corresponding type declarations.
infrastructure/schema/domains/citizen-participation.ts(51,8): error TS2307: Cannot find module './citizen_participation' or its corresponding type declarations.
infrastructure/schema/domains/constitutional-intelligence.ts(28,8): error TS2307: Cannot find module './constitutional_intelligence' or its corresponding type declarations.
infrastructure/schema/domains/constitutional-intelligence.ts(51,8): error TS2307: Cannot find module './constitutional_intelligence' or its corresponding type declarations.
infrastructure/schema/domains/foundation.ts(52,3): error TS2305: Module '"../integration-extended"' has no exported member 'createBillId'.
infrastructure/schema/domains/foundation.ts(53,3): error TS2305: Module '"../integration-extended"' has no exported member 'createSessionId'.
infrastructure/schema/domains/foundation.ts(67,3): error TS2724: '"../integration-extended"' has no exported member named 'BillId'. Did you mean 'Bill'?
infrastructure/schema/domains/foundation.ts(68,3): error TS2459: Module '"../integration-extended"' declares 'SessionId' locally, but it is not exported.
infrastructure/schema/domains/foundation.ts(69,3): error TS2724: '"../integration-extended"' has no exported member named 'SponsorId'. Did you mean 'Sponsor'?
infrastructure/schema/domains/foundation.ts(70,3): error TS2724: '"../integration-extended"' has no exported member named 'CommitteeId'. Did you mean 'Committee'?
infrastructure/schema/domains/foundation.ts(71,3): error TS2459: Module '"../integration-extended"' declares 'LegislatorId' locally, but it is not exported.
infrastructure/schema/domains/index.ts(22,1): error TS2308: Module "./integrity-operations" has already exported a member named 'moderationQueueRelations'. Consider explicitly re-exporting to resolve the ambiguity.
infrastructure/schema/domains/integrity-operations.ts(23,8): error TS2307: Cannot find module './integrity_operations' or its corresponding type declarations.
infrastructure/schema/domains/parliamentary-process.ts(26,8): error TS2307: Cannot find module './parliamentary_process' or its corresponding type declarations.
infrastructure/schema/integration-extended.ts(16,3): error TS6133: 'auditFields' is declared but its value is never read.
infrastructure/schema/integration-extended.ts(17,3): error TS6133: 'emailField' is declared but its value is never read.
infrastructure/schema/integration-extended.ts(25,3): error TS6133: 'userRoleEnum' is declared but its value is never read.
infrastructure/schema/integration-extended.ts(26,3): error TS6133: 'anonymityLevelEnum' is declared but its value is never read.
infrastructure/schema/integration-extended.ts(30,1): error TS6192: All imports in import declaration are unused.
infrastructure/schema/integration-extended.ts(31,3): error TS2305: Module '"@shared/types/core/common"' has no exported member 'UserId'.
infrastructure/schema/integration-extended.ts(32,3): error TS2305: Module '"@shared/types/core/common"' has no exported member 'BillId'.
infrastructure/schema/integration-extended.ts(33,3): error TS2305: Module '"@shared/types/core/common"' has no exported member 'SessionId'.
infrastructure/schema/integration-extended.ts(35,3): error TS2305: Module '"@shared/types/core/common"' has no exported member 'LegislatorId'.
infrastructure/schema/integration-extended.ts(36,3): error TS2305: Module '"@shared/types/core/common"' has no exported member 'CommitteeId'.
infrastructure/schema/integration-extended.ts(37,3): error TS2305: Module '"@shared/types/core/common"' has no exported member 'SponsorId'.
infrastructure/schema/integration-extended.ts(38,3): error TS2305: Module '"@shared/types/core/common"' has no exported member 'AmendmentId'.
infrastructure/schema/integration-extended.ts(560,30): error TS2304: Cannot find name 'committee_members'.
infrastructure/schema/integration-extended.ts(563,22): error TS2304: Cannot find name 'political_appointments'.
infrastructure/schema/integration-extended.ts(567,22): error TS2304: Cannot find name 'political_appointments'.
infrastructure/schema/integration-extended.ts(569,21): error TS2304: Cannot find name 'county_bill_assents'.
infrastructure/schema/integration-extended.ts(573,17): error TS2304: Cannot find name 'committee_members'.
infrastructure/schema/integration-extended.ts(600,16): error TS2304: Cannot find name 'participation_quality_audits'.
infrastructure/schema/integration-extended.ts(601,17): error TS2304: Cannot find name 'county_bill_assents'.
infrastructure/schema/integration-extended.ts(602,23): error TS2304: Cannot find name 'trojan_bill_analysis'.
infrastructure/schema/integration-extended.ts(604,18): error TS2304: Cannot find name 'trojan_bill_analysis'.
infrastructure/schema/integration.ts(9,1): error TS6133: 'AnyPgColumn' is declared but its value is never read.
infrastructure/schema/integration.ts(11,18): error TS6133: 'integer' is declared but its value is never read.
infrastructure/schema/integration.ts(11,47): error TS6133: 'jsonb' is declared but its value is never read.
infrastructure/schema/integration.ts(11,54): error TS6133: 'numeric' is declared but its value is never read.
infrastructure/schema/integration.ts(11,63): error TS6133: 'uuid' is declared but its value is never read.
infrastructure/schema/integration.ts(12,18): error TS6133: 'date' is declared but its value is never read.
infrastructure/schema/integration.ts(25,3): error TS6133: 'chamberEnum' is declared but its value is never read.
infrastructure/schema/integration.ts(26,3): error TS6133: 'partyEnum' is declared but its value is never read.
infrastructure/schema/integration.ts(27,3): error TS6133: 'billStatusEnum' is declared but its value is never read.
infrastructure/schema/integration.ts(29,3): error TS6133: 'anonymityLevelEnum' is declared but its value is never read.
infrastructure/schema/integration.ts(34,3): error TS2305: Module '"@shared/types/core/common"' has no exported member 'UserId'.
infrastructure/schema/integration.ts(35,3): error TS2305: Module '"@shared/types/core/common"' has no exported member 'BillId'.
infrastructure/schema/integration.ts(36,3): error TS2305: Module '"@shared/types/core/common"' has no exported member 'SessionId'.
infrastructure/schema/integration.ts(38,3): error TS2305: Module '"@shared/types/core/common"' has no exported member 'LegislatorId'.
infrastructure/schema/integration.ts(39,3): error TS2305: Module '"@shared/types/core/common"' has no exported member 'CommitteeId'.
infrastructure/schema/integration.ts(40,3): error TS2305: Module '"@shared/types/core/common"' has no exported member 'SponsorId'.
infrastructure/schema/integration.ts(41,3): error TS2305: Module '"@shared/types/core/common"' has no exported member 'AmendmentId'.
infrastructure/schema/integration.ts(207,37): error TS2554: Expected 1 arguments, but got 2.
infrastructure/schema/integration.ts(218,48): error TS6198: All destructured elements are unused.
infrastructure/schema/integration_monitoring.ts(7,10): error TS6133: 'sql' is declared but its value is never read.
infrastructure/schema/migration-state.ts(86,9): error TS2540: Cannot assign to 'lastUpdated' because it is a read-only property.
infrastructure/schema/migration-state.ts(111,13): error TS2540: Cannot assign to 'status' because it is a read-only property.
infrastructure/schema/migration-state.ts(112,33): error TS2540: Cannot assign to 'error' because it is a read-only property.
infrastructure/schema/migration-state.ts(113,49): error TS2540: Cannot assign to 'changes' because it is a read-only property.
infrastructure/schema/migration-state.ts(115,9): error TS2540: Cannot assign to 'lastUpdated' because it is a read-only property.
infrastructure/schema/migration-state.ts(251,9): error TS2540: Cannot assign to 'migrations' because it is a read-only property.
infrastructure/schema/migration-state.ts(252,9): error TS2540: Cannot assign to 'lastUpdated' because it is a read-only property.
infrastructure/schema/ml_intelligence.ts(19,3): error TS6133: 'doublePrecision' is declared but its value is never read.
infrastructure/schema/ml_intelligence.ts(67,43): error TS2345: Argument of type 'string' is not assignable to parameter of type 'SQL<unknown>'.
infrastructure/schema/ml_intelligence.ts(68,42): error TS2345: Argument of type 'string' is not assignable to parameter of type 'SQL<unknown>'.
infrastructure/schema/ml_intelligence.ts(69,48): error TS2345: Argument of type 'string' is not assignable to parameter of type 'SQL<unknown>'.
infrastructure/schema/ml_intelligence.ts(159,44): error TS2345: Argument of type 'string' is not assignable to parameter of type 'SQL<unknown>'.
infrastructure/schema/ml_intelligence.ts(160,48): error TS2345: Argument of type 'string' is not assignable to parameter of type 'SQL<unknown>'.
infrastructure/schema/ml_intelligence.ts(245,48): error TS2345: Argument of type 'string' is not assignable to parameter of type 'SQL<unknown>'.
infrastructure/schema/ml_intelligence.ts(277,47): error TS2345: Argument of type 'string' is not assignable to parameter of type 'SQL<unknown>'.
infrastructure/schema/ml_intelligence.ts(321,7): error TS2345: Argument of type 'string' is not assignable to parameter of type 'SQL<unknown>'.
infrastructure/schema/ml_intelligence.ts(409,48): error TS2345: Argument of type 'string' is not assignable to parameter of type 'SQL<unknown>'.
infrastructure/schema/ml_intelligence.ts(455,7): error TS2345: Argument of type 'string' is not assignable to parameter of type 'SQL<unknown>'.
infrastructure/schema/ml_intelligence.ts(611,46): error TS2345: Argument of type 'string' is not assignable to parameter of type 'SQL<unknown>'.
infrastructure/schema/ml_intelligence.ts(612,48): error TS2345: Argument of type 'string' is not assignable to parameter of type 'SQL<unknown>'.
infrastructure/schema/safeguards.ts(48,1): error TS6133: 'expertCredentials' is declared but its value is never read.
infrastructure/schema/schema-generators.ts(8,1): error TS6133: 'AnyPgColumn' is declared but its value is never read.
infrastructure/schema/schema-generators.ts(10,3): error TS2305: Module '"@shared/types/core/common"' has no exported member 'UserId'.
infrastructure/schema/schema-generators.ts(11,3): error TS2305: Module '"@shared/types/core/common"' has no exported member 'BillId'.
infrastructure/schema/schema-generators.ts(12,3): error TS2305: Module '"@shared/types/core/common"' has no exported member 'SessionId'.
infrastructure/schema/schema-generators.ts(14,3): error TS2305: Module '"@shared/types/core/common"' has no exported member 'LegislatorId'.
infrastructure/schema/schema-generators.ts(15,3): error TS2305: Module '"@shared/types/core/common"' has no exported member 'CommitteeId'.
infrastructure/schema/schema-generators.ts(16,3): error TS2305: Module '"@shared/types/core/common"' has no exported member 'SponsorId'.
infrastructure/schema/schema-generators.ts(17,3): error TS2305: Module '"@shared/types/core/common"' has no exported member 'AmendmentId'.
infrastructure/schema/schema-generators.ts(20,3): error TS6133: 'isBrandedId' is declared but its value is never read.
infrastructure/schema/schema-generators.ts(23,1): error TS6133: 'createValidatedType' is declared but its value is never read.
infrastructure/schema/schema-generators.ts(105,39): error TS6133: 'T' is declared but its value is never read.
infrastructure/schema/schema-generators.ts(323,31): error TS18046: 'fieldSchema' is of type 'unknown'.
infrastructure/schema/schema-generators.ts(347,40): error TS2556: A spread argument must either have a tuple type or be passed to a rest parameter.
infrastructure/schema/validation-integration.ts(8,23): error TS6133: 'uuidSchema' is declared but its value is never read.
infrastructure/schema/validation-integration.ts(9,31): error TS6133: 'ValidatedType' is declared but its value is never read.
infrastructure/schema/validation-integration.ts(14,17): error TS6133: 'userRelations' is declared but its value is never read.
infrastructure/schema/validation-integration.ts(14,44): error TS6133: 'ValidatedUserType' is declared but its value is never read.
infrastructure/schema/validation-integration.ts(14,63): error TS6133: 'isUser' is declared but its value is never read.
infrastructure/schema/validation-integration.ts(15,17): error TS6133: 'billRelations' is declared but its value is never read.
infrastructure/schema/validation-integration.ts(15,42): error TS6133: 'sponsorRelations' is declared but its value is never read.
infrastructure/schema/validation-integration.ts(15,60): error TS6133: 'governors' is declared but its value is never read.
infrastructure/schema/validation-integration.ts(15,71): error TS6133: 'governorRelations' is declared but its value is never read.
infrastructure/schema/validation-integration.ts(15,90): error TS6133: 'committees' is declared but its value is never read.
infrastructure/schema/validation-integration.ts(15,102): error TS6133: 'committeeRelations' is declared but its value is never read.
infrastructure/schema/validation-integration.ts(15,149): error TS6133: 'ValidatedBillType' is declared but its value is never read.
infrastructure/schema/validation-integration.ts(15,168): error TS6133: 'ValidatedSponsorType' is declared but its value is never read.
infrastructure/schema/validation-integration.ts(60,11): error TS2536: Type '"_type"' cannot be used to index type '{ readonly users: { readonly schema: ZodObject<{ id: ZodString; email: ZodString; role: ZodEnum<["citizen", "verified_citizen", "ambassador", "expert_verifier", "mp_staff", "clerk", "admin", ... 6 more ..., "representative"]>; ... 5 more ...; constituency: ZodOptional<...>; }, "strip", ZodTypeAny, { ...; }, { ...; }...'.
infrastructure/schema/validation-integration.ts(62,3): error TS2322: Type 'Result<{ id: string; created_at: Date; updated_at: Date; chamber: "national_assembly" | "senate" | "county_assembly"; bill_number: string; title: string; status: "first_reading" | ... 7 more ... | "withdrawn"; ... 4 more ...; governor_id?: string | undefined; }, ValidationError> | Result<...> | Result<...>' is not assignable to type 'Result<{ readonly users: { readonly schema: ZodObject<{ id: ZodString; email: ZodString; role: ZodEnum<["citizen", "verified_citizen", "ambassador", "expert_verifier", "mp_staff", "clerk", "admin", ... 6 more ..., "representative"]>; ... 5 more ...; constituency: ZodOptional<...>; }, "strip", ZodTypeAny, { ...; }, {...'.
  Type 'Ok<{ id: string; created_at: Date; updated_at: Date; chamber: "national_assembly" | "senate" | "county_assembly"; bill_number: string; title: string; status: "first_reading" | ... 7 more ... | "withdrawn"; ... 4 more ...; governor_id?: string | undefined; }, ValidationError>' is not assignable to type 'Result<{ readonly users: { readonly schema: ZodObject<{ id: ZodString; email: ZodString; role: ZodEnum<["citizen", "verified_citizen", "ambassador", "expert_verifier", "mp_staff", "clerk", "admin", ... 6 more ..., "representative"]>; ... 5 more ...; constituency: ZodOptional<...>; }, "strip", ZodTypeAny, { ...; }, {...'.
    Type 'Ok<{ id: string; created_at: Date; updated_at: Date; chamber: "national_assembly" | "senate" | "county_assembly"; bill_number: string; title: string; status: "first_reading" | ... 7 more ... | "withdrawn"; ... 4 more ...; governor_id?: string | undefined; }, ValidationError>' is not assignable to type 'Ok<{ readonly users: { readonly schema: ZodObject<{ id: ZodString; email: ZodString; role: ZodEnum<["citizen", "verified_citizen", "ambassador", "expert_verifier", "mp_staff", "clerk", "admin", ... 6 more ..., "representative"]>; ... 5 more ...; constituency: ZodOptional<...>; }, "strip", ZodTypeAny, { ...; }, { ......'.
      Type '{ id: string; created_at: Date; updated_at: Date; chamber: "national_assembly" | "senate" | "county_assembly"; bill_number: string; title: string; status: "first_reading" | ... 7 more ... | "withdrawn"; ... 4 more ...; governor_id?: string | undefined; }' is not assignable to type '{ readonly users: { readonly schema: ZodObject<{ id: ZodString; email: ZodString; role: ZodEnum<["citizen", "verified_citizen", "ambassador", "expert_verifier", "mp_staff", "clerk", "admin", ... 6 more ..., "representative"]>; ... 5 more ...; constituency: ZodOptional<...>; }, "strip", ZodTypeAny, { ...; }, { ...; }...'.
infrastructure/schema/validation-integration.ts(72,19): error TS2536: Type '"_type"' cannot be used to index type '{ readonly users: { readonly schema: ZodObject<{ id: ZodString; email: ZodString; role: ZodEnum<["citizen", "verified_citizen", "ambassador", "expert_verifier", "mp_staff", "clerk", "admin", ... 6 more ..., "representative"]>; ... 5 more ...; constituency: ZodOptional<...>; }, "strip", ZodTypeAny, { ...; }, { ...; }...'.
infrastructure/schema/validation-integration.ts(74,3): error TS2322: Type 'Result<{ id: string; created_at: Date; updated_at: Date; chamber: "national_assembly" | "senate" | "county_assembly"; bill_number: string; title: string; status: "first_reading" | ... 7 more ... | "withdrawn"; ... 4 more ...; governor_id?: string | undefined; }, ValidationError> | Result<...> | Result<...>' is not assignable to type 'Result<{ readonly users: { readonly schema: ZodObject<{ id: ZodString; email: ZodString; role: ZodEnum<["citizen", "verified_citizen", "ambassador", "expert_verifier", "mp_staff", "clerk", "admin", ... 6 more ..., "representative"]>; ... 5 more ...; constituency: ZodOptional<...>; }, "strip", ZodTypeAny, { ...; }, {...'.
  Type 'Ok<{ id: string; created_at: Date; updated_at: Date; chamber: "national_assembly" | "senate" | "county_assembly"; bill_number: string; title: string; status: "first_reading" | ... 7 more ... | "withdrawn"; ... 4 more ...; governor_id?: string | undefined; }, ValidationError>' is not assignable to type 'Result<{ readonly users: { readonly schema: ZodObject<{ id: ZodString; email: ZodString; role: ZodEnum<["citizen", "verified_citizen", "ambassador", "expert_verifier", "mp_staff", "clerk", "admin", ... 6 more ..., "representative"]>; ... 5 more ...; constituency: ZodOptional<...>; }, "strip", ZodTypeAny, { ...; }, {...'.
    Type 'Ok<{ id: string; created_at: Date; updated_at: Date; chamber: "national_assembly" | "senate" | "county_assembly"; bill_number: string; title: string; status: "first_reading" | ... 7 more ... | "withdrawn"; ... 4 more ...; governor_id?: string | undefined; }, ValidationError>' is not assignable to type 'Ok<{ readonly users: { readonly schema: ZodObject<{ id: ZodString; email: ZodString; role: ZodEnum<["citizen", "verified_citizen", "ambassador", "expert_verifier", "mp_staff", "clerk", "admin", ... 6 more ..., "representative"]>; ... 5 more ...; constituency: ZodOptional<...>; }, "strip", ZodTypeAny, { ...; }, { ......'.
      Type '{ id: string; created_at: Date; updated_at: Date; chamber: "national_assembly" | "senate" | "county_assembly"; bill_number: string; title: string; status: "first_reading" | ... 7 more ... | "withdrawn"; ... 4 more ...; governor_id?: string | undefined; }' is not assignable to type '{ readonly users: { readonly schema: ZodObject<{ id: ZodString; email: ZodString; role: ZodEnum<["citizen", "verified_citizen", "ambassador", "expert_verifier", "mp_staff", "clerk", "admin", ... 6 more ..., "representative"]>; ... 5 more ...; constituency: ZodOptional<...>; }, "strip", ZodTypeAny, { ...; }, { ...; }...'.
infrastructure/schema/validation-integration.ts(84,11): error TS2536: Type '"_type"' cannot be used to index type '{ readonly users: { readonly schema: ZodObject<{ id: ZodString; email: ZodString; role: ZodEnum<["citizen", "verified_citizen", "ambassador", "expert_verifier", "mp_staff", "clerk", "admin", ... 6 more ..., "representative"]>; ... 5 more ...; constituency: ZodOptional<...>; }, "strip", ZodTypeAny, { ...; }, { ...; }...'.
infrastructure/schema/validation-integration.ts(86,25): error TS2536: Type '"_type"' cannot be used to index type '{ readonly users: { readonly schema: ZodObject<{ id: ZodString; email: ZodString; role: ZodEnum<["citizen", "verified_citizen", "ambassador", "expert_verifier", "mp_staff", "clerk", "admin", ... 6 more ..., "representative"]>; ... 5 more ...; constituency: ZodOptional<...>; }, "strip", ZodTypeAny, { ...; }, { ...; }...'.
infrastructure/schema/validation-integration.ts(93,16): error TS2339: Property 'success' does not exist on type 'Result<{ id: string; created_at: Date; updated_at: Date; chamber: "national_assembly" | "senate" | "county_assembly"; bill_number: string; title: string; status: "first_reading" | ... 7 more ... | "withdrawn"; ... 4 more ...; governor_id?: string | undefined; }, ValidationError> | Result<...> | Result<...>'.
  Property 'success' does not exist on type 'Ok<{ id: string; created_at: Date; updated_at: Date; chamber: "national_assembly" | "senate" | "county_assembly"; bill_number: string; title: string; status: "first_reading" | ... 7 more ... | "withdrawn"; ... 4 more ...; governor_id?: string | undefined; }, ValidationError>'.
infrastructure/schema/validation-integration.ts(94,34): error TS2339: Property 'data' does not exist on type 'Result<{ id: string; created_at: Date; updated_at: Date; chamber: "national_assembly" | "senate" | "county_assembly"; bill_number: string; title: string; status: "first_reading" | ... 7 more ... | "withdrawn"; ... 4 more ...; governor_id?: string | undefined; }, ValidationError> | Result<...> | Result<...>'.
  Property 'data' does not exist on type 'Ok<{ id: string; created_at: Date; updated_at: Date; chamber: "national_assembly" | "senate" | "county_assembly"; bill_number: string; title: string; status: "first_reading" | ... 7 more ... | "withdrawn"; ... 4 more ...; governor_id?: string | undefined; }, ValidationError>'.
infrastructure/schema/validation-integration.ts(98,23): error TS2339: Property 'error' does not exist on type 'Result<{ id: string; created_at: Date; updated_at: Date; chamber: "national_assembly" | "senate" | "county_assembly"; bill_number: string; title: string; status: "first_reading" | ... 7 more ... | "withdrawn"; ... 4 more ...; governor_id?: string | undefined; }, ValidationError> | Result<...> | Result<...>'.
  Property 'error' does not exist on type 'Ok<{ id: string; created_at: Date; updated_at: Date; chamber: "national_assembly" | "senate" | "county_assembly"; bill_number: string; title: string; status: "first_reading" | ... 7 more ... | "withdrawn"; ... 4 more ...; governor_id?: string | undefined; }, ValidationError>'.
infrastructure/schema/validation-integration.ts(104,14): error TS2353: Object literal may only specify known properties, and 'success' does not exist in type 'Result<{ readonly users: { readonly schema: ZodObject<{ id: ZodString; email: ZodString; role: ZodEnum<["citizen", "verified_citizen", "ambassador", "expert_verifier", "mp_staff", "clerk", "admin", ... 6 more ..., "representative"]>; ... 5 more ...; constituency: ZodOptional<...>; }, "strip", ZodTypeAny, { ...; }, {...'.
infrastructure/schema/validation-integration.ts(108,5): error TS2353: Object literal may only specify known properties, and 'success' does not exist in type 'Result<{ readonly users: { readonly schema: ZodObject<{ id: ZodString; email: ZodString; role: ZodEnum<["citizen", "verified_citizen", "ambassador", "expert_verifier", "mp_staff", "clerk", "admin", ... 6 more ..., "representative"]>; ... 5 more ...; constituency: ZodOptional<...>; }, "strip", ZodTypeAny, { ...; }, {...'.
infrastructure/schema/validation-integration.ts(109,89): error TS2345: Argument of type 'undefined' is not assignable to parameter of type 'ErrorContext'.
infrastructure/schema/validation-integration.ts(131,26): error TS2554: Expected 1 arguments, but got 2.
infrastructure/schema/validation-integration.ts(132,14): error TS2353: Object literal may only specify known properties, and 'success' does not exist in type 'Result<string & { readonly __brand: T; }, ValidationError>'.
infrastructure/schema/validation-integration.ts(139,5): error TS2353: Object literal may only specify known properties, and 'success' does not exist in type 'Result<string & { readonly __brand: T; }, ValidationError>'.
infrastructure/schema/validation-integration.ts(142,7): error TS2345: Argument of type 'string' is not assignable to parameter of type 'ErrorContext'.
infrastructure/schema/validation-integration.ts(164,28): error TS2554: Expected 1 arguments, but got 2.
infrastructure/schema/validation-integration.ts(175,14): error TS2353: Object literal may only specify known properties, and 'success' does not exist in type 'Result<(string & { readonly __brand: T; })[], ValidationError>'.
infrastructure/schema/validation-integration.ts(179,5): error TS2353: Object literal may only specify known properties, and 'success' does not exist in type 'Result<(string & { readonly __brand: T; })[], ValidationError>'.
infrastructure/schema/validation-integration.ts(182,7): error TS2345: Argument of type 'string' is not assignable to parameter of type 'ErrorContext'.
infrastructure/schema/validation-integration.ts(238,29): error TS2345: Argument of type 'ZodObject<{ email: ZodString; password_hash: ZodString; role: ZodEnum<["citizen", "verified_citizen", "ambassador", "expert_verifier", "mp_staff", "clerk", "admin", ... 6 more ..., "representative"]>; failed_login_attempts: ZodNumber; is_active: ZodBoolean; }, "strip", ZodTypeAny, { ...; }, { ...; }> | ZodObject<......' is not assignable to parameter of type 'ZodType<{ email: string; password_hash: string; role: "citizen" | "verified_citizen" | "ambassador" | "expert" | "expert_verifier" | "mp_staff" | "clerk" | "moderator" | "admin" | "auditor" | "journalist" | "advocate" | "analyst" | "representative"; failed_login_attempts: number; is_active: boolean; }, ZodTypeDef, {...'.
  Type 'ZodObject<{ bill_number: ZodString; title: ZodString; status: ZodEnum<["first_reading", "second_reading", "committee_stage", "third_reading", "presidential_assent", "gazetted", "withdrawn", "lost", "enacted"]>; chamber: ZodEnum<...>; view_count: ZodNumber; engagement_score: ZodNumber; trending_score: ZodNumber; }, "...' is not assignable to type 'ZodType<{ email: string; password_hash: string; role: "citizen" | "verified_citizen" | "ambassador" | "expert" | "expert_verifier" | "mp_staff" | "clerk" | "moderator" | "admin" | "auditor" | "journalist" | "advocate" | "analyst" | "representative"; failed_login_attempts: number; is_active: boolean; }, ZodTypeDef, {...'.
    Types of property '_type' are incompatible.
      Type '{ chamber: "national_assembly" | "senate" | "county_assembly"; bill_number: string; title: string; status: "first_reading" | "second_reading" | "committee_stage" | "third_reading" | ... 4 more ... | "withdrawn"; view_count: number; engagement_score: number; trending_score: number; }' is missing the following properties from type '{ email: string; password_hash: string; role: "citizen" | "verified_citizen" | "ambassador" | "expert" | "expert_verifier" | "mp_staff" | "clerk" | "moderator" | "admin" | "auditor" | "journalist" | "advocate" | "analyst" | "representative"; failed_login_attempts: number; is_active: boolean; }': email, password_hash, role, failed_login_attempts, is_active
infrastructure/schema/validation-integration.ts(270,16): error TS2339: Property 'success' does not exist on type 'Result<unknown, ValidationError>'.
  Property 'success' does not exist on type 'Ok<unknown, ValidationError>'.
infrastructure/schema/validation-integration.ts(271,46): error TS2339: Property 'data' does not exist on type 'Result<unknown, ValidationError>'.
  Property 'data' does not exist on type 'Ok<unknown, ValidationError>'.
infrastructure/schema/validation-integration.ts(273,35): error TS2339: Property 'error' does not exist on type 'Result<unknown, ValidationError>'.
  Property 'error' does not exist on type 'Ok<unknown, ValidationError>'.
infrastructure/services-init.ts(16,24): error TS2307: Cannot find module '../observability/index' or its corresponding type declarations.
infrastructure/services-init.ts(17,41): error TS2307: Cannot find module '../database/index' or its corresponding type declarations.
infrastructure/StorageTypes.ts(1,68): error TS2307: Cannot find module './types' or its corresponding type declarations.
infrastructure/validation/data-validation.ts(430,22): error TS18046: 'record.data' is of type 'unknown'.
infrastructure/validation/data-validation.ts(430,49): error TS18046: 'record.data' is of type 'unknown'.
infrastructure/validation/data-validation.ts(433,25): error TS18046: 'record.data' is of type 'unknown'.
infrastructure/validation/data-validation.ts(433,58): error TS18046: 'record.data' is of type 'unknown'.
infrastructure/validation/input-validation-service.ts(295,9): error TS2322: Type 'ApiValidationError' is not assignable to type 'void | Response<any, Record<string, any>>'.
infrastructure/validation/input-validation-service.ts(295,16): error TS2554: Expected 3-4 arguments, but got 2.
infrastructure/validation/middleware.ts(53,9): error TS18046: 'error' is of type 'unknown'.
infrastructure/validation/middleware.ts(54,9): error TS18046: 'error' is of type 'unknown'.
infrastructure/validation/middleware.ts(55,9): error TS18046: 'error' is of type 'unknown'.
infrastructure/validation/middleware.ts(73,7): error TS2322: Type 'unknown' is not assignable to type 'ParsedQs'.
infrastructure/validation/middleware.ts(84,9): error TS18046: 'error' is of type 'unknown'.
infrastructure/validation/middleware.ts(85,9): error TS18046: 'error' is of type 'unknown'.
infrastructure/validation/middleware.ts(86,9): error TS18046: 'error' is of type 'unknown'.
infrastructure/validation/middleware.ts(104,7): error TS2322: Type 'unknown' is not assignable to type 'ParamsDictionary'.
infrastructure/validation/middleware.ts(115,9): error TS18046: 'error' is of type 'unknown'.
infrastructure/validation/middleware.ts(116,9): error TS18046: 'error' is of type 'unknown'.
infrastructure/validation/middleware.ts(117,9): error TS18046: 'error' is of type 'unknown'.
infrastructure/validation/security-schemas.ts(41,6): error TS2339: Property 'max' does not exist on type 'ZodEffects<ZodString, string, string>'.
infrastructure/validation/security-schemas.ts(331,133): error TS7030: Not all code paths return a value.
infrastructure/websocket/adapters/native-websocket-adapter.ts(67,29): error TS2304: Cannot find name 'WebSocketService'.
infrastructure/websocket/adapters/native-websocket-adapter.ts(69,34): error TS2304: Cannot find name 'WebSocketService'.
infrastructure/websocket/adapters/native-websocket-adapter.ts(88,19): error TS2345: Argument of type '{ component: string; }' is not assignable to parameter of type 'string'.
infrastructure/websocket/adapters/native-websocket-adapter.ts(98,19): error TS2345: Argument of type '{ component: string; }' is not assignable to parameter of type 'string'.
infrastructure/websocket/adapters/native-websocket-adapter.ts(114,19): error TS2345: Argument of type '{ component: string; bill_id: number; }' is not assignable to parameter of type 'string'.
infrastructure/websocket/adapters/native-websocket-adapter.ts(136,19): error TS2345: Argument of type '{ component: string; user_id: string; }' is not assignable to parameter of type 'string'.
infrastructure/websocket/adapters/native-websocket-adapter.ts(148,19): error TS2345: Argument of type '{ user_id: string; notification: UserNotification; }' is not assignable to parameter of type 'string'.
infrastructure/websocket/adapters/native-websocket-adapter.ts(165,19): error TS2345: Argument of type '{ component: string; }' is not assignable to parameter of type 'string'.
infrastructure/websocket/adapters/native-websocket-adapter.ts(266,19): error TS2345: Argument of type '{ component: string; }' is not assignable to parameter of type 'string'.
infrastructure/websocket/adapters/native-websocket-adapter.ts(281,26): error TS2304: Cannot find name 'WebSocketService'.
infrastructure/websocket/adapters/redis-adapter.ts(9,10): error TS2440: Import declaration conflicts with local declaration of 'logger'.
infrastructure/websocket/adapters/redis-adapter.ts(23,55): error TS2345: Argument of type 'Error | ""' is not assignable to parameter of type 'Error | undefined'.
  Type 'string' is not assignable to type 'Error'.
infrastructure/websocket/adapters/redis-adapter.ts(111,19): error TS2345: Argument of type '{ component: string; }' is not assignable to parameter of type 'string'.
infrastructure/websocket/adapters/redis-adapter.ts(130,19): error TS2345: Argument of type '{ component: string; }' is not assignable to parameter of type 'string'.
infrastructure/websocket/adapters/redis-adapter.ts(171,21): error TS2345: Argument of type '{ component: string; serverId: string; }' is not assignable to parameter of type 'string'.
infrastructure/websocket/adapters/redis-adapter.ts(197,19): error TS2345: Argument of type '{ component: string; serverId: string; }' is not assignable to parameter of type 'string'.
infrastructure/websocket/adapters/redis-adapter.ts(227,19): error TS2345: Argument of type '{ component: string; billId: number; }' is not assignable to parameter of type 'string'.
infrastructure/websocket/adapters/redis-adapter.ts(248,20): error TS2345: Argument of type '{ component: string; billId: number; serverId: string; }' is not assignable to parameter of type 'string'.
infrastructure/websocket/adapters/redis-adapter.ts(266,19): error TS2345: Argument of type '{ component: string; userId: string; }' is not assignable to parameter of type 'string'.
infrastructure/websocket/adapters/redis-adapter.ts(287,20): error TS2345: Argument of type '{ component: string; userId: string; serverId: string; }' is not assignable to parameter of type 'string'.
infrastructure/websocket/adapters/redis-adapter.ts(305,19): error TS2345: Argument of type '{ component: string; }' is not assignable to parameter of type 'string'.
infrastructure/websocket/adapters/redis-adapter.ts(325,20): error TS2345: Argument of type '{ component: string; serverId: string; }' is not assignable to parameter of type 'string'.
infrastructure/websocket/adapters/redis-adapter.ts(363,21): error TS2345: Argument of type '{ component: string; type: "bill_update" | "broadcast" | "user_notification"; channel: string; }' is not assignable to parameter of type 'string'.
infrastructure/websocket/adapters/redis-adapter.ts(629,17): error TS2345: Argument of type '{ component: string; serverId: string; }' is not assignable to parameter of type 'string'.
infrastructure/websocket/adapters/redis-adapter.ts(637,17): error TS2345: Argument of type '{ component: string; finalStats: ServiceStats; }' is not assignable to parameter of type 'string'.
infrastructure/websocket/adapters/socketio-adapter.ts(9,10): error TS2440: Import declaration conflicts with local declaration of 'logger'.
infrastructure/websocket/adapters/socketio-adapter.ts(25,55): error TS2345: Argument of type 'Error | ""' is not assignable to parameter of type 'Error | undefined'.
  Type 'string' is not assignable to type 'Error'.
infrastructure/websocket/adapters/socketio-adapter.ts(119,19): error TS2345: Argument of type '{ component: string; }' is not assignable to parameter of type 'string'.
infrastructure/websocket/adapters/socketio-adapter.ts(138,19): error TS2345: Argument of type '{ component: string; }' is not assignable to parameter of type 'string'.
infrastructure/websocket/adapters/socketio-adapter.ts(146,19): error TS2345: Argument of type '{ component: string; }' is not assignable to parameter of type 'string'.
infrastructure/websocket/adapters/socketio-adapter.ts(159,19): error TS2345: Argument of type '{ component: string; }' is not assignable to parameter of type 'string'.
infrastructure/websocket/adapters/socketio-adapter.ts(194,23): error TS2345: Argument of type '{ component: string; }' is not assignable to parameter of type 'string'.
infrastructure/websocket/adapters/socketio-adapter.ts(209,19): error TS2345: Argument of type '{ component: string; }' is not assignable to parameter of type 'string'.
infrastructure/websocket/adapters/socketio-adapter.ts(247,19): error TS2345: Argument of type '{ component: string; error: string; }' is not assignable to parameter of type 'string'.
infrastructure/websocket/adapters/socketio-adapter.ts(284,17): error TS2345: Argument of type '{ component: string; activeConnections: number; }' is not assignable to parameter of type 'string'.
infrastructure/websocket/adapters/socketio-adapter.ts(339,20): error TS2345: Argument of type '{ component: string; connectionId: string | undefined; error: string; }' is not assignable to parameter of type 'string'.
infrastructure/websocket/adapters/socketio-adapter.ts(359,17): error TS2345: Argument of type '{ component: string; reason: string; activeConnections: number; }' is not assignable to parameter of type 'string'.
infrastructure/websocket/adapters/socketio-adapter.ts(637,17): error TS2345: Argument of type '{ component: string; updateType: "amendment" | "status_change" | "new_comment" | "voting_scheduled"; }' is not assignable to parameter of type 'string'.
infrastructure/websocket/adapters/socketio-adapter.ts(657,17): error TS2345: Argument of type '{ component: string; activeConnections: number; }' is not assignable to parameter of type 'string'.
infrastructure/websocket/adapters/socketio-adapter.ts(693,18): error TS2345: Argument of type '{ component: string; user_id: string; }' is not assignable to parameter of type 'string'.
infrastructure/websocket/adapters/socketio-adapter.ts(755,17): error TS2345: Argument of type '{ component: string; }' is not assignable to parameter of type 'string'.
infrastructure/websocket/adapters/socketio-adapter.ts(778,17): error TS2345: Argument of type '{ component: string; }' is not assignable to parameter of type 'string'.
infrastructure/websocket/api-server.ts(22,39): error TS2307: Cannot find module '../types' or its corresponding type declarations.
infrastructure/websocket/api-server.ts(139,19): error TS2345: Argument of type '{ component: string; path: string; config: Required<WebSocketServerConfig>; }' is not assignable to parameter of type 'string'.
infrastructure/websocket/api-server.ts(147,10): error TS2345: Argument of type 'unknown' is not assignable to parameter of type 'Error | undefined'.
infrastructure/websocket/api-server.ts(180,19): error TS2345: Argument of type '{ component: string; finalStats: WebSocketStats; }' is not assignable to parameter of type 'string'.
infrastructure/websocket/api-server.ts(187,10): error TS2345: Argument of type 'unknown' is not assignable to parameter of type 'Error | undefined'.
infrastructure/websocket/api-server.ts(204,21): error TS2345: Argument of type '{ component: string; origin: string; }' is not assignable to parameter of type 'string'.
infrastructure/websocket/api-server.ts(218,21): error TS2345: Argument of type '{ component: string; origin: string; isValid: string | undefined; withinLimits: boolean; }' is not assignable to parameter of type 'string'.
infrastructure/websocket/api-server.ts(231,10): error TS2345: Argument of type 'unknown' is not assignable to parameter of type 'Error | undefined'.
infrastructure/websocket/api-server.ts(254,12): error TS2345: Argument of type 'unknown' is not assignable to parameter of type 'Error | undefined'.
infrastructure/websocket/api-server.ts(283,19): error TS2345: Argument of type '{ component: string; stats: WebSocketStats; }' is not assignable to parameter of type 'string'.
infrastructure/websocket/api-server.ts(322,19): error TS2345: Argument of type '{ component: string; connectionId: string; userId: string | undefined; sessionId: string; }' is not assignable to parameter of type 'string'.
infrastructure/websocket/api-server.ts(385,10): error TS2345: Argument of type 'unknown' is not assignable to parameter of type 'Error | undefined'.
infrastructure/websocket/api-server.ts(396,19): error TS2345: Argument of type '{ component: string; connectionId: string; }' is not assignable to parameter of type 'string'.
infrastructure/websocket/api-server.ts(421,20): error TS2345: Argument of type '{ component: string; connectionId: string; messageType: any; }' is not assignable to parameter of type 'string'.
infrastructure/websocket/api-server.ts(435,10): error TS2345: Argument of type 'unknown' is not assignable to parameter of type 'Error | undefined'.
infrastructure/websocket/api-server.ts(458,17): error TS2345: Argument of type '{ component: string; connectionId: string; userId: string | undefined; code: number; reason: string; duration: number; subscriptionCount: number; }' is not assignable to parameter of type 'string'.
infrastructure/websocket/api-server.ts(505,12): error TS2345: Argument of type 'unknown' is not assignable to parameter of type 'Error | undefined'.
infrastructure/websocket/api-server.ts(509,19): error TS2345: Argument of type '{ component: string; messageType: any; connectionId: string; }' is not assignable to parameter of type 'string'.
infrastructure/websocket/api-server.ts(527,19): error TS2345: Argument of type '{ component: string; messageType: string; }' is not assignable to parameter of type 'string'.
infrastructure/websocket/api-server.ts(534,18): error TS2345: Argument of type '{ component: string; messageType: string; }' is not assignable to parameter of type 'string'.
infrastructure/websocket/api-server.ts(547,20): error TS2345: Argument of type '{ component: string; messageType: string; }' is not assignable to parameter of type 'string'.
infrastructure/websocket/api-server.ts(564,19): error TS2345: Argument of type '{ component: string; connectionId: string; topic: string; }' is not assignable to parameter of type 'string'.
infrastructure/websocket/api-server.ts(578,19): error TS2345: Argument of type '{ component: string; connectionId: string; topic: string; }' is not assignable to parameter of type 'string'.
infrastructure/websocket/api-server.ts(594,19): error TS2345: Argument of type '{ component: string; connectionId: string; topic: string; }' is not assignable to parameter of type 'string'.
infrastructure/websocket/api-server.ts(608,19): error TS2345: Argument of type '{ component: string; connectionId: string; topic: string; }' is not assignable to parameter of type 'string'.
infrastructure/websocket/api-server.ts(658,18): error TS2345: Argument of type '{ component: string; topic: string; sentCount: number; excludedUser: string | undefined; }' is not assignable to parameter of type 'string'.
infrastructure/websocket/api-server.ts(682,18): error TS2345: Argument of type '{ component: string; userId: string; sentCount: number; }' is not assignable to parameter of type 'string'.
infrastructure/websocket/api-server.ts(707,18): error TS2345: Argument of type '{ component: string; sentCount: number; excludedUser: string | undefined; }' is not assignable to parameter of type 'string'.
infrastructure/websocket/api-server.ts(739,10): error TS2345: Argument of type 'unknown' is not assignable to parameter of type 'Error | undefined'.
infrastructure/websocket/api-server.ts(771,23): error TS2345: Argument of type '{ component: string; connectionId: string; timeSinceActivity: number; }' is not assignable to parameter of type 'string'.
infrastructure/websocket/api-server.ts(788,16): error TS2345: Argument of type 'unknown' is not assignable to parameter of type 'Error | undefined'.
infrastructure/websocket/api-server.ts(794,18): error TS2345: Argument of type '{ component: string; interval: number; }' is not assignable to parameter of type 'string'.
infrastructure/websocket/api-server.ts(807,20): error TS2345: Argument of type '{ component: string; }' is not assignable to parameter of type 'string'.
infrastructure/websocket/api-server.ts(824,23): error TS2345: Argument of type '{ component: string; connectionId: string; age: number; }' is not assignable to parameter of type 'string'.
infrastructure/websocket/api-server.ts(834,18): error TS2345: Argument of type '{ component: string; interval: number; }' is not assignable to parameter of type 'string'.
infrastructure/websocket/api-server.ts(847,20): error TS2345: Argument of type '{ component: string; }' is not assignable to parameter of type 'string'.
infrastructure/websocket/api-server.ts(915,17): error TS2345: Argument of type '{ component: string; }' is not assignable to parameter of type 'string'.
infrastructure/websocket/api-server.ts(971,20): error TS7006: Parameter 'topic' implicitly has an 'any' type.
infrastructure/websocket/api-server.ts(979,17): error TS2345: Argument of type '{ component: string; connectionId: string; topics: string[]; }' is not assignable to parameter of type 'string'.
infrastructure/websocket/api-server.ts(1000,20): error TS7006: Parameter 'topic' implicitly has an 'any' type.
infrastructure/websocket/api-server.ts(1010,17): error TS2345: Argument of type '{ component: string; connectionId: string; topics: string[]; }' is not assignable to parameter of type 'string'.
infrastructure/websocket/api-server.ts(1039,17): error TS2345: Argument of type '{ component: string; connectionId: string; userId: string | undefined; }' is not assignable to parameter of type 'string'.
infrastructure/websocket/api-server.ts(1081,3): error TS2484: Export declaration conflicts with exported declaration of 'WebSocketConnection'.
infrastructure/websocket/batching/batching-service.ts(9,10): error TS2440: Import declaration conflicts with local declaration of 'logger'.
infrastructure/websocket/batching/batching-service.ts(22,55): error TS2345: Argument of type 'Error | ""' is not assignable to parameter of type 'Error | undefined'.
  Type 'string' is not assignable to type 'Error'.
infrastructure/websocket/batching/batching-service.ts(102,17): error TS2345: Argument of type '{ component: string; config: BatchingConfig; }' is not assignable to parameter of type 'string'.
infrastructure/websocket/batching/batching-service.ts(117,19): error TS2345: Argument of type '{ component: string; user_id: string; }' is not assignable to parameter of type 'string'.
infrastructure/websocket/batching/batching-service.ts(147,19): error TS2345: Argument of type '{ component: string; user_id: string; queueSize: number; maxQueueSize: number; }' is not assignable to parameter of type 'string'.
infrastructure/websocket/batching/batching-service.ts(194,20): error TS2345: Argument of type '{ component: string; user_id: string; messageType: string; latency: number; }' is not assignable to parameter of type 'string'.
infrastructure/websocket/batching/batching-service.ts(202,20): error TS2345: Argument of type '{ component: string; user_id: string; error: string; }' is not assignable to parameter of type 'string'.
infrastructure/websocket/batching/batching-service.ts(256,20): error TS2345: Argument of type '{ component: string; user_id: string; batchSize: number; queueRemaining: number; processingTime: number; }' is not assignable to parameter of type 'string'.
infrastructure/websocket/batching/batching-service.ts(273,20): error TS2345: Argument of type '{ component: string; user_id: string; batchSize: number; queueSize: number; error: string; }' is not assignable to parameter of type 'string'.
infrastructure/websocket/batching/batching-service.ts(306,28): error TS2345: Argument of type '{ component: string; user_id: string; batchSize: number; error: string; }' is not assignable to parameter of type 'string'.
infrastructure/websocket/batching/batching-service.ts(327,17): error TS2345: Argument of type '{ component: string; batchesFlushed: number; users: number; }' is not assignable to parameter of type 'string'.
infrastructure/websocket/batching/batching-service.ts(341,17): error TS2345: Argument of type '{ component: string; oldConfig: { maxBatchSize: number; maxBatchDelay: number; priorityThreshold: number; memoryThreshold: number; compressionEnabled: boolean; maxQueueSize: number; staleMessageAge: number; adaptiveBatching: boolean; }; newConfig: BatchingConfig; }' is not assignable to parameter of type 'string'.
infrastructure/websocket/batching/batching-service.ts(385,19): error TS2345: Argument of type '{ component: string; staleMessagesRemoved: number; emptyQueuesRemoved: number; activeQueues: number; }' is not assignable to parameter of type 'string'.
infrastructure/websocket/batching/batching-service.ts(402,17): error TS2345: Argument of type '{ component: string; pendingMessages: number; }' is not assignable to parameter of type 'string'.
infrastructure/websocket/batching/batching-service.ts(421,17): error TS2345: Argument of type '{ component: string; finalMetrics: BatchMetrics; }' is not assignable to parameter of type 'string'.
infrastructure/websocket/config/runtime-config.ts(269,67): error TS2769: No overload matches this call.
  Overload 1 of 3, '(obj: "Error in configuration change listener:", msg?: undefined): void', gave the following error.
    Argument of type 'unknown' is not assignable to parameter of type 'undefined'.
  Overload 2 of 3, '(obj: "Error in configuration change listener:", msg?: undefined, ...args: unknown[]): void', gave the following error.
    Argument of type 'unknown' is not assignable to parameter of type 'undefined'.
infrastructure/websocket/core/connection-manager.ts(131,52): error TS2769: No overload matches this call.
  Overload 1 of 3, '(obj: "Error removing connection:", msg?: undefined): void', gave the following error.
    Argument of type 'unknown' is not assignable to parameter of type 'undefined'.
  Overload 2 of 3, '(obj: "Error removing connection:", msg?: undefined, ...args: unknown[]): void', gave the following error.
    Argument of type 'unknown' is not assignable to parameter of type 'undefined'.
infrastructure/websocket/core/connection-manager.ts(218,63): error TS2769: No overload matches this call.
  Overload 1 of 3, '(obj: "Error cleaning up stale connection:", msg?: undefined): void', gave the following error.
    Argument of type 'unknown' is not assignable to parameter of type 'undefined'.
  Overload 2 of 3, '(obj: "Error cleaning up stale connection:", msg?: undefined, ...args: unknown[]): void', gave the following error.
    Argument of type 'unknown' is not assignable to parameter of type 'undefined'.
infrastructure/websocket/core/connection-manager.ts(336,66): error TS2769: No overload matches this call.
  Overload 1 of 3, '(obj: string, msg?: undefined): void', gave the following error.
    Argument of type 'Error' is not assignable to parameter of type 'undefined'.
  Overload 2 of 3, '(obj: string, msg?: undefined, ...args: unknown[]): void', gave the following error.
    Argument of type 'Error' is not assignable to parameter of type 'undefined'.
infrastructure/websocket/core/message-handler.ts(80,62): error TS2769: No overload matches this call.
  Overload 1 of 3, '(obj: "Duplicate message detected, ignoring:", msg?: undefined): void', gave the following error.
    Argument of type 'string | undefined' is not assignable to parameter of type 'undefined'.
      Type 'string' is not assignable to type 'undefined'.
  Overload 2 of 3, '(obj: "Duplicate message detected, ignoring:", msg?: undefined, ...args: unknown[]): void', gave the following error.
    Argument of type 'string | undefined' is not assignable to parameter of type 'undefined'.
      Type 'string' is not assignable to type 'undefined'.
infrastructure/websocket/core/message-handler.ts(88,47): error TS2769: No overload matches this call.
  Overload 1 of 3, '(obj: "Error handling message:", msg?: undefined): void', gave the following error.
    Argument of type 'unknown' is not assignable to parameter of type 'undefined'.
  Overload 2 of 3, '(obj: "Error handling message:", msg?: undefined, ...args: unknown[]): void', gave the following error.
    Argument of type 'unknown' is not assignable to parameter of type 'undefined'.
infrastructure/websocket/core/message-handler.ts(151,70): error TS2769: No overload matches this call.
  Overload 1 of 3, '(obj: "Failed to queue broadcast operation for bill:", msg?: undefined): void', gave the following error.
    Argument of type 'number' is not assignable to parameter of type 'undefined'.
  Overload 2 of 3, '(obj: "Failed to queue broadcast operation for bill:", msg?: undefined, ...args: unknown[]): void', gave the following error.
    Argument of type 'number' is not assignable to parameter of type 'undefined'.
infrastructure/websocket/core/message-handler.ts(157,58): error TS2769: No overload matches this call.
  Overload 1 of 3, '(obj: "Error broadcasting to subscribers:", msg?: undefined): void', gave the following error.
    Argument of type 'unknown' is not assignable to parameter of type 'undefined'.
  Overload 2 of 3, '(obj: "Error broadcasting to subscribers:", msg?: undefined, ...args: unknown[]): void', gave the following error.
    Argument of type 'unknown' is not assignable to parameter of type 'undefined'.
infrastructure/websocket/core/message-handler.ts(511,47): error TS2769: No overload matches this call.
  Overload 1 of 3, '(obj: "Error sending response:", msg?: undefined): void', gave the following error.
    Argument of type 'unknown' is not assignable to parameter of type 'undefined'.
  Overload 2 of 3, '(obj: "Error sending response:", msg?: undefined, ...args: unknown[]): void', gave the following error.
    Argument of type 'unknown' is not assignable to parameter of type 'undefined'.
infrastructure/websocket/core/message-handler.ts(552,54): error TS2769: No overload matches this call.
  Overload 1 of 3, '(obj: "Error in direct broadcast:", msg?: undefined): void', gave the following error.
    Argument of type 'unknown' is not assignable to parameter of type 'undefined'.
  Overload 2 of 3, '(obj: "Error in direct broadcast:", msg?: undefined, ...args: unknown[]): void', gave the following error.
    Argument of type 'unknown' is not assignable to parameter of type 'undefined'.
infrastructure/websocket/core/websocket-service.ts(74,20): error TS6133: 'batchingService' is declared but its value is never read.
infrastructure/websocket/core/websocket-service.ts(663,53): error TS2769: No overload matches this call.
  Overload 1 of 3, '(obj: string, msg?: undefined): void', gave the following error.
    Argument of type 'unknown' is not assignable to parameter of type 'undefined'.
  Overload 2 of 3, '(obj: string, msg?: undefined, ...args: unknown[]): void', gave the following error.
    Argument of type 'unknown' is not assignable to parameter of type 'undefined'.
infrastructure/websocket/index.ts(116,11): error TS6133: 'messageHandler' is declared but its value is never read.
infrastructure/websocket/index.ts(227,72): error TS18046: 'ws' is of type 'unknown'.
infrastructure/websocket/index.ts(227,90): error TS18046: 'ws' is of type 'unknown'.
infrastructure/websocket/index.ts(235,48): error TS18046: 'ws' is of type 'unknown'.
infrastructure/websocket/index.ts(235,66): error TS18046: 'ws' is of type 'unknown'.
infrastructure/websocket/index.ts(252,11): error TS6133: 'getSubscriptionsForConnection' is declared but its value is never read.
infrastructure/websocket/index.ts(411,7): error TS2353: Object literal may only specify known properties, and 'batchSize' does not exist in type '{ dedupeCacheSize?: number | undefined; dedupeWindow?: number | undefined; }'.
infrastructure/websocket/index.ts(504,55): error TS2345: Argument of type '{ component: string; }' is not assignable to parameter of type 'undefined'.
infrastructure/websocket/index.ts(511,15): error TS2339: Property 'billId' does not exist on type 'unknown'.
infrastructure/websocket/index.ts(511,23): error TS2339: Property 'update' does not exist on type 'unknown'.
infrastructure/websocket/index.ts(516,15): error TS2339: Property 'userId' does not exist on type 'unknown'.
infrastructure/websocket/index.ts(516,23): error TS2339: Property 'notification' does not exist on type 'unknown'.
infrastructure/websocket/index.ts(521,15): error TS2339: Property 'message' does not exist on type 'unknown'.
infrastructure/websocket/index.ts(529,43): error TS2345: Argument of type 'unknown' is not assignable to parameter of type 'Record<string, unknown>'.
infrastructure/websocket/index.ts(532,64): error TS2345: Argument of type '{ component: string; billId: number; }' is not assignable to parameter of type 'undefined'.
infrastructure/websocket/index.ts(542,44): error TS2345: Argument of type 'unknown' is not assignable to parameter of type 'Record<string, unknown>'.
infrastructure/websocket/index.ts(545,70): error TS2345: Argument of type '{ component: string; userId: string; }' is not assignable to parameter of type 'undefined'.
infrastructure/websocket/index.ts(555,30): error TS2345: Argument of type 'unknown' is not assignable to parameter of type '{ type: string; data: Record<string, unknown>; timestamp?: Date | undefined; }'.
infrastructure/websocket/index.ts(558,62): error TS2345: Argument of type '{ component: string; }' is not assignable to parameter of type 'undefined'.
infrastructure/websocket/index.ts(598,77): error TS2345: Argument of type '{ component: string; }' is not assignable to parameter of type 'undefined'.
infrastructure/websocket/index.ts(605,15): error TS2339: Property 'billId' does not exist on type 'unknown'.
infrastructure/websocket/index.ts(605,23): error TS2339: Property 'update' does not exist on type 'unknown'.
infrastructure/websocket/index.ts(610,15): error TS2339: Property 'userId' does not exist on type 'unknown'.
infrastructure/websocket/index.ts(610,23): error TS2339: Property 'notification' does not exist on type 'unknown'.
infrastructure/websocket/index.ts(617,43): error TS2345: Argument of type 'unknown' is not assignable to parameter of type '{ type: "amendment" | "status_change" | "new_comment" | "voting_scheduled"; data: unknown; timestamp?: Date | undefined; }'.
infrastructure/websocket/index.ts(619,79): error TS2345: Argument of type '{ component: string; billId: number; }' is not assignable to parameter of type 'undefined'.
infrastructure/websocket/index.ts(628,44): error TS2345: Argument of type 'unknown' is not assignable to parameter of type '{ type: string; title: string; message: string; data?: unknown; }'.
infrastructure/websocket/index.ts(630,85): error TS2345: Argument of type '{ component: string; userId: string; }' is not assignable to parameter of type 'undefined'.
infrastructure/websocket/memory/leak-detector-handler.ts(8,10): error TS2300: Duplicate identifier 'logger'.
infrastructure/websocket/memory/leak-detector-handler.ts(9,10): error TS2300: Duplicate identifier 'logger'.
infrastructure/websocket/memory/leak-detector-handler.ts(436,60): error TS2769: No overload matches this call.
  Overload 1 of 3, '(obj: "Error in leak response listener:", msg?: undefined): void', gave the following error.
    Argument of type 'unknown' is not assignable to parameter of type 'undefined'.
  Overload 2 of 3, '(obj: "Error in leak response listener:", msg?: undefined, ...args: unknown[]): void', gave the following error.
    Argument of type 'unknown' is not assignable to parameter of type 'undefined'.
infrastructure/websocket/migration/state-manager.ts(59,59): error TS2345: Argument of type '{ component: string; }' is not assignable to parameter of type 'undefined'.
infrastructure/websocket/migration/state-manager.ts(157,75): error TS2345: Argument of type '{ component: string; }' is not assignable to parameter of type 'undefined'.
infrastructure/websocket/monitoring/metrics-reporter.ts(47,5): error TS6133: 'connectionManager' is declared but its value is never read.
infrastructure/websocket/monitoring/metrics-reporter.ts(144,56): error TS2769: No overload matches this call.
  Overload 1 of 3, '(obj: "Failed to log metrics error:", msg?: undefined): void', gave the following error.
    Argument of type 'unknown' is not assignable to parameter of type 'undefined'.
  Overload 2 of 3, '(obj: "Failed to log metrics error:", msg?: undefined, ...args: unknown[]): void', gave the following error.
    Argument of type 'unknown' is not assignable to parameter of type 'undefined'.
infrastructure/websocket/monitoring/metrics-reporter.ts(403,23): error TS2407: The right-hand side of a 'for...in' statement must be of type 'any', an object type or a type parameter, but here has type 'unknown'.
infrastructure/websocket/monitoring/metrics-reporter.ts(405,23): error TS18046: 'obj' is of type 'unknown'.
infrastructure/websocket/monitoring/metrics-reporter.ts(407,11): error TS18046: 'obj' is of type 'unknown'.
middleware/boom-error-middleware.ts(46,16): error TS18046: 'error' is of type 'unknown'.
middleware/boom-error-middleware.ts(48,35): error TS18046: 'error' is of type 'unknown'.
middleware/boom-error-middleware.ts(49,16): error TS18046: 'error' is of type 'unknown'.
middleware/boom-error-middleware.ts(49,49): error TS18046: 'error' is of type 'unknown'.
middleware/boom-error-middleware.ts(51,37): error TS18046: 'error' is of type 'unknown'.
middleware/boom-error-middleware.ts(52,16): error TS18046: 'error' is of type 'unknown'.
middleware/boom-error-middleware.ts(52,46): error TS18046: 'error' is of type 'unknown'.
middleware/boom-error-middleware.ts(54,34): error TS18046: 'error' is of type 'unknown'.
middleware/boom-error-middleware.ts(55,16): error TS18046: 'error' is of type 'unknown'.
middleware/boom-error-middleware.ts(55,46): error TS18046: 'error' is of type 'unknown'.
middleware/boom-error-middleware.ts(57,33): error TS18046: 'error' is of type 'unknown'.
middleware/boom-error-middleware.ts(58,16): error TS18046: 'error' is of type 'unknown'.
middleware/boom-error-middleware.ts(61,16): error TS18046: 'error' is of type 'unknown'.
middleware/boom-error-middleware.ts(64,16): error TS18046: 'error' is of type 'unknown'.
middleware/boom-error-middleware.ts(64,46): error TS18046: 'error' is of type 'unknown'.
middleware/boom-error-middleware.ts(69,26): error TS18046: 'error' is of type 'unknown'.
middleware/boom-error-middleware.ts(69,42): error TS18046: 'error' is of type 'unknown'.
middleware/boom-error-middleware.ts(70,23): error TS18046: 'error' is of type 'unknown'.
middleware/boom-error-middleware.ts(94,31): error TS2339: Property 'message' does not exist on type '{}'.
middleware/rate-limit-config.ts(46,19): error TS2339: Property 'user' does not exist on type 'Request<ParamsDictionary, any, any, ParsedQs, Record<string, any>>'.
middleware/security.middleware.ts(69,13): error TS2561: Object literal may only specify known properties, but 'userId' does not exist in type 'SecurityEvent'. Did you mean to write 'user_id'?
middleware/security.middleware.ts(96,15): error TS2345: Argument of type 'object | null' is not assignable to parameter of type 'Record<string, unknown>'.
  Type 'null' is not assignable to type 'Record<string, unknown>'.
middleware/service-availability.ts(17,20): error TS6133: '_maxFailures' is declared but its value is never read.
scripts/analyze-module-errors.ts(59,15): error TS18048: 'file' is possibly 'undefined'.
scripts/analyze-module-errors.ts(60,24): error TS2345: Argument of type 'string | undefined' is not assignable to parameter of type 'string'.
  Type 'undefined' is not assignable to type 'string'.
scripts/analyze-module-errors.ts(61,26): error TS2345: Argument of type 'string | undefined' is not assignable to parameter of type 'string'.
  Type 'undefined' is not assignable to type 'string'.
scripts/analyze-module-errors.ts(62,9): error TS2322: Type 'string | undefined' is not assignable to type 'string'.
  Type 'undefined' is not assignable to type 'string'.
scripts/analyze-module-errors.ts(63,18): error TS18048: 'message' is possibly 'undefined'.
scripts/analyze-module-errors.ts(101,5): error TS2532: Object is possibly 'undefined'.
scripts/analyze-module-errors.ts(108,37): error TS2345: Argument of type 'string | undefined' is not assignable to parameter of type 'string'.
  Type 'undefined' is not assignable to type 'string'.
scripts/analyze-module-errors.ts(115,42): error TS2345: Argument of type 'string | undefined' is not assignable to parameter of type 'string'.
  Type 'undefined' is not assignable to type 'string'.
scripts/analyze-module-errors.ts(116,39): error TS2345: Argument of type 'string | undefined' is not assignable to parameter of type 'string'.
  Type 'undefined' is not assignable to type 'string'.
scripts/analyze-module-errors.ts(118,37): error TS2345: Argument of type 'string | undefined' is not assignable to parameter of type 'string'.
  Type 'undefined' is not assignable to type 'string'.
scripts/analyze-module-errors.ts(118,55): error TS2345: Argument of type 'string | undefined' is not assignable to parameter of type 'string'.
  Type 'undefined' is not assignable to type 'string'.
scripts/analyze-module-errors.ts(124,44): error TS2345: Argument of type 'string | undefined' is not assignable to parameter of type 'string'.
  Type 'undefined' is not assignable to type 'string'.
scripts/api-race-condition-detector.ts(134,20): error TS6133: 'apiCalls' is declared but its value is never read.
scripts/api-race-condition-detector.ts(136,20): error TS6133: 'fileHashes' is declared but its value is never read.
scripts/api-race-condition-detector.ts(259,42): error TS2345: Argument of type '{ component: string; }' is not assignable to parameter of type 'undefined'.
scripts/api-race-condition-detector.ts(481,5): error TS6133: 'callText' is declared but its value is never read.
scripts/api-race-condition-detector.ts(512,29): error TS2345: Argument of type 'string | undefined' is not assignable to parameter of type 'string'.
  Type 'undefined' is not assignable to type 'string'.
scripts/deploy-repository-migration.ts(3,1): error TS6133: 'createDeploymentMonitoringDashboard' is declared but its value is never read.
scripts/deploy-repository-migration.ts(6,1): error TS6192: All imports in import declaration are unused.
scripts/deploy-repository-migration.ts(10,1): error TS2304: Cannot find name 'impo'.
scripts/deploy-websocket-migration.ts(17,31): error TS2307: Cannot find module '../../redis-adapter' or its corresponding type declarations.
scripts/deploy-websocket-migration.ts(156,62): error TS2345: Argument of type '{ component: string; }' is not assignable to parameter of type 'undefined'.
scripts/deploy-websocket-migration.ts(169,25): error TS2571: Object is of type 'unknown'.
scripts/deploy-websocket-migration.ts(172,9): error TS2571: Object is of type 'unknown'.
scripts/deploy-websocket-migration.ts(177,24): error TS2345: Argument of type 'unknown' is not assignable to parameter of type 'AdapterConstructor'.
scripts/deploy-websocket-migration.ts(185,53): error TS2345: Argument of type '{ component: string; }' is not assignable to parameter of type 'undefined'.
scripts/deploy-websocket-migration.ts(196,21): error TS18046: 'socket' is of type 'unknown'.
scripts/deploy-websocket-migration.ts(197,22): error TS18046: 'socket' is of type 'unknown'.
scripts/deploy-websocket-migration.ts(218,5): error TS18046: 'socket' is of type 'unknown'.
scripts/deploy-websocket-migration.ts(232,5): error TS18046: 'socket' is of type 'unknown'.
scripts/deploy-websocket-migration.ts(236,5): error TS18046: 'socket' is of type 'unknown'.
scripts/deploy-websocket-migration.ts(240,5): error TS18046: 'socket' is of type 'unknown'.
scripts/deploy-websocket-migration.ts(244,5): error TS18046: 'socket' is of type 'unknown'.
scripts/deploy-websocket-migration.ts(248,5): error TS18046: 'socket' is of type 'unknown'.
scripts/deploy-websocket-migration.ts(249,7): error TS18046: 'socket' is of type 'unknown'.
scripts/deploy-websocket-migration.ts(252,5): error TS18046: 'socket' is of type 'unknown'.
scripts/deploy-websocket-migration.ts(252,30): error TS7006: Parameter 'reason' implicitly has an 'any' type.
scripts/deploy-websocket-migration.ts(256,5): error TS18046: 'socket' is of type 'unknown'.
scripts/deploy-websocket-migration.ts(256,25): error TS7006: Parameter 'error' implicitly has an 'any' type.
scripts/deploy-websocket-migration.ts(266,22): error TS18046: 'socket' is of type 'unknown'.
scripts/deploy-websocket-migration.ts(275,5): error TS18046: 'socket' is of type 'unknown'.
scripts/deploy-websocket-migration.ts(284,5): error TS18046: 'socket' is of type 'unknown'.
scripts/deploy-websocket-migration.ts(296,22): error TS18046: 'socket' is of type 'unknown'.
scripts/deploy-websocket-migration.ts(309,5): error TS18046: 'socket' is of type 'unknown'.
scripts/deploy-websocket-migration.ts(317,5): error TS18046: 'socket' is of type 'unknown'.
scripts/deploy-websocket-migration.ts(337,57): error TS2345: Argument of type '{ component: string; bill_id: number; }' is not assignable to parameter of type 'undefined'.
scripts/deploy-websocket-migration.ts(344,5): error TS18046: 'socket' is of type 'unknown'.
scripts/deploy-websocket-migration.ts(363,59): error TS2345: Argument of type '{ component: string; bill_id: number; }' is not assignable to parameter of type 'undefined'.
scripts/deploy-websocket-migration.ts(370,5): error TS18046: 'socket' is of type 'unknown'.
scripts/deploy-websocket-migration.ts(380,22): error TS18046: 'socket' is of type 'unknown'.
scripts/deploy-websocket-migration.ts(421,48): error TS2345: Argument of type '{ component: string; socketId: any; user_id: any; }' is not assignable to parameter of type 'undefined'.
scripts/deploy-websocket-migration.ts(423,17): error TS18046: 'socket' is of type 'unknown'.
scripts/deploy-websocket-migration.ts(424,16): error TS18046: 'socket' is of type 'unknown'.
scripts/deploy-websocket-migration.ts(452,7): error TS2698: Spread types may only be created from object types.
scripts/deploy-websocket-migration.ts(509,30): error TS2339: Property 'quit' does not exist on type '{}'.
scripts/deploy-websocket-migration.ts(671,63): error TS2769: No overload matches this call.
  Overload 1 of 3, '(obj: "WebSocket migration completed successfully", msg?: undefined): void', gave the following error.
    Argument of type '{ component: string; duration: string; finalMetrics: ConnectionMetrics; }' is not assignable to parameter of type 'undefined'.
  Overload 2 of 3, '(obj: "WebSocket migration completed successfully", msg?: undefined, ...args: unknown[]): void', gave the following error.
    Argument of type '{ component: string; duration: string; finalMetrics: ConnectionMetrics; }' is not assignable to parameter of type 'undefined'.
scripts/deploy-websocket-migration.ts(688,59): error TS2345: Argument of type '{ component: string; phase: "failed"; errors: string[]; }' is not assignable to parameter of type 'undefined'.
scripts/deploy-websocket-migration.ts(719,39): error TS2345: Argument of type '{ component: string; }' is not assignable to parameter of type 'undefined'.
scripts/error-analysis.ts(72,41): error TS2538: Type 'undefined' cannot be used as an index type.
scripts/error-analysis.ts(75,7): error TS2322: Type 'string | undefined' is not assignable to type 'string'.
  Type 'undefined' is not assignable to type 'string'.
scripts/error-analysis.ts(76,13): error TS18048: 'file' is possibly 'undefined'.
scripts/error-analysis.ts(77,22): error TS2345: Argument of type 'string | undefined' is not assignable to parameter of type 'string'.
  Type 'undefined' is not assignable to type 'string'.
scripts/error-analysis.ts(78,24): error TS2345: Argument of type 'string | undefined' is not assignable to parameter of type 'string'.
  Type 'undefined' is not assignable to type 'string'.
scripts/error-analysis.ts(79,16): error TS18048: 'message' is possibly 'undefined'.
scripts/error-analysis.ts(107,11): error TS6133: 'output' is declared but its value is never read.
scripts/error-analysis.ts(117,20): error TS18046: 'error' is of type 'unknown'.
scripts/error-analysis.ts(117,36): error TS18046: 'error' is of type 'unknown'.
scripts/error-analysis.ts(117,62): error TS18046: 'error' is of type 'unknown'.
scripts/execute-websocket-migration.ts(12,44): error TS2307: Cannot find module '../../deploy-websocket-migration' or its corresponding type declarations.
scripts/execute-websocket-migration.ts(34,60): error TS2769: No overload matches this call.
  Overload 1 of 3, '(obj: "🚀 Starting WebSocket migration execution", msg?: undefined): void', gave the following error.
    Argument of type '{ component: string; options: { port: number; skipValidation: boolean; enableRedis: boolean; dryRun: boolean; redisConfigured: boolean; }; }' is not assignable to parameter of type 'undefined'.
  Overload 2 of 3, '(obj: "🚀 Starting WebSocket migration execution", msg?: undefined, ...args: unknown[]): void', gave the following error.
    Argument of type '{ component: string; options: { port: number; skipValidation: boolean; enableRedis: boolean; dryRun: boolean; redisConfigured: boolean; }; }' is not assignable to parameter of type 'undefined'.
scripts/execute-websocket-migration.ts(167,60): error TS2345: Argument of type '{ component: string; }' is not assignable to parameter of type 'undefined'.
scripts/execute-websocket-migration.ts(208,34): error TS6133: 'deployer' is declared but its value is never read.
scripts/execute-websocket-migration.ts(209,20): error TS18046: 'migrationState' is of type 'unknown'.
scripts/execute-websocket-migration.ts(210,5): error TS18046: 'migrationState' is of type 'unknown'.
scripts/execute-websocket-migration.ts(210,37): error TS18046: 'migrationState' is of type 'unknown'.
scripts/execute-websocket-migration.ts(215,39): error TS18046: 'migrationState' is of type 'unknown'.
scripts/execute-websocket-migration.ts(217,40): error TS18046: 'metrics' is of type 'unknown'.
scripts/execute-websocket-migration.ts(218,41): error TS18046: 'metrics' is of type 'unknown'.
scripts/execute-websocket-migration.ts(219,36): error TS18046: 'metrics' is of type 'unknown'.
scripts/execute-websocket-migration.ts(220,40): error TS18046: 'metrics' is of type 'unknown'.
scripts/execute-websocket-migration.ts(221,28): error TS18046: 'metrics' is of type 'unknown'.
scripts/execute-websocket-migration.ts(223,7): error TS18046: 'migrationState' is of type 'unknown'.
scripts/execute-websocket-migration.ts(225,5): error TS18046: 'migrationState' is of type 'unknown'.
scripts/execute-websocket-migration.ts(251,33): error TS2345: Argument of type 'string | undefined' is not assignable to parameter of type 'string'.
  Type 'undefined' is not assignable to type 'string'.
scripts/execute-websocket-migration.ts(268,9): error TS7027: Unreachable code detected.
scripts/execute-websocket-migration.ts(270,13): error TS18048: 'arg' is possibly 'undefined'.
scripts/execute-websocket-migration.ts(329,63): error TS2345: Argument of type '{}' is not assignable to parameter of type 'undefined'.
scripts/final-migration-validation.ts(14,1): error TS6133: 'webSocketService' is declared but its value is never read.
scripts/final-migration-validation.ts(14,10): error TS2724: '"@server/infrastructure/websocket"' has no exported member named 'webSocketService'. Did you mean 'WebSocketService'?
scripts/final-migration-validation.ts(39,28): error TS2304: Cannot find name 'BatchingService'.
scripts/final-migration-validation.ts(42,32): error TS2304: Cannot find name 'BatchingService'.
scripts/final-migration-validation.ts(95,59): error TS2345: Argument of type '{}' is not assignable to parameter of type 'undefined'.
scripts/final-migration-validation.ts(132,61): error TS6133: 'i' is declared but its value is never read.
scripts/final-migration-validation.ts(173,33): error TS2532: Object is possibly 'undefined'.
scripts/final-migration-validation.ts(181,15): error TS6133: 'testQuery' is declared but its value is never read.
scripts/final-migration-validation.ts(246,21): error TS2769: No overload matches this call.
  Overload 1 of 3, '(left: Column<ColumnBaseConfig<ColumnDataType, string>, object, object>, right: unknown): SQL<unknown>', gave the following error.
    Argument of type 'string' is not assignable to parameter of type 'Column<ColumnBaseConfig<ColumnDataType, string>, object, object>'.
  Overload 2 of 3, '(left: Aliased<string>, right: string | SQLWrapper): SQL<unknown>', gave the following error.
    Argument of type 'string' is not assignable to parameter of type 'Aliased<string>'.
  Overload 3 of 3, '(left: SQLWrapper, right: unknown): SQL<unknown>', gave the following error.
    Argument of type 'string' is not assignable to parameter of type 'SQLWrapper'.
scripts/final-migration-validation.ts(262,22): error TS2307: Cannot find module '@server/features/users/infrastructure/user-repository.ts' or its corresponding type declarations.
scripts/final-migration-validation.ts(375,31): error TS2769: No overload matches this call.
  Overload 1 of 3, '(left: Column<ColumnBaseConfig<ColumnDataType, string>, object, object>, right: unknown): SQL<unknown>', gave the following error.
    Argument of type 'string' is not assignable to parameter of type 'Column<ColumnBaseConfig<ColumnDataType, string>, object, object>'.
  Overload 2 of 3, '(left: Aliased<string>, right: string | SQLWrapper): SQL<unknown>', gave the following error.
    Argument of type 'string' is not assignable to parameter of type 'Aliased<string>'.
  Overload 3 of 3, '(left: SQLWrapper, right: unknown): SQL<unknown>', gave the following error.
    Argument of type 'string' is not assignable to parameter of type 'SQLWrapper'.
scripts/final-migration-validation.ts(484,45): error TS2345: Argument of type '{}' is not assignable to parameter of type 'undefined'.
scripts/fix-constants-imports.ts(22,8): error TS6133: 'match' is declared but its value is never read.
scripts/fix-logger-calls.ts(35,13): error TS6133: 'lines' is declared but its value is never read.
scripts/fix-module-resolution.ts(33,74): error TS6133: 'ext' is declared but its value is never read.
scripts/fix-module-resolution.ts(62,6): error TS6133: 'match' is declared but its value is never read.
scripts/fix-module-resolution.ts(77,8): error TS6133: 'match' is declared but its value is never read.
scripts/fix-mvp-core-features.ts(74,38): error TS18048: 'names' is possibly 'undefined'.
scripts/fix-mvp-core-features.ts(74,38): error TS2532: Object is possibly 'undefined'.
scripts/fix-shared-core-imports.ts(55,6): error TS6133: 'match' is declared but its value is never read.
scripts/migrate-database-access.ts(19,1): error TS6133: 'path' is declared but its value is never read.
scripts/migrate-database-access.ts(136,30): error TS18048: 'imports' is possibly 'undefined'.
scripts/migrate-database-access.ts(294,32): error TS2322: Type 'string | undefined' is not assignable to type 'string'.
  Type 'undefined' is not assignable to type 'string'.
scripts/migration-runner.ts(22,29): error TS2304: Cannot find name 'MigrationService'.
scripts/migration-runner.ts(35,33): error TS2304: Cannot find name 'MigrationService'.
scripts/migration-runner.ts(45,23): error TS7006: Parameter 'filename' implicitly has an 'any' type.
scripts/migration-runner.ts(56,31): error TS2769: No overload matches this call.
  Overload 1 of 3, '(obj: string, msg?: undefined): void', gave the following error.
    Argument of type '{ component: string; }' is not assignable to parameter of type 'undefined'.
  Overload 2 of 3, '(obj: string, msg?: undefined, ...args: unknown[]): void', gave the following error.
    Argument of type '{ component: string; }' is not assignable to parameter of type 'undefined'.
scripts/migration-runner.ts(69,31): error TS2769: No overload matches this call.
  Overload 1 of 3, '(obj: string, msg?: undefined): void', gave the following error.
    Argument of type '{ component: string; }' is not assignable to parameter of type 'undefined'.
  Overload 2 of 3, '(obj: string, msg?: undefined, ...args: unknown[]): void', gave the following error.
    Argument of type '{ component: string; }' is not assignable to parameter of type 'undefined'.
scripts/migration-runner.ts(81,54): error TS2345: Argument of type '{ component: string; }' is not assignable to parameter of type 'undefined'.
scripts/migration-runner.ts(82,36): error TS2345: Argument of type '{ component: string; }' is not assignable to parameter of type 'undefined'.
scripts/migration-runner.ts(119,31): error TS2769: No overload matches this call.
  Overload 1 of 3, '(obj: string, msg?: undefined): void', gave the following error.
    Argument of type '{ component: string; }' is not assignable to parameter of type 'undefined'.
  Overload 2 of 3, '(obj: string, msg?: undefined, ...args: unknown[]): void', gave the following error.
    Argument of type '{ component: string; }' is not assignable to parameter of type 'undefined'.
scripts/migration-runner.ts(125,21): error TS7006: Parameter 'migration' implicitly has an 'any' type.
scripts/migration-runner.ts(132,21): error TS7006: Parameter 'filename' implicitly has an 'any' type.
scripts/migration-runner.ts(146,31): error TS2769: No overload matches this call.
  Overload 1 of 3, '(obj: string, msg?: undefined): void', gave the following error.
    Argument of type '{ component: string; }' is not assignable to parameter of type 'undefined'.
  Overload 2 of 3, '(obj: string, msg?: undefined, ...args: unknown[]): void', gave the following error.
    Argument of type '{ component: string; }' is not assignable to parameter of type 'undefined'.
scripts/migration-runner.ts(156,33): error TS7006: Parameter 'error' implicitly has an 'any' type.
scripts/migration-runner.ts(161,35): error TS7006: Parameter 'warning' implicitly has an 'any' type.
scripts/migration-runner.ts(178,43): error TS7006: Parameter 'm' implicitly has an 'any' type.
scripts/migration-runner.ts(185,45): error TS2532: Object is possibly 'undefined'.
scripts/migration-runner.ts(244,9): error TS7027: Unreachable code detected.
scripts/migration-runner.ts(314,49): error TS2345: Argument of type '{ component: string; }' is not assignable to parameter of type 'undefined'.
scripts/migration-runner.ts(323,42): error TS2345: Argument of type '{ component: string; }' is not assignable to parameter of type 'undefined'.
scripts/migration-runner.ts(328,43): error TS2345: Argument of type '{ component: string; }' is not assignable to parameter of type 'undefined'.
scripts/migration-runner.ts(334,35): error TS2345: Argument of type '{ component: string; }' is not assignable to parameter of type 'undefined'.
scripts/run-websocket-validation.ts(17,41): error TS2307: Cannot find module '../../final-migration-validation' or its corresponding type declarations.
scripts/run-websocket-validation.ts(18,40): error TS2307: Cannot find module '../../legacy-websocket-cleanup' or its corresponding type declarations.
scripts/run-websocket-validation.ts(107,57): error TS2769: No overload matches this call.
  Overload 1 of 3, '(obj: "✅ Performance validation completed", msg?: undefined): void', gave the following error.
    Argument of type '{ deliveryRate: string; memoryReduction: string; rollbackTime: string; status: "passed" | "failed"; }' is not assignable to parameter of type 'undefined'.
  Overload 2 of 3, '(obj: "✅ Performance validation completed", msg?: undefined, ...args: unknown[]): void', gave the following error.
    Argument of type '{ deliveryRate: string; memoryReduction: string; rollbackTime: string; status: "passed" | "failed"; }' is not assignable to parameter of type 'undefined'.
scripts/run-websocket-validation.ts(115,55): error TS2345: Argument of type '{}' is not assignable to parameter of type 'undefined'.
scripts/run-websocket-validation.ts(130,69): error TS2769: No overload matches this call.
  Overload 1 of 3, '(obj: "✅ A/B testing shows significant improvements", msg?: undefined): void', gave the following error.
    Argument of type '{ pValue: number; deliveryImprovement: string; }' is not assignable to parameter of type 'undefined'.
  Overload 2 of 3, '(obj: "✅ A/B testing shows significant improvements", msg?: undefined, ...args: unknown[]): void', gave the following error.
    Argument of type '{ pValue: number; deliveryImprovement: string; }' is not assignable to parameter of type 'undefined'.
scripts/run-websocket-validation.ts(139,53): error TS2345: Argument of type '{}' is not assignable to parameter of type 'undefined'.
scripts/run-websocket-validation.ts(168,53): error TS2345: Argument of type '{}' is not assignable to parameter of type 'undefined'.
scripts/run-websocket-validation.ts(195,51): error TS2345: Argument of type '{}' is not assignable to parameter of type 'undefined'.
scripts/run-websocket-validation.ts(234,51): error TS2345: Argument of type '{}' is not assignable to parameter of type 'undefined'.
scripts/run-websocket-validation.ts(241,66): error TS2345: Argument of type '{}' is not assignable to parameter of type 'undefined'.
scripts/run-websocket-validation.ts(317,56): error TS2345: Argument of type '{}' is not assignable to parameter of type 'undefined'.
scripts/run-websocket-validation.ts(327,60): error TS1205: Re-exporting a type when 'isolatedModules' is enabled requires using 'export type'.
scripts/simple-websocket-validation.ts(85,15): error TS6133: 'eventHandlerWorking' is declared but its value is never read.
scripts/simple-websocket-validation.ts(114,48): error TS2307: Cannot find module '../../batching-service' or its corresponding type declarations.
scripts/simple-websocket-validation.ts(167,61): error TS2307: Cannot find module '../../notification-channels' or its corresponding type declarations.
scripts/simple-websocket-validation.ts(192,72): error TS2307: Cannot find module '@server/infrastructure/websocket-adapter.ts' or its corresponding type declarations.
scripts/simple-websocket-validation.ts(404,56): error TS2345: Argument of type '{}' is not assignable to parameter of type 'undefined'.
scripts/test-conflict-analysis.ts(11,30): error TS2304: Cannot find name 'sponsorConflictAnalysisService'.
scripts/test-conflict-analysis.ts(18,28): error TS2304: Cannot find name 'sponsorConflictAnalysisService'.
scripts/test-conflict-analysis.ts(25,25): error TS2304: Cannot find name 'sponsorConflictAnalysisService'.
scripts/test-conflict-analysis.ts(34,29): error TS2304: Cannot find name 'sponsorConflictAnalysisService'.
scripts/test-conflict-analysis.ts(38,47): error TS7006: Parameter 'acc' implicitly has an 'any' type.
scripts/test-conflict-analysis.ts(38,52): error TS7006: Parameter 'c' implicitly has an 'any' type.
scripts/test-conflict-analysis.ts(44,43): error TS7006: Parameter 'acc' implicitly has an 'any' type.
scripts/test-conflict-analysis.ts(44,48): error TS7006: Parameter 'c' implicitly has an 'any' type.
scripts/test-conflict-analysis.ts(54,27): error TS2304: Cannot find name 'sponsorConflictAnalysisService'.
scripts/test-conflict-analysis.ts(59,45): error TS7006: Parameter 'acc' implicitly has an 'any' type.
scripts/test-conflict-analysis.ts(59,50): error TS7006: Parameter 'n' implicitly has an 'any' type.
scripts/test-conflict-analysis.ts(68,26): error TS2304: Cannot find name 'sponsorConflictAnalysisService'.
scripts/test-conflict-analysis.ts(72,43): error TS7006: Parameter 'sum' implicitly has an 'any' type.
scripts/test-conflict-analysis.ts(72,48): error TS7006: Parameter 't' implicitly has an 'any' type.
scripts/test-conflict-analysis.ts(75,48): error TS7006: Parameter 'acc' implicitly has an 'any' type.
scripts/test-conflict-analysis.ts(75,53): error TS7006: Parameter 't' implicitly has an 'any' type.
scripts/test-conflict-analysis.ts(81,47): error TS7006: Parameter 'sum' implicitly has an 'any' type.
scripts/test-conflict-analysis.ts(81,52): error TS7006: Parameter 't' implicitly has an 'any' type.
scripts/test-conflict-analysis.ts(94,36): error TS2345: Argument of type '{ component: string; }' is not assignable to parameter of type 'undefined'.
scripts/test-conflict-analysis.ts(95,34): error TS2345: Argument of type '{ component: string; }' is not assignable to parameter of type 'undefined'.
scripts/test-conflict-analysis.ts(104,42): error TS2345: Argument of type '{ component: string; }' is not assignable to parameter of type 'undefined'.
scripts/test-government-integration.ts(7,57): error TS2306: File 'C:/Users/Access Granted/Downloads/projects/SimpleTool/server/features/government-data/application/managed-integration.service.ts' is not a module.
scripts/test-government-integration.ts(14,25): error TS2304: Cannot find name 'ExternalAPIErrorHandler'.
scripts/test-government-integration.ts(18,29): error TS2304: Cannot find name 'ExternalAPIErrorHandler'.
scripts/test-government-integration.ts(24,42): error TS7006: Parameter 'event' implicitly has an 'any' type.
scripts/test-government-integration.ts(33,57): error TS7006: Parameter 'event' implicitly has an 'any' type.
scripts/test-government-integration.ts(41,49): error TS7006: Parameter 'event' implicitly has an 'any' type.
scripts/test-government-integration.ts(50,44): error TS2345: Argument of type '{ component: string; }' is not assignable to parameter of type 'undefined'.
scripts/test-government-integration.ts(53,51): error TS2345: Argument of type '{ component: string; }' is not assignable to parameter of type 'undefined'.
scripts/test-government-integration.ts(62,9): error TS2353: Object literal may only specify known properties, and 'dryRun' does not exist in type 'IntegrationOptions'.
scripts/test-government-integration.ts(64,49): error TS2345: Argument of type '{ component: string; }' is not assignable to parameter of type 'undefined'.
scripts/test-government-integration.ts(67,49): error TS2345: Argument of type '{ component: string; }' is not assignable to parameter of type 'undefined'.
scripts/test-government-integration.ts(76,47): error TS2345: Argument of type '{ component: string; }' is not assignable to parameter of type 'undefined'.
scripts/test-government-integration.ts(83,52): error TS2339: Property 'integrateSponsors' does not exist on type 'GovernmentDataIntegrationService'.
scripts/test-government-integration.ts(87,52): error TS2345: Argument of type '{ component: string; }' is not assignable to parameter of type 'undefined'.
scripts/test-government-integration.ts(90,52): error TS2345: Argument of type '{ component: string; }' is not assignable to parameter of type 'undefined'.
scripts/test-government-integration.ts(99,47): error TS2345: Argument of type '{ component: string; }' is not assignable to parameter of type 'undefined'.
scripts/test-government-integration.ts(130,56): error TS2345: Argument of type '{ component: string; }' is not assignable to parameter of type 'undefined'.
scripts/test-government-integration.ts(133,26): error TS2304: Cannot find name 'GovernmentDataValidationService'.
scripts/test-government-integration.ts(134,44): error TS2345: Argument of type '{ component: string; }' is not assignable to parameter of type 'undefined'.
scripts/test-government-integration.ts(137,52): error TS2345: Argument of type '{ component: string; }' is not assignable to parameter of type 'undefined'.
scripts/test-government-integration.ts(164,26): error TS2304: Cannot find name 'GovernmentDataValidationService'.
scripts/test-government-integration.ts(165,49): error TS2345: Argument of type '{ component: string; }' is not assignable to parameter of type 'undefined'.
scripts/test-government-integration.ts(168,48): error TS2345: Argument of type '{ component: string; }' is not assignable to parameter of type 'undefined'.
scripts/test-government-integration.ts(199,31): error TS2304: Cannot find name 'GovernmentDataValidationService'.
scripts/test-government-integration.ts(200,49): error TS2345: Argument of type '{ component: string; }' is not assignable to parameter of type 'undefined'.
scripts/test-government-integration.ts(203,49): error TS2345: Argument of type '{ component: string; }' is not assignable to parameter of type 'undefined'.
scripts/test-government-integration.ts(235,41): error TS2345: Argument of type '{ component: string; }' is not assignable to parameter of type 'undefined'.
scripts/test-government-integration.ts(251,19): error TS2304: Cannot find name 'FallbackStrategy'.
scripts/test-government-integration.ts(254,45): error TS2345: Argument of type '{ component: string; }' is not assignable to parameter of type 'undefined'.
scripts/test-government-integration.ts(341,34): error TS2345: Argument of type '{ component: string; }' is not assignable to parameter of type 'undefined'.
scripts/test-logger.ts(3,29): error TS2769: No overload matches this call.
  Overload 1 of 3, '(obj: "Test message", msg?: undefined): void', gave the following error.
    Argument of type '{ meta: string; }' is not assignable to parameter of type 'undefined'.
  Overload 2 of 3, '(obj: "Test message", msg?: undefined, ...args: unknown[]): void', gave the following error.
    Argument of type '{ meta: string; }' is not assignable to parameter of type 'undefined'.
scripts/test-logger.ts(4,31): error TS2345: Argument of type '{ component: string; }' is not assignable to parameter of type 'undefined'.
scripts/test-logger.ts(5,17): error TS2769: No overload matches this call.
  Overload 1 of 3, '(obj: "", msg?: undefined): void', gave the following error.
    Argument of type '{ empty: boolean; }' is not assignable to parameter of type 'undefined'.
  Overload 2 of 3, '(obj: "", msg?: undefined, ...args: unknown[]): void', gave the following error.
    Argument of type '{ empty: boolean; }' is not assignable to parameter of type 'undefined'.
scripts/test-websocket-migration.ts(26,26): error TS2769: No overload matches this call.
  Overload 1 of 3, '(srv?: number | TServerInstance | undefined, opts?: Partial<ServerOptions> | undefined): Server<DefaultEventsMap, DefaultEventsMap, DefaultEventsMap, any>', gave the following error.
    Argument of type 'unknown' is not assignable to parameter of type 'number | TServerInstance | undefined'.
  Overload 2 of 3, '(srv: number | TServerInstance | Partial<ServerOptions> | undefined, opts?: Partial<ServerOptions> | undefined): Server<...>', gave the following error.
    Argument of type 'unknown' is not assignable to parameter of type 'number | TServerInstance | Partial<ServerOptions> | undefined'.
scripts/test-websocket-migration.ts(111,71): error TS2769: No overload matches this call.
  Overload 1 of 3, '(obj: "✅ Socket.IO deployment test completed successfully", msg?: undefined): void', gave the following error.
    Argument of type '{ metrics: { totalConnections: number; activeConnections: number; messagesSent: number; errors: number; }; endpoint: string; }' is not assignable to parameter of type 'undefined'.
  Overload 2 of 3, '(obj: "✅ Socket.IO deployment test completed successfully", msg?: undefined, ...args: unknown[]): void', gave the following error.
    Argument of type '{ metrics: { totalConnections: number; activeConnections: number; messagesSent: number; errors: number; }; endpoint: string; }' is not assignable to parameter of type 'undefined'.
scripts/test-websocket-migration.ts(150,56): error TS2345: Argument of type '{}' is not assignable to parameter of type 'undefined'.
scripts/test-websocket-migration.ts(159,59): error TS2345: Argument of type '{}' is not assignable to parameter of type 'undefined'.
scripts/validate-connection-migration.ts(15,69): error TS2307: Cannot find module '../../deploy-websocket-migration' or its corresponding type declarations.
scripts/validate-connection-migration.ts(64,74): error TS2345: Argument of type '{}' is not assignable to parameter of type 'undefined'.
scripts/validate-connection-migration.ts(158,66): error TS2345: Argument of type '{}' is not assignable to parameter of type 'undefined'.
scripts/validate-connection-migration.ts(210,32): error TS6133: 'data' is declared but its value is never read.
scripts/validate-connection-migration.ts(240,75): error TS2345: Argument of type '{}' is not assignable to parameter of type 'undefined'.
scripts/validate-connection-migration.ts(297,62): error TS2345: Argument of type '{}' is not assignable to parameter of type 'undefined'.
scripts/validate-connection-migration.ts(381,66): error TS2769: No overload matches this call.
  Overload 1 of 3, '(obj: "✅ Zero downtime migration validation passed", msg?: undefined): void', gave the following error.
    Argument of type '{ migrationDuration: string; }' is not assignable to parameter of type 'undefined'.
  Overload 2 of 3, '(obj: "✅ Zero downtime migration validation passed", msg?: undefined, ...args: unknown[]): void', gave the following error.
    Argument of type '{ migrationDuration: string; }' is not assignable to parameter of type 'undefined'.
scripts/validate-connection-migration.ts(390,65): error TS2345: Argument of type '{}' is not assignable to parameter of type 'undefined'.
scripts/validate-connection-migration.ts(402,10): error TS6133: 'expect' is declared but its value is never read.
scripts/validate-connection-migration.ts(419,11): error TS18046: 'actual' is of type 'unknown'.
scripts/validate-connection-migration.ts(453,70): error TS2345: Argument of type '{}' is not assignable to parameter of type 'undefined'.
scripts/validate-connection-migration.ts(458,72): error TS2769: No overload matches this call.
  Overload 1 of 3, '(obj: "📊 Socket.IO WebSocket migration validation completed", msg?: undefined): void', gave the following error.
    Argument of type '{ total: number; passed: number; failed: number; successRate: string; }' is not assignable to parameter of type 'undefined'.
  Overload 2 of 3, '(obj: "📊 Socket.IO WebSocket migration validation completed", msg?: undefined, ...args: unknown[]): void', gave the following error.
    Argument of type '{ total: number; passed: number; failed: number; successRate: string; }' is not assignable to parameter of type 'undefined'.
scripts/validate-connection-migration.ts(473,46): error TS2345: Argument of type '{}' is not assignable to parameter of type 'undefined'.
scripts/verify-external-api-management.ts(11,36): error TS6133: 'apiCostMonitoringService' is declared but its value is never read.
scripts/verify-external-api-management.ts(21,28): error TS2304: Cannot find name 'ExternalAPIManagementService'.
scripts/verify-external-api-management.ts(31,56): error TS7006: Parameter 's' implicitly has an 'any' type.
scripts/verify-external-api-management.ts(33,31): error TS7006: Parameter 'source' implicitly has an 'any' type.
scripts/verify-external-api-management.ts(42,28): error TS7006: Parameter 'status' implicitly has an 'any' type.
scripts/verify-external-api-management.ts(83,9): error TS6133: 'eventHandled' is declared but its value is never read.
scripts/verify-external-api-management.ts(113,44): error TS2345: Argument of type '{ component: string; }' is not assignable to parameter of type 'undefined'.
scripts/websocket-performance-validation.ts(14,10): error TS2724: '"@server/infrastructure/websocket"' has no exported member named 'webSocketService'. Did you mean 'WebSocketService'?
scripts/websocket-performance-validation.ts(18,1): error TS6192: All imports in import declaration are unused.
scripts/websocket-performance-validation.ts(65,28): error TS2304: Cannot find name 'BatchingService'.
scripts/websocket-performance-validation.ts(74,32): error TS2304: Cannot find name 'BatchingService'.
scripts/websocket-performance-validation.ts(200,62): error TS2769: No overload matches this call.
  Overload 1 of 3, '(obj: "✅ Message delivery validation completed", msg?: undefined): void', gave the following error.
    Argument of type '{ deliveryRate: string; connectionSuccessRate: string; status: "passed" | "failed" | "warning"; }' is not assignable to parameter of type 'undefined'.
  Overload 2 of 3, '(obj: "✅ Message delivery validation completed", msg?: undefined, ...args: unknown[]): void', gave the following error.
    Argument of type '{ deliveryRate: string; connectionSuccessRate: string; status: "passed" | "failed" | "warning"; }' is not assignable to parameter of type 'undefined'.
scripts/websocket-performance-validation.ts(243,11): error TS6133: 'startTime' is declared but its value is never read.
scripts/websocket-performance-validation.ts(283,60): error TS2769: No overload matches this call.
  Overload 1 of 3, '(obj: "✅ Memory reduction validation completed", msg?: undefined): void', gave the following error.
    Argument of type '{ memoryReduction: string; averageUsage: string; peakUsage: string; status: "passed" | "failed" | "warning"; }' is not assignable to parameter of type 'undefined'.
  Overload 2 of 3, '(obj: "✅ Memory reduction validation completed", msg?: undefined, ...args: unknown[]): void', gave the following error.
    Argument of type '{ memoryReduction: string; averageUsage: string; peakUsage: string; status: "passed" | "failed" | "warning"; }' is not assignable to parameter of type 'undefined'.
scripts/websocket-performance-validation.ts(380,65): error TS2769: No overload matches this call.
  Overload 1 of 3, '(obj: "✅ Rollback capability validation completed", msg?: undefined): void', gave the following error.
    Argument of type '{ rollbackTime: string; connectionPreservation: string; connectionRestoration: string; status: "passed" | "failed" | "warning"; }' is not assignable to parameter of type 'undefined'.
  Overload 2 of 3, '(obj: "✅ Rollback capability validation completed", msg?: undefined, ...args: unknown[]): void', gave the following error.
    Argument of type '{ rollbackTime: string; connectionPreservation: string; connectionRestoration: string; status: "passed" | "failed" | "warning"; }' is not assignable to parameter of type 'undefined'.
scripts/websocket-performance-validation.ts(444,53): error TS2769: No overload matches this call.
  Overload 1 of 3, '(obj: "✅ A/B testing analysis completed", msg?: undefined): void', gave the following error.
    Argument of type '{ controlDeliveryRate: string; treatmentDeliveryRate: string; improvement: string; pValue: number; significant: boolean; }' is not assignable to parameter of type 'undefined'.
  Overload 2 of 3, '(obj: "✅ A/B testing analysis completed", msg?: undefined, ...args: unknown[]): void', gave the following error.
    Argument of type '{ controlDeliveryRate: string; treatmentDeliveryRate: string; improvement: string; pValue: number; significant: boolean; }' is not assignable to parameter of type 'undefined'.
scripts/websocket-performance-validation.ts(583,50): error TS2345: Argument of type '{}' is not assignable to parameter of type 'undefined'.
scripts/websocket-performance-validation.ts(588,66): error TS6133: 'config' is declared but its value is never read.
scripts/websocket-performance-validation.ts(617,33): error TS18046: 'treatment' is of type 'unknown'.
scripts/websocket-performance-validation.ts(617,58): error TS18046: 'control' is of type 'unknown'.
tests/setup.ts(1,1): error TS6133: 'logger' is declared but its value is never read.
tests/utils/compilation-test.helpers.ts(6,3): error TS6196: 'ErrorsByCategory' is declared but never used.
tests/utils/compilation-test.helpers.ts(11,3): error TS6133: 'filterErrorsByCategory' is declared but its value is never read.
tests/utils/compilation-test.helpers.ts(13,3): error TS6133: 'countErrorsByCategory' is declared but its value is never read.
tests/utils/compilation-test.utils.ts(163,9): error TS2322: Type 'string | undefined' is not assignable to type 'string'.
  Type 'undefined' is not assignable to type 'string'.
tests/utils/compilation-test.utils.ts(164,15): error TS18048: 'file' is possibly 'undefined'.
tests/utils/compilation-test.utils.ts(165,24): error TS2345: Argument of type 'string | undefined' is not assignable to parameter of type 'string'.
  Type 'undefined' is not assignable to type 'string'.
tests/utils/compilation-test.utils.ts(166,26): error TS2345: Argument of type 'string | undefined' is not assignable to parameter of type 'string'.
  Type 'undefined' is not assignable to type 'string'.
tests/utils/compilation-test.utils.ts(167,18): error TS18048: 'message' is possibly 'undefined'.
tests/utils/compilation-test.utils.ts(168,39): error TS2345: Argument of type 'string | undefined' is not assignable to parameter of type 'string'.
  Type 'undefined' is not assignable to type 'string'.
tests/utils/test-helpers.ts(70,37): error TS2339: Property 'insert' does not exist on type '{ initializeDatabase: (options?: { environment?: string | undefined; enableHealthMonitoring?: boolean | undefined; enableMigrations?: boolean | undefined; configOverrides?: Partial<DatabaseConfig> | undefined; } | undefined) => Promise<...>; ... 9 more ...; BaseDatabaseScript: typeof BaseDatabaseScript; }'.
tests/utils/test-helpers.ts(127,37): error TS2339: Property 'insert' does not exist on type '{ initializeDatabase: (options?: { environment?: string | undefined; enableHealthMonitoring?: boolean | undefined; enableMigrations?: boolean | undefined; configOverrides?: Partial<DatabaseConfig> | undefined; } | undefined) => Promise<...>; ... 9 more ...; BaseDatabaseScript: typeof BaseDatabaseScript; }'.
tests/utils/test-helpers.ts(159,40): error TS2339: Property 'insert' does not exist on type '{ initializeDatabase: (options?: { environment?: string | undefined; enableHealthMonitoring?: boolean | undefined; enableMigrations?: boolean | undefined; configOverrides?: Partial<DatabaseConfig> | undefined; } | undefined) => Promise<...>; ... 9 more ...; BaseDatabaseScript: typeof BaseDatabaseScript; }'.
tests/utils/test-helpers.ts(189,45): error TS2339: Property 'insert' does not exist on type '{ initializeDatabase: (options?: { environment?: string | undefined; enableHealthMonitoring?: boolean | undefined; enableMigrations?: boolean | undefined; configOverrides?: Partial<DatabaseConfig> | undefined; } | undefined) => Promise<...>; ... 9 more ...; BaseDatabaseScript: typeof BaseDatabaseScript; }'.
tests/utils/test-helpers.ts(210,24): error TS2339: Property 'delete' does not exist on type '{ initializeDatabase: (options?: { environment?: string | undefined; enableHealthMonitoring?: boolean | undefined; enableMigrations?: boolean | undefined; configOverrides?: Partial<DatabaseConfig> | undefined; } | undefined) => Promise<...>; ... 9 more ...; BaseDatabaseScript: typeof BaseDatabaseScript; }'.
tests/utils/test-helpers.ts(215,24): error TS2339: Property 'delete' does not exist on type '{ initializeDatabase: (options?: { environment?: string | undefined; enableHealthMonitoring?: boolean | undefined; enableMigrations?: boolean | undefined; configOverrides?: Partial<DatabaseConfig> | undefined; } | undefined) => Promise<...>; ... 9 more ...; BaseDatabaseScript: typeof BaseDatabaseScript; }'.
tests/utils/test-helpers.ts(216,24): error TS2339: Property 'delete' does not exist on type '{ initializeDatabase: (options?: { environment?: string | undefined; enableHealthMonitoring?: boolean | undefined; enableMigrations?: boolean | undefined; configOverrides?: Partial<DatabaseConfig> | undefined; } | undefined) => Promise<...>; ... 9 more ...; BaseDatabaseScript: typeof BaseDatabaseScript; }'.
tests/utils/test-helpers.ts(217,24): error TS2339: Property 'delete' does not exist on type '{ initializeDatabase: (options?: { environment?: string | undefined; enableHealthMonitoring?: boolean | undefined; enableMigrations?: boolean | undefined; configOverrides?: Partial<DatabaseConfig> | undefined; } | undefined) => Promise<...>; ... 9 more ...; BaseDatabaseScript: typeof BaseDatabaseScript; }'.
tests/utils/test-helpers.ts(222,24): error TS2339: Property 'delete' does not exist on type '{ initializeDatabase: (options?: { environment?: string | undefined; enableHealthMonitoring?: boolean | undefined; enableMigrations?: boolean | undefined; configOverrides?: Partial<DatabaseConfig> | undefined; } | undefined) => Promise<...>; ... 9 more ...; BaseDatabaseScript: typeof BaseDatabaseScript; }'.
tests/utils/test-helpers.ts(227,24): error TS2339: Property 'delete' does not exist on type '{ initializeDatabase: (options?: { environment?: string | undefined; enableHealthMonitoring?: boolean | undefined; enableMigrations?: boolean | undefined; configOverrides?: Partial<DatabaseConfig> | undefined; } | undefined) => Promise<...>; ... 9 more ...; BaseDatabaseScript: typeof BaseDatabaseScript; }'.
tests/utils/test-helpers.ts(501,59): error TS2769: No overload matches this call.
  Overload 1 of 3, '(obj: "Concurrent response validation passed", msg?: undefined): void', gave the following error.
    Argument of type '{ component: string; totalResponses: number; expectedStatus: number; successCount: number; successRate: string; }' is not assignable to parameter of type 'undefined'.
  Overload 2 of 3, '(obj: "Concurrent response validation passed", msg?: undefined, ...args: unknown[]): void', gave the following error.
    Argument of type '{ component: string; totalResponses: number; expectedStatus: number; successCount: number; successRate: string; }' is not assignable to parameter of type 'undefined'.
tests/utils/test-helpers.ts(539,38): error TS2339: Property 'select' does not exist on type '{ initializeDatabase: (options?: { environment?: string | undefined; enableHealthMonitoring?: boolean | undefined; enableMigrations?: boolean | undefined; configOverrides?: Partial<DatabaseConfig> | undefined; } | undefined) => Promise<...>; ... 9 more ...; BaseDatabaseScript: typeof BaseDatabaseScript; }'.
tests/utils/test-helpers.ts(552,38): error TS2339: Property 'select' does not exist on type '{ initializeDatabase: (options?: { environment?: string | undefined; enableHealthMonitoring?: boolean | undefined; enableMigrations?: boolean | undefined; configOverrides?: Partial<DatabaseConfig> | undefined; } | undefined) => Promise<...>; ... 9 more ...; BaseDatabaseScript: typeof BaseDatabaseScript; }'.
tests/utils/test-helpers.ts(611,26): error TS2345: Argument of type 'string | undefined' is not assignable to parameter of type 'string'.
  Type 'undefined' is not assignable to type 'string'.
types/index.ts(13,1): error TS2308: Module './middleware/index' has already exported a member named 'ValidationError'. Consider explicitly re-exporting to resolve the ambiguity.
types/index.ts(13,1): error TS2308: Module './service/index' has already exported a member named 'CacheConfig'. Consider explicitly re-exporting to resolve the ambiguity.
types/index.ts(16,1): error TS2308: Module './service/index' has already exported a member named 'RetryPolicy'. Consider explicitly re-exporting to resolve the ambiguity.
types/index.ts(16,1): error TS2308: Module './service/index' has already exported a member named 'Transaction'. Consider explicitly re-exporting to resolve the ambiguity.
types/index.ts(19,10): error TS2305: Module '"./middleware/index"' has no exported member 'default'.
types/index.ts(20,10): error TS2305: Module '"./service/index"' has no exported member 'default'.
types/index.ts(21,10): error TS2305: Module '"./controller/index"' has no exported member 'default'.
types/index.ts(22,10): error TS2305: Module '"./database/index"' has no exported member 'default'.
types/middleware/index.ts(27,56): error TS2312: An interface can only extend an object type or intersection of object types with statically known members.
utils/anonymity-service.ts(9,25): error TS2307: Cannot find module '../../../platform/kenya/anonymity/anonymity-helper' or its corresponding type declarations.
utils/anonymity-service.ts(10,15): error TS2307: Cannot find module '../../../platform/kenya/anonymity/anonymity-helper' or its corresponding type declarations.
utils/api-utils.ts(6,3): error TS2305: Module '"@shared/types/api"' has no exported member 'ResponseMetadata'.
utils/api-utils.ts(7,3): error TS2305: Module '"@shared/types/api"' has no exported member 'PaginationMeta'.
utils/api-utils.ts(53,7): error TS2353: Object literal may only specify known properties, and 'success' does not exist in type 'ApiResponse<T>'.
utils/api-utils.ts(67,7): error TS2353: Object literal may only specify known properties, and 'success' does not exist in type 'ApiResponse<never>'.
utils/api-utils.ts(103,17): error TS2339: Property 'success' does not exist on type 'ApiResponse<T>'.
utils/api-utils.ts(103,37): error TS2339: Property 'error' does not exist on type 'ApiResponse<T>'.
utils/api-utils.ts(105,22): error TS2339: Property 'error' does not exist on type 'ApiResponse<T>'.
utils/api-utils.ts(106,25): error TS2339: Property 'error' does not exist on type 'ApiResponse<T>'.
utils/cache-utils.ts(92,30): error TS18046: 'originalMethod' is of type 'unknown'.
utils/createErrorContext.ts(29,63): error TS2339: Property 'id' does not exist on type '{}'.
utils/createErrorContext.ts(47,3): error TS2322: Type 'string | undefined' is not assignable to type 'string'.
  Type 'undefined' is not assignable to type 'string'.
utils/crypto.ts(1,1): error TS6133: 'logger' is declared but its value is never read.
utils/db-init.ts(47,52): error TS2345: Argument of type '{ component: string; operation: string; }' is not assignable to parameter of type 'undefined'.
utils/db-init.ts(93,50): error TS2345: Argument of type '{ component: string; operation: string; }' is not assignable to parameter of type 'undefined'.
utils/db-init.ts(120,52): error TS2345: Argument of type '{ component: string; operation: string; }' is not assignable to parameter of type 'undefined'.
utils/metrics.ts(50,5): error TS2322: Type '(target: Object, propertyKey: string | symbol, descriptor: TypedPropertyDescriptor<unknown>) => TypedPropertyDescriptor<unknown> | void' is not assignable to type 'MethodDecorator'.
  Types of parameters 'descriptor' and 'descriptor' are incompatible.
    Type 'TypedPropertyDescriptor<T>' is not assignable to type 'TypedPropertyDescriptor<unknown>'.
      Types of property 'set' are incompatible.
        Type '((value: T) => void) | undefined' is not assignable to type '((value: unknown) => void) | undefined'.
          Type '(value: T) => void' is not assignable to type '(value: unknown) => void'.
            Types of parameters 'value' and 'value' are incompatible.
              Type 'unknown' is not assignable to type 'T'.
                'T' could be instantiated with an arbitrary type which could be unrelated to 'unknown'.
utils/metrics.ts(51,7): error TS6133: 'target' is declared but its value is never read.
utils/metrics.ts(52,7): error TS6133: 'propertyKey' is declared but its value is never read.
utils/metrics.ts(59,24): error TS18046: 'originalMethod' is of type 'unknown'.
utils/metrics.ts(65,44): error TS2345: Argument of type 'unknown' is not assignable to parameter of type 'number'.
utils/metrics.ts(76,15): error TS18046: 'value' is of type 'unknown'.
utils/metrics.ts(96,5): error TS2322: Type '(target: Object, propertyKey: string | symbol, descriptor: TypedPropertyDescriptor<unknown>) => TypedPropertyDescriptor<unknown> | void' is not assignable to type 'MethodDecorator'.
  Types of parameters 'descriptor' and 'descriptor' are incompatible.
    Type 'TypedPropertyDescriptor<T>' is not assignable to type 'TypedPropertyDescriptor<unknown>'.
      Types of property 'set' are incompatible.
        Type '((value: T) => void) | undefined' is not assignable to type '((value: unknown) => void) | undefined'.
          Type '(value: T) => void' is not assignable to type '(value: unknown) => void'.
            Types of parameters 'value' and 'value' are incompatible.
              Type 'unknown' is not assignable to type 'T'.
                'T' could be instantiated with an arbitrary type which could be unrelated to 'unknown'.
utils/metrics.ts(97,7): error TS6133: 'target' is declared but its value is never read.
utils/metrics.ts(98,7): error TS6133: 'propertyKey' is declared but its value is never read.
utils/metrics.ts(107,24): error TS18046: 'originalMethod' is of type 'unknown'.
utils/metrics.ts(161,22): error TS6133: 'name' is declared but its value is never read.
utils/metrics.ts(161,58): error TS6133: 'threshold' is declared but its value is never read.
utils/metrics.ts(200,48): error TS6133: 'tags' is declared but its value is never read.
utils/metrics.ts(206,59): error TS6133: 'tags' is declared but its value is never read.
utils/metrics.ts(206,91): error TS6133: 'unit' is declared but its value is never read.
utils/metrics.ts(212,58): error TS6133: 'tags' is declared but its value is never read.
utils/missing-modules-fallback.ts(33,22): error TS6133: 'name' is declared but its value is never read.
utils/missing-modules-fallback.ts(75,55): error TS6133: 'options' is declared but its value is never read.
utils/missing-modules-fallback.ts(99,48): error TS6133: 'metadata' is declared but its value is never read.
utils/missing-modules-fallback.ts(102,48): error TS6133: 'error' is declared but its value is never read.
utils/missing-modules-fallback.ts(102,63): error TS6133: 'metadata' is declared but its value is never read.
utils/missing-modules-fallback.ts(108,11): error TS6133: 'target' is declared but its value is never read.
utils/missing-modules-fallback.ts(108,28): error TS6133: 'propertyKey' is declared but its value is never read.
utils/missing-modules-fallback.ts(139,15): error TS6133: 'flag' is declared but its value is never read.
utils/missing-modules-fallback.ts(144,16): error TS6133: 'test' is declared but its value is never read.
utils/missing-modules-fallback.ts(156,15): error TS6133: 'key' is declared but its value is never read.
utils/missing-modules-fallback.ts(157,15): error TS6133: 'key' is declared but its value is never read.
utils/missing-modules-fallback.ts(157,28): error TS6133: 'value' is declared but its value is never read.
utils/missing-modules-fallback.ts(157,44): error TS6133: 'ttl' is declared but its value is never read.
utils/missing-modules-fallback.ts(158,18): error TS6133: 'key' is declared but its value is never read.
utils/missing-modules-fallback.ts(164,20): error TS6133: 'schema' is declared but its value is never read.
utils/missing-modules-fallback.ts(164,52): error TS6133: 'options' is declared but its value is never read.
utils/missing-modules-fallback.ts(164,71): error TS6133: 'context' is declared but its value is never read.
utils/missing-modules-fallback.ts(172,26): error TS6133: 'req' is declared but its value is never read.
utils/missing-modules-fallback.ts(172,40): error TS6133: 'res' is declared but its value is never read.
utils/missing-modules-fallback.ts(172,72): error TS18046: 'next' is of type 'unknown'.
utils/missing-modules-fallback.ts(173,24): error TS6133: 'req' is declared but its value is never read.
utils/missing-modules-fallback.ts(173,38): error TS6133: 'res' is declared but its value is never read.
utils/missing-modules-fallback.ts(173,70): error TS18046: 'next' is of type 'unknown'.
utils/missing-modules-fallback.ts(174,33): error TS6133: 'req' is declared but its value is never read.
utils/missing-modules-fallback.ts(174,47): error TS6133: 'res' is declared but its value is never read.
utils/missing-modules-fallback.ts(174,79): error TS18046: 'next' is of type 'unknown'.
utils/missing-modules-fallback.ts(184,44): error TS6133: 'options' is declared but its value is never read.
utils/missing-modules-fallback.ts(184,66): error TS6133: 'req' is declared but its value is never read.
utils/missing-modules-fallback.ts(184,80): error TS6133: 'res' is declared but its value is never read.
utils/missing-modules-fallback.ts(184,112): error TS18046: 'next' is of type 'unknown'.
utils/missing-modules-fallback.ts(185,36): error TS6133: 'options' is declared but its value is never read.
utils/missing-modules-fallback.ts(185,58): error TS6133: 'req' is declared but its value is never read.
utils/missing-modules-fallback.ts(185,72): error TS6133: 'res' is declared but its value is never read.
utils/missing-modules-fallback.ts(185,104): error TS18046: 'next' is of type 'unknown'.
utils/missing-modules-fallback.ts(188,33): error TS6133: 'req' is declared but its value is never read.
utils/missing-modules-fallback.ts(188,47): error TS6133: 'res' is declared but its value is never read.
utils/missing-modules-fallback.ts(188,79): error TS18046: 'next' is of type 'unknown'.
utils/port-manager.ts(79,30): error TS2345: Argument of type 'string | undefined' is not assignable to parameter of type 'string'.
  Type 'undefined' is not assignable to type 'string'.
utils/preflight-check.ts(31,33): error TS2345: Argument of type 'string | undefined' is not assignable to parameter of type 'string'.
  Type 'undefined' is not assignable to type 'string'.
utils/validation.ts(1,1): error TS6133: 'ValidationError' is declared but its value is never read.
utils/validation.ts(1,10): error TS2305: Module '"@shared/core"' has no exported member 'ValidationError'.
utils/validation.ts(2,1): error TS6133: 'logger' is declared but its value is never read.
utils/validation.ts(3,1): error TS6192: All imports in import declaration are unused.
utils/validation.ts(5,13): error TS6133: 'ZodError' is declared but its value is never read.
utils/validation.ts(21,6): error TS6196: 'ZodSchema' is declared but never used.
utils/validation.ts(34,11): error TS6133: 'target' is declared but its value is never read.
utils/validation.ts(34,19): error TS6133: 'propertyKey' is declared but its value is never read.
utils/validation.ts(44,14): error TS18046: 'originalMethod' is of type 'unknown'.
vite.config.ts(9,3): error TS2769: No overload matches this call.
  The last overload gave the following error.
    Object literal may only specify known properties, and 'resolve' does not exist in type 'UserConfigExport'.
vitest.config.ts(58,3): error TS2769: No overload matches this call.
  The last overload gave the following error.
    Object literal may only specify known properties, and 'resolve' does not exist in type 'UserConfigExport'.
